<?xml version="1.0" encoding="UTF-8" ?>
<testsuites name="vitest tests" tests="718" failures="26" errors="0" time="881.9764858">
    <testsuite name="tests/unit.test.js" timestamp="2026-04-14T07:47:39.700Z" hostname="Tianwen" tests="24" failures="2" errors="0" skipped="0" time="179.3549108">
        <testcase classname="tests/unit.test.js" name="IntentEngine &gt; 应该正确识别文件读取意图" time="1.1845777">
        </testcase>
        <testcase classname="tests/unit.test.js" name="IntentEngine &gt; 应该正确识别代码生成意图" time="0.1860692">
        </testcase>
        <testcase classname="tests/unit.test.js" name="IntentEngine &gt; 应该正确识别 kernel 升级意图" time="0.1624921">
        </testcase>
        <testcase classname="tests/unit.test.js" name="IntentEngine &gt; 应该为未知输入返回 general_chat 默认意图" time="0.4952934">
        </testcase>
        <testcase classname="tests/unit.test.js" name="IntentEngine &gt; 应该正确处理空消息" time="0.1687584">
        </testcase>
        <testcase classname="tests/unit.test.js" name="IntentEngine &gt; 应该加载外部意图文件（热插拔）" time="0.1992415">
        </testcase>
        <testcase classname="tests/unit.test.js" name="IntentEngine &gt; 应该正确热注册新意图（register）" time="0.1666553">
        </testcase>
        <testcase classname="tests/unit.test.js" name="IntentEngine &gt; 应该正确热卸载意图（unregister）" time="0.1571066">
        </testcase>
        <testcase classname="tests/unit.test.js" name="IntentEngine &gt; 应该热重载外部意图（reload）" time="0.3407359">
        </testcase>
        <testcase classname="tests/unit.test.js" name="IntentEngine &gt; 重复注册同一意图应被拒绝" time="0.2720496">
            <system-err>
[IntentEngine] register: &apos;dup_test&apos; already exists, skipping

            </system-err>
        </testcase>
        <testcase classname="tests/unit.test.js" name="IntentEngine &gt; 卸载不存在的意图应返回 false" time="0.2986708">
        </testcase>
        <testcase classname="tests/unit.test.js" name="IntentEngine &gt; 无效 JSON 格式的外部意图文件应被跳过" time="0.2818916">
            <system-err>
[IntentEngine] Failed to load intent file bad-intent.json: Unexpected token &apos;h&apos;, &quot;this is not&quot;... is not valid JSON

            </system-err>
        </testcase>
        <testcase classname="tests/unit.test.js" name="IntentEngine &gt; 缺少必填字段的外部意图定义应被跳过" time="0.3843231">
            <system-err>
[IntentEngine] Failed to load intent file bad-intent.json: Unexpected token &apos;h&apos;, &quot;this is not&quot;... is not valid JSON
[IntentEngine] Invalid intent def in incomplete.json: incomplete

            </system-err>
        </testcase>
        <testcase classname="tests/unit.test.js" name="IntentEngine &gt; 高优先级外部意图应排在内置意图之前" time="0.2428041">
            <system-err>
[IntentEngine] Failed to load intent file bad-intent.json: Unexpected token &apos;h&apos;, &quot;this is not&quot;... is not valid JSON
[IntentEngine] Invalid intent def in incomplete.json: incomplete

            </system-err>
        </testcase>
        <testcase classname="tests/unit.test.js" name="UpgradeController Security &gt; 通配符路径应被拒绝（安全修复验证）" time="1.0211374">
        </testcase>
        <testcase classname="tests/unit.test.js" name="UpgradeController Security &gt; 不在白名单的来源应被拒绝" time="0.0018917">
        </testcase>
        <testcase classname="tests/unit.test.js" name="UpgradeController Security &gt; 允许列表内的来源应通过验证" time="0.0017969">
        </testcase>
        <testcase classname="tests/unit.test.js" name="UpgradeController Security &gt; 不允许的文件类型应被拒绝" time="0.0014993">
        </testcase>
        <testcase classname="tests/unit.test.js" name="UpgradeController Security &gt; upgradeKernel 应拒绝未授权来源" time="0.0008965">
        </testcase>
        <testcase classname="tests/unit.test.js" name="CoreKernel Negative Cases &gt; 未初始化的内核 process() 应抛出错误" time="0.2081494">
            <system-err>
[Kernel] System config not found: C:\Users\Lin\.qclaw\workspace\hundunos\config\system.test.json

            </system-err>
        </testcase>
        <testcase classname="tests/unit.test.js" name="CoreKernel Negative Cases &gt; 超大文件写入请求应被拒绝（10MB 限制）" time="65.4974423">
            <system-err>
[Kernel] System config not found: C:\Users\Lin\.qclaw\workspace\hundunos\tests\config\system.json
[Kernel] System config not found: C:\Users\Lin\.qclaw\workspace\hundunos\tests\config\system.test.json

2026-04-14T07:41:00.105Z [33m[WARN][0m [HundunOS:Storage] SECURITY WARNING: HUNDUNOS_ENCRYPTION_KEY not set. Encryption is DISABLED for this session. Set the env var before production use.

2026-04-14T07:41:15.554Z [33m[WARN][0m [HundunOS:Storage] put error: &quot;[Storage] Encryption required for key &apos;health_test&apos; but HUNDUNOS_ENCRYPTION_KEY is not set. Refusing to write unencrypted sensitive data.&quot;

[Kernel] Env issues: Ollama 本地推理, OpenClaw CLI, 存储层可用

2026-04-14T07:41:22.580Z [33m[WARN][0m [HundunOS:ModelRouter] Provider openai registration failed: &quot;Parse failure: Parse failed with 1 error:\nIdentifier expected. &apos;export&apos; is a reserved word that cannot be used here.\n73: // 注册为可用模型\r\n74: export const // Built-in model registry\r\n75: export const MODELS = {\r\n    ^\n76:     // GPT-4o Series\r\n77:     &apos;gpt-4o&apos;:                  { name: &apos;GPT-4o&apos;,                  context: 128000, costPer1M: 2.50,  capabilities: [&apos;...\nAt file: /kernel/model-router/providers/openai.js:75:0&quot;

2026-04-14T07:41:22.585Z [33m[WARN][0m [HundunOS:ModelRouter] Provider anthropic registration failed: &quot;Parse failure: Parse failed with 1 error:\nIdentifier expected. &apos;export&apos; is a reserved word that cannot be used here.\n85: // 注册为可用模型\n86: export const // Built-in model registry\n87: export const MODELS = {\n    ^\n88:     // Claude 4 Series (Latest)\n89:     &apos;claude-opus-4-20250514&apos;:          { name: &apos;Claude Opus 4&apos;,          context: 200000, costPer1M: 15.00, capabilit...\nAt file: /kernel/model-router/providers/anthropic.js:87:0&quot;

2026-04-14T07:41:22.924Z [33m[WARN][0m [HundunOS:ModelRouter] Provider mistral registration failed: &quot;MistralProvider is not a constructor&quot;

2026-04-14T07:41:24.128Z [33m[WARN][0m [HundunOS:Storage] put error: &quot;[Storage] Encryption required for key &apos;__health_check__&apos; but HUNDUNOS_ENCRYPTION_KEY is not set. Refusing to write unencrypted sensitive data.&quot;

[ClientAdapterManager] Failed to connect qclaw: QClaw Gateway 未运行或无法访问

[RustModules] ⚠️  Initialized (process) — Rust unavailable, using JS fallback

[Kernel] RustModules: ✗ daemon unavailable — using JS fallback

[TaskScientist] ⚠️  Rust BFTS engine unavailable — using JS fallback

[Kernel] Skill system init failed: Cannot find module &apos;file:///C:/Users/Lin/.qclaw/workspace/hundunos/skills/skill-registry.js&apos; imported from C:/Users/Lin/.qclaw/workspace/hundunos/kernel/mixins/ModuleMixin.js

[Kernel] ProactiveManager init failed: Cannot find module &apos;file:///C:/Users/Lin/.qclaw/workspace/hundunos/proactive/proactive.js&apos; imported from C:/Users/Lin/.qclaw/workspace/hundunos/kernel/mixins/ModuleMixin.js

[Kernel] AgentTeams init failed: Cannot find module &apos;file:///C:/Users/Lin/.qclaw/workspace/hundunos/agent-teams/manager.js&apos; imported from C:/Users/Lin/.qclaw/workspace/hundunos/kernel/mixins/ModuleMixin.js

[Kernel] DebateTeamManager init failed: Failed to parse source for import analysis because the content contains invalid JS syntax. If you are using JSX, make sure to name the file with the .jsx or .tsx extension.

[Kernel] UnifiedProvider init failed: Cannot find module &apos;file:///C:/Users/Lin/.qclaw/workspace/hundunos/providers/provider-compat.js&apos; imported from C:/Users/Lin/.qclaw/workspace/hundunos/kernel/mixins/ModuleMixin.js

[Kernel] ComputerUse init failed: Cannot find module &apos;file:///C:/Users/Lin/.qclaw/workspace/hundunos/computer-use/computer-use.js&apos; imported from C:/Users/Lin/.qclaw/workspace/hundunos/kernel/mixins/ModuleMixin.js

[Kernel] SessionCompactor init failed: Cannot find module &apos;file:///C:/Users/Lin/.qclaw/workspace/hundunos/compact/compactor.js&apos; imported from C:/Users/Lin/.qclaw/workspace/hundunos/kernel/mixins/ModuleMixin.js

[ToolBridge] toolsDir &quot;C:\Users\Lin\.qclaw\workspace\hundunos\scripts\tools&quot; not in whitelist — falling back to first allowed base dir
[ToolBridge] Tools directory not found: C:\Users\Lin\.qclaw\workspace\hundunos\tests\scripts\tools

[Kernel] Security init failed: HUNDUNOS_ENCRYPTION_KEY is required for API key encryption

[Kernel] RedisPool init failed: Parse failure: Parse failed with 1 error:
Expected `,` or `}` but found `=&gt;`
17:       db: config.db || 0,
18:       maxRetriesPerRequest: config.maxRetriesPerRequest || 3,
19:       retryStrategy: config.retryStrategy || (times) =&gt; Math.min(times * 50, 2000),
                                                         ^
20:       enableReadyCheck: true,
21:     };
11: export class RedisPoolManager {
12:   constructor(config = {}) {
13:     this.config = {
                      ^
14:       host: config.host || &apos;localhost&apos;,
15:       port: config.port || 6379,
At file: /kernel/pool.js:19:53

[Kernel] PostgresPool init failed: Parse failure: Parse failed with 1 error:
Expected `,` or `}` but found `=&gt;`
17:       db: config.db || 0,
18:       maxRetriesPerRequest: config.maxRetriesPerRequest || 3,
19:       retryStrategy: config.retryStrategy || (times) =&gt; Math.min(times * 50, 2000),
                                                         ^
20:       enableReadyCheck: true,
21:     };
11: export class RedisPoolManager {
12:   constructor(config = {}) {
13:     this.config = {
                      ^
14:       host: config.host || &apos;localhost&apos;,
15:       port: config.port || 6379,
At file: /kernel/pool.js:19:53

            </system-err>
            <failure message="Test timed out in 60000ms.
If this is a long-running test, pass a timeout value as the last argument or configure it globally with &quot;testTimeout&quot;." type="Error">
Error: Test timed out in 60000ms.
If this is a long-running test, pass a timeout value as the last argument or configure it globally with &quot;testTimeout&quot;.
 ❯ tests/unit.test.js:693:7
            </failure>
        </testcase>
        <testcase classname="tests/unit.test.js" name="CoreKernel Negative Cases &gt; 会话数超过 200 时应触发 LRU 驱逐" time="60.2176545">
            <system-err>
[Kernel] System config not found: C:\Users\Lin\.qclaw\workspace\hundunos\tests\config\system.json
[Kernel] System config not found: C:\Users\Lin\.qclaw\workspace\hundunos\tests\config\system.test.json

2026-04-14T07:42:05.698Z [33m[WARN][0m [HundunOS:Storage] SECURITY WARNING: HUNDUNOS_ENCRYPTION_KEY not set. Encryption is DISABLED for this session. Set the env var before production use.

[ELKStack] Connection failed: connect ECONNREFUSED ::1:9200

[Kernel] ELKStack init failed: connect ECONNREFUSED ::1:9200

2026-04-14T07:43:04.782Z [33m[WARN][0m [HundunOS:Storage] put error: &quot;[Storage] Encryption required for key &apos;health_test&apos; but HUNDUNOS_ENCRYPTION_KEY is not set. Refusing to write unencrypted sensitive data.&quot;

[Kernel] Env issues: Python 运行时, Ollama 本地推理, OpenClaw CLI, 存储层可用, 内存充足

2026-04-14T07:43:05.518Z [31m[ERROR][0m [HundunOS:RestServer] Server error: &quot;listen EADDRINUSE: address already in use 0.0.0.0:38080&quot;

2026-04-14T07:43:05.557Z [33m[WARN][0m [HundunOS:Storage] put error: &quot;[Storage] Encryption required for key &apos;memory:recent&apos; but HUNDUNOS_ENCRYPTION_KEY is not set. Refusing to write unencrypted sensitive data.&quot;

[MemoryGraph] Persist failed: [Storage] Encryption required for key &apos;memory:recent&apos; but HUNDUNOS_ENCRYPTION_KEY is not set. Refusing to write unencrypted sensitive data.

            </system-err>
            <failure message="Test timed out in 60000ms.
If this is a long-running test, pass a timeout value as the last argument or configure it globally with &quot;testTimeout&quot;." type="Error">
Error: Test timed out in 60000ms.
If this is a long-running test, pass a timeout value as the last argument or configure it globally with &quot;testTimeout&quot;.
 ❯ tests/unit.test.js:729:7
            </failure>
        </testcase>
        <testcase classname="tests/unit.test.js" name="CoreKernel Negative Cases &gt; 路径穿越攻击应被阻止" time="21.3078365">
            <system-err>
[Kernel] System config not found: C:\Users\Lin\.qclaw\workspace\hundunos\tests\config\system.json
[Kernel] System config not found: C:\Users\Lin\.qclaw\workspace\hundunos\tests\config\system.test.json

2026-04-14T07:43:05.904Z [33m[WARN][0m [HundunOS:Storage] SECURITY WARNING: HUNDUNOS_ENCRYPTION_KEY not set. Encryption is DISABLED for this session. Set the env var before production use.

2026-04-14T07:43:05.920Z [33m[WARN][0m [HundunOS:ModelRouter] Provider openai registration failed: &quot;Parse failure: Parse failed with 1 error:\nIdentifier expected. &apos;export&apos; is a reserved word that cannot be used here.\n73: // 注册为可用模型\r\n74: export const // Built-in model registry\r\n75: export const MODELS = {\r\n    ^\n76:     // GPT-4o Series\r\n77:     &apos;gpt-4o&apos;:                  { name: &apos;GPT-4o&apos;,                  context: 128000, costPer1M: 2.50,  capabilities: [&apos;...\nAt file: /kernel/model-router/providers/openai.js:75:0&quot;

2026-04-14T07:43:05.926Z [33m[WARN][0m [HundunOS:ModelRouter] Provider anthropic registration failed: &quot;Parse failure: Parse failed with 1 error:\nIdentifier expected. &apos;export&apos; is a reserved word that cannot be used here.\n85: // 注册为可用模型\n86: export const // Built-in model registry\n87: export const MODELS = {\n    ^\n88:     // Claude 4 Series (Latest)\n89:     &apos;claude-opus-4-20250514&apos;:          { name: &apos;Claude Opus 4&apos;,          context: 200000, costPer1M: 15.00, capabilit...\nAt file: /kernel/model-router/providers/anthropic.js:87:0&quot;

2026-04-14T07:43:05.927Z [33m[WARN][0m [HundunOS:ModelRouter] Provider mistral registration failed: &quot;MistralProvider is not a constructor&quot;

2026-04-14T07:43:05.930Z [33m[WARN][0m [HundunOS:Storage] put error: &quot;[Storage] Encryption required for key &apos;__health_check__&apos; but HUNDUNOS_ENCRYPTION_KEY is not set. Refusing to write unencrypted sensitive data.&quot;

[ClientAdapterManager] Failed to connect qclaw: QClaw Gateway 未运行或无法访问

[RustModules] ⚠️  Initialized (process) — Rust unavailable, using JS fallback

[Kernel] RustModules: ✗ daemon unavailable — using JS fallback

[TaskScientist] ⚠️  Rust BFTS engine unavailable — using JS fallback

[Kernel] Skill system init failed: Cannot find module &apos;file:///C:/Users/Lin/.qclaw/workspace/hundunos/skills/skill-registry.js&apos; imported from C:/Users/Lin/.qclaw/workspace/hundunos/kernel/mixins/ModuleMixin.js

[Kernel] ProactiveManager init failed: Cannot find module &apos;file:///C:/Users/Lin/.qclaw/workspace/hundunos/proactive/proactive.js&apos; imported from C:/Users/Lin/.qclaw/workspace/hundunos/kernel/mixins/ModuleMixin.js

[Kernel] AgentTeams init failed: Cannot find module &apos;file:///C:/Users/Lin/.qclaw/workspace/hundunos/agent-teams/manager.js&apos; imported from C:/Users/Lin/.qclaw/workspace/hundunos/kernel/mixins/ModuleMixin.js

[Kernel] DebateTeamManager init failed: Failed to parse source for import analysis because the content contains invalid JS syntax. If you are using JSX, make sure to name the file with the .jsx or .tsx extension.

[Kernel] UnifiedProvider init failed: Cannot find module &apos;file:///C:/Users/Lin/.qclaw/workspace/hundunos/providers/provider-compat.js&apos; imported from C:/Users/Lin/.qclaw/workspace/hundunos/kernel/mixins/ModuleMixin.js

[Kernel] ComputerUse init failed: Cannot find module &apos;file:///C:/Users/Lin/.qclaw/workspace/hundunos/computer-use/computer-use.js&apos; imported from C:/Users/Lin/.qclaw/workspace/hundunos/kernel/mixins/ModuleMixin.js

[Kernel] SessionCompactor init failed: Cannot find module &apos;file:///C:/Users/Lin/.qclaw/workspace/hundunos/compact/compactor.js&apos; imported from C:/Users/Lin/.qclaw/workspace/hundunos/kernel/mixins/ModuleMixin.js

[ToolBridge] toolsDir &quot;C:\Users\Lin\.qclaw\workspace\hundunos\scripts\tools&quot; not in whitelist — falling back to first allowed base dir
[ToolBridge] Tools directory not found: C:\Users\Lin\.qclaw\workspace\hundunos\tests\scripts\tools

[Kernel] Monitoring init failed: A metric with the name hundunos_tool_executions_total has already been registered.

[Kernel] Security init failed: HUNDUNOS_ENCRYPTION_KEY is required for API key encryption

[Kernel] RedisPool init failed: Parse failure: Parse failed with 1 error:
Expected `,` or `}` but found `=&gt;`
17:       db: config.db || 0,
18:       maxRetriesPerRequest: config.maxRetriesPerRequest || 3,
19:       retryStrategy: config.retryStrategy || (times) =&gt; Math.min(times * 50, 2000),
                                                         ^
20:       enableReadyCheck: true,
21:     };
11: export class RedisPoolManager {
12:   constructor(config = {}) {
13:     this.config = {
                      ^
14:       host: config.host || &apos;localhost&apos;,
15:       port: config.port || 6379,
At file: /kernel/pool.js:19:53

[Kernel] PostgresPool init failed: Parse failure: Parse failed with 1 error:
Expected `,` or `}` but found `=&gt;`
17:       db: config.db || 0,
18:       maxRetriesPerRequest: config.maxRetriesPerRequest || 3,
19:       retryStrategy: config.retryStrategy || (times) =&gt; Math.min(times * 50, 2000),
                                                         ^
20:       enableReadyCheck: true,
21:     };
11: export class RedisPoolManager {
12:   constructor(config = {}) {
13:     this.config = {
                      ^
14:       host: config.host || &apos;localhost&apos;,
15:       port: config.port || 6379,
At file: /kernel/pool.js:19:53

[ELKStack] Connection failed: connect ECONNREFUSED ::1:9200

[Kernel] ELKStack init failed: connect ECONNREFUSED ::1:9200

2026-04-14T07:43:16.729Z [31m[ERROR][0m [HundunOS:RestServer] Server error: &quot;listen EADDRINUSE: address already in use 0.0.0.0:38080&quot;

2026-04-14T07:43:16.743Z [33m[WARN][0m [HundunOS:ModelRouter] Provider ollama_local failed: fetch failed

2026-04-14T07:43:16.744Z [33m[WARN][0m [HundunOS:ModelRouter] Provider client_adapter failed: No client adapter available. Please connect to a platform first.

2026-04-14T07:43:16.744Z [33m[WARN][0m [HundunOS:Storage] put error: &quot;[Storage] Encryption required for key &apos;memory:recent&apos; but HUNDUNOS_ENCRYPTION_KEY is not set. Refusing to write unencrypted sensitive data.&quot;

[MemoryGraph] Persist failed: [Storage] Encryption required for key &apos;memory:recent&apos; but HUNDUNOS_ENCRYPTION_KEY is not set. Refusing to write unencrypted sensitive data.

2026-04-14T07:43:16.752Z [33m[WARN][0m [HundunOS:ModelRouter] Provider ollama_local failed: fetch failed

2026-04-14T07:43:16.753Z [33m[WARN][0m [HundunOS:ModelRouter] Provider client_adapter failed: No client adapter available. Please connect to a platform first.

2026-04-14T07:43:16.753Z [33m[WARN][0m [HundunOS:Storage] put error: &quot;[Storage] Encryption required for key &apos;memory:recent&apos; but HUNDUNOS_ENCRYPTION_KEY is not set. Refusing to write unencrypted sensitive data.&quot;

[MemoryGraph] Persist failed: [Storage] Encryption required for key &apos;memory:recent&apos; but HUNDUNOS_ENCRYPTION_KEY is not set. Refusing to write unencrypted sensitive data.

2026-04-14T07:43:16.757Z [33m[WARN][0m [HundunOS:ModelRouter] Provider ollama_local failed: fetch failed

2026-04-14T07:43:16.757Z [33m[WARN][0m [HundunOS:ModelRouter] Provider client_adapter failed: No client adapter available. Please connect to a platform first.

2026-04-14T07:43:16.758Z [33m[WARN][0m [HundunOS:Storage] put error: &quot;[Storage] Encryption required for key &apos;memory:recent&apos; but HUNDUNOS_ENCRYPTION_KEY is not set. Refusing to write unencrypted sensitive data.&quot;

[MemoryGraph] Persist failed: [Storage] Encryption required for key &apos;memory:recent&apos; but HUNDUNOS_ENCRYPTION_KEY is not set. Refusing to write unencrypted sensitive data.

2026-04-14T07:43:16.764Z [33m[WARN][0m [HundunOS:ModelRouter] Provider ollama_local failed: fetch failed

2026-04-14T07:43:16.764Z [33m[WARN][0m [HundunOS:ModelRouter] Provider client_adapter failed: No client adapter available. Please connect to a platform first.

2026-04-14T07:43:16.765Z [33m[WARN][0m [HundunOS:Storage] put error: &quot;[Storage] Encryption required for key &apos;memory:recent&apos; but HUNDUNOS_ENCRYPTION_KEY is not set. Refusing to write unencrypted sensitive data.&quot;

[MemoryGraph] Persist failed: [Storage] Encryption required for key &apos;memory:recent&apos; but HUNDUNOS_ENCRYPTION_KEY is not set. Refusing to write unencrypted sensitive data.

2026-04-14T07:43:16.767Z [33m[WARN][0m [HundunOS:ModelRouter] Provider ollama_local failed: fetch failed

2026-04-14T07:43:16.767Z [33m[WARN][0m [HundunOS:ModelRouter] Provider client_adapter failed: No client adapter available. Please connect to a platform first.

2026-04-14T07:43:16.768Z [33m[WARN][0m [HundunOS:Storage] put error: &quot;[Storage] Encryption required for key &apos;memory:recent&apos; but HUNDUNOS_ENCRYPTION_KEY is not set. Refusing to write unencrypted sensitive data.&quot;

[MemoryGraph] Persist failed: [Storage] Encryption required for key &apos;memory:recent&apos; but HUNDUNOS_ENCRYPTION_KEY is not set. Refusing to write unencrypted sensitive data.

2026-04-14T07:43:16.769Z [33m[WARN][0m [HundunOS:Storage] put error: &quot;[Storage] Encryption required for key &apos;memory:recent&apos; but HUNDUNOS_ENCRYPTION_KEY is not set. Refusing to write unencrypted sensitive data.&quot;

[MemoryGraph] Persist failed: [Storage] Encryption required for key &apos;memory:recent&apos; but HUNDUNOS_ENCRYPTION_KEY is not set. Refusing to write unencrypted sensitive data.

2026-04-14T07:43:16.769Z [33m[WARN][0m [HundunOS:Storage] put error: &quot;[Storage] Encryption required for key &apos;memory:recent&apos; but HUNDUNOS_ENCRYPTION_KEY is not set. Refusing to write unencrypted sensitive data.&quot;

[MemoryGraph] Persist failed: [Storage] Encryption required for key &apos;memory:recent&apos; but HUNDUNOS_ENCRYPTION_KEY is not set. Refusing to write unencrypted sensitive data.

2026-04-14T07:43:16.770Z [33m[WARN][0m [HundunOS:Storage] put error: &quot;[Storage] Encryption required for key &apos;memory:recent&apos; but HUNDUNOS_ENCRYPTION_KEY is not set. Refusing to write unencrypted sensitive data.&quot;

[MemoryGraph] Persist failed: [Storage] Encryption required for key &apos;memory:recent&apos; but HUNDUNOS_ENCRYPTION_KEY is not set. Refusing to write unencrypted sensitive data.

2026-04-14T07:43:16.771Z [33m[WARN][0m [HundunOS:Storage] put error: &quot;[Storage] Encryption required for key &apos;memory:recent&apos; but HUNDUNOS_ENCRYPTION_KEY is not set. Refusing to write unencrypted sensitive data.&quot;

[MemoryGraph] Persist failed: [Storage] Encryption required for key &apos;memory:recent&apos; but HUNDUNOS_ENCRYPTION_KEY is not set. Refusing to write unencrypted sensitive data.

2026-04-14T07:43:16.772Z [33m[WARN][0m [HundunOS:Storage] put error: &quot;[Storage] Encryption required for key &apos;memory:recent&apos; but HUNDUNOS_ENCRYPTION_KEY is not set. Refusing to write unencrypted sensitive data.&quot;

[MemoryGraph] Persist failed: [Storage] Encryption required for key &apos;memory:recent&apos; but HUNDUNOS_ENCRYPTION_KEY is not set. Refusing to write unencrypted sensitive data.

2026-04-14T07:43:16.783Z [33m[WARN][0m [HundunOS:Storage] put error: &quot;[Storage] Encryption required for key &apos;memory:recent&apos; but HUNDUNOS_ENCRYPTION_KEY is not set. Refusing to write unencrypted sensitive data.&quot;

[MemoryGraph] Persist failed: [Storage] Encryption required for key &apos;memory:recent&apos; but HUNDUNOS_ENCRYPTION_KEY is not set. Refusing to write unencrypted sensitive data.

2026-04-14T07:43:16.784Z [33m[WARN][0m [HundunOS:Storage] put error: &quot;[Storage] Encryption required for key &apos;memory:recent&apos; but HUNDUNOS_ENCRYPTION_KEY is not set. Refusing to write unencrypted sensitive data.&quot;

[MemoryGraph] Persist failed: [Storage] Encryption required for key &apos;memory:recent&apos; but HUNDUNOS_ENCRYPTION_KEY is not set. Refusing to write unencrypted sensitive data.

2026-04-14T07:43:16.791Z [33m[WARN][0m [HundunOS:Storage] put error: &quot;[Storage] Encryption required for key &apos;memory:recent&apos; but HUNDUNOS_ENCRYPTION_KEY is not set. Refusing to write unencrypted sensitive data.&quot;

[MemoryGraph] Persist failed: [Storage] Encryption required for key &apos;memory:recent&apos; but HUNDUNOS_ENCRYPTION_KEY is not set. Refusing to write unencrypted sensitive data.

2026-04-14T07:43:16.793Z [33m[WARN][0m [HundunOS:Storage] put error: &quot;[Storage] Encryption required for key &apos;memory:recent&apos; but HUNDUNOS_ENCRYPTION_KEY is not set. Refusing to write unencrypted sensitive data.&quot;

[MemoryGraph] Persist failed: [Storage] Encryption required for key &apos;memory:recent&apos; but HUNDUNOS_ENCRYPTION_KEY is not set. Refusing to write unencrypted sensitive data.

2026-04-14T07:43:16.793Z [33m[WARN][0m [HundunOS:Storage] put error: &quot;[Storage] Encryption required for key &apos;memory:recent&apos; but HUNDUNOS_ENCRYPTION_KEY is not set. Refusing to write unencrypted sensitive data.&quot;

[MemoryGraph] Persist failed: [Storage] Encryption required for key &apos;memory:recent&apos; but HUNDUNOS_ENCRYPTION_KEY is not set. Refusing to write unencrypted sensitive data.

2026-04-14T07:43:16.795Z [33m[WARN][0m [HundunOS:Storage] put error: &quot;[Storage] Encryption required for key &apos;memory:recent&apos; but HUNDUNOS_ENCRYPTION_KEY is not set. Refusing to write unencrypted sensitive data.&quot;

[MemoryGraph] Persist failed: [Storage] Encryption required for key &apos;memory:recent&apos; but HUNDUNOS_ENCRYPTION_KEY is not set. Refusing to write unencrypted sensitive data.

2026-04-14T07:43:16.795Z [33m[WARN][0m [HundunOS:Storage] put error: &quot;[Storage] Encryption required for key &apos;memory:recent&apos; but HUNDUNOS_ENCRYPTION_KEY is not set. Refusing to write unencrypted sensitive data.&quot;

[MemoryGraph] Persist failed: [Storage] Encryption required for key &apos;memory:recent&apos; but HUNDUNOS_ENCRYPTION_KEY is not set. Refusing to write unencrypted sensitive data.

2026-04-14T07:43:16.796Z [33m[WARN][0m [HundunOS:Storage] put error: &quot;[Storage] Encryption required for key &apos;memory:recent&apos; but HUNDUNOS_ENCRYPTION_KEY is not set. Refusing to write unencrypted sensitive data.&quot;

[MemoryGraph] Persist failed: [Storage] Encryption required for key &apos;memory:recent&apos; but HUNDUNOS_ENCRYPTION_KEY is not set. Refusing to write unencrypted sensitive data.

2026-04-14T07:43:16.797Z [33m[WARN][0m [HundunOS:Storage] put error: &quot;[Storage] Encryption required for key &apos;memory:recent&apos; but HUNDUNOS_ENCRYPTION_KEY is not set. Refusing to write unencrypted sensitive data.&quot;

[MemoryGraph] Persist failed: [Storage] Encryption required for key &apos;memory:recent&apos; but HUNDUNOS_ENCRYPTION_KEY is not set. Refusing to write unencrypted sensitive data.

2026-04-14T07:43:16.797Z [33m[WARN][0m [HundunOS:Storage] put error: &quot;[Storage] Encryption required for key &apos;memory:recent&apos; but HUNDUNOS_ENCRYPTION_KEY is not set. Refusing to write unencrypted sensitive data.&quot;

[MemoryGraph] Persist failed: [Storage] Encryption required for key &apos;memory:recent&apos; but HUNDUNOS_ENCRYPTION_KEY is not set. Refusing to write unencrypted sensitive data.

2026-04-14T07:43:16.807Z [33m[WARN][0m [HundunOS:Storage] put error: &quot;[Storage] Encryption required for key &apos;memory:recent&apos; but HUNDUNOS_ENCRYPTION_KEY is not set. Refusing to write unencrypted sensitive data.&quot;

[MemoryGraph] Persist failed: [Storage] Encryption required for key &apos;memory:recent&apos; but HUNDUNOS_ENCRYPTION_KEY is not set. Refusing to write unencrypted sensitive data.

2026-04-14T07:43:16.808Z [33m[WARN][0m [HundunOS:Storage] put error: &quot;[Storage] Encryption required for key &apos;memory:recent&apos; but HUNDUNOS_ENCRYPTION_KEY is not set. Refusing to write unencrypted sensitive data.&quot;

[MemoryGraph] Persist failed: [Storage] Encryption required for key &apos;memory:recent&apos; but HUNDUNOS_ENCRYPTION_KEY is not set. Refusing to write unencrypted sensitive data.

2026-04-14T07:43:16.810Z [33m[WARN][0m [HundunOS:Storage] put error: &quot;[Storage] Encryption required for key &apos;memory:recent&apos; but HUNDUNOS_ENCRYPTION_KEY is not set. Refusing to write unencrypted sensitive data.&quot;

[MemoryGraph] Persist failed: [Storage] Encryption required for key &apos;memory:recent&apos; but HUNDUNOS_ENCRYPTION_KEY is not set. Refusing to write unencrypted sensitive data.

2026-04-14T07:43:16.811Z [33m[WARN][0m [HundunOS:Storage] put error: &quot;[Storage] Encryption required for key &apos;memory:recent&apos; but HUNDUNOS_ENCRYPTION_KEY is not set. Refusing to write unencrypted sensitive data.&quot;

[MemoryGraph] Persist failed: [Storage] Encryption required for key &apos;memory:recent&apos; but HUNDUNOS_ENCRYPTION_KEY is not set. Refusing to write unencrypted sensitive data.

2026-04-14T07:43:16.812Z [33m[WARN][0m [HundunOS:Storage] put error: &quot;[Storage] Encryption required for key &apos;memory:recent&apos; but HUNDUNOS_ENCRYPTION_KEY is not set. Refusing to write unencrypted sensitive data.&quot;

[MemoryGraph] Persist failed: [Storage] Encryption required for key &apos;memory:recent&apos; but HUNDUNOS_ENCRYPTION_KEY is not set. Refusing to write unencrypted sensitive data.

2026-04-14T07:43:16.814Z [33m[WARN][0m [HundunOS:Storage] put error: &quot;[Storage] Encryption required for key &apos;memory:recent&apos; but HUNDUNOS_ENCRYPTION_KEY is not set. Refusing to write unencrypted sensitive data.&quot;

[MemoryGraph] Persist failed: [Storage] Encryption required for key &apos;memory:recent&apos; but HUNDUNOS_ENCRYPTION_KEY is not set. Refusing to write unencrypted sensitive data.

2026-04-14T07:43:16.815Z [33m[WARN][0m [HundunOS:Storage] put error: &quot;[Storage] Encryption required for key &apos;memory:recent&apos; but HUNDUNOS_ENCRYPTION_KEY is not set. Refusing to write unencrypted sensitive data.&quot;

[MemoryGraph] Persist failed: [Storage] Encryption required for key &apos;memory:recent&apos; but HUNDUNOS_ENCRYPTION_KEY is not set. Refusing to write unencrypted sensitive data.

2026-04-14T07:43:16.816Z [33m[WARN][0m [HundunOS:Storage] put error: &quot;[Storage] Encryption required for key &apos;memory:recent&apos; but HUNDUNOS_ENCRYPTION_KEY is not set. Refusing to write unencrypted sensitive data.&quot;

[MemoryGraph] Persist failed: [Storage] Encryption required for key &apos;memory:recent&apos; but HUNDUNOS_ENCRYPTION_KEY is not set. Refusing to write unencrypted sensitive data.

2026-04-14T07:43:16.817Z [33m[WARN][0m [HundunOS:Storage] put error: &quot;[Storage] Encryption required for key &apos;memory:recent&apos; but HUNDUNOS_ENCRYPTION_KEY is not set. Refusing to write unencrypted sensitive data.&quot;

[MemoryGraph] Persist failed: [Storage] Encryption required for key &apos;memory:recent&apos; but HUNDUNOS_ENCRYPTION_KEY is not set. Refusing to write unencrypted sensitive data.

2026-04-14T07:43:16.818Z [33m[WARN][0m [HundunOS:Storage] put error: &quot;[Storage] Encryption required for key &apos;memory:recent&apos; but HUNDUNOS_ENCRYPTION_KEY is not set. Refusing to write unencrypted sensitive data.&quot;

[MemoryGraph] Persist failed: [Storage] Encryption required for key &apos;memory:recent&apos; but HUNDUNOS_ENCRYPTION_KEY is not set. Refusing to write unencrypted sensitive data.

2026-04-14T07:43:16.829Z [33m[WARN][0m [HundunOS:Storage] put error: &quot;[Storage] Encryption required for key &apos;memory:recent&apos; but HUNDUNOS_ENCRYPTION_KEY is not set. Refusing to write unencrypted sensitive data.&quot;

[MemoryGraph] Persist failed: [Storage] Encryption required for key &apos;memory:recent&apos; but HUNDUNOS_ENCRYPTION_KEY is not set. Refusing to write unencrypted sensitive data.

2026-04-14T07:43:16.830Z [33m[WARN][0m [HundunOS:Storage] put error: &quot;[Storage] Encryption required for key &apos;memory:recent&apos; but HUNDUNOS_ENCRYPTION_KEY is not set. Refusing to write unencrypted sensitive data.&quot;

[MemoryGraph] Persist failed: [Storage] Encryption required for key &apos;memory:recent&apos; but HUNDUNOS_ENCRYPTION_KEY is not set. Refusing to write unencrypted sensitive data.

2026-04-14T07:43:16.831Z [33m[WARN][0m [HundunOS:Storage] put error: &quot;[Storage] Encryption required for key &apos;memory:recent&apos; but HUNDUNOS_ENCRYPTION_KEY is not set. Refusing to write unencrypted sensitive data.&quot;

[MemoryGraph] Persist failed: [Storage] Encryption required for key &apos;memory:recent&apos; but HUNDUNOS_ENCRYPTION_KEY is not set. Refusing to write unencrypted sensitive data.

2026-04-14T07:43:16.832Z [33m[WARN][0m [HundunOS:Storage] put error: &quot;[Storage] Encryption required for key &apos;memory:recent&apos; but HUNDUNOS_ENCRYPTION_KEY is not set. Refusing to write unencrypted sensitive data.&quot;

[MemoryGraph] Persist failed: [Storage] Encryption required for key &apos;memory:recent&apos; but HUNDUNOS_ENCRYPTION_KEY is not set. Refusing to write unencrypted sensitive data.

2026-04-14T07:43:16.833Z [33m[WARN][0m [HundunOS:Storage] put error: &quot;[Storage] Encryption required for key &apos;memory:recent&apos; but HUNDUNOS_ENCRYPTION_KEY is not set. Refusing to write unencrypted sensitive data.&quot;

[MemoryGraph] Persist failed: [Storage] Encryption required for key &apos;memory:recent&apos; but HUNDUNOS_ENCRYPTION_KEY is not set. Refusing to write unencrypted sensitive data.

2026-04-14T07:43:16.833Z [33m[WARN][0m [HundunOS:Storage] put error: &quot;[Storage] Encryption required for key &apos;memory:recent&apos; but HUNDUNOS_ENCRYPTION_KEY is not set. Refusing to write unencrypted sensitive data.&quot;

[MemoryGraph] Persist failed: [Storage] Encryption required for key &apos;memory:recent&apos; but HUNDUNOS_ENCRYPTION_KEY is not set. Refusing to write unencrypted sensitive data.

2026-04-14T07:43:16.834Z [33m[WARN][0m [HundunOS:Storage] put error: &quot;[Storage] Encryption required for key &apos;memory:recent&apos; but HUNDUNOS_ENCRYPTION_KEY is not set. Refusing to write unencrypted sensitive data.&quot;

[MemoryGraph] Persist failed: [Storage] Encryption required for key &apos;memory:recent&apos; but HUNDUNOS_ENCRYPTION_KEY is not set. Refusing to write unencrypted sensitive data.

2026-04-14T07:43:16.835Z [33m[WARN][0m [HundunOS:Storage] put error: &quot;[Storage] Encryption required for key &apos;memory:recent&apos; but HUNDUNOS_ENCRYPTION_KEY is not set. Refusing to write unencrypted sensitive data.&quot;

[MemoryGraph] Persist failed: [Storage] Encryption required for key &apos;memory:recent&apos; but HUNDUNOS_ENCRYPTION_KEY is not set. Refusing to write unencrypted sensitive data.

2026-04-14T07:43:16.835Z [33m[WARN][0m [HundunOS:Storage] put error: &quot;[Storage] Encryption required for key &apos;memory:recent&apos; but HUNDUNOS_ENCRYPTION_KEY is not set. Refusing to write unencrypted sensitive data.&quot;

[MemoryGraph] Persist failed: [Storage] Encryption required for key &apos;memory:recent&apos; but HUNDUNOS_ENCRYPTION_KEY is not set. Refusing to write unencrypted sensitive data.

2026-04-14T07:43:16.836Z [33m[WARN][0m [HundunOS:Storage] put error: &quot;[Storage] Encryption required for key &apos;memory:recent&apos; but HUNDUNOS_ENCRYPTION_KEY is not set. Refusing to write unencrypted sensitive data.&quot;

[MemoryGraph] Persist failed: [Storage] Encryption required for key &apos;memory:recent&apos; but HUNDUNOS_ENCRYPTION_KEY is not set. Refusing to write unencrypted sensitive data.

2026-04-14T07:43:16.844Z [33m[WARN][0m [HundunOS:Storage] put error: &quot;[Storage] Encryption required for key &apos;memory:recent&apos; but HUNDUNOS_ENCRYPTION_KEY is not set. Refusing to write unencrypted sensitive data.&quot;

[MemoryGraph] Persist failed: [Storage] Encryption required for key &apos;memory:recent&apos; but HUNDUNOS_ENCRYPTION_KEY is not set. Refusing to write unencrypted sensitive data.

2026-04-14T07:43:16.845Z [33m[WARN][0m [HundunOS:Storage] put error: &quot;[Storage] Encryption required for key &apos;memory:recent&apos; but HUNDUNOS_ENCRYPTION_KEY is not set. Refusing to write unencrypted sensitive data.&quot;

[MemoryGraph] Persist failed: [Storage] Encryption required for key &apos;memory:recent&apos; but HUNDUNOS_ENCRYPTION_KEY is not set. Refusing to write unencrypted sensitive data.

2026-04-14T07:43:16.845Z [33m[WARN][0m [HundunOS:Storage] put error: &quot;[Storage] Encryption required for key &apos;memory:recent&apos; but HUNDUNOS_ENCRYPTION_KEY is not set. Refusing to write unencrypted sensitive data.&quot;

[MemoryGraph] Persist failed: [Storage] Encryption required for key &apos;memory:recent&apos; but HUNDUNOS_ENCRYPTION_KEY is not set. Refusing to write unencrypted sensitive data.

2026-04-14T07:43:16.846Z [33m[WARN][0m [HundunOS:Storage] put error: &quot;[Storage] Encryption required for key &apos;memory:recent&apos; but HUNDUNOS_ENCRYPTION_KEY is not set. Refusing to write unencrypted sensitive data.&quot;

[MemoryGraph] Persist failed: [Storage] Encryption required for key &apos;memory:recent&apos; but HUNDUNOS_ENCRYPTION_KEY is not set. Refusing to write unencrypted sensitive data.

2026-04-14T07:43:16.847Z [33m[WARN][0m [HundunOS:Storage] put error: &quot;[Storage] Encryption required for key &apos;memory:recent&apos; but HUNDUNOS_ENCRYPTION_KEY is not set. Refusing to write unencrypted sensitive data.&quot;

[MemoryGraph] Persist failed: [Storage] Encryption required for key &apos;memory:recent&apos; but HUNDUNOS_ENCRYPTION_KEY is not set. Refusing to write unencrypted sensitive data.

2026-04-14T07:43:16.847Z [33m[WARN][0m [HundunOS:Storage] put error: &quot;[Storage] Encryption required for key &apos;memory:recent&apos; but HUNDUNOS_ENCRYPTION_KEY is not set. Refusing to write unencrypted sensitive data.&quot;

[MemoryGraph] Persist failed: [Storage] Encryption required for key &apos;memory:recent&apos; but HUNDUNOS_ENCRYPTION_KEY is not set. Refusing to write unencrypted sensitive data.

2026-04-14T07:43:16.848Z [33m[WARN][0m [HundunOS:Storage] put error: &quot;[Storage] Encryption required for key &apos;memory:recent&apos; but HUNDUNOS_ENCRYPTION_KEY is not set. Refusing to write unencrypted sensitive data.&quot;

[MemoryGraph] Persist failed: [Storage] Encryption required for key &apos;memory:recent&apos; but HUNDUNOS_ENCRYPTION_KEY is not set. Refusing to write unencrypted sensitive data.

2026-04-14T07:43:16.848Z [33m[WARN][0m [HundunOS:Storage] put error: &quot;[Storage] Encryption required for key &apos;memory:recent&apos; but HUNDUNOS_ENCRYPTION_KEY is not set. Refusing to write unencrypted sensitive data.&quot;

[MemoryGraph] Persist failed: [Storage] Encryption required for key &apos;memory:recent&apos; but HUNDUNOS_ENCRYPTION_KEY is not set. Refusing to write unencrypted sensitive data.

2026-04-14T07:43:16.849Z [33m[WARN][0m [HundunOS:Storage] put error: &quot;[Storage] Encryption required for key &apos;memory:recent&apos; but HUNDUNOS_ENCRYPTION_KEY is not set. Refusing to write unencrypted sensitive data.&quot;

[MemoryGraph] Persist failed: [Storage] Encryption required for key &apos;memory:recent&apos; but HUNDUNOS_ENCRYPTION_KEY is not set. Refusing to write unencrypted sensitive data.

2026-04-14T07:43:16.850Z [33m[WARN][0m [HundunOS:Storage] put error: &quot;[Storage] Encryption required for key &apos;memory:recent&apos; but HUNDUNOS_ENCRYPTION_KEY is not set. Refusing to write unencrypted sensitive data.&quot;

[MemoryGraph] Persist failed: [Storage] Encryption required for key &apos;memory:recent&apos; but HUNDUNOS_ENCRYPTION_KEY is not set. Refusing to write unencrypted sensitive data.

2026-04-14T07:43:16.890Z [33m[WARN][0m [HundunOS:Storage] put error: &quot;[Storage] Encryption required for key &apos;memory:recent&apos; but HUNDUNOS_ENCRYPTION_KEY is not set. Refusing to write unencrypted sensitive data.&quot;

[MemoryGraph] Persist failed: [Storage] Encryption required for key &apos;memory:recent&apos; but HUNDUNOS_ENCRYPTION_KEY is not set. Refusing to write unencrypted sensitive data.

2026-04-14T07:43:16.892Z [33m[WARN][0m [HundunOS:Storage] put error: &quot;[Storage] Encryption required for key &apos;memory:recent&apos; but HUNDUNOS_ENCRYPTION_KEY is not set. Refusing to write unencrypted sensitive data.&quot;

[MemoryGraph] Persist failed: [Storage] Encryption required for key &apos;memory:recent&apos; but HUNDUNOS_ENCRYPTION_KEY is not set. Refusing to write unencrypted sensitive data.

2026-04-14T07:43:16.893Z [33m[WARN][0m [HundunOS:Storage] put error: &quot;[Storage] Encryption required for key &apos;memory:recent&apos; but HUNDUNOS_ENCRYPTION_KEY is not set. Refusing to write unencrypted sensitive data.&quot;

[MemoryGraph] Persist failed: [Storage] Encryption required for key &apos;memory:recent&apos; but HUNDUNOS_ENCRYPTION_KEY is not set. Refusing to write unencrypted sensitive data.

2026-04-14T07:43:16.894Z [33m[WARN][0m [HundunOS:Storage] put error: &quot;[Storage] Encryption required for key &apos;memory:recent&apos; but HUNDUNOS_ENCRYPTION_KEY is not set. Refusing to write unencrypted sensitive data.&quot;

[MemoryGraph] Persist failed: [Storage] Encryption required for key &apos;memory:recent&apos; but HUNDUNOS_ENCRYPTION_KEY is not set. Refusing to write unencrypted sensitive data.

2026-04-14T07:43:16.896Z [33m[WARN][0m [HundunOS:Storage] put error: &quot;[Storage] Encryption required for key &apos;memory:recent&apos; but HUNDUNOS_ENCRYPTION_KEY is not set. Refusing to write unencrypted sensitive data.&quot;

[MemoryGraph] Persist failed: [Storage] Encryption required for key &apos;memory:recent&apos; but HUNDUNOS_ENCRYPTION_KEY is not set. Refusing to write unencrypted sensitive data.

2026-04-14T07:43:16.897Z [33m[WARN][0m [HundunOS:Storage] put error: &quot;[Storage] Encryption required for key &apos;memory:recent&apos; but HUNDUNOS_ENCRYPTION_KEY is not set. Refusing to write unencrypted sensitive data.&quot;

[MemoryGraph] Persist failed: [Storage] Encryption required for key &apos;memory:recent&apos; but HUNDUNOS_ENCRYPTION_KEY is not set. Refusing to write unencrypted sensitive data.

2026-04-14T07:43:16.898Z [33m[WARN][0m [HundunOS:Storage] put error: &quot;[Storage] Encryption required for key &apos;memory:recent&apos; but HUNDUNOS_ENCRYPTION_KEY is not set. Refusing to write unencrypted sensitive data.&quot;

[MemoryGraph] Persist failed: [Storage] Encryption required for key &apos;memory:recent&apos; but HUNDUNOS_ENCRYPTION_KEY is not set. Refusing to write unencrypted sensitive data.

2026-04-14T07:43:16.899Z [33m[WARN][0m [HundunOS:Storage] put error: &quot;[Storage] Encryption required for key &apos;memory:recent&apos; but HUNDUNOS_ENCRYPTION_KEY is not set. Refusing to write unencrypted sensitive data.&quot;

[MemoryGraph] Persist failed: [Storage] Encryption required for key &apos;memory:recent&apos; but HUNDUNOS_ENCRYPTION_KEY is not set. Refusing to write unencrypted sensitive data.

2026-04-14T07:43:16.901Z [33m[WARN][0m [HundunOS:Storage] put error: &quot;[Storage] Encryption required for key &apos;memory:recent&apos; but HUNDUNOS_ENCRYPTION_KEY is not set. Refusing to write unencrypted sensitive data.&quot;

[MemoryGraph] Persist failed: [Storage] Encryption required for key &apos;memory:recent&apos; but HUNDUNOS_ENCRYPTION_KEY is not set. Refusing to write unencrypted sensitive data.

2026-04-14T07:43:16.902Z [33m[WARN][0m [HundunOS:Storage] put error: &quot;[Storage] Encryption required for key &apos;memory:recent&apos; but HUNDUNOS_ENCRYPTION_KEY is not set. Refusing to write unencrypted sensitive data.&quot;

[MemoryGraph] Persist failed: [Storage] Encryption required for key &apos;memory:recent&apos; but HUNDUNOS_ENCRYPTION_KEY is not set. Refusing to write unencrypted sensitive data.

2026-04-14T07:43:16.916Z [33m[WARN][0m [HundunOS:Storage] put error: &quot;[Storage] Encryption required for key &apos;memory:recent&apos; but HUNDUNOS_ENCRYPTION_KEY is not set. Refusing to write unencrypted sensitive data.&quot;

[MemoryGraph] Persist failed: [Storage] Encryption required for key &apos;memory:recent&apos; but HUNDUNOS_ENCRYPTION_KEY is not set. Refusing to write unencrypted sensitive data.

2026-04-14T07:43:16.917Z [33m[WARN][0m [HundunOS:Storage] put error: &quot;[Storage] Encryption required for key &apos;memory:recent&apos; but HUNDUNOS_ENCRYPTION_KEY is not set. Refusing to write unencrypted sensitive data.&quot;

[MemoryGraph] Persist failed: [Storage] Encryption required for key &apos;memory:recent&apos; but HUNDUNOS_ENCRYPTION_KEY is not set. Refusing to write unencrypted sensitive data.

2026-04-14T07:43:16.918Z [33m[WARN][0m [HundunOS:Storage] put error: &quot;[Storage] Encryption required for key &apos;memory:recent&apos; but HUNDUNOS_ENCRYPTION_KEY is not set. Refusing to write unencrypted sensitive data.&quot;

[MemoryGraph] Persist failed: [Storage] Encryption required for key &apos;memory:recent&apos; but HUNDUNOS_ENCRYPTION_KEY is not set. Refusing to write unencrypted sensitive data.

2026-04-14T07:43:16.919Z [33m[WARN][0m [HundunOS:Storage] put error: &quot;[Storage] Encryption required for key &apos;memory:recent&apos; but HUNDUNOS_ENCRYPTION_KEY is not set. Refusing to write unencrypted sensitive data.&quot;

[MemoryGraph] Persist failed: [Storage] Encryption required for key &apos;memory:recent&apos; but HUNDUNOS_ENCRYPTION_KEY is not set. Refusing to write unencrypted sensitive data.

2026-04-14T07:43:16.919Z [33m[WARN][0m [HundunOS:Storage] put error: &quot;[Storage] Encryption required for key &apos;memory:recent&apos; but HUNDUNOS_ENCRYPTION_KEY is not set. Refusing to write unencrypted sensitive data.&quot;

[MemoryGraph] Persist failed: [Storage] Encryption required for key &apos;memory:recent&apos; but HUNDUNOS_ENCRYPTION_KEY is not set. Refusing to write unencrypted sensitive data.

2026-04-14T07:43:16.920Z [33m[WARN][0m [HundunOS:Storage] put error: &quot;[Storage] Encryption required for key &apos;memory:recent&apos; but HUNDUNOS_ENCRYPTION_KEY is not set. Refusing to write unencrypted sensitive data.&quot;

[MemoryGraph] Persist failed: [Storage] Encryption required for key &apos;memory:recent&apos; but HUNDUNOS_ENCRYPTION_KEY is not set. Refusing to write unencrypted sensitive data.

2026-04-14T07:43:16.920Z [33m[WARN][0m [HundunOS:Storage] put error: &quot;[Storage] Encryption required for key &apos;memory:recent&apos; but HUNDUNOS_ENCRYPTION_KEY is not set. Refusing to write unencrypted sensitive data.&quot;

[MemoryGraph] Persist failed: [Storage] Encryption required for key &apos;memory:recent&apos; but HUNDUNOS_ENCRYPTION_KEY is not set. Refusing to write unencrypted sensitive data.

2026-04-14T07:43:16.921Z [33m[WARN][0m [HundunOS:Storage] put error: &quot;[Storage] Encryption required for key &apos;memory:recent&apos; but HUNDUNOS_ENCRYPTION_KEY is not set. Refusing to write unencrypted sensitive data.&quot;

[MemoryGraph] Persist failed: [Storage] Encryption required for key &apos;memory:recent&apos; but HUNDUNOS_ENCRYPTION_KEY is not set. Refusing to write unencrypted sensitive data.

2026-04-14T07:43:16.921Z [33m[WARN][0m [HundunOS:Storage] put error: &quot;[Storage] Encryption required for key &apos;memory:recent&apos; but HUNDUNOS_ENCRYPTION_KEY is not set. Refusing to write unencrypted sensitive data.&quot;

[MemoryGraph] Persist failed: [Storage] Encryption required for key &apos;memory:recent&apos; but HUNDUNOS_ENCRYPTION_KEY is not set. Refusing to write unencrypted sensitive data.

2026-04-14T07:43:16.922Z [33m[WARN][0m [HundunOS:Storage] put error: &quot;[Storage] Encryption required for key &apos;memory:recent&apos; but HUNDUNOS_ENCRYPTION_KEY is not set. Refusing to write unencrypted sensitive data.&quot;

[MemoryGraph] Persist failed: [Storage] Encryption required for key &apos;memory:recent&apos; but HUNDUNOS_ENCRYPTION_KEY is not set. Refusing to write unencrypted sensitive data.

2026-04-14T07:43:16.936Z [33m[WARN][0m [HundunOS:Storage] put error: &quot;[Storage] Encryption required for key &apos;memory:recent&apos; but HUNDUNOS_ENCRYPTION_KEY is not set. Refusing to write unencrypted sensitive data.&quot;

[MemoryGraph] Persist failed: [Storage] Encryption required for key &apos;memory:recent&apos; but HUNDUNOS_ENCRYPTION_KEY is not set. Refusing to write unencrypted sensitive data.

2026-04-14T07:43:16.937Z [33m[WARN][0m [HundunOS:Storage] put error: &quot;[Storage] Encryption required for key &apos;memory:recent&apos; but HUNDUNOS_ENCRYPTION_KEY is not set. Refusing to write unencrypted sensitive data.&quot;

[MemoryGraph] Persist failed: [Storage] Encryption required for key &apos;memory:recent&apos; but HUNDUNOS_ENCRYPTION_KEY is not set. Refusing to write unencrypted sensitive data.

2026-04-14T07:43:16.938Z [33m[WARN][0m [HundunOS:Storage] put error: &quot;[Storage] Encryption required for key &apos;memory:recent&apos; but HUNDUNOS_ENCRYPTION_KEY is not set. Refusing to write unencrypted sensitive data.&quot;

[MemoryGraph] Persist failed: [Storage] Encryption required for key &apos;memory:recent&apos; but HUNDUNOS_ENCRYPTION_KEY is not set. Refusing to write unencrypted sensitive data.

2026-04-14T07:43:16.938Z [33m[WARN][0m [HundunOS:Storage] put error: &quot;[Storage] Encryption required for key &apos;memory:recent&apos; but HUNDUNOS_ENCRYPTION_KEY is not set. Refusing to write unencrypted sensitive data.&quot;

[MemoryGraph] Persist failed: [Storage] Encryption required for key &apos;memory:recent&apos; but HUNDUNOS_ENCRYPTION_KEY is not set. Refusing to write unencrypted sensitive data.

2026-04-14T07:43:16.939Z [33m[WARN][0m [HundunOS:Storage] put error: &quot;[Storage] Encryption required for key &apos;memory:recent&apos; but HUNDUNOS_ENCRYPTION_KEY is not set. Refusing to write unencrypted sensitive data.&quot;

[MemoryGraph] Persist failed: [Storage] Encryption required for key &apos;memory:recent&apos; but HUNDUNOS_ENCRYPTION_KEY is not set. Refusing to write unencrypted sensitive data.

2026-04-14T07:43:16.939Z [33m[WARN][0m [HundunOS:Storage] put error: &quot;[Storage] Encryption required for key &apos;memory:recent&apos; but HUNDUNOS_ENCRYPTION_KEY is not set. Refusing to write unencrypted sensitive data.&quot;

[MemoryGraph] Persist failed: [Storage] Encryption required for key &apos;memory:recent&apos; but HUNDUNOS_ENCRYPTION_KEY is not set. Refusing to write unencrypted sensitive data.

2026-04-14T07:43:16.940Z [33m[WARN][0m [HundunOS:Storage] put error: &quot;[Storage] Encryption required for key &apos;memory:recent&apos; but HUNDUNOS_ENCRYPTION_KEY is not set. Refusing to write unencrypted sensitive data.&quot;

[MemoryGraph] Persist failed: [Storage] Encryption required for key &apos;memory:recent&apos; but HUNDUNOS_ENCRYPTION_KEY is not set. Refusing to write unencrypted sensitive data.

2026-04-14T07:43:16.942Z [33m[WARN][0m [HundunOS:Storage] put error: &quot;[Storage] Encryption required for key &apos;memory:recent&apos; but HUNDUNOS_ENCRYPTION_KEY is not set. Refusing to write unencrypted sensitive data.&quot;

[MemoryGraph] Persist failed: [Storage] Encryption required for key &apos;memory:recent&apos; but HUNDUNOS_ENCRYPTION_KEY is not set. Refusing to write unencrypted sensitive data.

2026-04-14T07:43:16.944Z [33m[WARN][0m [HundunOS:Storage] put error: &quot;[Storage] Encryption required for key &apos;memory:recent&apos; but HUNDUNOS_ENCRYPTION_KEY is not set. Refusing to write unencrypted sensitive data.&quot;

[MemoryGraph] Persist failed: [Storage] Encryption required for key &apos;memory:recent&apos; but HUNDUNOS_ENCRYPTION_KEY is not set. Refusing to write unencrypted sensitive data.

2026-04-14T07:43:16.944Z [33m[WARN][0m [HundunOS:Storage] put error: &quot;[Storage] Encryption required for key &apos;memory:recent&apos; but HUNDUNOS_ENCRYPTION_KEY is not set. Refusing to write unencrypted sensitive data.&quot;

[MemoryGraph] Persist failed: [Storage] Encryption required for key &apos;memory:recent&apos; but HUNDUNOS_ENCRYPTION_KEY is not set. Refusing to write unencrypted sensitive data.

2026-04-14T07:43:16.954Z [33m[WARN][0m [HundunOS:Storage] put error: &quot;[Storage] Encryption required for key &apos;memory:recent&apos; but HUNDUNOS_ENCRYPTION_KEY is not set. Refusing to write unencrypted sensitive data.&quot;

[MemoryGraph] Persist failed: [Storage] Encryption required for key &apos;memory:recent&apos; but HUNDUNOS_ENCRYPTION_KEY is not set. Refusing to write unencrypted sensitive data.

2026-04-14T07:43:16.956Z [33m[WARN][0m [HundunOS:Storage] put error: &quot;[Storage] Encryption required for key &apos;memory:recent&apos; but HUNDUNOS_ENCRYPTION_KEY is not set. Refusing to write unencrypted sensitive data.&quot;

[MemoryGraph] Persist failed: [Storage] Encryption required for key &apos;memory:recent&apos; but HUNDUNOS_ENCRYPTION_KEY is not set. Refusing to write unencrypted sensitive data.

2026-04-14T07:43:16.956Z [33m[WARN][0m [HundunOS:Storage] put error: &quot;[Storage] Encryption required for key &apos;memory:recent&apos; but HUNDUNOS_ENCRYPTION_KEY is not set. Refusing to write unencrypted sensitive data.&quot;

[MemoryGraph] Persist failed: [Storage] Encryption required for key &apos;memory:recent&apos; but HUNDUNOS_ENCRYPTION_KEY is not set. Refusing to write unencrypted sensitive data.

2026-04-14T07:43:16.957Z [33m[WARN][0m [HundunOS:Storage] put error: &quot;[Storage] Encryption required for key &apos;memory:recent&apos; but HUNDUNOS_ENCRYPTION_KEY is not set. Refusing to write unencrypted sensitive data.&quot;

[MemoryGraph] Persist failed: [Storage] Encryption required for key &apos;memory:recent&apos; but HUNDUNOS_ENCRYPTION_KEY is not set. Refusing to write unencrypted sensitive data.

2026-04-14T07:43:16.958Z [33m[WARN][0m [HundunOS:Storage] put error: &quot;[Storage] Encryption required for key &apos;memory:recent&apos; but HUNDUNOS_ENCRYPTION_KEY is not set. Refusing to write unencrypted sensitive data.&quot;

[MemoryGraph] Persist failed: [Storage] Encryption required for key &apos;memory:recent&apos; but HUNDUNOS_ENCRYPTION_KEY is not set. Refusing to write unencrypted sensitive data.

2026-04-14T07:43:16.959Z [33m[WARN][0m [HundunOS:Storage] put error: &quot;[Storage] Encryption required for key &apos;memory:recent&apos; but HUNDUNOS_ENCRYPTION_KEY is not set. Refusing to write unencrypted sensitive data.&quot;

[MemoryGraph] Persist failed: [Storage] Encryption required for key &apos;memory:recent&apos; but HUNDUNOS_ENCRYPTION_KEY is not set. Refusing to write unencrypted sensitive data.

2026-04-14T07:43:16.976Z [33m[WARN][0m [HundunOS:Storage] put error: &quot;[Storage] Encryption required for key &apos;memory:recent&apos; but HUNDUNOS_ENCRYPTION_KEY is not set. Refusing to write unencrypted sensitive data.&quot;

[MemoryGraph] Persist failed: [Storage] Encryption required for key &apos;memory:recent&apos; but HUNDUNOS_ENCRYPTION_KEY is not set. Refusing to write unencrypted sensitive data.

2026-04-14T07:43:16.978Z [33m[WARN][0m [HundunOS:Storage] put error: &quot;[Storage] Encryption required for key &apos;memory:recent&apos; but HUNDUNOS_ENCRYPTION_KEY is not set. Refusing to write unencrypted sensitive data.&quot;

[MemoryGraph] Persist failed: [Storage] Encryption required for key &apos;memory:recent&apos; but HUNDUNOS_ENCRYPTION_KEY is not set. Refusing to write unencrypted sensitive data.

2026-04-14T07:43:16.980Z [33m[WARN][0m [HundunOS:Storage] put error: &quot;[Storage] Encryption required for key &apos;memory:recent&apos; but HUNDUNOS_ENCRYPTION_KEY is not set. Refusing to write unencrypted sensitive data.&quot;

[MemoryGraph] Persist failed: [Storage] Encryption required for key &apos;memory:recent&apos; but HUNDUNOS_ENCRYPTION_KEY is not set. Refusing to write unencrypted sensitive data.

2026-04-14T07:43:16.981Z [33m[WARN][0m [HundunOS:Storage] put error: &quot;[Storage] Encryption required for key &apos;memory:recent&apos; but HUNDUNOS_ENCRYPTION_KEY is not set. Refusing to write unencrypted sensitive data.&quot;

[MemoryGraph] Persist failed: [Storage] Encryption required for key &apos;memory:recent&apos; but HUNDUNOS_ENCRYPTION_KEY is not set. Refusing to write unencrypted sensitive data.

2026-04-14T07:43:17.009Z [33m[WARN][0m [HundunOS:Storage] put error: &quot;[Storage] Encryption required for key &apos;memory:recent&apos; but HUNDUNOS_ENCRYPTION_KEY is not set. Refusing to write unencrypted sensitive data.&quot;

[MemoryGraph] Persist failed: [Storage] Encryption required for key &apos;memory:recent&apos; but HUNDUNOS_ENCRYPTION_KEY is not set. Refusing to write unencrypted sensitive data.

2026-04-14T07:43:17.011Z [33m[WARN][0m [HundunOS:Storage] put error: &quot;[Storage] Encryption required for key &apos;memory:recent&apos; but HUNDUNOS_ENCRYPTION_KEY is not set. Refusing to write unencrypted sensitive data.&quot;

[MemoryGraph] Persist failed: [Storage] Encryption required for key &apos;memory:recent&apos; but HUNDUNOS_ENCRYPTION_KEY is not set. Refusing to write unencrypted sensitive data.

2026-04-14T07:43:17.012Z [33m[WARN][0m [HundunOS:Storage] put error: &quot;[Storage] Encryption required for key &apos;memory:recent&apos; but HUNDUNOS_ENCRYPTION_KEY is not set. Refusing to write unencrypted sensitive data.&quot;

[MemoryGraph] Persist failed: [Storage] Encryption required for key &apos;memory:recent&apos; but HUNDUNOS_ENCRYPTION_KEY is not set. Refusing to write unencrypted sensitive data.

2026-04-14T07:43:17.013Z [33m[WARN][0m [HundunOS:Storage] put error: &quot;[Storage] Encryption required for key &apos;memory:recent&apos; but HUNDUNOS_ENCRYPTION_KEY is not set. Refusing to write unencrypted sensitive data.&quot;

[MemoryGraph] Persist failed: [Storage] Encryption required for key &apos;memory:recent&apos; but HUNDUNOS_ENCRYPTION_KEY is not set. Refusing to write unencrypted sensitive data.

2026-04-14T07:43:17.015Z [33m[WARN][0m [HundunOS:Storage] put error: &quot;[Storage] Encryption required for key &apos;memory:recent&apos; but HUNDUNOS_ENCRYPTION_KEY is not set. Refusing to write unencrypted sensitive data.&quot;

[MemoryGraph] Persist failed: [Storage] Encryption required for key &apos;memory:recent&apos; but HUNDUNOS_ENCRYPTION_KEY is not set. Refusing to write unencrypted sensitive data.

2026-04-14T07:43:17.016Z [33m[WARN][0m [HundunOS:Storage] put error: &quot;[Storage] Encryption required for key &apos;memory:recent&apos; but HUNDUNOS_ENCRYPTION_KEY is not set. Refusing to write unencrypted sensitive data.&quot;

[MemoryGraph] Persist failed: [Storage] Encryption required for key &apos;memory:recent&apos; but HUNDUNOS_ENCRYPTION_KEY is not set. Refusing to write unencrypted sensitive data.

2026-04-14T07:43:17.017Z [33m[WARN][0m [HundunOS:Storage] put error: &quot;[Storage] Encryption required for key &apos;memory:recent&apos; but HUNDUNOS_ENCRYPTION_KEY is not set. Refusing to write unencrypted sensitive data.&quot;

[MemoryGraph] Persist failed: [Storage] Encryption required for key &apos;memory:recent&apos; but HUNDUNOS_ENCRYPTION_KEY is not set. Refusing to write unencrypted sensitive data.

2026-04-14T07:43:17.018Z [33m[WARN][0m [HundunOS:Storage] put error: &quot;[Storage] Encryption required for key &apos;memory:recent&apos; but HUNDUNOS_ENCRYPTION_KEY is not set. Refusing to write unencrypted sensitive data.&quot;

[MemoryGraph] Persist failed: [Storage] Encryption required for key &apos;memory:recent&apos; but HUNDUNOS_ENCRYPTION_KEY is not set. Refusing to write unencrypted sensitive data.

2026-04-14T07:43:17.019Z [33m[WARN][0m [HundunOS:Storage] put error: &quot;[Storage] Encryption required for key &apos;memory:recent&apos; but HUNDUNOS_ENCRYPTION_KEY is not set. Refusing to write unencrypted sensitive data.&quot;

[MemoryGraph] Persist failed: [Storage] Encryption required for key &apos;memory:recent&apos; but HUNDUNOS_ENCRYPTION_KEY is not set. Refusing to write unencrypted sensitive data.

2026-04-14T07:43:17.020Z [33m[WARN][0m [HundunOS:Storage] put error: &quot;[Storage] Encryption required for key &apos;memory:recent&apos; but HUNDUNOS_ENCRYPTION_KEY is not set. Refusing to write unencrypted sensitive data.&quot;

[MemoryGraph] Persist failed: [Storage] Encryption required for key &apos;memory:recent&apos; but HUNDUNOS_ENCRYPTION_KEY is not set. Refusing to write unencrypted sensitive data.

2026-04-14T07:43:17.031Z [33m[WARN][0m [HundunOS:Storage] put error: &quot;[Storage] Encryption required for key &apos;memory:recent&apos; but HUNDUNOS_ENCRYPTION_KEY is not set. Refusing to write unencrypted sensitive data.&quot;

[MemoryGraph] Persist failed: [Storage] Encryption required for key &apos;memory:recent&apos; but HUNDUNOS_ENCRYPTION_KEY is not set. Refusing to write unencrypted sensitive data.

2026-04-14T07:43:17.032Z [33m[WARN][0m [HundunOS:Storage] put error: &quot;[Storage] Encryption required for key &apos;memory:recent&apos; but HUNDUNOS_ENCRYPTION_KEY is not set. Refusing to write unencrypted sensitive data.&quot;

[MemoryGraph] Persist failed: [Storage] Encryption required for key &apos;memory:recent&apos; but HUNDUNOS_ENCRYPTION_KEY is not set. Refusing to write unencrypted sensitive data.

2026-04-14T07:43:17.033Z [33m[WARN][0m [HundunOS:Storage] put error: &quot;[Storage] Encryption required for key &apos;memory:recent&apos; but HUNDUNOS_ENCRYPTION_KEY is not set. Refusing to write unencrypted sensitive data.&quot;

[MemoryGraph] Persist failed: [Storage] Encryption required for key &apos;memory:recent&apos; but HUNDUNOS_ENCRYPTION_KEY is not set. Refusing to write unencrypted sensitive data.

2026-04-14T07:43:17.037Z [33m[WARN][0m [HundunOS:Storage] put error: &quot;[Storage] Encryption required for key &apos;memory:recent&apos; but HUNDUNOS_ENCRYPTION_KEY is not set. Refusing to write unencrypted sensitive data.&quot;

[MemoryGraph] Persist failed: [Storage] Encryption required for key &apos;memory:recent&apos; but HUNDUNOS_ENCRYPTION_KEY is not set. Refusing to write unencrypted sensitive data.

2026-04-14T07:43:17.037Z [33m[WARN][0m [HundunOS:Storage] put error: &quot;[Storage] Encryption required for key &apos;memory:recent&apos; but HUNDUNOS_ENCRYPTION_KEY is not set. Refusing to write unencrypted sensitive data.&quot;

[MemoryGraph] Persist failed: [Storage] Encryption required for key &apos;memory:recent&apos; but HUNDUNOS_ENCRYPTION_KEY is not set. Refusing to write unencrypted sensitive data.

2026-04-14T07:43:17.038Z [33m[WARN][0m [HundunOS:Storage] put error: &quot;[Storage] Encryption required for key &apos;memory:recent&apos; but HUNDUNOS_ENCRYPTION_KEY is not set. Refusing to write unencrypted sensitive data.&quot;

[MemoryGraph] Persist failed: [Storage] Encryption required for key &apos;memory:recent&apos; but HUNDUNOS_ENCRYPTION_KEY is not set. Refusing to write unencrypted sensitive data.

2026-04-14T07:43:17.038Z [33m[WARN][0m [HundunOS:Storage] put error: &quot;[Storage] Encryption required for key &apos;memory:recent&apos; but HUNDUNOS_ENCRYPTION_KEY is not set. Refusing to write unencrypted sensitive data.&quot;

[MemoryGraph] Persist failed: [Storage] Encryption required for key &apos;memory:recent&apos; but HUNDUNOS_ENCRYPTION_KEY is not set. Refusing to write unencrypted sensitive data.

2026-04-14T07:43:17.039Z [33m[WARN][0m [HundunOS:Storage] put error: &quot;[Storage] Encryption required for key &apos;memory:recent&apos; but HUNDUNOS_ENCRYPTION_KEY is not set. Refusing to write unencrypted sensitive data.&quot;

[MemoryGraph] Persist failed: [Storage] Encryption required for key &apos;memory:recent&apos; but HUNDUNOS_ENCRYPTION_KEY is not set. Refusing to write unencrypted sensitive data.

2026-04-14T07:43:17.040Z [33m[WARN][0m [HundunOS:Storage] put error: &quot;[Storage] Encryption required for key &apos;memory:recent&apos; but HUNDUNOS_ENCRYPTION_KEY is not set. Refusing to write unencrypted sensitive data.&quot;

[MemoryGraph] Persist failed: [Storage] Encryption required for key &apos;memory:recent&apos; but HUNDUNOS_ENCRYPTION_KEY is not set. Refusing to write unencrypted sensitive data.

2026-04-14T07:43:17.042Z [33m[WARN][0m [HundunOS:Storage] put error: &quot;[Storage] Encryption required for key &apos;memory:recent&apos; but HUNDUNOS_ENCRYPTION_KEY is not set. Refusing to write unencrypted sensitive data.&quot;

[MemoryGraph] Persist failed: [Storage] Encryption required for key &apos;memory:recent&apos; but HUNDUNOS_ENCRYPTION_KEY is not set. Refusing to write unencrypted sensitive data.

2026-04-14T07:43:17.205Z [33m[WARN][0m [HundunOS:Storage] put error: &quot;[Storage] Encryption required for key &apos;memory:recent&apos; but HUNDUNOS_ENCRYPTION_KEY is not set. Refusing to write unencrypted sensitive data.&quot;

[MemoryGraph] Persist failed: [Storage] Encryption required for key &apos;memory:recent&apos; but HUNDUNOS_ENCRYPTION_KEY is not set. Refusing to write unencrypted sensitive data.

2026-04-14T07:43:17.206Z [33m[WARN][0m [HundunOS:Storage] put error: &quot;[Storage] Encryption required for key &apos;memory:recent&apos; but HUNDUNOS_ENCRYPTION_KEY is not set. Refusing to write unencrypted sensitive data.&quot;

[MemoryGraph] Persist failed: [Storage] Encryption required for key &apos;memory:recent&apos; but HUNDUNOS_ENCRYPTION_KEY is not set. Refusing to write unencrypted sensitive data.

2026-04-14T07:43:17.209Z [33m[WARN][0m [HundunOS:Storage] put error: &quot;[Storage] Encryption required for key &apos;memory:recent&apos; but HUNDUNOS_ENCRYPTION_KEY is not set. Refusing to write unencrypted sensitive data.&quot;

[MemoryGraph] Persist failed: [Storage] Encryption required for key &apos;memory:recent&apos; but HUNDUNOS_ENCRYPTION_KEY is not set. Refusing to write unencrypted sensitive data.

2026-04-14T07:43:17.210Z [33m[WARN][0m [HundunOS:Storage] put error: &quot;[Storage] Encryption required for key &apos;memory:recent&apos; but HUNDUNOS_ENCRYPTION_KEY is not set. Refusing to write unencrypted sensitive data.&quot;

[MemoryGraph] Persist failed: [Storage] Encryption required for key &apos;memory:recent&apos; but HUNDUNOS_ENCRYPTION_KEY is not set. Refusing to write unencrypted sensitive data.

2026-04-14T07:43:17.215Z [33m[WARN][0m [HundunOS:Storage] put error: &quot;[Storage] Encryption required for key &apos;memory:recent&apos; but HUNDUNOS_ENCRYPTION_KEY is not set. Refusing to write unencrypted sensitive data.&quot;

[MemoryGraph] Persist failed: [Storage] Encryption required for key &apos;memory:recent&apos; but HUNDUNOS_ENCRYPTION_KEY is not set. Refusing to write unencrypted sensitive data.

2026-04-14T07:43:17.217Z [33m[WARN][0m [HundunOS:Storage] put error: &quot;[Storage] Encryption required for key &apos;memory:recent&apos; but HUNDUNOS_ENCRYPTION_KEY is not set. Refusing to write unencrypted sensitive data.&quot;

[MemoryGraph] Persist failed: [Storage] Encryption required for key &apos;memory:recent&apos; but HUNDUNOS_ENCRYPTION_KEY is not set. Refusing to write unencrypted sensitive data.

2026-04-14T07:43:17.218Z [33m[WARN][0m [HundunOS:Storage] put error: &quot;[Storage] Encryption required for key &apos;memory:recent&apos; but HUNDUNOS_ENCRYPTION_KEY is not set. Refusing to write unencrypted sensitive data.&quot;

[MemoryGraph] Persist failed: [Storage] Encryption required for key &apos;memory:recent&apos; but HUNDUNOS_ENCRYPTION_KEY is not set. Refusing to write unencrypted sensitive data.

2026-04-14T07:43:17.223Z [33m[WARN][0m [HundunOS:Storage] put error: &quot;[Storage] Encryption required for key &apos;memory:recent&apos; but HUNDUNOS_ENCRYPTION_KEY is not set. Refusing to write unencrypted sensitive data.&quot;

[MemoryGraph] Persist failed: [Storage] Encryption required for key &apos;memory:recent&apos; but HUNDUNOS_ENCRYPTION_KEY is not set. Refusing to write unencrypted sensitive data.

2026-04-14T07:43:17.224Z [33m[WARN][0m [HundunOS:Storage] put error: &quot;[Storage] Encryption required for key &apos;memory:recent&apos; but HUNDUNOS_ENCRYPTION_KEY is not set. Refusing to write unencrypted sensitive data.&quot;

[MemoryGraph] Persist failed: [Storage] Encryption required for key &apos;memory:recent&apos; but HUNDUNOS_ENCRYPTION_KEY is not set. Refusing to write unencrypted sensitive data.

2026-04-14T07:43:17.226Z [33m[WARN][0m [HundunOS:Storage] put error: &quot;[Storage] Encryption required for key &apos;memory:recent&apos; but HUNDUNOS_ENCRYPTION_KEY is not set. Refusing to write unencrypted sensitive data.&quot;

[MemoryGraph] Persist failed: [Storage] Encryption required for key &apos;memory:recent&apos; but HUNDUNOS_ENCRYPTION_KEY is not set. Refusing to write unencrypted sensitive data.

2026-04-14T07:43:17.265Z [33m[WARN][0m [HundunOS:Storage] put error: &quot;[Storage] Encryption required for key &apos;memory:recent&apos; but HUNDUNOS_ENCRYPTION_KEY is not set. Refusing to write unencrypted sensitive data.&quot;

[MemoryGraph] Persist failed: [Storage] Encryption required for key &apos;memory:recent&apos; but HUNDUNOS_ENCRYPTION_KEY is not set. Refusing to write unencrypted sensitive data.

2026-04-14T07:43:17.267Z [33m[WARN][0m [HundunOS:Storage] put error: &quot;[Storage] Encryption required for key &apos;memory:recent&apos; but HUNDUNOS_ENCRYPTION_KEY is not set. Refusing to write unencrypted sensitive data.&quot;

[MemoryGraph] Persist failed: [Storage] Encryption required for key &apos;memory:recent&apos; but HUNDUNOS_ENCRYPTION_KEY is not set. Refusing to write unencrypted sensitive data.

2026-04-14T07:43:17.271Z [33m[WARN][0m [HundunOS:Storage] put error: &quot;[Storage] Encryption required for key &apos;memory:recent&apos; but HUNDUNOS_ENCRYPTION_KEY is not set. Refusing to write unencrypted sensitive data.&quot;

[MemoryGraph] Persist failed: [Storage] Encryption required for key &apos;memory:recent&apos; but HUNDUNOS_ENCRYPTION_KEY is not set. Refusing to write unencrypted sensitive data.

2026-04-14T07:43:17.272Z [33m[WARN][0m [HundunOS:Storage] put error: &quot;[Storage] Encryption required for key &apos;memory:recent&apos; but HUNDUNOS_ENCRYPTION_KEY is not set. Refusing to write unencrypted sensitive data.&quot;

[MemoryGraph] Persist failed: [Storage] Encryption required for key &apos;memory:recent&apos; but HUNDUNOS_ENCRYPTION_KEY is not set. Refusing to write unencrypted sensitive data.

2026-04-14T07:43:17.273Z [33m[WARN][0m [HundunOS:Storage] put error: &quot;[Storage] Encryption required for key &apos;memory:recent&apos; but HUNDUNOS_ENCRYPTION_KEY is not set. Refusing to write unencrypted sensitive data.&quot;

[MemoryGraph] Persist failed: [Storage] Encryption required for key &apos;memory:recent&apos; but HUNDUNOS_ENCRYPTION_KEY is not set. Refusing to write unencrypted sensitive data.

2026-04-14T07:43:17.274Z [33m[WARN][0m [HundunOS:Storage] put error: &quot;[Storage] Encryption required for key &apos;memory:recent&apos; but HUNDUNOS_ENCRYPTION_KEY is not set. Refusing to write unencrypted sensitive data.&quot;

[MemoryGraph] Persist failed: [Storage] Encryption required for key &apos;memory:recent&apos; but HUNDUNOS_ENCRYPTION_KEY is not set. Refusing to write unencrypted sensitive data.

2026-04-14T07:43:17.275Z [33m[WARN][0m [HundunOS:Storage] put error: &quot;[Storage] Encryption required for key &apos;memory:recent&apos; but HUNDUNOS_ENCRYPTION_KEY is not set. Refusing to write unencrypted sensitive data.&quot;

[MemoryGraph] Persist failed: [Storage] Encryption required for key &apos;memory:recent&apos; but HUNDUNOS_ENCRYPTION_KEY is not set. Refusing to write unencrypted sensitive data.

2026-04-14T07:43:17.276Z [33m[WARN][0m [HundunOS:Storage] put error: &quot;[Storage] Encryption required for key &apos;memory:recent&apos; but HUNDUNOS_ENCRYPTION_KEY is not set. Refusing to write unencrypted sensitive data.&quot;

[MemoryGraph] Persist failed: [Storage] Encryption required for key &apos;memory:recent&apos; but HUNDUNOS_ENCRYPTION_KEY is not set. Refusing to write unencrypted sensitive data.

2026-04-14T07:43:17.277Z [33m[WARN][0m [HundunOS:Storage] put error: &quot;[Storage] Encryption required for key &apos;memory:recent&apos; but HUNDUNOS_ENCRYPTION_KEY is not set. Refusing to write unencrypted sensitive data.&quot;

[MemoryGraph] Persist failed: [Storage] Encryption required for key &apos;memory:recent&apos; but HUNDUNOS_ENCRYPTION_KEY is not set. Refusing to write unencrypted sensitive data.

2026-04-14T07:43:17.278Z [33m[WARN][0m [HundunOS:Storage] put error: &quot;[Storage] Encryption required for key &apos;memory:recent&apos; but HUNDUNOS_ENCRYPTION_KEY is not set. Refusing to write unencrypted sensitive data.&quot;

[MemoryGraph] Persist failed: [Storage] Encryption required for key &apos;memory:recent&apos; but HUNDUNOS_ENCRYPTION_KEY is not set. Refusing to write unencrypted sensitive data.

2026-04-14T07:43:17.288Z [33m[WARN][0m [HundunOS:Storage] put error: &quot;[Storage] Encryption required for key &apos;memory:recent&apos; but HUNDUNOS_ENCRYPTION_KEY is not set. Refusing to write unencrypted sensitive data.&quot;

[MemoryGraph] Persist failed: [Storage] Encryption required for key &apos;memory:recent&apos; but HUNDUNOS_ENCRYPTION_KEY is not set. Refusing to write unencrypted sensitive data.

2026-04-14T07:43:17.289Z [33m[WARN][0m [HundunOS:Storage] put error: &quot;[Storage] Encryption required for key &apos;memory:recent&apos; but HUNDUNOS_ENCRYPTION_KEY is not set. Refusing to write unencrypted sensitive data.&quot;

[MemoryGraph] Persist failed: [Storage] Encryption required for key &apos;memory:recent&apos; but HUNDUNOS_ENCRYPTION_KEY is not set. Refusing to write unencrypted sensitive data.

2026-04-14T07:43:17.290Z [33m[WARN][0m [HundunOS:Storage] put error: &quot;[Storage] Encryption required for key &apos;memory:recent&apos; but HUNDUNOS_ENCRYPTION_KEY is not set. Refusing to write unencrypted sensitive data.&quot;

[MemoryGraph] Persist failed: [Storage] Encryption required for key &apos;memory:recent&apos; but HUNDUNOS_ENCRYPTION_KEY is not set. Refusing to write unencrypted sensitive data.

2026-04-14T07:43:17.292Z [33m[WARN][0m [HundunOS:Storage] put error: &quot;[Storage] Encryption required for key &apos;memory:recent&apos; but HUNDUNOS_ENCRYPTION_KEY is not set. Refusing to write unencrypted sensitive data.&quot;

[MemoryGraph] Persist failed: [Storage] Encryption required for key &apos;memory:recent&apos; but HUNDUNOS_ENCRYPTION_KEY is not set. Refusing to write unencrypted sensitive data.

2026-04-14T07:43:17.292Z [33m[WARN][0m [HundunOS:Storage] put error: &quot;[Storage] Encryption required for key &apos;memory:recent&apos; but HUNDUNOS_ENCRYPTION_KEY is not set. Refusing to write unencrypted sensitive data.&quot;

[MemoryGraph] Persist failed: [Storage] Encryption required for key &apos;memory:recent&apos; but HUNDUNOS_ENCRYPTION_KEY is not set. Refusing to write unencrypted sensitive data.

2026-04-14T07:43:17.293Z [33m[WARN][0m [HundunOS:Storage] put error: &quot;[Storage] Encryption required for key &apos;memory:recent&apos; but HUNDUNOS_ENCRYPTION_KEY is not set. Refusing to write unencrypted sensitive data.&quot;

[MemoryGraph] Persist failed: [Storage] Encryption required for key &apos;memory:recent&apos; but HUNDUNOS_ENCRYPTION_KEY is not set. Refusing to write unencrypted sensitive data.

2026-04-14T07:43:17.294Z [33m[WARN][0m [HundunOS:Storage] put error: &quot;[Storage] Encryption required for key &apos;memory:recent&apos; but HUNDUNOS_ENCRYPTION_KEY is not set. Refusing to write unencrypted sensitive data.&quot;

[MemoryGraph] Persist failed: [Storage] Encryption required for key &apos;memory:recent&apos; but HUNDUNOS_ENCRYPTION_KEY is not set. Refusing to write unencrypted sensitive data.

2026-04-14T07:43:17.295Z [33m[WARN][0m [HundunOS:Storage] put error: &quot;[Storage] Encryption required for key &apos;memory:recent&apos; but HUNDUNOS_ENCRYPTION_KEY is not set. Refusing to write unencrypted sensitive data.&quot;

[MemoryGraph] Persist failed: [Storage] Encryption required for key &apos;memory:recent&apos; but HUNDUNOS_ENCRYPTION_KEY is not set. Refusing to write unencrypted sensitive data.

2026-04-14T07:43:17.295Z [33m[WARN][0m [HundunOS:Storage] put error: &quot;[Storage] Encryption required for key &apos;memory:recent&apos; but HUNDUNOS_ENCRYPTION_KEY is not set. Refusing to write unencrypted sensitive data.&quot;

[MemoryGraph] Persist failed: [Storage] Encryption required for key &apos;memory:recent&apos; but HUNDUNOS_ENCRYPTION_KEY is not set. Refusing to write unencrypted sensitive data.

2026-04-14T07:43:17.301Z [33m[WARN][0m [HundunOS:Storage] put error: &quot;[Storage] Encryption required for key &apos;memory:recent&apos; but HUNDUNOS_ENCRYPTION_KEY is not set. Refusing to write unencrypted sensitive data.&quot;

[MemoryGraph] Persist failed: [Storage] Encryption required for key &apos;memory:recent&apos; but HUNDUNOS_ENCRYPTION_KEY is not set. Refusing to write unencrypted sensitive data.

2026-04-14T07:43:17.393Z [33m[WARN][0m [HundunOS:Storage] put error: &quot;[Storage] Encryption required for key &apos;memory:recent&apos; but HUNDUNOS_ENCRYPTION_KEY is not set. Refusing to write unencrypted sensitive data.&quot;

[MemoryGraph] Persist failed: [Storage] Encryption required for key &apos;memory:recent&apos; but HUNDUNOS_ENCRYPTION_KEY is not set. Refusing to write unencrypted sensitive data.

2026-04-14T07:43:17.395Z [33m[WARN][0m [HundunOS:Storage] put error: &quot;[Storage] Encryption required for key &apos;memory:recent&apos; but HUNDUNOS_ENCRYPTION_KEY is not set. Refusing to write unencrypted sensitive data.&quot;

[MemoryGraph] Persist failed: [Storage] Encryption required for key &apos;memory:recent&apos; but HUNDUNOS_ENCRYPTION_KEY is not set. Refusing to write unencrypted sensitive data.

2026-04-14T07:43:17.395Z [33m[WARN][0m [HundunOS:Storage] put error: &quot;[Storage] Encryption required for key &apos;memory:recent&apos; but HUNDUNOS_ENCRYPTION_KEY is not set. Refusing to write unencrypted sensitive data.&quot;

[MemoryGraph] Persist failed: [Storage] Encryption required for key &apos;memory:recent&apos; but HUNDUNOS_ENCRYPTION_KEY is not set. Refusing to write unencrypted sensitive data.

2026-04-14T07:43:17.396Z [33m[WARN][0m [HundunOS:Storage] put error: &quot;[Storage] Encryption required for key &apos;memory:recent&apos; but HUNDUNOS_ENCRYPTION_KEY is not set. Refusing to write unencrypted sensitive data.&quot;

[MemoryGraph] Persist failed: [Storage] Encryption required for key &apos;memory:recent&apos; but HUNDUNOS_ENCRYPTION_KEY is not set. Refusing to write unencrypted sensitive data.

2026-04-14T07:43:17.397Z [33m[WARN][0m [HundunOS:Storage] put error: &quot;[Storage] Encryption required for key &apos;memory:recent&apos; but HUNDUNOS_ENCRYPTION_KEY is not set. Refusing to write unencrypted sensitive data.&quot;

[MemoryGraph] Persist failed: [Storage] Encryption required for key &apos;memory:recent&apos; but HUNDUNOS_ENCRYPTION_KEY is not set. Refusing to write unencrypted sensitive data.

2026-04-14T07:43:17.398Z [33m[WARN][0m [HundunOS:Storage] put error: &quot;[Storage] Encryption required for key &apos;memory:recent&apos; but HUNDUNOS_ENCRYPTION_KEY is not set. Refusing to write unencrypted sensitive data.&quot;

[MemoryGraph] Persist failed: [Storage] Encryption required for key &apos;memory:recent&apos; but HUNDUNOS_ENCRYPTION_KEY is not set. Refusing to write unencrypted sensitive data.

2026-04-14T07:43:17.399Z [33m[WARN][0m [HundunOS:Storage] put error: &quot;[Storage] Encryption required for key &apos;memory:recent&apos; but HUNDUNOS_ENCRYPTION_KEY is not set. Refusing to write unencrypted sensitive data.&quot;

[MemoryGraph] Persist failed: [Storage] Encryption required for key &apos;memory:recent&apos; but HUNDUNOS_ENCRYPTION_KEY is not set. Refusing to write unencrypted sensitive data.

2026-04-14T07:43:17.400Z [33m[WARN][0m [HundunOS:Storage] put error: &quot;[Storage] Encryption required for key &apos;memory:recent&apos; but HUNDUNOS_ENCRYPTION_KEY is not set. Refusing to write unencrypted sensitive data.&quot;

[MemoryGraph] Persist failed: [Storage] Encryption required for key &apos;memory:recent&apos; but HUNDUNOS_ENCRYPTION_KEY is not set. Refusing to write unencrypted sensitive data.

2026-04-14T07:43:17.401Z [33m[WARN][0m [HundunOS:Storage] put error: &quot;[Storage] Encryption required for key &apos;memory:recent&apos; but HUNDUNOS_ENCRYPTION_KEY is not set. Refusing to write unencrypted sensitive data.&quot;

[MemoryGraph] Persist failed: [Storage] Encryption required for key &apos;memory:recent&apos; but HUNDUNOS_ENCRYPTION_KEY is not set. Refusing to write unencrypted sensitive data.

2026-04-14T07:43:17.402Z [33m[WARN][0m [HundunOS:Storage] put error: &quot;[Storage] Encryption required for key &apos;memory:recent&apos; but HUNDUNOS_ENCRYPTION_KEY is not set. Refusing to write unencrypted sensitive data.&quot;

[MemoryGraph] Persist failed: [Storage] Encryption required for key &apos;memory:recent&apos; but HUNDUNOS_ENCRYPTION_KEY is not set. Refusing to write unencrypted sensitive data.

2026-04-14T07:43:17.409Z [33m[WARN][0m [HundunOS:Storage] put error: &quot;[Storage] Encryption required for key &apos;memory:recent&apos; but HUNDUNOS_ENCRYPTION_KEY is not set. Refusing to write unencrypted sensitive data.&quot;

[MemoryGraph] Persist failed: [Storage] Encryption required for key &apos;memory:recent&apos; but HUNDUNOS_ENCRYPTION_KEY is not set. Refusing to write unencrypted sensitive data.

2026-04-14T07:43:17.410Z [33m[WARN][0m [HundunOS:Storage] put error: &quot;[Storage] Encryption required for key &apos;memory:recent&apos; but HUNDUNOS_ENCRYPTION_KEY is not set. Refusing to write unencrypted sensitive data.&quot;

[MemoryGraph] Persist failed: [Storage] Encryption required for key &apos;memory:recent&apos; but HUNDUNOS_ENCRYPTION_KEY is not set. Refusing to write unencrypted sensitive data.

2026-04-14T07:43:17.411Z [33m[WARN][0m [HundunOS:Storage] put error: &quot;[Storage] Encryption required for key &apos;memory:recent&apos; but HUNDUNOS_ENCRYPTION_KEY is not set. Refusing to write unencrypted sensitive data.&quot;

[MemoryGraph] Persist failed: [Storage] Encryption required for key &apos;memory:recent&apos; but HUNDUNOS_ENCRYPTION_KEY is not set. Refusing to write unencrypted sensitive data.

2026-04-14T07:43:17.411Z [33m[WARN][0m [HundunOS:Storage] put error: &quot;[Storage] Encryption required for key &apos;memory:recent&apos; but HUNDUNOS_ENCRYPTION_KEY is not set. Refusing to write unencrypted sensitive data.&quot;

[MemoryGraph] Persist failed: [Storage] Encryption required for key &apos;memory:recent&apos; but HUNDUNOS_ENCRYPTION_KEY is not set. Refusing to write unencrypted sensitive data.

2026-04-14T07:43:17.412Z [33m[WARN][0m [HundunOS:Storage] put error: &quot;[Storage] Encryption required for key &apos;memory:recent&apos; but HUNDUNOS_ENCRYPTION_KEY is not set. Refusing to write unencrypted sensitive data.&quot;

[MemoryGraph] Persist failed: [Storage] Encryption required for key &apos;memory:recent&apos; but HUNDUNOS_ENCRYPTION_KEY is not set. Refusing to write unencrypted sensitive data.

2026-04-14T07:43:17.412Z [33m[WARN][0m [HundunOS:Storage] put error: &quot;[Storage] Encryption required for key &apos;memory:recent&apos; but HUNDUNOS_ENCRYPTION_KEY is not set. Refusing to write unencrypted sensitive data.&quot;

[MemoryGraph] Persist failed: [Storage] Encryption required for key &apos;memory:recent&apos; but HUNDUNOS_ENCRYPTION_KEY is not set. Refusing to write unencrypted sensitive data.

2026-04-14T07:43:17.413Z [33m[WARN][0m [HundunOS:Storage] put error: &quot;[Storage] Encryption required for key &apos;memory:recent&apos; but HUNDUNOS_ENCRYPTION_KEY is not set. Refusing to write unencrypted sensitive data.&quot;

[MemoryGraph] Persist failed: [Storage] Encryption required for key &apos;memory:recent&apos; but HUNDUNOS_ENCRYPTION_KEY is not set. Refusing to write unencrypted sensitive data.

2026-04-14T07:43:17.413Z [33m[WARN][0m [HundunOS:Storage] put error: &quot;[Storage] Encryption required for key &apos;memory:recent&apos; but HUNDUNOS_ENCRYPTION_KEY is not set. Refusing to write unencrypted sensitive data.&quot;

[MemoryGraph] Persist failed: [Storage] Encryption required for key &apos;memory:recent&apos; but HUNDUNOS_ENCRYPTION_KEY is not set. Refusing to write unencrypted sensitive data.

2026-04-14T07:43:17.414Z [33m[WARN][0m [HundunOS:Storage] put error: &quot;[Storage] Encryption required for key &apos;memory:recent&apos; but HUNDUNOS_ENCRYPTION_KEY is not set. Refusing to write unencrypted sensitive data.&quot;

[MemoryGraph] Persist failed: [Storage] Encryption required for key &apos;memory:recent&apos; but HUNDUNOS_ENCRYPTION_KEY is not set. Refusing to write unencrypted sensitive data.

2026-04-14T07:43:17.415Z [33m[WARN][0m [HundunOS:Storage] put error: &quot;[Storage] Encryption required for key &apos;memory:recent&apos; but HUNDUNOS_ENCRYPTION_KEY is not set. Refusing to write unencrypted sensitive data.&quot;

[MemoryGraph] Persist failed: [Storage] Encryption required for key &apos;memory:recent&apos; but HUNDUNOS_ENCRYPTION_KEY is not set. Refusing to write unencrypted sensitive data.

2026-04-14T07:43:17.432Z [33m[WARN][0m [HundunOS:Storage] put error: &quot;[Storage] Encryption required for key &apos;memory:recent&apos; but HUNDUNOS_ENCRYPTION_KEY is not set. Refusing to write unencrypted sensitive data.&quot;

[MemoryGraph] Persist failed: [Storage] Encryption required for key &apos;memory:recent&apos; but HUNDUNOS_ENCRYPTION_KEY is not set. Refusing to write unencrypted sensitive data.

2026-04-14T07:43:17.433Z [33m[WARN][0m [HundunOS:Storage] put error: &quot;[Storage] Encryption required for key &apos;memory:recent&apos; but HUNDUNOS_ENCRYPTION_KEY is not set. Refusing to write unencrypted sensitive data.&quot;

[MemoryGraph] Persist failed: [Storage] Encryption required for key &apos;memory:recent&apos; but HUNDUNOS_ENCRYPTION_KEY is not set. Refusing to write unencrypted sensitive data.

2026-04-14T07:43:17.433Z [33m[WARN][0m [HundunOS:Storage] put error: &quot;[Storage] Encryption required for key &apos;memory:recent&apos; but HUNDUNOS_ENCRYPTION_KEY is not set. Refusing to write unencrypted sensitive data.&quot;

[MemoryGraph] Persist failed: [Storage] Encryption required for key &apos;memory:recent&apos; but HUNDUNOS_ENCRYPTION_KEY is not set. Refusing to write unencrypted sensitive data.

2026-04-14T07:43:17.434Z [33m[WARN][0m [HundunOS:Storage] put error: &quot;[Storage] Encryption required for key &apos;memory:recent&apos; but HUNDUNOS_ENCRYPTION_KEY is not set. Refusing to write unencrypted sensitive data.&quot;

[MemoryGraph] Persist failed: [Storage] Encryption required for key &apos;memory:recent&apos; but HUNDUNOS_ENCRYPTION_KEY is not set. Refusing to write unencrypted sensitive data.

2026-04-14T07:43:17.435Z [33m[WARN][0m [HundunOS:Storage] put error: &quot;[Storage] Encryption required for key &apos;memory:recent&apos; but HUNDUNOS_ENCRYPTION_KEY is not set. Refusing to write unencrypted sensitive data.&quot;

[MemoryGraph] Persist failed: [Storage] Encryption required for key &apos;memory:recent&apos; but HUNDUNOS_ENCRYPTION_KEY is not set. Refusing to write unencrypted sensitive data.

2026-04-14T07:43:17.436Z [33m[WARN][0m [HundunOS:Storage] put error: &quot;[Storage] Encryption required for key &apos;memory:recent&apos; but HUNDUNOS_ENCRYPTION_KEY is not set. Refusing to write unencrypted sensitive data.&quot;

[MemoryGraph] Persist failed: [Storage] Encryption required for key &apos;memory:recent&apos; but HUNDUNOS_ENCRYPTION_KEY is not set. Refusing to write unencrypted sensitive data.

2026-04-14T07:43:17.437Z [33m[WARN][0m [HundunOS:Storage] put error: &quot;[Storage] Encryption required for key &apos;memory:recent&apos; but HUNDUNOS_ENCRYPTION_KEY is not set. Refusing to write unencrypted sensitive data.&quot;

[MemoryGraph] Persist failed: [Storage] Encryption required for key &apos;memory:recent&apos; but HUNDUNOS_ENCRYPTION_KEY is not set. Refusing to write unencrypted sensitive data.

2026-04-14T07:43:17.437Z [33m[WARN][0m [HundunOS:Storage] put error: &quot;[Storage] Encryption required for key &apos;memory:recent&apos; but HUNDUNOS_ENCRYPTION_KEY is not set. Refusing to write unencrypted sensitive data.&quot;

[MemoryGraph] Persist failed: [Storage] Encryption required for key &apos;memory:recent&apos; but HUNDUNOS_ENCRYPTION_KEY is not set. Refusing to write unencrypted sensitive data.

2026-04-14T07:43:17.438Z [33m[WARN][0m [HundunOS:Storage] put error: &quot;[Storage] Encryption required for key &apos;memory:recent&apos; but HUNDUNOS_ENCRYPTION_KEY is not set. Refusing to write unencrypted sensitive data.&quot;

[MemoryGraph] Persist failed: [Storage] Encryption required for key &apos;memory:recent&apos; but HUNDUNOS_ENCRYPTION_KEY is not set. Refusing to write unencrypted sensitive data.

2026-04-14T07:43:17.438Z [33m[WARN][0m [HundunOS:Storage] put error: &quot;[Storage] Encryption required for key &apos;memory:recent&apos; but HUNDUNOS_ENCRYPTION_KEY is not set. Refusing to write unencrypted sensitive data.&quot;

[MemoryGraph] Persist failed: [Storage] Encryption required for key &apos;memory:recent&apos; but HUNDUNOS_ENCRYPTION_KEY is not set. Refusing to write unencrypted sensitive data.

2026-04-14T07:43:17.449Z [33m[WARN][0m [HundunOS:Storage] put error: &quot;[Storage] Encryption required for key &apos;memory:recent&apos; but HUNDUNOS_ENCRYPTION_KEY is not set. Refusing to write unencrypted sensitive data.&quot;

[MemoryGraph] Persist failed: [Storage] Encryption required for key &apos;memory:recent&apos; but HUNDUNOS_ENCRYPTION_KEY is not set. Refusing to write unencrypted sensitive data.

2026-04-14T07:43:17.450Z [33m[WARN][0m [HundunOS:Storage] put error: &quot;[Storage] Encryption required for key &apos;memory:recent&apos; but HUNDUNOS_ENCRYPTION_KEY is not set. Refusing to write unencrypted sensitive data.&quot;

[MemoryGraph] Persist failed: [Storage] Encryption required for key &apos;memory:recent&apos; but HUNDUNOS_ENCRYPTION_KEY is not set. Refusing to write unencrypted sensitive data.

2026-04-14T07:43:17.452Z [33m[WARN][0m [HundunOS:Storage] put error: &quot;[Storage] Encryption required for key &apos;memory:recent&apos; but HUNDUNOS_ENCRYPTION_KEY is not set. Refusing to write unencrypted sensitive data.&quot;

[MemoryGraph] Persist failed: [Storage] Encryption required for key &apos;memory:recent&apos; but HUNDUNOS_ENCRYPTION_KEY is not set. Refusing to write unencrypted sensitive data.

2026-04-14T07:43:17.453Z [33m[WARN][0m [HundunOS:Storage] put error: &quot;[Storage] Encryption required for key &apos;memory:recent&apos; but HUNDUNOS_ENCRYPTION_KEY is not set. Refusing to write unencrypted sensitive data.&quot;

[MemoryGraph] Persist failed: [Storage] Encryption required for key &apos;memory:recent&apos; but HUNDUNOS_ENCRYPTION_KEY is not set. Refusing to write unencrypted sensitive data.

2026-04-14T07:43:17.453Z [33m[WARN][0m [HundunOS:Storage] put error: &quot;[Storage] Encryption required for key &apos;memory:recent&apos; but HUNDUNOS_ENCRYPTION_KEY is not set. Refusing to write unencrypted sensitive data.&quot;

[MemoryGraph] Persist failed: [Storage] Encryption required for key &apos;memory:recent&apos; but HUNDUNOS_ENCRYPTION_KEY is not set. Refusing to write unencrypted sensitive data.

2026-04-14T07:43:17.454Z [33m[WARN][0m [HundunOS:Storage] put error: &quot;[Storage] Encryption required for key &apos;memory:recent&apos; but HUNDUNOS_ENCRYPTION_KEY is not set. Refusing to write unencrypted sensitive data.&quot;

[MemoryGraph] Persist failed: [Storage] Encryption required for key &apos;memory:recent&apos; but HUNDUNOS_ENCRYPTION_KEY is not set. Refusing to write unencrypted sensitive data.

2026-04-14T07:43:17.454Z [33m[WARN][0m [HundunOS:Storage] put error: &quot;[Storage] Encryption required for key &apos;memory:recent&apos; but HUNDUNOS_ENCRYPTION_KEY is not set. Refusing to write unencrypted sensitive data.&quot;

[MemoryGraph] Persist failed: [Storage] Encryption required for key &apos;memory:recent&apos; but HUNDUNOS_ENCRYPTION_KEY is not set. Refusing to write unencrypted sensitive data.

2026-04-14T07:43:17.455Z [33m[WARN][0m [HundunOS:Storage] put error: &quot;[Storage] Encryption required for key &apos;memory:recent&apos; but HUNDUNOS_ENCRYPTION_KEY is not set. Refusing to write unencrypted sensitive data.&quot;

[MemoryGraph] Persist failed: [Storage] Encryption required for key &apos;memory:recent&apos; but HUNDUNOS_ENCRYPTION_KEY is not set. Refusing to write unencrypted sensitive data.

2026-04-14T07:43:17.456Z [33m[WARN][0m [HundunOS:Storage] put error: &quot;[Storage] Encryption required for key &apos;memory:recent&apos; but HUNDUNOS_ENCRYPTION_KEY is not set. Refusing to write unencrypted sensitive data.&quot;

[MemoryGraph] Persist failed: [Storage] Encryption required for key &apos;memory:recent&apos; but HUNDUNOS_ENCRYPTION_KEY is not set. Refusing to write unencrypted sensitive data.

2026-04-14T07:43:17.456Z [33m[WARN][0m [HundunOS:Storage] put error: &quot;[Storage] Encryption required for key &apos;memory:recent&apos; but HUNDUNOS_ENCRYPTION_KEY is not set. Refusing to write unencrypted sensitive data.&quot;

[MemoryGraph] Persist failed: [Storage] Encryption required for key &apos;memory:recent&apos; but HUNDUNOS_ENCRYPTION_KEY is not set. Refusing to write unencrypted sensitive data.

2026-04-14T07:43:17.479Z [33m[WARN][0m [HundunOS:Storage] put error: &quot;[Storage] Encryption required for key &apos;memory:recent&apos; but HUNDUNOS_ENCRYPTION_KEY is not set. Refusing to write unencrypted sensitive data.&quot;

[MemoryGraph] Persist failed: [Storage] Encryption required for key &apos;memory:recent&apos; but HUNDUNOS_ENCRYPTION_KEY is not set. Refusing to write unencrypted sensitive data.

2026-04-14T07:43:17.481Z [33m[WARN][0m [HundunOS:Storage] put error: &quot;[Storage] Encryption required for key &apos;memory:recent&apos; but HUNDUNOS_ENCRYPTION_KEY is not set. Refusing to write unencrypted sensitive data.&quot;

[MemoryGraph] Persist failed: [Storage] Encryption required for key &apos;memory:recent&apos; but HUNDUNOS_ENCRYPTION_KEY is not set. Refusing to write unencrypted sensitive data.

2026-04-14T07:43:17.481Z [33m[WARN][0m [HundunOS:Storage] put error: &quot;[Storage] Encryption required for key &apos;memory:recent&apos; but HUNDUNOS_ENCRYPTION_KEY is not set. Refusing to write unencrypted sensitive data.&quot;

[MemoryGraph] Persist failed: [Storage] Encryption required for key &apos;memory:recent&apos; but HUNDUNOS_ENCRYPTION_KEY is not set. Refusing to write unencrypted sensitive data.

2026-04-14T07:43:17.483Z [33m[WARN][0m [HundunOS:Storage] put error: &quot;[Storage] Encryption required for key &apos;memory:recent&apos; but HUNDUNOS_ENCRYPTION_KEY is not set. Refusing to write unencrypted sensitive data.&quot;

[MemoryGraph] Persist failed: [Storage] Encryption required for key &apos;memory:recent&apos; but HUNDUNOS_ENCRYPTION_KEY is not set. Refusing to write unencrypted sensitive data.

2026-04-14T07:43:17.484Z [33m[WARN][0m [HundunOS:Storage] put error: &quot;[Storage] Encryption required for key &apos;memory:recent&apos; but HUNDUNOS_ENCRYPTION_KEY is not set. Refusing to write unencrypted sensitive data.&quot;

[MemoryGraph] Persist failed: [Storage] Encryption required for key &apos;memory:recent&apos; but HUNDUNOS_ENCRYPTION_KEY is not set. Refusing to write unencrypted sensitive data.

2026-04-14T07:43:17.484Z [33m[WARN][0m [HundunOS:Storage] put error: &quot;[Storage] Encryption required for key &apos;memory:recent&apos; but HUNDUNOS_ENCRYPTION_KEY is not set. Refusing to write unencrypted sensitive data.&quot;

[MemoryGraph] Persist failed: [Storage] Encryption required for key &apos;memory:recent&apos; but HUNDUNOS_ENCRYPTION_KEY is not set. Refusing to write unencrypted sensitive data.

2026-04-14T07:43:17.485Z [33m[WARN][0m [HundunOS:Storage] put error: &quot;[Storage] Encryption required for key &apos;memory:recent&apos; but HUNDUNOS_ENCRYPTION_KEY is not set. Refusing to write unencrypted sensitive data.&quot;

[MemoryGraph] Persist failed: [Storage] Encryption required for key &apos;memory:recent&apos; but HUNDUNOS_ENCRYPTION_KEY is not set. Refusing to write unencrypted sensitive data.

2026-04-14T07:43:17.485Z [33m[WARN][0m [HundunOS:Storage] put error: &quot;[Storage] Encryption required for key &apos;memory:recent&apos; but HUNDUNOS_ENCRYPTION_KEY is not set. Refusing to write unencrypted sensitive data.&quot;

[MemoryGraph] Persist failed: [Storage] Encryption required for key &apos;memory:recent&apos; but HUNDUNOS_ENCRYPTION_KEY is not set. Refusing to write unencrypted sensitive data.

2026-04-14T07:43:17.486Z [33m[WARN][0m [HundunOS:Storage] put error: &quot;[Storage] Encryption required for key &apos;memory:recent&apos; but HUNDUNOS_ENCRYPTION_KEY is not set. Refusing to write unencrypted sensitive data.&quot;

[MemoryGraph] Persist failed: [Storage] Encryption required for key &apos;memory:recent&apos; but HUNDUNOS_ENCRYPTION_KEY is not set. Refusing to write unencrypted sensitive data.

2026-04-14T07:43:17.486Z [33m[WARN][0m [HundunOS:Storage] put error: &quot;[Storage] Encryption required for key &apos;memory:recent&apos; but HUNDUNOS_ENCRYPTION_KEY is not set. Refusing to write unencrypted sensitive data.&quot;

[MemoryGraph] Persist failed: [Storage] Encryption required for key &apos;memory:recent&apos; but HUNDUNOS_ENCRYPTION_KEY is not set. Refusing to write unencrypted sensitive data.

2026-04-14T07:43:17.497Z [33m[WARN][0m [HundunOS:Storage] put error: &quot;[Storage] Encryption required for key &apos;memory:recent&apos; but HUNDUNOS_ENCRYPTION_KEY is not set. Refusing to write unencrypted sensitive data.&quot;

[MemoryGraph] Persist failed: [Storage] Encryption required for key &apos;memory:recent&apos; but HUNDUNOS_ENCRYPTION_KEY is not set. Refusing to write unencrypted sensitive data.

2026-04-14T07:43:17.499Z [33m[WARN][0m [HundunOS:Storage] put error: &quot;[Storage] Encryption required for key &apos;memory:recent&apos; but HUNDUNOS_ENCRYPTION_KEY is not set. Refusing to write unencrypted sensitive data.&quot;

[MemoryGraph] Persist failed: [Storage] Encryption required for key &apos;memory:recent&apos; but HUNDUNOS_ENCRYPTION_KEY is not set. Refusing to write unencrypted sensitive data.

2026-04-14T07:43:17.500Z [33m[WARN][0m [HundunOS:Storage] put error: &quot;[Storage] Encryption required for key &apos;memory:recent&apos; but HUNDUNOS_ENCRYPTION_KEY is not set. Refusing to write unencrypted sensitive data.&quot;

[MemoryGraph] Persist failed: [Storage] Encryption required for key &apos;memory:recent&apos; but HUNDUNOS_ENCRYPTION_KEY is not set. Refusing to write unencrypted sensitive data.

2026-04-14T07:43:17.501Z [33m[WARN][0m [HundunOS:Storage] put error: &quot;[Storage] Encryption required for key &apos;memory:recent&apos; but HUNDUNOS_ENCRYPTION_KEY is not set. Refusing to write unencrypted sensitive data.&quot;

[MemoryGraph] Persist failed: [Storage] Encryption required for key &apos;memory:recent&apos; but HUNDUNOS_ENCRYPTION_KEY is not set. Refusing to write unencrypted sensitive data.

2026-04-14T07:43:17.502Z [33m[WARN][0m [HundunOS:Storage] put error: &quot;[Storage] Encryption required for key &apos;memory:recent&apos; but HUNDUNOS_ENCRYPTION_KEY is not set. Refusing to write unencrypted sensitive data.&quot;

[MemoryGraph] Persist failed: [Storage] Encryption required for key &apos;memory:recent&apos; but HUNDUNOS_ENCRYPTION_KEY is not set. Refusing to write unencrypted sensitive data.

2026-04-14T07:43:17.503Z [33m[WARN][0m [HundunOS:Storage] put error: &quot;[Storage] Encryption required for key &apos;memory:recent&apos; but HUNDUNOS_ENCRYPTION_KEY is not set. Refusing to write unencrypted sensitive data.&quot;

[MemoryGraph] Persist failed: [Storage] Encryption required for key &apos;memory:recent&apos; but HUNDUNOS_ENCRYPTION_KEY is not set. Refusing to write unencrypted sensitive data.

2026-04-14T07:43:17.504Z [33m[WARN][0m [HundunOS:Storage] put error: &quot;[Storage] Encryption required for key &apos;memory:recent&apos; but HUNDUNOS_ENCRYPTION_KEY is not set. Refusing to write unencrypted sensitive data.&quot;

[MemoryGraph] Persist failed: [Storage] Encryption required for key &apos;memory:recent&apos; but HUNDUNOS_ENCRYPTION_KEY is not set. Refusing to write unencrypted sensitive data.

2026-04-14T07:43:17.505Z [33m[WARN][0m [HundunOS:Storage] put error: &quot;[Storage] Encryption required for key &apos;memory:recent&apos; but HUNDUNOS_ENCRYPTION_KEY is not set. Refusing to write unencrypted sensitive data.&quot;

[MemoryGraph] Persist failed: [Storage] Encryption required for key &apos;memory:recent&apos; but HUNDUNOS_ENCRYPTION_KEY is not set. Refusing to write unencrypted sensitive data.

2026-04-14T07:43:17.508Z [33m[WARN][0m [HundunOS:Storage] put error: &quot;[Storage] Encryption required for key &apos;memory:recent&apos; but HUNDUNOS_ENCRYPTION_KEY is not set. Refusing to write unencrypted sensitive data.&quot;

[MemoryGraph] Persist failed: [Storage] Encryption required for key &apos;memory:recent&apos; but HUNDUNOS_ENCRYPTION_KEY is not set. Refusing to write unencrypted sensitive data.

2026-04-14T07:43:17.510Z [33m[WARN][0m [HundunOS:Storage] put error: &quot;[Storage] Encryption required for key &apos;memory:recent&apos; but HUNDUNOS_ENCRYPTION_KEY is not set. Refusing to write unencrypted sensitive data.&quot;

[MemoryGraph] Persist failed: [Storage] Encryption required for key &apos;memory:recent&apos; but HUNDUNOS_ENCRYPTION_KEY is not set. Refusing to write unencrypted sensitive data.

[Kernel] Session cap (200) reached — evicted: session-0

2026-04-14T07:43:17.538Z [33m[WARN][0m [HundunOS:Storage] put error: &quot;[Storage] Encryption required for key &apos;memory:recent&apos; but HUNDUNOS_ENCRYPTION_KEY is not set. Refusing to write unencrypted sensitive data.&quot;

[MemoryGraph] Persist failed: [Storage] Encryption required for key &apos;memory:recent&apos; but HUNDUNOS_ENCRYPTION_KEY is not set. Refusing to write unencrypted sensitive data.

[Kernel] Session cap (200) reached — evicted: session-1

2026-04-14T07:43:17.541Z [33m[WARN][0m [HundunOS:Storage] put error: &quot;[Storage] Encryption required for key &apos;memory:recent&apos; but HUNDUNOS_ENCRYPTION_KEY is not set. Refusing to write unencrypted sensitive data.&quot;

[MemoryGraph] Persist failed: [Storage] Encryption required for key &apos;memory:recent&apos; but HUNDUNOS_ENCRYPTION_KEY is not set. Refusing to write unencrypted sensitive data.

[Kernel] Session cap (200) reached — evicted: session-2

2026-04-14T07:43:17.543Z [33m[WARN][0m [HundunOS:Storage] put error: &quot;[Storage] Encryption required for key &apos;memory:recent&apos; but HUNDUNOS_ENCRYPTION_KEY is not set. Refusing to write unencrypted sensitive data.&quot;

[MemoryGraph] Persist failed: [Storage] Encryption required for key &apos;memory:recent&apos; but HUNDUNOS_ENCRYPTION_KEY is not set. Refusing to write unencrypted sensitive data.

[Kernel] Session cap (200) reached — evicted: session-3

2026-04-14T07:43:17.545Z [33m[WARN][0m [HundunOS:Storage] put error: &quot;[Storage] Encryption required for key &apos;memory:recent&apos; but HUNDUNOS_ENCRYPTION_KEY is not set. Refusing to write unencrypted sensitive data.&quot;

[MemoryGraph] Persist failed: [Storage] Encryption required for key &apos;memory:recent&apos; but HUNDUNOS_ENCRYPTION_KEY is not set. Refusing to write unencrypted sensitive data.

[Kernel] Session cap (200) reached — evicted: session-4

2026-04-14T07:43:17.547Z [33m[WARN][0m [HundunOS:Storage] put error: &quot;[Storage] Encryption required for key &apos;memory:recent&apos; but HUNDUNOS_ENCRYPTION_KEY is not set. Refusing to write unencrypted sensitive data.&quot;

[MemoryGraph] Persist failed: [Storage] Encryption required for key &apos;memory:recent&apos; but HUNDUNOS_ENCRYPTION_KEY is not set. Refusing to write unencrypted sensitive data.

[Kernel] Session cap (200) reached — evicted: session-5

2026-04-14T07:43:17.548Z [33m[WARN][0m [HundunOS:Storage] put error: &quot;[Storage] Encryption required for key &apos;memory:recent&apos; but HUNDUNOS_ENCRYPTION_KEY is not set. Refusing to write unencrypted sensitive data.&quot;

[MemoryGraph] Persist failed: [Storage] Encryption required for key &apos;memory:recent&apos; but HUNDUNOS_ENCRYPTION_KEY is not set. Refusing to write unencrypted sensitive data.

[Kernel] Session cap (200) reached — evicted: session-6

2026-04-14T07:43:17.549Z [33m[WARN][0m [HundunOS:Storage] put error: &quot;[Storage] Encryption required for key &apos;memory:recent&apos; but HUNDUNOS_ENCRYPTION_KEY is not set. Refusing to write unencrypted sensitive data.&quot;

[MemoryGraph] Persist failed: [Storage] Encryption required for key &apos;memory:recent&apos; but HUNDUNOS_ENCRYPTION_KEY is not set. Refusing to write unencrypted sensitive data.

[Kernel] Session cap (200) reached — evicted: session-7

2026-04-14T07:43:17.550Z [33m[WARN][0m [HundunOS:Storage] put error: &quot;[Storage] Encryption required for key &apos;memory:recent&apos; but HUNDUNOS_ENCRYPTION_KEY is not set. Refusing to write unencrypted sensitive data.&quot;

[MemoryGraph] Persist failed: [Storage] Encryption required for key &apos;memory:recent&apos; but HUNDUNOS_ENCRYPTION_KEY is not set. Refusing to write unencrypted sensitive data.

[Kernel] Session cap (200) reached — evicted: session-8

2026-04-14T07:43:17.550Z [33m[WARN][0m [HundunOS:Storage] put error: &quot;[Storage] Encryption required for key &apos;memory:recent&apos; but HUNDUNOS_ENCRYPTION_KEY is not set. Refusing to write unencrypted sensitive data.&quot;

[MemoryGraph] Persist failed: [Storage] Encryption required for key &apos;memory:recent&apos; but HUNDUNOS_ENCRYPTION_KEY is not set. Refusing to write unencrypted sensitive data.

[Kernel] Session cap (200) reached — evicted: session-9

2026-04-14T07:43:17.551Z [33m[WARN][0m [HundunOS:Storage] put error: &quot;[Storage] Encryption required for key &apos;memory:recent&apos; but HUNDUNOS_ENCRYPTION_KEY is not set. Refusing to write unencrypted sensitive data.&quot;

[MemoryGraph] Persist failed: [Storage] Encryption required for key &apos;memory:recent&apos; but HUNDUNOS_ENCRYPTION_KEY is not set. Refusing to write unencrypted sensitive data.

2026-04-14T07:43:17.787Z [33m[WARN][0m [HundunOS:Storage] put error: &quot;[Storage] Encryption required for key &apos;health_test&apos; but HUNDUNOS_ENCRYPTION_KEY is not set. Refusing to write unencrypted sensitive data.&quot;

[Kernel] Env issues: Ollama 本地推理, OpenClaw CLI, 存储层可用

2026-04-14T07:43:18.137Z [33m[WARN][0m [HundunOS:ModelRouter] Provider openai registration failed: &quot;Parse failure: Parse failed with 1 error:\nIdentifier expected. &apos;export&apos; is a reserved word that cannot be used here.\n73: // 注册为可用模型\r\n74: export const // Built-in model registry\r\n75: export const MODELS = {\r\n    ^\n76:     // GPT-4o Series\r\n77:     &apos;gpt-4o&apos;:                  { name: &apos;GPT-4o&apos;,                  context: 128000, costPer1M: 2.50,  capabilities: [&apos;...\nAt file: /kernel/model-router/providers/openai.js:75:0&quot;

2026-04-14T07:43:18.153Z [33m[WARN][0m [HundunOS:ModelRouter] Provider anthropic registration failed: &quot;Parse failure: Parse failed with 1 error:\nIdentifier expected. &apos;export&apos; is a reserved word that cannot be used here.\n85: // 注册为可用模型\n86: export const // Built-in model registry\n87: export const MODELS = {\n    ^\n88:     // Claude 4 Series (Latest)\n89:     &apos;claude-opus-4-20250514&apos;:          { name: &apos;Claude Opus 4&apos;,          context: 200000, costPer1M: 15.00, capabilit...\nAt file: /kernel/model-router/providers/anthropic.js:87:0&quot;

2026-04-14T07:43:18.154Z [33m[WARN][0m [HundunOS:ModelRouter] Provider mistral registration failed: &quot;MistralProvider is not a constructor&quot;

2026-04-14T07:43:18.157Z [33m[WARN][0m [HundunOS:Storage] put error: &quot;[Storage] Encryption required for key &apos;__health_check__&apos; but HUNDUNOS_ENCRYPTION_KEY is not set. Refusing to write unencrypted sensitive data.&quot;

[ClientAdapterManager] Failed to connect qclaw: QClaw Gateway 未运行或无法访问

[RustModules] ⚠️  Initialized (process) — Rust unavailable, using JS fallback

[Kernel] RustModules: ✗ daemon unavailable — using JS fallback

[TaskScientist] ⚠️  Rust BFTS engine unavailable — using JS fallback

[Kernel] Skill system init failed: Cannot find module &apos;file:///C:/Users/Lin/.qclaw/workspace/hundunos/skills/skill-registry.js&apos; imported from C:/Users/Lin/.qclaw/workspace/hundunos/kernel/mixins/ModuleMixin.js

[Kernel] ProactiveManager init failed: Cannot find module &apos;file:///C:/Users/Lin/.qclaw/workspace/hundunos/proactive/proactive.js&apos; imported from C:/Users/Lin/.qclaw/workspace/hundunos/kernel/mixins/ModuleMixin.js

[Kernel] AgentTeams init failed: Cannot find module &apos;file:///C:/Users/Lin/.qclaw/workspace/hundunos/agent-teams/manager.js&apos; imported from C:/Users/Lin/.qclaw/workspace/hundunos/kernel/mixins/ModuleMixin.js

[Kernel] DebateTeamManager init failed: Failed to parse source for import analysis because the content contains invalid JS syntax. If you are using JSX, make sure to name the file with the .jsx or .tsx extension.

[Kernel] UnifiedProvider init failed: Cannot find module &apos;file:///C:/Users/Lin/.qclaw/workspace/hundunos/providers/provider-compat.js&apos; imported from C:/Users/Lin/.qclaw/workspace/hundunos/kernel/mixins/ModuleMixin.js

[Kernel] ComputerUse init failed: Cannot find module &apos;file:///C:/Users/Lin/.qclaw/workspace/hundunos/computer-use/computer-use.js&apos; imported from C:/Users/Lin/.qclaw/workspace/hundunos/kernel/mixins/ModuleMixin.js

[Kernel] SessionCompactor init failed: Cannot find module &apos;file:///C:/Users/Lin/.qclaw/workspace/hundunos/compact/compactor.js&apos; imported from C:/Users/Lin/.qclaw/workspace/hundunos/kernel/mixins/ModuleMixin.js

[ToolBridge] toolsDir &quot;C:\Users\Lin\.qclaw\workspace\hundunos\scripts\tools&quot; not in whitelist — falling back to first allowed base dir
[ToolBridge] Tools directory not found: C:\Users\Lin\.qclaw\workspace\hundunos\tests\scripts\tools

[Kernel] Monitoring init failed: A metric with the name hundunos_tool_executions_total has already been registered.

[Kernel] Security init failed: HUNDUNOS_ENCRYPTION_KEY is required for API key encryption

[Kernel] RedisPool init failed: Parse failure: Parse failed with 1 error:
Expected `,` or `}` but found `=&gt;`
17:       db: config.db || 0,
18:       maxRetriesPerRequest: config.maxRetriesPerRequest || 3,
19:       retryStrategy: config.retryStrategy || (times) =&gt; Math.min(times * 50, 2000),
                                                         ^
20:       enableReadyCheck: true,
21:     };
11: export class RedisPoolManager {
12:   constructor(config = {}) {
13:     this.config = {
                      ^
14:       host: config.host || &apos;localhost&apos;,
15:       port: config.port || 6379,
At file: /kernel/pool.js:19:53

[Kernel] PostgresPool init failed: Parse failure: Parse failed with 1 error:
Expected `,` or `}` but found `=&gt;`
17:       db: config.db || 0,
18:       maxRetriesPerRequest: config.maxRetriesPerRequest || 3,
19:       retryStrategy: config.retryStrategy || (times) =&gt; Math.min(times * 50, 2000),
                                                         ^
20:       enableReadyCheck: true,
21:     };
11: export class RedisPoolManager {
12:   constructor(config = {}) {
13:     this.config = {
                      ^
14:       host: config.host || &apos;localhost&apos;,
15:       port: config.port || 6379,
At file: /kernel/pool.js:19:53

[ELKStack] Connection failed: connect ECONNREFUSED ::1:9200

[Kernel] ELKStack init failed: connect ECONNREFUSED ::1:9200

2026-04-14T07:43:27.104Z [31m[ERROR][0m [HundunOS:RestServer] Server error: &quot;listen EADDRINUSE: address already in use 0.0.0.0:38080&quot;

2026-04-14T07:43:27.108Z [33m[WARN][0m [HundunOS:Storage] put error: &quot;[Storage] Encryption required for key &apos;memory:recent&apos; but HUNDUNOS_ENCRYPTION_KEY is not set. Refusing to write unencrypted sensitive data.&quot;

[MemoryGraph] Persist failed: [Storage] Encryption required for key &apos;memory:recent&apos; but HUNDUNOS_ENCRYPTION_KEY is not set. Refusing to write unencrypted sensitive data.

2026-04-14T07:43:27.110Z [33m[WARN][0m [HundunOS:Storage] put error: &quot;[Storage] Encryption required for key &apos;memory:recent&apos; but HUNDUNOS_ENCRYPTION_KEY is not set. Refusing to write unencrypted sensitive data.&quot;

[MemoryGraph] Persist failed: [Storage] Encryption required for key &apos;memory:recent&apos; but HUNDUNOS_ENCRYPTION_KEY is not set. Refusing to write unencrypted sensitive data.

2026-04-14T07:43:27.111Z [33m[WARN][0m [HundunOS:Storage] put error: &quot;[Storage] Encryption required for key &apos;memory:recent&apos; but HUNDUNOS_ENCRYPTION_KEY is not set. Refusing to write unencrypted sensitive data.&quot;

[MemoryGraph] Persist failed: [Storage] Encryption required for key &apos;memory:recent&apos; but HUNDUNOS_ENCRYPTION_KEY is not set. Refusing to write unencrypted sensitive data.

            </system-err>
        </testcase>
        <testcase classname="tests/unit.test.js" name="CoreKernel Negative Cases &gt; malformed 输入应被优雅处理" time="26.547834">
            <system-err>
[Kernel] System config not found: C:\Users\Lin\.qclaw\workspace\hundunos\tests\config\system.json
[Kernel] System config not found: C:\Users\Lin\.qclaw\workspace\hundunos\tests\config\system.test.json

2026-04-14T07:43:27.115Z [33m[WARN][0m [HundunOS:Storage] SECURITY WARNING: HUNDUNOS_ENCRYPTION_KEY not set. Encryption is DISABLED for this session. Set the env var before production use.

2026-04-14T07:43:43.628Z [33m[WARN][0m [HundunOS:Storage] put error: &quot;[Storage] Encryption required for key &apos;health_test&apos; but HUNDUNOS_ENCRYPTION_KEY is not set. Refusing to write unencrypted sensitive data.&quot;

[Kernel] Env issues: Ollama 本地推理, OpenClaw CLI, 存储层可用, 内存充足

2026-04-14T07:43:44.463Z [33m[WARN][0m [HundunOS:ModelRouter] Provider openai registration failed: &quot;Parse failure: Parse failed with 1 error:\nIdentifier expected. &apos;export&apos; is a reserved word that cannot be used here.\n73: // 注册为可用模型\r\n74: export const // Built-in model registry\r\n75: export const MODELS = {\r\n    ^\n76:     // GPT-4o Series\r\n77:     &apos;gpt-4o&apos;:                  { name: &apos;GPT-4o&apos;,                  context: 128000, costPer1M: 2.50,  capabilities: [&apos;...\nAt file: /kernel/model-router/providers/openai.js:75:0&quot;

2026-04-14T07:43:44.475Z [33m[WARN][0m [HundunOS:ModelRouter] Provider anthropic registration failed: &quot;Parse failure: Parse failed with 1 error:\nIdentifier expected. &apos;export&apos; is a reserved word that cannot be used here.\n85: // 注册为可用模型\n86: export const // Built-in model registry\n87: export const MODELS = {\n    ^\n88:     // Claude 4 Series (Latest)\n89:     &apos;claude-opus-4-20250514&apos;:          { name: &apos;Claude Opus 4&apos;,          context: 200000, costPer1M: 15.00, capabilit...\nAt file: /kernel/model-router/providers/anthropic.js:87:0&quot;

2026-04-14T07:43:44.476Z [33m[WARN][0m [HundunOS:ModelRouter] Provider mistral registration failed: &quot;MistralProvider is not a constructor&quot;

2026-04-14T07:43:44.479Z [33m[WARN][0m [HundunOS:Storage] put error: &quot;[Storage] Encryption required for key &apos;__health_check__&apos; but HUNDUNOS_ENCRYPTION_KEY is not set. Refusing to write unencrypted sensitive data.&quot;

[ClientAdapterManager] Failed to connect qclaw: QClaw Gateway 未运行或无法访问

[RustModules] ⚠️  Initialized (process) — Rust unavailable, using JS fallback

[Kernel] RustModules: ✗ daemon unavailable — using JS fallback

[TaskScientist] ⚠️  Rust BFTS engine unavailable — using JS fallback

[Kernel] Skill system init failed: Cannot find module &apos;file:///C:/Users/Lin/.qclaw/workspace/hundunos/skills/skill-registry.js&apos; imported from C:/Users/Lin/.qclaw/workspace/hundunos/kernel/mixins/ModuleMixin.js

[Kernel] ProactiveManager init failed: Cannot find module &apos;file:///C:/Users/Lin/.qclaw/workspace/hundunos/proactive/proactive.js&apos; imported from C:/Users/Lin/.qclaw/workspace/hundunos/kernel/mixins/ModuleMixin.js

[Kernel] AgentTeams init failed: Cannot find module &apos;file:///C:/Users/Lin/.qclaw/workspace/hundunos/agent-teams/manager.js&apos; imported from C:/Users/Lin/.qclaw/workspace/hundunos/kernel/mixins/ModuleMixin.js

[Kernel] DebateTeamManager init failed: Failed to parse source for import analysis because the content contains invalid JS syntax. If you are using JSX, make sure to name the file with the .jsx or .tsx extension.

[Kernel] UnifiedProvider init failed: Cannot find module &apos;file:///C:/Users/Lin/.qclaw/workspace/hundunos/providers/provider-compat.js&apos; imported from C:/Users/Lin/.qclaw/workspace/hundunos/kernel/mixins/ModuleMixin.js

[Kernel] ComputerUse init failed: Cannot find module &apos;file:///C:/Users/Lin/.qclaw/workspace/hundunos/computer-use/computer-use.js&apos; imported from C:/Users/Lin/.qclaw/workspace/hundunos/kernel/mixins/ModuleMixin.js

[Kernel] SessionCompactor init failed: Cannot find module &apos;file:///C:/Users/Lin/.qclaw/workspace/hundunos/compact/compactor.js&apos; imported from C:/Users/Lin/.qclaw/workspace/hundunos/kernel/mixins/ModuleMixin.js

[ToolBridge] toolsDir &quot;C:\Users\Lin\.qclaw\workspace\hundunos\scripts\tools&quot; not in whitelist — falling back to first allowed base dir
[ToolBridge] Tools directory not found: C:\Users\Lin\.qclaw\workspace\hundunos\tests\scripts\tools

[Kernel] Monitoring init failed: A metric with the name hundunos_tool_executions_total has already been registered.

[Kernel] Security init failed: HUNDUNOS_ENCRYPTION_KEY is required for API key encryption

[Kernel] RedisPool init failed: Parse failure: Parse failed with 1 error:
Expected `,` or `}` but found `=&gt;`
17:       db: config.db || 0,
18:       maxRetriesPerRequest: config.maxRetriesPerRequest || 3,
19:       retryStrategy: config.retryStrategy || (times) =&gt; Math.min(times * 50, 2000),
                                                         ^
20:       enableReadyCheck: true,
21:     };
11: export class RedisPoolManager {
12:   constructor(config = {}) {
13:     this.config = {
                      ^
14:       host: config.host || &apos;localhost&apos;,
15:       port: config.port || 6379,
At file: /kernel/pool.js:19:53

[Kernel] PostgresPool init failed: Parse failure: Parse failed with 1 error:
Expected `,` or `}` but found `=&gt;`
17:       db: config.db || 0,
18:       maxRetriesPerRequest: config.maxRetriesPerRequest || 3,
19:       retryStrategy: config.retryStrategy || (times) =&gt; Math.min(times * 50, 2000),
                                                         ^
20:       enableReadyCheck: true,
21:     };
11: export class RedisPoolManager {
12:   constructor(config = {}) {
13:     this.config = {
                      ^
14:       host: config.host || &apos;localhost&apos;,
15:       port: config.port || 6379,
At file: /kernel/pool.js:19:53

[ELKStack] Connection failed: connect ECONNREFUSED ::1:9200

[Kernel] ELKStack init failed: connect ECONNREFUSED ::1:9200

2026-04-14T07:43:53.648Z [31m[ERROR][0m [HundunOS:RestServer] Server error: &quot;listen EADDRINUSE: address already in use 0.0.0.0:38080&quot;

2026-04-14T07:43:53.654Z [33m[WARN][0m [HundunOS:Storage] put error: &quot;[Storage] Encryption required for key &apos;memory:recent&apos; but HUNDUNOS_ENCRYPTION_KEY is not set. Refusing to write unencrypted sensitive data.&quot;

[MemoryGraph] Persist failed: [Storage] Encryption required for key &apos;memory:recent&apos; but HUNDUNOS_ENCRYPTION_KEY is not set. Refusing to write unencrypted sensitive data.

2026-04-14T07:43:53.656Z [33m[WARN][0m [HundunOS:Storage] put error: &quot;[Storage] Encryption required for key &apos;memory:recent&apos; but HUNDUNOS_ENCRYPTION_KEY is not set. Refusing to write unencrypted sensitive data.&quot;

[MemoryGraph] Persist failed: [Storage] Encryption required for key &apos;memory:recent&apos; but HUNDUNOS_ENCRYPTION_KEY is not set. Refusing to write unencrypted sensitive data.

2026-04-14T07:43:53.658Z [33m[WARN][0m [HundunOS:Storage] put error: &quot;[Storage] Encryption required for key &apos;memory:recent&apos; but HUNDUNOS_ENCRYPTION_KEY is not set. Refusing to write unencrypted sensitive data.&quot;

[MemoryGraph] Persist failed: [Storage] Encryption required for key &apos;memory:recent&apos; but HUNDUNOS_ENCRYPTION_KEY is not set. Refusing to write unencrypted sensitive data.

            </system-err>
        </testcase>
    </testsuite>
    <testsuite name="tests/admin/core.test.js" timestamp="2026-04-14T07:47:39.747Z" hostname="Tianwen" tests="16" failures="0" errors="0" skipped="0" time="0.0104533">
        <testcase classname="tests/admin/core.test.js" name="ResponseSchema &gt; should create success response" time="0.0018343">
        </testcase>
        <testcase classname="tests/admin/core.test.js" name="ResponseSchema &gt; should create error response" time="0.0002619">
        </testcase>
        <testcase classname="tests/admin/core.test.js" name="ResponseSchema &gt; should create paginated response" time="0.000364">
        </testcase>
        <testcase classname="tests/admin/core.test.js" name="ResponseSchema &gt; should create validation error response" time="0.0001926">
        </testcase>
        <testcase classname="tests/admin/core.test.js" name="Exceptions &gt; should create AppException" time="0.0011545">
        </testcase>
        <testcase classname="tests/admin/core.test.js" name="Exceptions &gt; should convert to response" time="0.0002705">
        </testcase>
        <testcase classname="tests/admin/core.test.js" name="Exceptions &gt; should create NotFoundException" time="0.0003891">
        </testcase>
        <testcase classname="tests/admin/core.test.js" name="Model &gt; should create model with mixins" time="0.0002277">
        </testcase>
        <testcase classname="tests/admin/core.test.js" name="Model &gt; should validate model correctly" time="0.0012247">
        </testcase>
        <testcase classname="tests/admin/core.test.js" name="Model &gt; should generate valid UUID" time="0.0004911">
        </testcase>
        <testcase classname="tests/admin/core.test.js" name="DependencyContainer &gt; should register and resolve dependency" time="0.0006286">
        </testcase>
        <testcase classname="tests/admin/core.test.js" name="DependencyContainer &gt; should cache singleton" time="0.0001619">
        </testcase>
        <testcase classname="tests/admin/core.test.js" name="DependencyContainer &gt; should resolve dependencies" time="0.0001087">
        </testcase>
        <testcase classname="tests/admin/core.test.js" name="DependencyContainer &gt; should detect circular dependency" time="0.0009697">
        </testcase>
        <testcase classname="tests/admin/core.test.js" name="CRUDBase &gt; should build query conditions" time="0.0003159">
        </testcase>
        <testcase classname="tests/admin/core.test.js" name="CRUDBase &gt; should support query operators" time="0.0001273">
        </testcase>
    </testsuite>
    <testsuite name="tests/admin/services.test.js" timestamp="2026-04-14T07:47:39.751Z" hostname="Tianwen" tests="11" failures="0" errors="0" skipped="0" time="0.0423701">
        <testcase classname="tests/admin/services.test.js" name="UserService &gt; should create user with hashed password" time="0.0092195">
        </testcase>
        <testcase classname="tests/admin/services.test.js" name="UserService &gt; should reject duplicate username" time="0.0065045">
        </testcase>
        <testcase classname="tests/admin/services.test.js" name="UserService &gt; should validate password strength" time="0.0003758">
        </testcase>
        <testcase classname="tests/admin/services.test.js" name="UserService &gt; should authenticate user" time="0.0104712">
        </testcase>
        <testcase classname="tests/admin/services.test.js" name="UserService &gt; should reject wrong password" time="0.0111935">
        </testcase>
        <testcase classname="tests/admin/services.test.js" name="RoleService &gt; should create role" time="0.0006031">
        </testcase>
        <testcase classname="tests/admin/services.test.js" name="RoleService &gt; should reject duplicate role name" time="0.0009155">
        </testcase>
        <testcase classname="tests/admin/services.test.js" name="TaskService &gt; should create task with cron trigger" time="0.0003189">
        </testcase>
        <testcase classname="tests/admin/services.test.js" name="TaskService &gt; should validate trigger config" time="0.0005841">
        </testcase>
        <testcase classname="tests/admin/services.test.js" name="LogService &gt; should create log entry" time="0.0003436">
        </testcase>
        <testcase classname="tests/admin/services.test.js" name="LogService &gt; should sanitize sensitive params" time="0.0002878">
        </testcase>
    </testsuite>
    <testsuite name="tests/v4.3/autonomous-agent-manager.test.js" timestamp="2026-04-14T07:47:39.753Z" hostname="Tianwen" tests="12" failures="0" errors="0" skipped="0" time="0.0106895">
        <testcase classname="tests/v4.3/autonomous-agent-manager.test.js" name="AutonomousAgentManager &gt; registerAgent &gt; should register an agent" time="0.0029249">
        </testcase>
        <testcase classname="tests/v4.3/autonomous-agent-manager.test.js" name="AutonomousAgentManager &gt; registerAgent &gt; should generate agent id if not provided" time="0.0003926">
        </testcase>
        <testcase classname="tests/v4.3/autonomous-agent-manager.test.js" name="AutonomousAgentManager &gt; registerAgent &gt; should set default values" time="0.0012431">
        </testcase>
        <testcase classname="tests/v4.3/autonomous-agent-manager.test.js" name="AutonomousAgentManager &gt; submitTask &gt; should submit a task" time="0.0005259">
        </testcase>
        <testcase classname="tests/v4.3/autonomous-agent-manager.test.js" name="AutonomousAgentManager &gt; submitTask &gt; should generate task id if not provided" time="0.0005334">
        </testcase>
        <testcase classname="tests/v4.3/autonomous-agent-manager.test.js" name="AutonomousAgentManager &gt; submitTask &gt; should calculate priority score" time="0.0003422">
        </testcase>
        <testcase classname="tests/v4.3/autonomous-agent-manager.test.js" name="AutonomousAgentManager &gt; getAgentStats &gt; should return null if agent not found" time="0.0002991">
        </testcase>
        <testcase classname="tests/v4.3/autonomous-agent-manager.test.js" name="AutonomousAgentManager &gt; getAgentStats &gt; should return agent stats" time="0.0004181">
        </testcase>
        <testcase classname="tests/v4.3/autonomous-agent-manager.test.js" name="AutonomousAgentManager &gt; getStats &gt; should return stats" time="0.0007581">
        </testcase>
        <testcase classname="tests/v4.3/autonomous-agent-manager.test.js" name="AutonomousAgentManager &gt; initialize &gt; should start dispatch loop" time="0.0002847">
        </testcase>
        <testcase classname="tests/v4.3/autonomous-agent-manager.test.js" name="AutonomousAgentManager &gt; shutdown &gt; should stop dispatch loop" time="0.0002948">
        </testcase>
        <testcase classname="tests/v4.3/autonomous-agent-manager.test.js" name="AutonomousAgentManager &gt; shutdown &gt; should clear task queue" time="0.0002777">
        </testcase>
    </testsuite>
    <testsuite name="tests/v4.3/benchmark.test.js" timestamp="2026-04-14T07:47:39.755Z" hostname="Tianwen" tests="12" failures="5" errors="0" skipped="0" time="287.0049716">
        <testcase classname="tests/v4.3/benchmark.test.js" name="HundunOS v4.3 Performance Benchmarks &gt; PersistedOutputMarker 性能 &gt; should persist large tool outputs" time="68.9870564">
            <system-err>
[Kernel] System config not found: C:\Users\Lin\.qclaw\workspace\hundunos\config\system.test.json

2026-04-14T07:40:57.441Z [33m[WARN][0m [HundunOS:Storage] SECURITY WARNING: HUNDUNOS_ENCRYPTION_KEY not set. Encryption is DISABLED for this session. Set the env var before production use.

2026-04-14T07:41:14.090Z [33m[WARN][0m [HundunOS:Storage] put error: &quot;[Storage] Encryption required for key &apos;health_test&apos; but HUNDUNOS_ENCRYPTION_KEY is not set. Refusing to write unencrypted sensitive data.&quot;

[Kernel] Env issues: Ollama 本地推理, OpenClaw CLI, 存储层可用

2026-04-14T07:41:18.769Z [33m[WARN][0m [HundunOS:Storage] put error: &quot;[Storage] Encryption required for key &apos;aware&apos; but HUNDUNOS_ENCRYPTION_KEY is not set. Refusing to write unencrypted sensitive data.&quot;
2026-04-14T07:41:18.769Z [33m[WARN][0m [HundunOS:Storage] put error: &quot;[Storage] Encryption required for key &apos;aware&apos; but HUNDUNOS_ENCRYPTION_KEY is not set. Refusing to write unencrypted sensitive data.&quot;
2026-04-14T07:41:18.770Z [33m[WARN][0m [HundunOS:Storage] put error: &quot;[Storage] Encryption required for key &apos;aware&apos; but HUNDUNOS_ENCRYPTION_KEY is not set. Refusing to write unencrypted sensitive data.&quot;
2026-04-14T07:41:18.770Z [33m[WARN][0m [HundunOS:Storage] put error: &quot;[Storage] Encryption required for key &apos;aware&apos; but HUNDUNOS_ENCRYPTION_KEY is not set. Refusing to write unencrypted sensitive data.&quot;

2026-04-14T07:41:22.579Z [33m[WARN][0m [HundunOS:ModelRouter] Provider openai registration failed: &quot;Parse failure: Parse failed with 1 error:\nIdentifier expected. &apos;export&apos; is a reserved word that cannot be used here.\n73: // 注册为可用模型\r\n74: export const // Built-in model registry\r\n75: export const MODELS = {\r\n    ^\n76:     // GPT-4o Series\r\n77:     &apos;gpt-4o&apos;:                  { name: &apos;GPT-4o&apos;,                  context: 128000, costPer1M: 2.50,  capabilities: [&apos;...\nAt file: /kernel/model-router/providers/openai.js:75:0&quot;

2026-04-14T07:41:22.586Z [33m[WARN][0m [HundunOS:ModelRouter] Provider anthropic registration failed: &quot;Parse failure: Parse failed with 1 error:\nIdentifier expected. &apos;export&apos; is a reserved word that cannot be used here.\n85: // 注册为可用模型\n86: export const // Built-in model registry\n87: export const MODELS = {\n    ^\n88:     // Claude 4 Series (Latest)\n89:     &apos;claude-opus-4-20250514&apos;:          { name: &apos;Claude Opus 4&apos;,          context: 200000, costPer1M: 15.00, capabilit...\nAt file: /kernel/model-router/providers/anthropic.js:87:0&quot;

2026-04-14T07:41:23.476Z [33m[WARN][0m [HundunOS:Storage] put error: &quot;[Storage] Encryption required for key &apos;__health_check__&apos; but HUNDUNOS_ENCRYPTION_KEY is not set. Refusing to write unencrypted sensitive data.&quot;

[ClientAdapterManager] Failed to connect qclaw: QClaw Gateway 未运行或无法访问

[RustModules] ⚠️  Initialized (process) — Rust unavailable, using JS fallback

[Kernel] RustModules: ✗ daemon unavailable — using JS fallback

[TaskScientist] ⚠️  Rust BFTS engine unavailable — using JS fallback

[Kernel] Skill system init failed: Cannot find module &apos;file:///C:/Users/Lin/.qclaw/workspace/hundunos/skills/skill-registry.js&apos; imported from C:/Users/Lin/.qclaw/workspace/hundunos/kernel/mixins/ModuleMixin.js

[Kernel] ProactiveManager init failed: Cannot find module &apos;file:///C:/Users/Lin/.qclaw/workspace/hundunos/proactive/proactive.js&apos; imported from C:/Users/Lin/.qclaw/workspace/hundunos/kernel/mixins/ModuleMixin.js

[Kernel] AgentTeams init failed: Cannot find module &apos;file:///C:/Users/Lin/.qclaw/workspace/hundunos/agent-teams/manager.js&apos; imported from C:/Users/Lin/.qclaw/workspace/hundunos/kernel/mixins/ModuleMixin.js

[Kernel] DebateTeamManager init failed: Failed to parse source for import analysis because the content contains invalid JS syntax. If you are using JSX, make sure to name the file with the .jsx or .tsx extension.

[Kernel] UnifiedProvider init failed: Cannot find module &apos;file:///C:/Users/Lin/.qclaw/workspace/hundunos/providers/provider-compat.js&apos; imported from C:/Users/Lin/.qclaw/workspace/hundunos/kernel/mixins/ModuleMixin.js

[Kernel] ComputerUse init failed: Cannot find module &apos;file:///C:/Users/Lin/.qclaw/workspace/hundunos/computer-use/computer-use.js&apos; imported from C:/Users/Lin/.qclaw/workspace/hundunos/kernel/mixins/ModuleMixin.js

[Kernel] SessionCompactor init failed: Cannot find module &apos;file:///C:/Users/Lin/.qclaw/workspace/hundunos/compact/compactor.js&apos; imported from C:/Users/Lin/.qclaw/workspace/hundunos/kernel/mixins/ModuleMixin.js

[Kernel] Security init failed: HUNDUNOS_ENCRYPTION_KEY is required for API key encryption

[Kernel] RedisPool init failed: Parse failure: Parse failed with 1 error:
Expected `,` or `}` but found `=&gt;`
17:       db: config.db || 0,
18:       maxRetriesPerRequest: config.maxRetriesPerRequest || 3,
19:       retryStrategy: config.retryStrategy || (times) =&gt; Math.min(times * 50, 2000),
                                                         ^
20:       enableReadyCheck: true,
21:     };
11: export class RedisPoolManager {
12:   constructor(config = {}) {
13:     this.config = {
                      ^
14:       host: config.host || &apos;localhost&apos;,
15:       port: config.port || 6379,
At file: /kernel/pool.js:19:53

[Kernel] PostgresPool init failed: Parse failure: Parse failed with 1 error:
Expected `,` or `}` but found `=&gt;`
17:       db: config.db || 0,
18:       maxRetriesPerRequest: config.maxRetriesPerRequest || 3,
19:       retryStrategy: config.retryStrategy || (times) =&gt; Math.min(times * 50, 2000),
                                                         ^
20:       enableReadyCheck: true,
21:     };
11: export class RedisPoolManager {
12:   constructor(config = {}) {
13:     this.config = {
                      ^
14:       host: config.host || &apos;localhost&apos;,
15:       port: config.port || 6379,
At file: /kernel/pool.js:19:53

2026-04-14T07:42:05.581Z [33m[WARN][0m [HundunOS:Storage] put error: &quot;[Storage] Encryption required for key &apos;aware&apos; but HUNDUNOS_ENCRYPTION_KEY is not set. Refusing to write unencrypted sensitive data.&quot;
2026-04-14T07:42:05.581Z [33m[WARN][0m [HundunOS:Storage] put error: &quot;[Storage] Encryption required for key &apos;modelrouter:stats&apos; but HUNDUNOS_ENCRYPTION_KEY is not set. Refusing to write unencrypted sensitive data.&quot;

            </system-err>
            <failure message="Hook timed out in 60000ms.
If this is a long-running hook, pass a timeout value as the last argument or configure it globally with &quot;hookTimeout&quot;." type="Error">
Error: Hook timed out in 60000ms.
If this is a long-running hook, pass a timeout value as the last argument or configure it globally with &quot;hookTimeout&quot;.
 ❯ tests/v4.3/benchmark.test.js:15:13
            </failure>
        </testcase>
        <testcase classname="tests/v4.3/benchmark.test.js" name="HundunOS v4.3 Performance Benchmarks &gt; PersistedOutputMarker 性能 &gt; should not persist small outputs" time="60.0511593">
            <system-err>
[Kernel] System config not found: C:\Users\Lin\.qclaw\workspace\hundunos\config\system.test.json

2026-04-14T07:42:05.777Z [33m[WARN][0m [HundunOS:Storage] SECURITY WARNING: HUNDUNOS_ENCRYPTION_KEY not set. Encryption is DISABLED for this session. Set the env var before production use.

2026-04-14T07:42:50.318Z [33m[WARN][0m [HundunOS:Storage] put error: &quot;[Storage] Encryption required for key &apos;health_test&apos; but HUNDUNOS_ENCRYPTION_KEY is not set. Refusing to write unencrypted sensitive data.&quot;

[Kernel] Env issues: Ollama 本地推理, OpenClaw CLI, 存储层可用, 内存充足

2026-04-14T07:42:50.323Z [33m[WARN][0m [HundunOS:Storage] put error: &quot;[Storage] Encryption required for key &apos;aware&apos; but HUNDUNOS_ENCRYPTION_KEY is not set. Refusing to write unencrypted sensitive data.&quot;
2026-04-14T07:42:50.324Z [33m[WARN][0m [HundunOS:Storage] put error: &quot;[Storage] Encryption required for key &apos;aware&apos; but HUNDUNOS_ENCRYPTION_KEY is not set. Refusing to write unencrypted sensitive data.&quot;
2026-04-14T07:42:50.324Z [33m[WARN][0m [HundunOS:Storage] put error: &quot;[Storage] Encryption required for key &apos;aware&apos; but HUNDUNOS_ENCRYPTION_KEY is not set. Refusing to write unencrypted sensitive data.&quot;
2026-04-14T07:42:50.324Z [33m[WARN][0m [HundunOS:Storage] put error: &quot;[Storage] Encryption required for key &apos;aware&apos; but HUNDUNOS_ENCRYPTION_KEY is not set. Refusing to write unencrypted sensitive data.&quot;

2026-04-14T07:42:50.811Z [33m[WARN][0m [HundunOS:ModelRouter] Provider openai registration failed: &quot;Parse failure: Parse failed with 1 error:\nIdentifier expected. &apos;export&apos; is a reserved word that cannot be used here.\n73: // 注册为可用模型\r\n74: export const // Built-in model registry\r\n75: export const MODELS = {\r\n    ^\n76:     // GPT-4o Series\r\n77:     &apos;gpt-4o&apos;:                  { name: &apos;GPT-4o&apos;,                  context: 128000, costPer1M: 2.50,  capabilities: [&apos;...\nAt file: /kernel/model-router/providers/openai.js:75:0&quot;

2026-04-14T07:42:50.816Z [33m[WARN][0m [HundunOS:ModelRouter] Provider anthropic registration failed: &quot;Parse failure: Parse failed with 1 error:\nIdentifier expected. &apos;export&apos; is a reserved word that cannot be used here.\n85: // 注册为可用模型\n86: export const // Built-in model registry\n87: export const MODELS = {\n    ^\n88:     // Claude 4 Series (Latest)\n89:     &apos;claude-opus-4-20250514&apos;:          { name: &apos;Claude Opus 4&apos;,          context: 200000, costPer1M: 15.00, capabilit...\nAt file: /kernel/model-router/providers/anthropic.js:87:0&quot;

2026-04-14T07:42:50.819Z [33m[WARN][0m [HundunOS:Storage] put error: &quot;[Storage] Encryption required for key &apos;__health_check__&apos; but HUNDUNOS_ENCRYPTION_KEY is not set. Refusing to write unencrypted sensitive data.&quot;

[ClientAdapterManager] Failed to connect qclaw: QClaw Gateway 未运行或无法访问

[RustModules] ⚠️  Initialized (process) — Rust unavailable, using JS fallback

[Kernel] RustModules: ✗ daemon unavailable — using JS fallback

[TaskScientist] ⚠️  Rust BFTS engine unavailable — using JS fallback

[Kernel] Skill system init failed: Cannot find module &apos;file:///C:/Users/Lin/.qclaw/workspace/hundunos/skills/skill-registry.js&apos; imported from C:/Users/Lin/.qclaw/workspace/hundunos/kernel/mixins/ModuleMixin.js

[Kernel] ProactiveManager init failed: Cannot find module &apos;file:///C:/Users/Lin/.qclaw/workspace/hundunos/proactive/proactive.js&apos; imported from C:/Users/Lin/.qclaw/workspace/hundunos/kernel/mixins/ModuleMixin.js

[Kernel] AgentTeams init failed: Cannot find module &apos;file:///C:/Users/Lin/.qclaw/workspace/hundunos/agent-teams/manager.js&apos; imported from C:/Users/Lin/.qclaw/workspace/hundunos/kernel/mixins/ModuleMixin.js

[Kernel] DebateTeamManager init failed: Failed to parse source for import analysis because the content contains invalid JS syntax. If you are using JSX, make sure to name the file with the .jsx or .tsx extension.

[Kernel] UnifiedProvider init failed: Cannot find module &apos;file:///C:/Users/Lin/.qclaw/workspace/hundunos/providers/provider-compat.js&apos; imported from C:/Users/Lin/.qclaw/workspace/hundunos/kernel/mixins/ModuleMixin.js

[Kernel] ComputerUse init failed: Cannot find module &apos;file:///C:/Users/Lin/.qclaw/workspace/hundunos/computer-use/computer-use.js&apos; imported from C:/Users/Lin/.qclaw/workspace/hundunos/kernel/mixins/ModuleMixin.js

[Kernel] SessionCompactor init failed: Cannot find module &apos;file:///C:/Users/Lin/.qclaw/workspace/hundunos/compact/compactor.js&apos; imported from C:/Users/Lin/.qclaw/workspace/hundunos/kernel/mixins/ModuleMixin.js

[ELKStack] Connection failed: connect ECONNREFUSED ::1:9200

[Kernel] ELKStack init failed: connect ECONNREFUSED ::1:9200

[Kernel] Monitoring init failed: A metric with the name hundunos_tool_executions_total has already been registered.

[Kernel] Security init failed: HUNDUNOS_ENCRYPTION_KEY is required for API key encryption

[Kernel] RedisPool init failed: Parse failure: Parse failed with 1 error:
Expected `,` or `}` but found `=&gt;`
17:       db: config.db || 0,
18:       maxRetriesPerRequest: config.maxRetriesPerRequest || 3,
19:       retryStrategy: config.retryStrategy || (times) =&gt; Math.min(times * 50, 2000),
                                                         ^
20:       enableReadyCheck: true,
21:     };
11: export class RedisPoolManager {
12:   constructor(config = {}) {
13:     this.config = {
                      ^
14:       host: config.host || &apos;localhost&apos;,
15:       port: config.port || 6379,
At file: /kernel/pool.js:19:53

[Kernel] PostgresPool init failed: Parse failure: Parse failed with 1 error:
Expected `,` or `}` but found `=&gt;`
17:       db: config.db || 0,
18:       maxRetriesPerRequest: config.maxRetriesPerRequest || 3,
19:       retryStrategy: config.retryStrategy || (times) =&gt; Math.min(times * 50, 2000),
                                                         ^
20:       enableReadyCheck: true,
21:     };
11: export class RedisPoolManager {
12:   constructor(config = {}) {
13:     this.config = {
                      ^
14:       host: config.host || &apos;localhost&apos;,
15:       port: config.port || 6379,
At file: /kernel/pool.js:19:53

2026-04-14T07:43:05.630Z [33m[WARN][0m [HundunOS:Storage] put error: &quot;[Storage] Encryption required for key &apos;aware&apos; but HUNDUNOS_ENCRYPTION_KEY is not set. Refusing to write unencrypted sensitive data.&quot;
2026-04-14T07:43:05.630Z [33m[WARN][0m [HundunOS:Storage] put error: &quot;[Storage] Encryption required for key &apos;modelrouter:stats&apos; but HUNDUNOS_ENCRYPTION_KEY is not set. Refusing to write unencrypted sensitive data.&quot;

            </system-err>
            <failure message="Hook timed out in 60000ms.
If this is a long-running hook, pass a timeout value as the last argument or configure it globally with &quot;hookTimeout&quot;." type="Error">
Error: Hook timed out in 60000ms.
If this is a long-running hook, pass a timeout value as the last argument or configure it globally with &quot;hookTimeout&quot;.
 ❯ tests/v4.3/benchmark.test.js:15:13
            </failure>
        </testcase>
        <testcase classname="tests/v4.3/benchmark.test.js" name="HundunOS v4.3 Performance Benchmarks &gt; Microcompact 性能 &gt; should reduce tool result count" time="17.6596545">
            <system-err>
[Kernel] System config not found: C:\Users\Lin\.qclaw\workspace\hundunos\config\system.test.json

2026-04-14T07:43:05.886Z [33m[WARN][0m [HundunOS:Storage] SECURITY WARNING: HUNDUNOS_ENCRYPTION_KEY not set. Encryption is DISABLED for this session. Set the env var before production use.

[ELKStack] Connection failed: connect ECONNREFUSED ::1:9200

[Kernel] ELKStack init failed: connect ECONNREFUSED ::1:9200

2026-04-14T07:43:10.697Z [31m[ERROR][0m [HundunOS:RestServer] Server error: &quot;listen EADDRINUSE: address already in use 0.0.0.0:38080&quot;

2026-04-14T07:43:15.091Z [33m[WARN][0m [HundunOS:Storage] put error: &quot;[Storage] Encryption required for key &apos;health_test&apos; but HUNDUNOS_ENCRYPTION_KEY is not set. Refusing to write unencrypted sensitive data.&quot;

[Kernel] Env issues: Ollama 本地推理, OpenClaw CLI, 存储层可用

2026-04-14T07:43:15.104Z [33m[WARN][0m [HundunOS:Storage] put error: &quot;[Storage] Encryption required for key &apos;aware&apos; but HUNDUNOS_ENCRYPTION_KEY is not set. Refusing to write unencrypted sensitive data.&quot;
2026-04-14T07:43:15.104Z [33m[WARN][0m [HundunOS:Storage] put error: &quot;[Storage] Encryption required for key &apos;aware&apos; but HUNDUNOS_ENCRYPTION_KEY is not set. Refusing to write unencrypted sensitive data.&quot;
2026-04-14T07:43:15.105Z [33m[WARN][0m [HundunOS:Storage] put error: &quot;[Storage] Encryption required for key &apos;aware&apos; but HUNDUNOS_ENCRYPTION_KEY is not set. Refusing to write unencrypted sensitive data.&quot;
2026-04-14T07:43:15.105Z [33m[WARN][0m [HundunOS:Storage] put error: &quot;[Storage] Encryption required for key &apos;aware&apos; but HUNDUNOS_ENCRYPTION_KEY is not set. Refusing to write unencrypted sensitive data.&quot;

2026-04-14T07:43:15.446Z [33m[WARN][0m [HundunOS:ModelRouter] Provider openai registration failed: &quot;Parse failure: Parse failed with 1 error:\nIdentifier expected. &apos;export&apos; is a reserved word that cannot be used here.\n73: // 注册为可用模型\r\n74: export const // Built-in model registry\r\n75: export const MODELS = {\r\n    ^\n76:     // GPT-4o Series\r\n77:     &apos;gpt-4o&apos;:                  { name: &apos;GPT-4o&apos;,                  context: 128000, costPer1M: 2.50,  capabilities: [&apos;...\nAt file: /kernel/model-router/providers/openai.js:75:0&quot;

2026-04-14T07:43:15.450Z [33m[WARN][0m [HundunOS:ModelRouter] Provider anthropic registration failed: &quot;Parse failure: Parse failed with 1 error:\nIdentifier expected. &apos;export&apos; is a reserved word that cannot be used here.\n85: // 注册为可用模型\n86: export const // Built-in model registry\n87: export const MODELS = {\n    ^\n88:     // Claude 4 Series (Latest)\n89:     &apos;claude-opus-4-20250514&apos;:          { name: &apos;Claude Opus 4&apos;,          context: 200000, costPer1M: 15.00, capabilit...\nAt file: /kernel/model-router/providers/anthropic.js:87:0&quot;

2026-04-14T07:43:15.452Z [33m[WARN][0m [HundunOS:Storage] put error: &quot;[Storage] Encryption required for key &apos;__health_check__&apos; but HUNDUNOS_ENCRYPTION_KEY is not set. Refusing to write unencrypted sensitive data.&quot;

[ClientAdapterManager] Failed to connect qclaw: QClaw Gateway 未运行或无法访问

[RustModules] ⚠️  Initialized (process) — Rust unavailable, using JS fallback

[Kernel] RustModules: ✗ daemon unavailable — using JS fallback

[TaskScientist] ⚠️  Rust BFTS engine unavailable — using JS fallback

[Kernel] Skill system init failed: Cannot find module &apos;file:///C:/Users/Lin/.qclaw/workspace/hundunos/skills/skill-registry.js&apos; imported from C:/Users/Lin/.qclaw/workspace/hundunos/kernel/mixins/ModuleMixin.js

[Kernel] ProactiveManager init failed: Cannot find module &apos;file:///C:/Users/Lin/.qclaw/workspace/hundunos/proactive/proactive.js&apos; imported from C:/Users/Lin/.qclaw/workspace/hundunos/kernel/mixins/ModuleMixin.js

[Kernel] AgentTeams init failed: Cannot find module &apos;file:///C:/Users/Lin/.qclaw/workspace/hundunos/agent-teams/manager.js&apos; imported from C:/Users/Lin/.qclaw/workspace/hundunos/kernel/mixins/ModuleMixin.js

[Kernel] DebateTeamManager init failed: Failed to parse source for import analysis because the content contains invalid JS syntax. If you are using JSX, make sure to name the file with the .jsx or .tsx extension.

[Kernel] UnifiedProvider init failed: Cannot find module &apos;file:///C:/Users/Lin/.qclaw/workspace/hundunos/providers/provider-compat.js&apos; imported from C:/Users/Lin/.qclaw/workspace/hundunos/kernel/mixins/ModuleMixin.js

[Kernel] ComputerUse init failed: Cannot find module &apos;file:///C:/Users/Lin/.qclaw/workspace/hundunos/computer-use/computer-use.js&apos; imported from C:/Users/Lin/.qclaw/workspace/hundunos/kernel/mixins/ModuleMixin.js

[Kernel] SessionCompactor init failed: Cannot find module &apos;file:///C:/Users/Lin/.qclaw/workspace/hundunos/compact/compactor.js&apos; imported from C:/Users/Lin/.qclaw/workspace/hundunos/kernel/mixins/ModuleMixin.js

[Kernel] AgentTeam tools registration failed: toolBridge.registerTool is not a function

[Kernel] Monitoring init failed: A metric with the name hundunos_tool_executions_total has already been registered.

[Kernel] Security init failed: HUNDUNOS_ENCRYPTION_KEY is required for API key encryption

[Kernel] RedisPool init failed: Parse failure: Parse failed with 1 error:
Expected `,` or `}` but found `=&gt;`
17:       db: config.db || 0,
18:       maxRetriesPerRequest: config.maxRetriesPerRequest || 3,
19:       retryStrategy: config.retryStrategy || (times) =&gt; Math.min(times * 50, 2000),
                                                         ^
20:       enableReadyCheck: true,
21:     };
11: export class RedisPoolManager {
12:   constructor(config = {}) {
13:     this.config = {
                      ^
14:       host: config.host || &apos;localhost&apos;,
15:       port: config.port || 6379,
At file: /kernel/pool.js:19:53

[Kernel] PostgresPool init failed: Parse failure: Parse failed with 1 error:
Expected `,` or `}` but found `=&gt;`
17:       db: config.db || 0,
18:       maxRetriesPerRequest: config.maxRetriesPerRequest || 3,
19:       retryStrategy: config.retryStrategy || (times) =&gt; Math.min(times * 50, 2000),
                                                         ^
20:       enableReadyCheck: true,
21:     };
11: export class RedisPoolManager {
12:   constructor(config = {}) {
13:     this.config = {
                      ^
14:       host: config.host || &apos;localhost&apos;,
15:       port: config.port || 6379,
At file: /kernel/pool.js:19:53

[ELKStack] Connection failed: connect ECONNREFUSED ::1:9200

[Kernel] ELKStack init failed: connect ECONNREFUSED ::1:9200

2026-04-14T07:43:23.286Z [31m[ERROR][0m [HundunOS:RestServer] Server error: &quot;listen EADDRINUSE: address already in use 0.0.0.0:38080&quot;

2026-04-14T07:43:23.292Z [33m[WARN][0m [HundunOS:Storage] put error: &quot;[Storage] Encryption required for key &apos;aware&apos; but HUNDUNOS_ENCRYPTION_KEY is not set. Refusing to write unencrypted sensitive data.&quot;
2026-04-14T07:43:23.292Z [33m[WARN][0m [HundunOS:Storage] put error: &quot;[Storage] Encryption required for key &apos;modelrouter:stats&apos; but HUNDUNOS_ENCRYPTION_KEY is not set. Refusing to write unencrypted sensitive data.&quot;
2026-04-14T07:43:23.293Z [33m[WARN][0m [HundunOS:Storage] put error: &quot;[Storage] Encryption required for key &apos;aware&apos; but HUNDUNOS_ENCRYPTION_KEY is not set. Refusing to write unencrypted sensitive data.&quot;

            </system-err>
        </testcase>
        <testcase classname="tests/v4.3/benchmark.test.js" name="HundunOS v4.3 Performance Benchmarks &gt; LLM Summarization 性能 &gt; should compress long conversations" time="22.5848723">
            <system-err>
[Kernel] System config not found: C:\Users\Lin\.qclaw\workspace\hundunos\config\system.test.json

2026-04-14T07:43:23.306Z [33m[WARN][0m [HundunOS:Storage] SECURITY WARNING: HUNDUNOS_ENCRYPTION_KEY not set. Encryption is DISABLED for this session. Set the env var before production use.

2026-04-14T07:43:35.923Z [33m[WARN][0m [HundunOS:Storage] put error: &quot;[Storage] Encryption required for key &apos;health_test&apos; but HUNDUNOS_ENCRYPTION_KEY is not set. Refusing to write unencrypted sensitive data.&quot;

[Kernel] Env issues: Ollama 本地推理, OpenClaw CLI, 存储层可用, 内存充足

2026-04-14T07:43:35.961Z [33m[WARN][0m [HundunOS:Storage] put error: &quot;[Storage] Encryption required for key &apos;aware&apos; but HUNDUNOS_ENCRYPTION_KEY is not set. Refusing to write unencrypted sensitive data.&quot;
2026-04-14T07:43:35.961Z [33m[WARN][0m [HundunOS:Storage] put error: &quot;[Storage] Encryption required for key &apos;aware&apos; but HUNDUNOS_ENCRYPTION_KEY is not set. Refusing to write unencrypted sensitive data.&quot;
2026-04-14T07:43:35.961Z [33m[WARN][0m [HundunOS:Storage] put error: &quot;[Storage] Encryption required for key &apos;aware&apos; but HUNDUNOS_ENCRYPTION_KEY is not set. Refusing to write unencrypted sensitive data.&quot;
2026-04-14T07:43:35.962Z [33m[WARN][0m [HundunOS:Storage] put error: &quot;[Storage] Encryption required for key &apos;aware&apos; but HUNDUNOS_ENCRYPTION_KEY is not set. Refusing to write unencrypted sensitive data.&quot;

2026-04-14T07:43:36.375Z [33m[WARN][0m [HundunOS:ModelRouter] Provider openai registration failed: &quot;Parse failure: Parse failed with 1 error:\nIdentifier expected. &apos;export&apos; is a reserved word that cannot be used here.\n73: // 注册为可用模型\r\n74: export const // Built-in model registry\r\n75: export const MODELS = {\r\n    ^\n76:     // GPT-4o Series\r\n77:     &apos;gpt-4o&apos;:                  { name: &apos;GPT-4o&apos;,                  context: 128000, costPer1M: 2.50,  capabilities: [&apos;...\nAt file: /kernel/model-router/providers/openai.js:75:0&quot;

2026-04-14T07:43:36.386Z [33m[WARN][0m [HundunOS:ModelRouter] Provider anthropic registration failed: &quot;Parse failure: Parse failed with 1 error:\nIdentifier expected. &apos;export&apos; is a reserved word that cannot be used here.\n85: // 注册为可用模型\n86: export const // Built-in model registry\n87: export const MODELS = {\n    ^\n88:     // Claude 4 Series (Latest)\n89:     &apos;claude-opus-4-20250514&apos;:          { name: &apos;Claude Opus 4&apos;,          context: 200000, costPer1M: 15.00, capabilit...\nAt file: /kernel/model-router/providers/anthropic.js:87:0&quot;

2026-04-14T07:43:36.393Z [33m[WARN][0m [HundunOS:Storage] put error: &quot;[Storage] Encryption required for key &apos;__health_check__&apos; but HUNDUNOS_ENCRYPTION_KEY is not set. Refusing to write unencrypted sensitive data.&quot;

[ClientAdapterManager] Failed to connect qclaw: QClaw Gateway 未运行或无法访问

[RustModules] ⚠️  Initialized (process) — Rust unavailable, using JS fallback

[Kernel] RustModules: ✗ daemon unavailable — using JS fallback

[TaskScientist] ⚠️  Rust BFTS engine unavailable — using JS fallback

[Kernel] Skill system init failed: Cannot find module &apos;file:///C:/Users/Lin/.qclaw/workspace/hundunos/skills/skill-registry.js&apos; imported from C:/Users/Lin/.qclaw/workspace/hundunos/kernel/mixins/ModuleMixin.js

[Kernel] ProactiveManager init failed: Cannot find module &apos;file:///C:/Users/Lin/.qclaw/workspace/hundunos/proactive/proactive.js&apos; imported from C:/Users/Lin/.qclaw/workspace/hundunos/kernel/mixins/ModuleMixin.js

[Kernel] AgentTeams init failed: Cannot find module &apos;file:///C:/Users/Lin/.qclaw/workspace/hundunos/agent-teams/manager.js&apos; imported from C:/Users/Lin/.qclaw/workspace/hundunos/kernel/mixins/ModuleMixin.js

[Kernel] DebateTeamManager init failed: Failed to parse source for import analysis because the content contains invalid JS syntax. If you are using JSX, make sure to name the file with the .jsx or .tsx extension.

[Kernel] UnifiedProvider init failed: Cannot find module &apos;file:///C:/Users/Lin/.qclaw/workspace/hundunos/providers/provider-compat.js&apos; imported from C:/Users/Lin/.qclaw/workspace/hundunos/kernel/mixins/ModuleMixin.js

[Kernel] ComputerUse init failed: Cannot find module &apos;file:///C:/Users/Lin/.qclaw/workspace/hundunos/computer-use/computer-use.js&apos; imported from C:/Users/Lin/.qclaw/workspace/hundunos/kernel/mixins/ModuleMixin.js

[Kernel] SessionCompactor init failed: Cannot find module &apos;file:///C:/Users/Lin/.qclaw/workspace/hundunos/compact/compactor.js&apos; imported from C:/Users/Lin/.qclaw/workspace/hundunos/kernel/mixins/ModuleMixin.js

[Kernel] Monitoring init failed: A metric with the name hundunos_tool_executions_total has already been registered.

[Kernel] Security init failed: HUNDUNOS_ENCRYPTION_KEY is required for API key encryption

[Kernel] RedisPool init failed: Parse failure: Parse failed with 1 error:
Expected `,` or `}` but found `=&gt;`
17:       db: config.db || 0,
18:       maxRetriesPerRequest: config.maxRetriesPerRequest || 3,
19:       retryStrategy: config.retryStrategy || (times) =&gt; Math.min(times * 50, 2000),
                                                         ^
20:       enableReadyCheck: true,
21:     };
11: export class RedisPoolManager {
12:   constructor(config = {}) {
13:     this.config = {
                      ^
14:       host: config.host || &apos;localhost&apos;,
15:       port: config.port || 6379,
At file: /kernel/pool.js:19:53

[Kernel] PostgresPool init failed: Parse failure: Parse failed with 1 error:
Expected `,` or `}` but found `=&gt;`
17:       db: config.db || 0,
18:       maxRetriesPerRequest: config.maxRetriesPerRequest || 3,
19:       retryStrategy: config.retryStrategy || (times) =&gt; Math.min(times * 50, 2000),
                                                         ^
20:       enableReadyCheck: true,
21:     };
11: export class RedisPoolManager {
12:   constructor(config = {}) {
13:     this.config = {
                      ^
14:       host: config.host || &apos;localhost&apos;,
15:       port: config.port || 6379,
At file: /kernel/pool.js:19:53

[ELKStack] Connection failed: connect ECONNREFUSED ::1:9200

[Kernel] ELKStack init failed: connect ECONNREFUSED ::1:9200

2026-04-14T07:43:45.869Z [31m[ERROR][0m [HundunOS:RestServer] Server error: &quot;listen EADDRINUSE: address already in use 0.0.0.0:38080&quot;

2026-04-14T07:43:45.877Z [33m[WARN][0m [HundunOS:Storage] put error: &quot;[Storage] Encryption required for key &apos;aware&apos; but HUNDUNOS_ENCRYPTION_KEY is not set. Refusing to write unencrypted sensitive data.&quot;
2026-04-14T07:43:45.878Z [33m[WARN][0m [HundunOS:Storage] put error: &quot;[Storage] Encryption required for key &apos;modelrouter:stats&apos; but HUNDUNOS_ENCRYPTION_KEY is not set. Refusing to write unencrypted sensitive data.&quot;
2026-04-14T07:43:45.878Z [33m[WARN][0m [HundunOS:Storage] put error: &quot;[Storage] Encryption required for key &apos;aware&apos; but HUNDUNOS_ENCRYPTION_KEY is not set. Refusing to write unencrypted sensitive data.&quot;

            </system-err>
            <failure message="expected 6780 to be greater than 8000" type="AssertionError">
AssertionError: expected 6780 to be greater than 8000
 ❯ tests/v4.3/benchmark.test.js:240:34
            </failure>
        </testcase>
        <testcase classname="tests/v4.3/benchmark.test.js" name="HundunOS v4.3 Performance Benchmarks &gt; Token 消耗对比 &gt; should measure token reduction with compact enabled" time="17.495907">
            <system-out>

Token Reduction Benchmark:
  Original tokens: 290
  Compressed tokens: 8
  Reduction: 282 tokens (97.24%)
  Compression time: 1ms


            </system-out>
            <system-err>
[Kernel] System config not found: C:\Users\Lin\.qclaw\workspace\hundunos\config\system.test.json

2026-04-14T07:43:45.935Z [33m[WARN][0m [HundunOS:Storage] SECURITY WARNING: HUNDUNOS_ENCRYPTION_KEY not set. Encryption is DISABLED for this session. Set the env var before production use.

2026-04-14T07:43:51.981Z [33m[WARN][0m [HundunOS:Storage] put error: &quot;[Storage] Encryption required for key &apos;health_test&apos; but HUNDUNOS_ENCRYPTION_KEY is not set. Refusing to write unencrypted sensitive data.&quot;

[Kernel] Env issues: Ollama 本地推理, OpenClaw CLI, 存储层可用

2026-04-14T07:43:51.985Z [33m[WARN][0m [HundunOS:Storage] put error: &quot;[Storage] Encryption required for key &apos;aware&apos; but HUNDUNOS_ENCRYPTION_KEY is not set. Refusing to write unencrypted sensitive data.&quot;
2026-04-14T07:43:51.985Z [33m[WARN][0m [HundunOS:Storage] put error: &quot;[Storage] Encryption required for key &apos;aware&apos; but HUNDUNOS_ENCRYPTION_KEY is not set. Refusing to write unencrypted sensitive data.&quot;
2026-04-14T07:43:51.986Z [33m[WARN][0m [HundunOS:Storage] put error: &quot;[Storage] Encryption required for key &apos;aware&apos; but HUNDUNOS_ENCRYPTION_KEY is not set. Refusing to write unencrypted sensitive data.&quot;
2026-04-14T07:43:51.986Z [33m[WARN][0m [HundunOS:Storage] put error: &quot;[Storage] Encryption required for key &apos;aware&apos; but HUNDUNOS_ENCRYPTION_KEY is not set. Refusing to write unencrypted sensitive data.&quot;

2026-04-14T07:43:52.982Z [33m[WARN][0m [HundunOS:ModelRouter] Provider openai registration failed: &quot;Parse failure: Parse failed with 1 error:\nIdentifier expected. &apos;export&apos; is a reserved word that cannot be used here.\n73: // 注册为可用模型\r\n74: export const // Built-in model registry\r\n75: export const MODELS = {\r\n    ^\n76:     // GPT-4o Series\r\n77:     &apos;gpt-4o&apos;:                  { name: &apos;GPT-4o&apos;,                  context: 128000, costPer1M: 2.50,  capabilities: [&apos;...\nAt file: /kernel/model-router/providers/openai.js:75:0&quot;

2026-04-14T07:43:52.988Z [33m[WARN][0m [HundunOS:ModelRouter] Provider anthropic registration failed: &quot;Parse failure: Parse failed with 1 error:\nIdentifier expected. &apos;export&apos; is a reserved word that cannot be used here.\n85: // 注册为可用模型\n86: export const // Built-in model registry\n87: export const MODELS = {\n    ^\n88:     // Claude 4 Series (Latest)\n89:     &apos;claude-opus-4-20250514&apos;:          { name: &apos;Claude Opus 4&apos;,          context: 200000, costPer1M: 15.00, capabilit...\nAt file: /kernel/model-router/providers/anthropic.js:87:0&quot;

2026-04-14T07:43:52.990Z [33m[WARN][0m [HundunOS:Storage] put error: &quot;[Storage] Encryption required for key &apos;__health_check__&apos; but HUNDUNOS_ENCRYPTION_KEY is not set. Refusing to write unencrypted sensitive data.&quot;

[ClientAdapterManager] Failed to connect qclaw: QClaw Gateway 未运行或无法访问

[RustModules] ⚠️  Initialized (process) — Rust unavailable, using JS fallback

[Kernel] RustModules: ✗ daemon unavailable — using JS fallback

[TaskScientist] ⚠️  Rust BFTS engine unavailable — using JS fallback

[Kernel] Skill system init failed: Cannot find module &apos;file:///C:/Users/Lin/.qclaw/workspace/hundunos/skills/skill-registry.js&apos; imported from C:/Users/Lin/.qclaw/workspace/hundunos/kernel/mixins/ModuleMixin.js

[Kernel] ProactiveManager init failed: Cannot find module &apos;file:///C:/Users/Lin/.qclaw/workspace/hundunos/proactive/proactive.js&apos; imported from C:/Users/Lin/.qclaw/workspace/hundunos/kernel/mixins/ModuleMixin.js

[Kernel] AgentTeams init failed: Cannot find module &apos;file:///C:/Users/Lin/.qclaw/workspace/hundunos/agent-teams/manager.js&apos; imported from C:/Users/Lin/.qclaw/workspace/hundunos/kernel/mixins/ModuleMixin.js

[Kernel] DebateTeamManager init failed: Failed to parse source for import analysis because the content contains invalid JS syntax. If you are using JSX, make sure to name the file with the .jsx or .tsx extension.

[Kernel] UnifiedProvider init failed: Cannot find module &apos;file:///C:/Users/Lin/.qclaw/workspace/hundunos/providers/provider-compat.js&apos; imported from C:/Users/Lin/.qclaw/workspace/hundunos/kernel/mixins/ModuleMixin.js

[Kernel] ComputerUse init failed: Cannot find module &apos;file:///C:/Users/Lin/.qclaw/workspace/hundunos/computer-use/computer-use.js&apos; imported from C:/Users/Lin/.qclaw/workspace/hundunos/kernel/mixins/ModuleMixin.js

[Kernel] SessionCompactor init failed: Cannot find module &apos;file:///C:/Users/Lin/.qclaw/workspace/hundunos/compact/compactor.js&apos; imported from C:/Users/Lin/.qclaw/workspace/hundunos/kernel/mixins/ModuleMixin.js

[Kernel] Monitoring init failed: A metric with the name hundunos_tool_executions_total has already been registered.

[Kernel] Security init failed: HUNDUNOS_ENCRYPTION_KEY is required for API key encryption

[Kernel] RedisPool init failed: Parse failure: Parse failed with 1 error:
Expected `,` or `}` but found `=&gt;`
17:       db: config.db || 0,
18:       maxRetriesPerRequest: config.maxRetriesPerRequest || 3,
19:       retryStrategy: config.retryStrategy || (times) =&gt; Math.min(times * 50, 2000),
                                                         ^
20:       enableReadyCheck: true,
21:     };
11: export class RedisPoolManager {
12:   constructor(config = {}) {
13:     this.config = {
                      ^
14:       host: config.host || &apos;localhost&apos;,
15:       port: config.port || 6379,
At file: /kernel/pool.js:19:53

[Kernel] PostgresPool init failed: Parse failure: Parse failed with 1 error:
Expected `,` or `}` but found `=&gt;`
17:       db: config.db || 0,
18:       maxRetriesPerRequest: config.maxRetriesPerRequest || 3,
19:       retryStrategy: config.retryStrategy || (times) =&gt; Math.min(times * 50, 2000),
                                                         ^
20:       enableReadyCheck: true,
21:     };
11: export class RedisPoolManager {
12:   constructor(config = {}) {
13:     this.config = {
                      ^
14:       host: config.host || &apos;localhost&apos;,
15:       port: config.port || 6379,
At file: /kernel/pool.js:19:53

[ELKStack] Connection failed: connect ECONNREFUSED ::1:9200

[Kernel] ELKStack init failed: connect ECONNREFUSED ::1:9200

2026-04-14T07:44:03.370Z [31m[ERROR][0m [HundunOS:RestServer] Server error: &quot;listen EADDRINUSE: address already in use 0.0.0.0:38080&quot;

2026-04-14T07:44:03.375Z [33m[WARN][0m [HundunOS:Storage] put error: &quot;[Storage] Encryption required for key &apos;aware&apos; but HUNDUNOS_ENCRYPTION_KEY is not set. Refusing to write unencrypted sensitive data.&quot;
2026-04-14T07:44:03.375Z [33m[WARN][0m [HundunOS:Storage] put error: &quot;[Storage] Encryption required for key &apos;modelrouter:stats&apos; but HUNDUNOS_ENCRYPTION_KEY is not set. Refusing to write unencrypted sensitive data.&quot;
2026-04-14T07:44:03.376Z [33m[WARN][0m [HundunOS:Storage] put error: &quot;[Storage] Encryption required for key &apos;aware&apos; but HUNDUNOS_ENCRYPTION_KEY is not set. Refusing to write unencrypted sensitive data.&quot;

            </system-err>
        </testcase>
        <testcase classname="tests/v4.3/benchmark.test.js" name="HundunOS v4.3 Performance Benchmarks &gt; Autonomous Agents 调度性能 &gt; should measure task dispatch latency" time="11.4038709">
            <system-out>

Task Dispatch Benchmark:
  Tasks submitted: 10
  Avg submit time: 0.00ms
  Max submit time: 0ms
  Min submit time: 0ms


            </system-out>
            <system-err>
[Kernel] System config not found: C:\Users\Lin\.qclaw\workspace\hundunos\config\system.test.json

2026-04-14T07:44:03.386Z [33m[WARN][0m [HundunOS:Storage] SECURITY WARNING: HUNDUNOS_ENCRYPTION_KEY not set. Encryption is DISABLED for this session. Set the env var before production use.

2026-04-14T07:44:07.262Z [33m[WARN][0m [HundunOS:Storage] put error: &quot;[Storage] Encryption required for key &apos;health_test&apos; but HUNDUNOS_ENCRYPTION_KEY is not set. Refusing to write unencrypted sensitive data.&quot;

[Kernel] Env issues: Ollama 本地推理, OpenClaw CLI, 存储层可用

2026-04-14T07:44:07.276Z [33m[WARN][0m [HundunOS:Storage] put error: &quot;[Storage] Encryption required for key &apos;aware&apos; but HUNDUNOS_ENCRYPTION_KEY is not set. Refusing to write unencrypted sensitive data.&quot;
2026-04-14T07:44:07.277Z [33m[WARN][0m [HundunOS:Storage] put error: &quot;[Storage] Encryption required for key &apos;aware&apos; but HUNDUNOS_ENCRYPTION_KEY is not set. Refusing to write unencrypted sensitive data.&quot;
2026-04-14T07:44:07.277Z [33m[WARN][0m [HundunOS:Storage] put error: &quot;[Storage] Encryption required for key &apos;aware&apos; but HUNDUNOS_ENCRYPTION_KEY is not set. Refusing to write unencrypted sensitive data.&quot;
2026-04-14T07:44:07.277Z [33m[WARN][0m [HundunOS:Storage] put error: &quot;[Storage] Encryption required for key &apos;aware&apos; but HUNDUNOS_ENCRYPTION_KEY is not set. Refusing to write unencrypted sensitive data.&quot;

2026-04-14T07:44:07.610Z [33m[WARN][0m [HundunOS:ModelRouter] Provider openai registration failed: &quot;Parse failure: Parse failed with 1 error:\nIdentifier expected. &apos;export&apos; is a reserved word that cannot be used here.\n73: // 注册为可用模型\r\n74: export const // Built-in model registry\r\n75: export const MODELS = {\r\n    ^\n76:     // GPT-4o Series\r\n77:     &apos;gpt-4o&apos;:                  { name: &apos;GPT-4o&apos;,                  context: 128000, costPer1M: 2.50,  capabilities: [&apos;...\nAt file: /kernel/model-router/providers/openai.js:75:0&quot;

2026-04-14T07:44:07.616Z [33m[WARN][0m [HundunOS:ModelRouter] Provider anthropic registration failed: &quot;Parse failure: Parse failed with 1 error:\nIdentifier expected. &apos;export&apos; is a reserved word that cannot be used here.\n85: // 注册为可用模型\n86: export const // Built-in model registry\n87: export const MODELS = {\n    ^\n88:     // Claude 4 Series (Latest)\n89:     &apos;claude-opus-4-20250514&apos;:          { name: &apos;Claude Opus 4&apos;,          context: 200000, costPer1M: 15.00, capabilit...\nAt file: /kernel/model-router/providers/anthropic.js:87:0&quot;

2026-04-14T07:44:07.623Z [33m[WARN][0m [HundunOS:Storage] put error: &quot;[Storage] Encryption required for key &apos;__health_check__&apos; but HUNDUNOS_ENCRYPTION_KEY is not set. Refusing to write unencrypted sensitive data.&quot;

[ClientAdapterManager] Failed to connect qclaw: QClaw Gateway 未运行或无法访问

[RustModules] ⚠️  Initialized (process) — Rust unavailable, using JS fallback

[Kernel] RustModules: ✗ daemon unavailable — using JS fallback

[TaskScientist] ⚠️  Rust BFTS engine unavailable — using JS fallback

[Kernel] Skill system init failed: Cannot find module &apos;file:///C:/Users/Lin/.qclaw/workspace/hundunos/skills/skill-registry.js&apos; imported from C:/Users/Lin/.qclaw/workspace/hundunos/kernel/mixins/ModuleMixin.js

[Kernel] ProactiveManager init failed: Cannot find module &apos;file:///C:/Users/Lin/.qclaw/workspace/hundunos/proactive/proactive.js&apos; imported from C:/Users/Lin/.qclaw/workspace/hundunos/kernel/mixins/ModuleMixin.js

[Kernel] AgentTeams init failed: Cannot find module &apos;file:///C:/Users/Lin/.qclaw/workspace/hundunos/agent-teams/manager.js&apos; imported from C:/Users/Lin/.qclaw/workspace/hundunos/kernel/mixins/ModuleMixin.js

[Kernel] DebateTeamManager init failed: Failed to parse source for import analysis because the content contains invalid JS syntax. If you are using JSX, make sure to name the file with the .jsx or .tsx extension.

[Kernel] UnifiedProvider init failed: Cannot find module &apos;file:///C:/Users/Lin/.qclaw/workspace/hundunos/providers/provider-compat.js&apos; imported from C:/Users/Lin/.qclaw/workspace/hundunos/kernel/mixins/ModuleMixin.js

[Kernel] ComputerUse init failed: Cannot find module &apos;file:///C:/Users/Lin/.qclaw/workspace/hundunos/computer-use/computer-use.js&apos; imported from C:/Users/Lin/.qclaw/workspace/hundunos/kernel/mixins/ModuleMixin.js

[Kernel] SessionCompactor init failed: Cannot find module &apos;file:///C:/Users/Lin/.qclaw/workspace/hundunos/compact/compactor.js&apos; imported from C:/Users/Lin/.qclaw/workspace/hundunos/kernel/mixins/ModuleMixin.js

[Kernel] Monitoring init failed: A metric with the name hundunos_tool_executions_total has already been registered.

[Kernel] Security init failed: HUNDUNOS_ENCRYPTION_KEY is required for API key encryption

[Kernel] RedisPool init failed: Parse failure: Parse failed with 1 error:
Expected `,` or `}` but found `=&gt;`
17:       db: config.db || 0,
18:       maxRetriesPerRequest: config.maxRetriesPerRequest || 3,
19:       retryStrategy: config.retryStrategy || (times) =&gt; Math.min(times * 50, 2000),
                                                         ^
20:       enableReadyCheck: true,
21:     };
11: export class RedisPoolManager {
12:   constructor(config = {}) {
13:     this.config = {
                      ^
14:       host: config.host || &apos;localhost&apos;,
15:       port: config.port || 6379,
At file: /kernel/pool.js:19:53

[Kernel] PostgresPool init failed: Parse failure: Parse failed with 1 error:
Expected `,` or `}` but found `=&gt;`
17:       db: config.db || 0,
18:       maxRetriesPerRequest: config.maxRetriesPerRequest || 3,
19:       retryStrategy: config.retryStrategy || (times) =&gt; Math.min(times * 50, 2000),
                                                         ^
20:       enableReadyCheck: true,
21:     };
11: export class RedisPoolManager {
12:   constructor(config = {}) {
13:     this.config = {
                      ^
14:       host: config.host || &apos;localhost&apos;,
15:       port: config.port || 6379,
At file: /kernel/pool.js:19:53

[ELKStack] Connection failed: connect ECONNREFUSED ::1:9200

[Kernel] ELKStack init failed: connect ECONNREFUSED ::1:9200

2026-04-14T07:44:14.775Z [31m[ERROR][0m [HundunOS:RestServer] Server error: &quot;listen EADDRINUSE: address already in use 0.0.0.0:38080&quot;

2026-04-14T07:44:14.778Z [33m[WARN][0m [HundunOS:Storage] put error: &quot;[Storage] Encryption required for key &apos;aware&apos; but HUNDUNOS_ENCRYPTION_KEY is not set. Refusing to write unencrypted sensitive data.&quot;
2026-04-14T07:44:14.779Z [33m[WARN][0m [HundunOS:Storage] put error: &quot;[Storage] Encryption required for key &apos;modelrouter:stats&apos; but HUNDUNOS_ENCRYPTION_KEY is not set. Refusing to write unencrypted sensitive data.&quot;
2026-04-14T07:44:14.779Z [33m[WARN][0m [HundunOS:Storage] put error: &quot;[Storage] Encryption required for key &apos;aware&apos; but HUNDUNOS_ENCRYPTION_KEY is not set. Refusing to write unencrypted sensitive data.&quot;

            </system-err>
        </testcase>
        <testcase classname="tests/v4.3/benchmark.test.js" name="HundunOS v4.3 Performance Benchmarks &gt; Todo Manager 性能 &gt; should measure todo update latency" time="13.9090564">
            <system-out>

Todo Update Benchmark (100 iterations):
  Avg latency: 0.00ms
  Max latency: 0ms
  Min latency: 0ms


            </system-out>
            <system-err>
[Kernel] System config not found: C:\Users\Lin\.qclaw\workspace\hundunos\config\system.test.json

2026-04-14T07:44:14.793Z [33m[WARN][0m [HundunOS:Storage] SECURITY WARNING: HUNDUNOS_ENCRYPTION_KEY not set. Encryption is DISABLED for this session. Set the env var before production use.

2026-04-14T07:44:19.773Z [33m[WARN][0m [HundunOS:Storage] put error: &quot;[Storage] Encryption required for key &apos;health_test&apos; but HUNDUNOS_ENCRYPTION_KEY is not set. Refusing to write unencrypted sensitive data.&quot;

[Kernel] Env issues: Ollama 本地推理, OpenClaw CLI, 存储层可用

2026-04-14T07:44:19.776Z [33m[WARN][0m [HundunOS:Storage] put error: &quot;[Storage] Encryption required for key &apos;aware&apos; but HUNDUNOS_ENCRYPTION_KEY is not set. Refusing to write unencrypted sensitive data.&quot;
2026-04-14T07:44:19.776Z [33m[WARN][0m [HundunOS:Storage] put error: &quot;[Storage] Encryption required for key &apos;aware&apos; but HUNDUNOS_ENCRYPTION_KEY is not set. Refusing to write unencrypted sensitive data.&quot;
2026-04-14T07:44:19.776Z [33m[WARN][0m [HundunOS:Storage] put error: &quot;[Storage] Encryption required for key &apos;aware&apos; but HUNDUNOS_ENCRYPTION_KEY is not set. Refusing to write unencrypted sensitive data.&quot;
2026-04-14T07:44:19.776Z [33m[WARN][0m [HundunOS:Storage] put error: &quot;[Storage] Encryption required for key &apos;aware&apos; but HUNDUNOS_ENCRYPTION_KEY is not set. Refusing to write unencrypted sensitive data.&quot;

2026-04-14T07:44:20.068Z [33m[WARN][0m [HundunOS:ModelRouter] Provider openai registration failed: &quot;Parse failure: Parse failed with 1 error:\nIdentifier expected. &apos;export&apos; is a reserved word that cannot be used here.\n73: // 注册为可用模型\r\n74: export const // Built-in model registry\r\n75: export const MODELS = {\r\n    ^\n76:     // GPT-4o Series\r\n77:     &apos;gpt-4o&apos;:                  { name: &apos;GPT-4o&apos;,                  context: 128000, costPer1M: 2.50,  capabilities: [&apos;...\nAt file: /kernel/model-router/providers/openai.js:75:0&quot;

2026-04-14T07:44:20.071Z [33m[WARN][0m [HundunOS:ModelRouter] Provider anthropic registration failed: &quot;Parse failure: Parse failed with 1 error:\nIdentifier expected. &apos;export&apos; is a reserved word that cannot be used here.\n85: // 注册为可用模型\n86: export const // Built-in model registry\n87: export const MODELS = {\n    ^\n88:     // Claude 4 Series (Latest)\n89:     &apos;claude-opus-4-20250514&apos;:          { name: &apos;Claude Opus 4&apos;,          context: 200000, costPer1M: 15.00, capabilit...\nAt file: /kernel/model-router/providers/anthropic.js:87:0&quot;

2026-04-14T07:44:20.074Z [33m[WARN][0m [HundunOS:Storage] put error: &quot;[Storage] Encryption required for key &apos;__health_check__&apos; but HUNDUNOS_ENCRYPTION_KEY is not set. Refusing to write unencrypted sensitive data.&quot;

[ClientAdapterManager] Failed to connect qclaw: QClaw Gateway 未运行或无法访问

[RustModules] ⚠️  Initialized (process) — Rust unavailable, using JS fallback

[Kernel] RustModules: ✗ daemon unavailable — using JS fallback

[TaskScientist] ⚠️  Rust BFTS engine unavailable — using JS fallback

[Kernel] Skill system init failed: Cannot find module &apos;file:///C:/Users/Lin/.qclaw/workspace/hundunos/skills/skill-registry.js&apos; imported from C:/Users/Lin/.qclaw/workspace/hundunos/kernel/mixins/ModuleMixin.js

[Kernel] ProactiveManager init failed: Cannot find module &apos;file:///C:/Users/Lin/.qclaw/workspace/hundunos/proactive/proactive.js&apos; imported from C:/Users/Lin/.qclaw/workspace/hundunos/kernel/mixins/ModuleMixin.js

[Kernel] AgentTeams init failed: Cannot find module &apos;file:///C:/Users/Lin/.qclaw/workspace/hundunos/agent-teams/manager.js&apos; imported from C:/Users/Lin/.qclaw/workspace/hundunos/kernel/mixins/ModuleMixin.js

[Kernel] DebateTeamManager init failed: Failed to parse source for import analysis because the content contains invalid JS syntax. If you are using JSX, make sure to name the file with the .jsx or .tsx extension.

[Kernel] UnifiedProvider init failed: Cannot find module &apos;file:///C:/Users/Lin/.qclaw/workspace/hundunos/providers/provider-compat.js&apos; imported from C:/Users/Lin/.qclaw/workspace/hundunos/kernel/mixins/ModuleMixin.js

[Kernel] ComputerUse init failed: Cannot find module &apos;file:///C:/Users/Lin/.qclaw/workspace/hundunos/computer-use/computer-use.js&apos; imported from C:/Users/Lin/.qclaw/workspace/hundunos/kernel/mixins/ModuleMixin.js

[Kernel] SessionCompactor init failed: Cannot find module &apos;file:///C:/Users/Lin/.qclaw/workspace/hundunos/compact/compactor.js&apos; imported from C:/Users/Lin/.qclaw/workspace/hundunos/kernel/mixins/ModuleMixin.js

[Kernel] Monitoring init failed: A metric with the name hundunos_tool_executions_total has already been registered.

[Kernel] Security init failed: HUNDUNOS_ENCRYPTION_KEY is required for API key encryption

[Kernel] RedisPool init failed: Parse failure: Parse failed with 1 error:
Expected `,` or `}` but found `=&gt;`
17:       db: config.db || 0,
18:       maxRetriesPerRequest: config.maxRetriesPerRequest || 3,
19:       retryStrategy: config.retryStrategy || (times) =&gt; Math.min(times * 50, 2000),
                                                         ^
20:       enableReadyCheck: true,
21:     };
11: export class RedisPoolManager {
12:   constructor(config = {}) {
13:     this.config = {
                      ^
14:       host: config.host || &apos;localhost&apos;,
15:       port: config.port || 6379,
At file: /kernel/pool.js:19:53

[Kernel] PostgresPool init failed: Parse failure: Parse failed with 1 error:
Expected `,` or `}` but found `=&gt;`
17:       db: config.db || 0,
18:       maxRetriesPerRequest: config.maxRetriesPerRequest || 3,
19:       retryStrategy: config.retryStrategy || (times) =&gt; Math.min(times * 50, 2000),
                                                         ^
20:       enableReadyCheck: true,
21:     };
11: export class RedisPoolManager {
12:   constructor(config = {}) {
13:     this.config = {
                      ^
14:       host: config.host || &apos;localhost&apos;,
15:       port: config.port || 6379,
At file: /kernel/pool.js:19:53

[ELKStack] Connection failed: connect ECONNREFUSED ::1:9200

[Kernel] ELKStack init failed: connect ECONNREFUSED ::1:9200

2026-04-14T07:44:28.685Z [31m[ERROR][0m [HundunOS:RestServer] Server error: &quot;listen EADDRINUSE: address already in use 0.0.0.0:38080&quot;

2026-04-14T07:44:28.689Z [33m[WARN][0m [HundunOS:Storage] put error: &quot;[Storage] Encryption required for key &apos;aware&apos; but HUNDUNOS_ENCRYPTION_KEY is not set. Refusing to write unencrypted sensitive data.&quot;
2026-04-14T07:44:28.689Z [33m[WARN][0m [HundunOS:Storage] put error: &quot;[Storage] Encryption required for key &apos;modelrouter:stats&apos; but HUNDUNOS_ENCRYPTION_KEY is not set. Refusing to write unencrypted sensitive data.&quot;
2026-04-14T07:44:28.689Z [33m[WARN][0m [HundunOS:Storage] put error: &quot;[Storage] Encryption required for key &apos;aware&apos; but HUNDUNOS_ENCRYPTION_KEY is not set. Refusing to write unencrypted sensitive data.&quot;

            </system-err>
        </testcase>
        <testcase classname="tests/v4.3/benchmark.test.js" name="HundunOS v4.3 Performance Benchmarks &gt; TaskGraph 性能 &gt; should measure task operations latency" time="12.9718628">
            <system-err>
[Kernel] System config not found: C:\Users\Lin\.qclaw\workspace\hundunos\config\system.test.json

2026-04-14T07:44:28.695Z [33m[WARN][0m [HundunOS:Storage] SECURITY WARNING: HUNDUNOS_ENCRYPTION_KEY not set. Encryption is DISABLED for this session. Set the env var before production use.

2026-04-14T07:44:32.967Z [33m[WARN][0m [HundunOS:Storage] put error: &quot;[Storage] Encryption required for key &apos;health_test&apos; but HUNDUNOS_ENCRYPTION_KEY is not set. Refusing to write unencrypted sensitive data.&quot;

[Kernel] Env issues: Ollama 本地推理, OpenClaw CLI, 存储层可用

2026-04-14T07:44:32.970Z [33m[WARN][0m [HundunOS:Storage] put error: &quot;[Storage] Encryption required for key &apos;aware&apos; but HUNDUNOS_ENCRYPTION_KEY is not set. Refusing to write unencrypted sensitive data.&quot;
2026-04-14T07:44:32.970Z [33m[WARN][0m [HundunOS:Storage] put error: &quot;[Storage] Encryption required for key &apos;aware&apos; but HUNDUNOS_ENCRYPTION_KEY is not set. Refusing to write unencrypted sensitive data.&quot;
2026-04-14T07:44:32.970Z [33m[WARN][0m [HundunOS:Storage] put error: &quot;[Storage] Encryption required for key &apos;aware&apos; but HUNDUNOS_ENCRYPTION_KEY is not set. Refusing to write unencrypted sensitive data.&quot;
2026-04-14T07:44:32.971Z [33m[WARN][0m [HundunOS:Storage] put error: &quot;[Storage] Encryption required for key &apos;aware&apos; but HUNDUNOS_ENCRYPTION_KEY is not set. Refusing to write unencrypted sensitive data.&quot;

2026-04-14T07:44:33.336Z [33m[WARN][0m [HundunOS:ModelRouter] Provider openai registration failed: &quot;Parse failure: Parse failed with 1 error:\nIdentifier expected. &apos;export&apos; is a reserved word that cannot be used here.\n73: // 注册为可用模型\r\n74: export const // Built-in model registry\r\n75: export const MODELS = {\r\n    ^\n76:     // GPT-4o Series\r\n77:     &apos;gpt-4o&apos;:                  { name: &apos;GPT-4o&apos;,                  context: 128000, costPer1M: 2.50,  capabilities: [&apos;...\nAt file: /kernel/model-router/providers/openai.js:75:0&quot;

2026-04-14T07:44:33.340Z [33m[WARN][0m [HundunOS:ModelRouter] Provider anthropic registration failed: &quot;Parse failure: Parse failed with 1 error:\nIdentifier expected. &apos;export&apos; is a reserved word that cannot be used here.\n85: // 注册为可用模型\n86: export const // Built-in model registry\n87: export const MODELS = {\n    ^\n88:     // Claude 4 Series (Latest)\n89:     &apos;claude-opus-4-20250514&apos;:          { name: &apos;Claude Opus 4&apos;,          context: 200000, costPer1M: 15.00, capabilit...\nAt file: /kernel/model-router/providers/anthropic.js:87:0&quot;

2026-04-14T07:44:33.342Z [33m[WARN][0m [HundunOS:Storage] put error: &quot;[Storage] Encryption required for key &apos;__health_check__&apos; but HUNDUNOS_ENCRYPTION_KEY is not set. Refusing to write unencrypted sensitive data.&quot;

[ClientAdapterManager] Failed to connect qclaw: QClaw Gateway 未运行或无法访问

[RustModules] ⚠️  Initialized (process) — Rust unavailable, using JS fallback

[Kernel] RustModules: ✗ daemon unavailable — using JS fallback

[TaskScientist] ⚠️  Rust BFTS engine unavailable — using JS fallback

[Kernel] Skill system init failed: Cannot find module &apos;file:///C:/Users/Lin/.qclaw/workspace/hundunos/skills/skill-registry.js&apos; imported from C:/Users/Lin/.qclaw/workspace/hundunos/kernel/mixins/ModuleMixin.js

[Kernel] ProactiveManager init failed: Cannot find module &apos;file:///C:/Users/Lin/.qclaw/workspace/hundunos/proactive/proactive.js&apos; imported from C:/Users/Lin/.qclaw/workspace/hundunos/kernel/mixins/ModuleMixin.js

[Kernel] AgentTeams init failed: Cannot find module &apos;file:///C:/Users/Lin/.qclaw/workspace/hundunos/agent-teams/manager.js&apos; imported from C:/Users/Lin/.qclaw/workspace/hundunos/kernel/mixins/ModuleMixin.js

[Kernel] DebateTeamManager init failed: Failed to parse source for import analysis because the content contains invalid JS syntax. If you are using JSX, make sure to name the file with the .jsx or .tsx extension.

[Kernel] UnifiedProvider init failed: Cannot find module &apos;file:///C:/Users/Lin/.qclaw/workspace/hundunos/providers/provider-compat.js&apos; imported from C:/Users/Lin/.qclaw/workspace/hundunos/kernel/mixins/ModuleMixin.js

[Kernel] ComputerUse init failed: Cannot find module &apos;file:///C:/Users/Lin/.qclaw/workspace/hundunos/computer-use/computer-use.js&apos; imported from C:/Users/Lin/.qclaw/workspace/hundunos/kernel/mixins/ModuleMixin.js

[Kernel] SessionCompactor init failed: Cannot find module &apos;file:///C:/Users/Lin/.qclaw/workspace/hundunos/compact/compactor.js&apos; imported from C:/Users/Lin/.qclaw/workspace/hundunos/kernel/mixins/ModuleMixin.js

[Kernel] Monitoring init failed: A metric with the name hundunos_tool_executions_total has already been registered.

[Kernel] Security init failed: HUNDUNOS_ENCRYPTION_KEY is required for API key encryption

[Kernel] RedisPool init failed: Parse failure: Parse failed with 1 error:
Expected `,` or `}` but found `=&gt;`
17:       db: config.db || 0,
18:       maxRetriesPerRequest: config.maxRetriesPerRequest || 3,
19:       retryStrategy: config.retryStrategy || (times) =&gt; Math.min(times * 50, 2000),
                                                         ^
20:       enableReadyCheck: true,
21:     };
11: export class RedisPoolManager {
12:   constructor(config = {}) {
13:     this.config = {
                      ^
14:       host: config.host || &apos;localhost&apos;,
15:       port: config.port || 6379,
At file: /kernel/pool.js:19:53

[Kernel] PostgresPool init failed: Parse failure: Parse failed with 1 error:
Expected `,` or `}` but found `=&gt;`
17:       db: config.db || 0,
18:       maxRetriesPerRequest: config.maxRetriesPerRequest || 3,
19:       retryStrategy: config.retryStrategy || (times) =&gt; Math.min(times * 50, 2000),
                                                         ^
20:       enableReadyCheck: true,
21:     };
11: export class RedisPoolManager {
12:   constructor(config = {}) {
13:     this.config = {
                      ^
14:       host: config.host || &apos;localhost&apos;,
15:       port: config.port || 6379,
At file: /kernel/pool.js:19:53

[ELKStack] Connection failed: connect ECONNREFUSED ::1:9200

[Kernel] ELKStack init failed: connect ECONNREFUSED ::1:9200

2026-04-14T07:44:41.634Z [31m[ERROR][0m [HundunOS:RestServer] Server error: &quot;listen EADDRINUSE: address already in use 0.0.0.0:38080&quot;

2026-04-14T07:44:41.653Z [33m[WARN][0m [HundunOS:Storage] put error: &quot;[Storage] Encryption required for key &apos;aware&apos; but HUNDUNOS_ENCRYPTION_KEY is not set. Refusing to write unencrypted sensitive data.&quot;
2026-04-14T07:44:41.653Z [33m[WARN][0m [HundunOS:Storage] put error: &quot;[Storage] Encryption required for key &apos;modelrouter:stats&apos; but HUNDUNOS_ENCRYPTION_KEY is not set. Refusing to write unencrypted sensitive data.&quot;
2026-04-14T07:44:41.654Z [33m[WARN][0m [HundunOS:Storage] put error: &quot;[Storage] Encryption required for key &apos;aware&apos; but HUNDUNOS_ENCRYPTION_KEY is not set. Refusing to write unencrypted sensitive data.&quot;

            </system-err>
            <failure message="ENOENT: no such file or directory, open &apos;C:\Users\Lin\.qclaw\workspace\hundunos\.hundunos\test-benchmark\conditional-tasks\task_1.json&apos;" type="Error">
Error: ENOENT: no such file or directory, open &apos;C:\Users\Lin\.qclaw\workspace\hundunos\.hundunos\test-benchmark\conditional-tasks\task_1.json&apos;
 ❯ ConditionalTaskGraph._save kernel/conditional-task-graph.js:115:22
 ❯ ConditionalTaskGraph.create kernel/conditional-task-graph.js:313:14
 ❯ tests/v4.3/benchmark.test.js:374:32

⎯⎯⎯⎯⎯⎯⎯⎯⎯⎯⎯⎯⎯⎯⎯⎯⎯⎯⎯⎯⎯⎯⎯⎯⎯⎯⎯⎯⎯⎯
Serialized Error: { errno: -4058, code: &apos;ENOENT&apos;, syscall: &apos;open&apos;, path: &apos;C:\Users\Lin\.qclaw\workspace\hundunos\.hundunos\test-benchmark\conditional-tasks\task_1.json&apos; }
            </failure>
        </testcase>
        <testcase classname="tests/v4.3/benchmark.test.js" name="HundunOS v4.3 Performance Benchmarks &gt; TaskGraph 性能 &gt; should measure dependency graph performance" time="14.6265762">
            <system-err>
[Kernel] System config not found: C:\Users\Lin\.qclaw\workspace\hundunos\config\system.test.json

2026-04-14T07:44:41.672Z [33m[WARN][0m [HundunOS:Storage] SECURITY WARNING: HUNDUNOS_ENCRYPTION_KEY not set. Encryption is DISABLED for this session. Set the env var before production use.

2026-04-14T07:44:46.415Z [33m[WARN][0m [HundunOS:Storage] put error: &quot;[Storage] Encryption required for key &apos;health_test&apos; but HUNDUNOS_ENCRYPTION_KEY is not set. Refusing to write unencrypted sensitive data.&quot;

[Kernel] Env issues: Ollama 本地推理, OpenClaw CLI, 存储层可用

2026-04-14T07:44:46.419Z [33m[WARN][0m [HundunOS:Storage] put error: &quot;[Storage] Encryption required for key &apos;aware&apos; but HUNDUNOS_ENCRYPTION_KEY is not set. Refusing to write unencrypted sensitive data.&quot;
2026-04-14T07:44:46.420Z [33m[WARN][0m [HundunOS:Storage] put error: &quot;[Storage] Encryption required for key &apos;aware&apos; but HUNDUNOS_ENCRYPTION_KEY is not set. Refusing to write unencrypted sensitive data.&quot;
2026-04-14T07:44:46.420Z [33m[WARN][0m [HundunOS:Storage] put error: &quot;[Storage] Encryption required for key &apos;aware&apos; but HUNDUNOS_ENCRYPTION_KEY is not set. Refusing to write unencrypted sensitive data.&quot;
2026-04-14T07:44:46.421Z [33m[WARN][0m [HundunOS:Storage] put error: &quot;[Storage] Encryption required for key &apos;aware&apos; but HUNDUNOS_ENCRYPTION_KEY is not set. Refusing to write unencrypted sensitive data.&quot;

2026-04-14T07:44:46.756Z [33m[WARN][0m [HundunOS:ModelRouter] Provider openai registration failed: &quot;Parse failure: Parse failed with 1 error:\nIdentifier expected. &apos;export&apos; is a reserved word that cannot be used here.\n73: // 注册为可用模型\r\n74: export const // Built-in model registry\r\n75: export const MODELS = {\r\n    ^\n76:     // GPT-4o Series\r\n77:     &apos;gpt-4o&apos;:                  { name: &apos;GPT-4o&apos;,                  context: 128000, costPer1M: 2.50,  capabilities: [&apos;...\nAt file: /kernel/model-router/providers/openai.js:75:0&quot;

2026-04-14T07:44:46.763Z [33m[WARN][0m [HundunOS:ModelRouter] Provider anthropic registration failed: &quot;Parse failure: Parse failed with 1 error:\nIdentifier expected. &apos;export&apos; is a reserved word that cannot be used here.\n85: // 注册为可用模型\n86: export const // Built-in model registry\n87: export const MODELS = {\n    ^\n88:     // Claude 4 Series (Latest)\n89:     &apos;claude-opus-4-20250514&apos;:          { name: &apos;Claude Opus 4&apos;,          context: 200000, costPer1M: 15.00, capabilit...\nAt file: /kernel/model-router/providers/anthropic.js:87:0&quot;

2026-04-14T07:44:46.766Z [33m[WARN][0m [HundunOS:Storage] put error: &quot;[Storage] Encryption required for key &apos;__health_check__&apos; but HUNDUNOS_ENCRYPTION_KEY is not set. Refusing to write unencrypted sensitive data.&quot;

[ClientAdapterManager] Failed to connect qclaw: QClaw Gateway 未运行或无法访问

[RustModules] ⚠️  Initialized (process) — Rust unavailable, using JS fallback

[Kernel] RustModules: ✗ daemon unavailable — using JS fallback

[TaskScientist] ⚠️  Rust BFTS engine unavailable — using JS fallback

[Kernel] Skill system init failed: Cannot find module &apos;file:///C:/Users/Lin/.qclaw/workspace/hundunos/skills/skill-registry.js&apos; imported from C:/Users/Lin/.qclaw/workspace/hundunos/kernel/mixins/ModuleMixin.js

[Kernel] ProactiveManager init failed: Cannot find module &apos;file:///C:/Users/Lin/.qclaw/workspace/hundunos/proactive/proactive.js&apos; imported from C:/Users/Lin/.qclaw/workspace/hundunos/kernel/mixins/ModuleMixin.js

[Kernel] AgentTeams init failed: Cannot find module &apos;file:///C:/Users/Lin/.qclaw/workspace/hundunos/agent-teams/manager.js&apos; imported from C:/Users/Lin/.qclaw/workspace/hundunos/kernel/mixins/ModuleMixin.js

[Kernel] DebateTeamManager init failed: Failed to parse source for import analysis because the content contains invalid JS syntax. If you are using JSX, make sure to name the file with the .jsx or .tsx extension.

[Kernel] UnifiedProvider init failed: Cannot find module &apos;file:///C:/Users/Lin/.qclaw/workspace/hundunos/providers/provider-compat.js&apos; imported from C:/Users/Lin/.qclaw/workspace/hundunos/kernel/mixins/ModuleMixin.js

[Kernel] ComputerUse init failed: Cannot find module &apos;file:///C:/Users/Lin/.qclaw/workspace/hundunos/computer-use/computer-use.js&apos; imported from C:/Users/Lin/.qclaw/workspace/hundunos/kernel/mixins/ModuleMixin.js

[Kernel] SessionCompactor init failed: Cannot find module &apos;file:///C:/Users/Lin/.qclaw/workspace/hundunos/compact/compactor.js&apos; imported from C:/Users/Lin/.qclaw/workspace/hundunos/kernel/mixins/ModuleMixin.js

[Kernel] Monitoring init failed: A metric with the name hundunos_tool_executions_total has already been registered.

[Kernel] Security init failed: HUNDUNOS_ENCRYPTION_KEY is required for API key encryption

[Kernel] RedisPool init failed: Parse failure: Parse failed with 1 error:
Expected `,` or `}` but found `=&gt;`
17:       db: config.db || 0,
18:       maxRetriesPerRequest: config.maxRetriesPerRequest || 3,
19:       retryStrategy: config.retryStrategy || (times) =&gt; Math.min(times * 50, 2000),
                                                         ^
20:       enableReadyCheck: true,
21:     };
11: export class RedisPoolManager {
12:   constructor(config = {}) {
13:     this.config = {
                      ^
14:       host: config.host || &apos;localhost&apos;,
15:       port: config.port || 6379,
At file: /kernel/pool.js:19:53

[Kernel] PostgresPool init failed: Parse failure: Parse failed with 1 error:
Expected `,` or `}` but found `=&gt;`
17:       db: config.db || 0,
18:       maxRetriesPerRequest: config.maxRetriesPerRequest || 3,
19:       retryStrategy: config.retryStrategy || (times) =&gt; Math.min(times * 50, 2000),
                                                         ^
20:       enableReadyCheck: true,
21:     };
11: export class RedisPoolManager {
12:   constructor(config = {}) {
13:     this.config = {
                      ^
14:       host: config.host || &apos;localhost&apos;,
15:       port: config.port || 6379,
At file: /kernel/pool.js:19:53

[ELKStack] Connection failed: connect ECONNREFUSED ::1:9200

[Kernel] ELKStack init failed: connect ECONNREFUSED ::1:9200

2026-04-14T07:44:56.284Z [31m[ERROR][0m [HundunOS:RestServer] Server error: &quot;listen EADDRINUSE: address already in use 0.0.0.0:38080&quot;

2026-04-14T07:44:56.287Z [33m[WARN][0m [HundunOS:Storage] put error: &quot;[Storage] Encryption required for key &apos;aware&apos; but HUNDUNOS_ENCRYPTION_KEY is not set. Refusing to write unencrypted sensitive data.&quot;
2026-04-14T07:44:56.287Z [33m[WARN][0m [HundunOS:Storage] put error: &quot;[Storage] Encryption required for key &apos;modelrouter:stats&apos; but HUNDUNOS_ENCRYPTION_KEY is not set. Refusing to write unencrypted sensitive data.&quot;
2026-04-14T07:44:56.288Z [33m[WARN][0m [HundunOS:Storage] put error: &quot;[Storage] Encryption required for key &apos;aware&apos; but HUNDUNOS_ENCRYPTION_KEY is not set. Refusing to write unencrypted sensitive data.&quot;

            </system-err>
            <failure message="ENOENT: no such file or directory, open &apos;C:\Users\Lin\.qclaw\workspace\hundunos\.hundunos\test-benchmark\conditional-tasks\task_1.json&apos;" type="Error">
Error: ENOENT: no such file or directory, open &apos;C:\Users\Lin\.qclaw\workspace\hundunos\.hundunos\test-benchmark\conditional-tasks\task_1.json&apos;
 ❯ ConditionalTaskGraph._save kernel/conditional-task-graph.js:115:22
 ❯ ConditionalTaskGraph.create kernel/conditional-task-graph.js:313:14
 ❯ tests/v4.3/benchmark.test.js:413:45

⎯⎯⎯⎯⎯⎯⎯⎯⎯⎯⎯⎯⎯⎯⎯⎯⎯⎯⎯⎯⎯⎯⎯⎯⎯⎯⎯⎯⎯⎯
Serialized Error: { errno: -4058, code: &apos;ENOENT&apos;, syscall: &apos;open&apos;, path: &apos;C:\Users\Lin\.qclaw\workspace\hundunos\.hundunos\test-benchmark\conditional-tasks\task_1.json&apos; }
            </failure>
        </testcase>
        <testcase classname="tests/v4.3/benchmark.test.js" name="HundunOS v4.3 Performance Benchmarks &gt; MessageBus 性能 &gt; should measure message throughput" time="15.1213782">
            <system-out>

MessageBus Benchmark (1000 messages):
  Avg latency: 0.00ms
  Max latency: 1ms
  Throughput: 500000.00 msg/s


            </system-out>
            <system-err>
[Kernel] System config not found: C:\Users\Lin\.qclaw\workspace\hundunos\config\system.test.json

2026-04-14T07:44:56.293Z [33m[WARN][0m [HundunOS:Storage] SECURITY WARNING: HUNDUNOS_ENCRYPTION_KEY not set. Encryption is DISABLED for this session. Set the env var before production use.

2026-04-14T07:45:01.608Z [33m[WARN][0m [HundunOS:Storage] put error: &quot;[Storage] Encryption required for key &apos;health_test&apos; but HUNDUNOS_ENCRYPTION_KEY is not set. Refusing to write unencrypted sensitive data.&quot;

[Kernel] Env issues: Ollama 本地推理, OpenClaw CLI, 存储层可用

2026-04-14T07:45:01.612Z [33m[WARN][0m [HundunOS:Storage] put error: &quot;[Storage] Encryption required for key &apos;aware&apos; but HUNDUNOS_ENCRYPTION_KEY is not set. Refusing to write unencrypted sensitive data.&quot;
2026-04-14T07:45:01.612Z [33m[WARN][0m [HundunOS:Storage] put error: &quot;[Storage] Encryption required for key &apos;aware&apos; but HUNDUNOS_ENCRYPTION_KEY is not set. Refusing to write unencrypted sensitive data.&quot;
2026-04-14T07:45:01.613Z [33m[WARN][0m [HundunOS:Storage] put error: &quot;[Storage] Encryption required for key &apos;aware&apos; but HUNDUNOS_ENCRYPTION_KEY is not set. Refusing to write unencrypted sensitive data.&quot;
2026-04-14T07:45:01.613Z [33m[WARN][0m [HundunOS:Storage] put error: &quot;[Storage] Encryption required for key &apos;aware&apos; but HUNDUNOS_ENCRYPTION_KEY is not set. Refusing to write unencrypted sensitive data.&quot;

2026-04-14T07:45:02.041Z [33m[WARN][0m [HundunOS:ModelRouter] Provider openai registration failed: &quot;Parse failure: Parse failed with 1 error:\nIdentifier expected. &apos;export&apos; is a reserved word that cannot be used here.\n73: // 注册为可用模型\r\n74: export const // Built-in model registry\r\n75: export const MODELS = {\r\n    ^\n76:     // GPT-4o Series\r\n77:     &apos;gpt-4o&apos;:                  { name: &apos;GPT-4o&apos;,                  context: 128000, costPer1M: 2.50,  capabilities: [&apos;...\nAt file: /kernel/model-router/providers/openai.js:75:0&quot;

2026-04-14T07:45:02.047Z [33m[WARN][0m [HundunOS:ModelRouter] Provider anthropic registration failed: &quot;Parse failure: Parse failed with 1 error:\nIdentifier expected. &apos;export&apos; is a reserved word that cannot be used here.\n85: // 注册为可用模型\n86: export const // Built-in model registry\n87: export const MODELS = {\n    ^\n88:     // Claude 4 Series (Latest)\n89:     &apos;claude-opus-4-20250514&apos;:          { name: &apos;Claude Opus 4&apos;,          context: 200000, costPer1M: 15.00, capabilit...\nAt file: /kernel/model-router/providers/anthropic.js:87:0&quot;

2026-04-14T07:45:02.051Z [33m[WARN][0m [HundunOS:Storage] put error: &quot;[Storage] Encryption required for key &apos;__health_check__&apos; but HUNDUNOS_ENCRYPTION_KEY is not set. Refusing to write unencrypted sensitive data.&quot;

[ClientAdapterManager] Failed to connect qclaw: QClaw Gateway 未运行或无法访问

[RustModules] ⚠️  Initialized (process) — Rust unavailable, using JS fallback

[Kernel] RustModules: ✗ daemon unavailable — using JS fallback

[TaskScientist] ⚠️  Rust BFTS engine unavailable — using JS fallback

[Kernel] Skill system init failed: Cannot find module &apos;file:///C:/Users/Lin/.qclaw/workspace/hundunos/skills/skill-registry.js&apos; imported from C:/Users/Lin/.qclaw/workspace/hundunos/kernel/mixins/ModuleMixin.js

[Kernel] ProactiveManager init failed: Cannot find module &apos;file:///C:/Users/Lin/.qclaw/workspace/hundunos/proactive/proactive.js&apos; imported from C:/Users/Lin/.qclaw/workspace/hundunos/kernel/mixins/ModuleMixin.js

[Kernel] AgentTeams init failed: Cannot find module &apos;file:///C:/Users/Lin/.qclaw/workspace/hundunos/agent-teams/manager.js&apos; imported from C:/Users/Lin/.qclaw/workspace/hundunos/kernel/mixins/ModuleMixin.js

[Kernel] DebateTeamManager init failed: Failed to parse source for import analysis because the content contains invalid JS syntax. If you are using JSX, make sure to name the file with the .jsx or .tsx extension.

[Kernel] UnifiedProvider init failed: Cannot find module &apos;file:///C:/Users/Lin/.qclaw/workspace/hundunos/providers/provider-compat.js&apos; imported from C:/Users/Lin/.qclaw/workspace/hundunos/kernel/mixins/ModuleMixin.js

[Kernel] ComputerUse init failed: Cannot find module &apos;file:///C:/Users/Lin/.qclaw/workspace/hundunos/computer-use/computer-use.js&apos; imported from C:/Users/Lin/.qclaw/workspace/hundunos/kernel/mixins/ModuleMixin.js

[Kernel] SessionCompactor init failed: Cannot find module &apos;file:///C:/Users/Lin/.qclaw/workspace/hundunos/compact/compactor.js&apos; imported from C:/Users/Lin/.qclaw/workspace/hundunos/kernel/mixins/ModuleMixin.js

[Kernel] Monitoring init failed: A metric with the name hundunos_tool_executions_total has already been registered.

[Kernel] Security init failed: HUNDUNOS_ENCRYPTION_KEY is required for API key encryption

[Kernel] RedisPool init failed: Parse failure: Parse failed with 1 error:
Expected `,` or `}` but found `=&gt;`
17:       db: config.db || 0,
18:       maxRetriesPerRequest: config.maxRetriesPerRequest || 3,
19:       retryStrategy: config.retryStrategy || (times) =&gt; Math.min(times * 50, 2000),
                                                         ^
20:       enableReadyCheck: true,
21:     };
11: export class RedisPoolManager {
12:   constructor(config = {}) {
13:     this.config = {
                      ^
14:       host: config.host || &apos;localhost&apos;,
15:       port: config.port || 6379,
At file: /kernel/pool.js:19:53

[Kernel] PostgresPool init failed: Parse failure: Parse failed with 1 error:
Expected `,` or `}` but found `=&gt;`
17:       db: config.db || 0,
18:       maxRetriesPerRequest: config.maxRetriesPerRequest || 3,
19:       retryStrategy: config.retryStrategy || (times) =&gt; Math.min(times * 50, 2000),
                                                         ^
20:       enableReadyCheck: true,
21:     };
11: export class RedisPoolManager {
12:   constructor(config = {}) {
13:     this.config = {
                      ^
14:       host: config.host || &apos;localhost&apos;,
15:       port: config.port || 6379,
At file: /kernel/pool.js:19:53

[ELKStack] Connection failed: connect ECONNREFUSED ::1:9200

[Kernel] ELKStack init failed: connect ECONNREFUSED ::1:9200

2026-04-14T07:45:11.402Z [31m[ERROR][0m [HundunOS:RestServer] Server error: &quot;listen EADDRINUSE: address already in use 0.0.0.0:38080&quot;

2026-04-14T07:45:11.409Z [33m[WARN][0m [HundunOS:Storage] put error: &quot;[Storage] Encryption required for key &apos;aware&apos; but HUNDUNOS_ENCRYPTION_KEY is not set. Refusing to write unencrypted sensitive data.&quot;
2026-04-14T07:45:11.409Z [33m[WARN][0m [HundunOS:Storage] put error: &quot;[Storage] Encryption required for key &apos;modelrouter:stats&apos; but HUNDUNOS_ENCRYPTION_KEY is not set. Refusing to write unencrypted sensitive data.&quot;
2026-04-14T07:45:11.409Z [33m[WARN][0m [HundunOS:Storage] put error: &quot;[Storage] Encryption required for key &apos;aware&apos; but HUNDUNOS_ENCRYPTION_KEY is not set. Refusing to write unencrypted sensitive data.&quot;

            </system-err>
        </testcase>
        <testcase classname="tests/v4.3/benchmark.test.js" name="HundunOS v4.3 Performance Benchmarks &gt; Plan Approval 性能 &gt; should measure approval cycle latency" time="14.0141137">
            <system-out>

Plan Approval Benchmark (100 cycles):
  Avg cycle latency: 0.00ms
  Max cycle latency: 0ms
  Min cycle latency: 0ms


            </system-out>
            <system-err>
[Kernel] System config not found: C:\Users\Lin\.qclaw\workspace\hundunos\config\system.test.json

2026-04-14T07:45:11.422Z [33m[WARN][0m [HundunOS:Storage] SECURITY WARNING: HUNDUNOS_ENCRYPTION_KEY not set. Encryption is DISABLED for this session. Set the env var before production use.

2026-04-14T07:45:17.899Z [33m[WARN][0m [HundunOS:Storage] put error: &quot;[Storage] Encryption required for key &apos;health_test&apos; but HUNDUNOS_ENCRYPTION_KEY is not set. Refusing to write unencrypted sensitive data.&quot;

[Kernel] Env issues: Ollama 本地推理, OpenClaw CLI, 存储层可用, 内存充足

2026-04-14T07:45:17.902Z [33m[WARN][0m [HundunOS:Storage] put error: &quot;[Storage] Encryption required for key &apos;aware&apos; but HUNDUNOS_ENCRYPTION_KEY is not set. Refusing to write unencrypted sensitive data.&quot;
2026-04-14T07:45:17.902Z [33m[WARN][0m [HundunOS:Storage] put error: &quot;[Storage] Encryption required for key &apos;aware&apos; but HUNDUNOS_ENCRYPTION_KEY is not set. Refusing to write unencrypted sensitive data.&quot;
2026-04-14T07:45:17.902Z [33m[WARN][0m [HundunOS:Storage] put error: &quot;[Storage] Encryption required for key &apos;aware&apos; but HUNDUNOS_ENCRYPTION_KEY is not set. Refusing to write unencrypted sensitive data.&quot;
2026-04-14T07:45:17.902Z [33m[WARN][0m [HundunOS:Storage] put error: &quot;[Storage] Encryption required for key &apos;aware&apos; but HUNDUNOS_ENCRYPTION_KEY is not set. Refusing to write unencrypted sensitive data.&quot;

2026-04-14T07:45:18.224Z [33m[WARN][0m [HundunOS:ModelRouter] Provider openai registration failed: &quot;Parse failure: Parse failed with 1 error:\nIdentifier expected. &apos;export&apos; is a reserved word that cannot be used here.\n73: // 注册为可用模型\r\n74: export const // Built-in model registry\r\n75: export const MODELS = {\r\n    ^\n76:     // GPT-4o Series\r\n77:     &apos;gpt-4o&apos;:                  { name: &apos;GPT-4o&apos;,                  context: 128000, costPer1M: 2.50,  capabilities: [&apos;...\nAt file: /kernel/model-router/providers/openai.js:75:0&quot;

2026-04-14T07:45:18.226Z [33m[WARN][0m [HundunOS:ModelRouter] Provider anthropic registration failed: &quot;Parse failure: Parse failed with 1 error:\nIdentifier expected. &apos;export&apos; is a reserved word that cannot be used here.\n85: // 注册为可用模型\n86: export const // Built-in model registry\n87: export const MODELS = {\n    ^\n88:     // Claude 4 Series (Latest)\n89:     &apos;claude-opus-4-20250514&apos;:          { name: &apos;Claude Opus 4&apos;,          context: 200000, costPer1M: 15.00, capabilit...\nAt file: /kernel/model-router/providers/anthropic.js:87:0&quot;

2026-04-14T07:45:18.230Z [33m[WARN][0m [HundunOS:Storage] put error: &quot;[Storage] Encryption required for key &apos;__health_check__&apos; but HUNDUNOS_ENCRYPTION_KEY is not set. Refusing to write unencrypted sensitive data.&quot;

[ClientAdapterManager] Failed to connect qclaw: QClaw Gateway 未运行或无法访问

[RustModules] ⚠️  Initialized (process) — Rust unavailable, using JS fallback

[Kernel] RustModules: ✗ daemon unavailable — using JS fallback

[TaskScientist] ⚠️  Rust BFTS engine unavailable — using JS fallback

[Kernel] Skill system init failed: Cannot find module &apos;file:///C:/Users/Lin/.qclaw/workspace/hundunos/skills/skill-registry.js&apos; imported from C:/Users/Lin/.qclaw/workspace/hundunos/kernel/mixins/ModuleMixin.js

[Kernel] ProactiveManager init failed: Cannot find module &apos;file:///C:/Users/Lin/.qclaw/workspace/hundunos/proactive/proactive.js&apos; imported from C:/Users/Lin/.qclaw/workspace/hundunos/kernel/mixins/ModuleMixin.js

[Kernel] AgentTeams init failed: Cannot find module &apos;file:///C:/Users/Lin/.qclaw/workspace/hundunos/agent-teams/manager.js&apos; imported from C:/Users/Lin/.qclaw/workspace/hundunos/kernel/mixins/ModuleMixin.js

[Kernel] DebateTeamManager init failed: Failed to parse source for import analysis because the content contains invalid JS syntax. If you are using JSX, make sure to name the file with the .jsx or .tsx extension.

[Kernel] UnifiedProvider init failed: Cannot find module &apos;file:///C:/Users/Lin/.qclaw/workspace/hundunos/providers/provider-compat.js&apos; imported from C:/Users/Lin/.qclaw/workspace/hundunos/kernel/mixins/ModuleMixin.js

[Kernel] ComputerUse init failed: Cannot find module &apos;file:///C:/Users/Lin/.qclaw/workspace/hundunos/computer-use/computer-use.js&apos; imported from C:/Users/Lin/.qclaw/workspace/hundunos/kernel/mixins/ModuleMixin.js

[Kernel] SessionCompactor init failed: Cannot find module &apos;file:///C:/Users/Lin/.qclaw/workspace/hundunos/compact/compactor.js&apos; imported from C:/Users/Lin/.qclaw/workspace/hundunos/kernel/mixins/ModuleMixin.js

[Kernel] Monitoring init failed: A metric with the name hundunos_tool_executions_total has already been registered.

[Kernel] Security init failed: HUNDUNOS_ENCRYPTION_KEY is required for API key encryption

[Kernel] RedisPool init failed: Parse failure: Parse failed with 1 error:
Expected `,` or `}` but found `=&gt;`
17:       db: config.db || 0,
18:       maxRetriesPerRequest: config.maxRetriesPerRequest || 3,
19:       retryStrategy: config.retryStrategy || (times) =&gt; Math.min(times * 50, 2000),
                                                         ^
20:       enableReadyCheck: true,
21:     };
11: export class RedisPoolManager {
12:   constructor(config = {}) {
13:     this.config = {
                      ^
14:       host: config.host || &apos;localhost&apos;,
15:       port: config.port || 6379,
At file: /kernel/pool.js:19:53

[Kernel] PostgresPool init failed: Parse failure: Parse failed with 1 error:
Expected `,` or `}` but found `=&gt;`
17:       db: config.db || 0,
18:       maxRetriesPerRequest: config.maxRetriesPerRequest || 3,
19:       retryStrategy: config.retryStrategy || (times) =&gt; Math.min(times * 50, 2000),
                                                         ^
20:       enableReadyCheck: true,
21:     };
11: export class RedisPoolManager {
12:   constructor(config = {}) {
13:     this.config = {
                      ^
14:       host: config.host || &apos;localhost&apos;,
15:       port: config.port || 6379,
At file: /kernel/pool.js:19:53

[ELKStack] Connection failed: connect ECONNREFUSED ::1:9200

[Kernel] ELKStack init failed: connect ECONNREFUSED ::1:9200

2026-04-14T07:45:25.415Z [31m[ERROR][0m [HundunOS:RestServer] Server error: &quot;listen EADDRINUSE: address already in use 0.0.0.0:38080&quot;

2026-04-14T07:45:25.421Z [33m[WARN][0m [HundunOS:Storage] put error: &quot;[Storage] Encryption required for key &apos;aware&apos; but HUNDUNOS_ENCRYPTION_KEY is not set. Refusing to write unencrypted sensitive data.&quot;
2026-04-14T07:45:25.422Z [33m[WARN][0m [HundunOS:Storage] put error: &quot;[Storage] Encryption required for key &apos;modelrouter:stats&apos; but HUNDUNOS_ENCRYPTION_KEY is not set. Refusing to write unencrypted sensitive data.&quot;
2026-04-14T07:45:25.422Z [33m[WARN][0m [HundunOS:Storage] put error: &quot;[Storage] Encryption required for key &apos;aware&apos; but HUNDUNOS_ENCRYPTION_KEY is not set. Refusing to write unencrypted sensitive data.&quot;

            </system-err>
        </testcase>
        <testcase classname="tests/v4.3/benchmark.test.js" name="HundunOS v4.3 Performance Benchmarks &gt; 综合性能对比 &gt; should compare performance with and without compact" time="18.1756159">
            <system-out>

Comprehensive Performance Comparison:
  Original tokens: 490
  Compressed tokens: 8
  Token reduction: 482 (98.37%)
  Compression time: 0ms
  Messages reduced: 40 → 5


            </system-out>
            <system-err>
[Kernel] System config not found: C:\Users\Lin\.qclaw\workspace\hundunos\config\system.test.json

2026-04-14T07:45:25.440Z [33m[WARN][0m [HundunOS:Storage] SECURITY WARNING: HUNDUNOS_ENCRYPTION_KEY not set. Encryption is DISABLED for this session. Set the env var before production use.

2026-04-14T07:45:34.264Z [33m[WARN][0m [HundunOS:Storage] put error: &quot;[Storage] Encryption required for key &apos;health_test&apos; but HUNDUNOS_ENCRYPTION_KEY is not set. Refusing to write unencrypted sensitive data.&quot;

[Kernel] Env issues: Ollama 本地推理, OpenClaw CLI, 存储层可用

2026-04-14T07:45:34.268Z [33m[WARN][0m [HundunOS:Storage] put error: &quot;[Storage] Encryption required for key &apos;aware&apos; but HUNDUNOS_ENCRYPTION_KEY is not set. Refusing to write unencrypted sensitive data.&quot;
2026-04-14T07:45:34.268Z [33m[WARN][0m [HundunOS:Storage] put error: &quot;[Storage] Encryption required for key &apos;aware&apos; but HUNDUNOS_ENCRYPTION_KEY is not set. Refusing to write unencrypted sensitive data.&quot;
2026-04-14T07:45:34.268Z [33m[WARN][0m [HundunOS:Storage] put error: &quot;[Storage] Encryption required for key &apos;aware&apos; but HUNDUNOS_ENCRYPTION_KEY is not set. Refusing to write unencrypted sensitive data.&quot;
2026-04-14T07:45:34.268Z [33m[WARN][0m [HundunOS:Storage] put error: &quot;[Storage] Encryption required for key &apos;aware&apos; but HUNDUNOS_ENCRYPTION_KEY is not set. Refusing to write unencrypted sensitive data.&quot;

2026-04-14T07:45:34.666Z [33m[WARN][0m [HundunOS:ModelRouter] Provider openai registration failed: &quot;Parse failure: Parse failed with 1 error:\nIdentifier expected. &apos;export&apos; is a reserved word that cannot be used here.\n73: // 注册为可用模型\r\n74: export const // Built-in model registry\r\n75: export const MODELS = {\r\n    ^\n76:     // GPT-4o Series\r\n77:     &apos;gpt-4o&apos;:                  { name: &apos;GPT-4o&apos;,                  context: 128000, costPer1M: 2.50,  capabilities: [&apos;...\nAt file: /kernel/model-router/providers/openai.js:75:0&quot;

2026-04-14T07:45:34.675Z [33m[WARN][0m [HundunOS:ModelRouter] Provider anthropic registration failed: &quot;Parse failure: Parse failed with 1 error:\nIdentifier expected. &apos;export&apos; is a reserved word that cannot be used here.\n85: // 注册为可用模型\n86: export const // Built-in model registry\n87: export const MODELS = {\n    ^\n88:     // Claude 4 Series (Latest)\n89:     &apos;claude-opus-4-20250514&apos;:          { name: &apos;Claude Opus 4&apos;,          context: 200000, costPer1M: 15.00, capabilit...\nAt file: /kernel/model-router/providers/anthropic.js:87:0&quot;

2026-04-14T07:45:34.679Z [33m[WARN][0m [HundunOS:Storage] put error: &quot;[Storage] Encryption required for key &apos;__health_check__&apos; but HUNDUNOS_ENCRYPTION_KEY is not set. Refusing to write unencrypted sensitive data.&quot;

[ClientAdapterManager] Failed to connect qclaw: QClaw Gateway 未运行或无法访问

[RustModules] ⚠️  Initialized (process) — Rust unavailable, using JS fallback

[Kernel] RustModules: ✗ daemon unavailable — using JS fallback

[TaskScientist] ⚠️  Rust BFTS engine unavailable — using JS fallback

[Kernel] Skill system init failed: Cannot find module &apos;file:///C:/Users/Lin/.qclaw/workspace/hundunos/skills/skill-registry.js&apos; imported from C:/Users/Lin/.qclaw/workspace/hundunos/kernel/mixins/ModuleMixin.js

[Kernel] ProactiveManager init failed: Cannot find module &apos;file:///C:/Users/Lin/.qclaw/workspace/hundunos/proactive/proactive.js&apos; imported from C:/Users/Lin/.qclaw/workspace/hundunos/kernel/mixins/ModuleMixin.js

[Kernel] AgentTeams init failed: Cannot find module &apos;file:///C:/Users/Lin/.qclaw/workspace/hundunos/agent-teams/manager.js&apos; imported from C:/Users/Lin/.qclaw/workspace/hundunos/kernel/mixins/ModuleMixin.js

[Kernel] DebateTeamManager init failed: Failed to parse source for import analysis because the content contains invalid JS syntax. If you are using JSX, make sure to name the file with the .jsx or .tsx extension.

[Kernel] UnifiedProvider init failed: Cannot find module &apos;file:///C:/Users/Lin/.qclaw/workspace/hundunos/providers/provider-compat.js&apos; imported from C:/Users/Lin/.qclaw/workspace/hundunos/kernel/mixins/ModuleMixin.js

[Kernel] ComputerUse init failed: Cannot find module &apos;file:///C:/Users/Lin/.qclaw/workspace/hundunos/computer-use/computer-use.js&apos; imported from C:/Users/Lin/.qclaw/workspace/hundunos/kernel/mixins/ModuleMixin.js

[Kernel] SessionCompactor init failed: Cannot find module &apos;file:///C:/Users/Lin/.qclaw/workspace/hundunos/compact/compactor.js&apos; imported from C:/Users/Lin/.qclaw/workspace/hundunos/kernel/mixins/ModuleMixin.js

[Kernel] Monitoring init failed: A metric with the name hundunos_tool_executions_total has already been registered.

[Kernel] Security init failed: HUNDUNOS_ENCRYPTION_KEY is required for API key encryption

[Kernel] RedisPool init failed: Parse failure: Parse failed with 1 error:
Expected `,` or `}` but found `=&gt;`
17:       db: config.db || 0,
18:       maxRetriesPerRequest: config.maxRetriesPerRequest || 3,
19:       retryStrategy: config.retryStrategy || (times) =&gt; Math.min(times * 50, 2000),
                                                         ^
20:       enableReadyCheck: true,
21:     };
11: export class RedisPoolManager {
12:   constructor(config = {}) {
13:     this.config = {
                      ^
14:       host: config.host || &apos;localhost&apos;,
15:       port: config.port || 6379,
At file: /kernel/pool.js:19:53

[Kernel] PostgresPool init failed: Parse failure: Parse failed with 1 error:
Expected `,` or `}` but found `=&gt;`
17:       db: config.db || 0,
18:       maxRetriesPerRequest: config.maxRetriesPerRequest || 3,
19:       retryStrategy: config.retryStrategy || (times) =&gt; Math.min(times * 50, 2000),
                                                         ^
20:       enableReadyCheck: true,
21:     };
11: export class RedisPoolManager {
12:   constructor(config = {}) {
13:     this.config = {
                      ^
14:       host: config.host || &apos;localhost&apos;,
15:       port: config.port || 6379,
At file: /kernel/pool.js:19:53

[ELKStack] Connection failed: connect ECONNREFUSED ::1:9200

[Kernel] ELKStack init failed: connect ECONNREFUSED ::1:9200

2026-04-14T07:45:43.587Z [31m[ERROR][0m [HundunOS:RestServer] Server error: &quot;listen EADDRINUSE: address already in use 0.0.0.0:38080&quot;

2026-04-14T07:45:43.590Z [33m[WARN][0m [HundunOS:Storage] put error: &quot;[Storage] Encryption required for key &apos;aware&apos; but HUNDUNOS_ENCRYPTION_KEY is not set. Refusing to write unencrypted sensitive data.&quot;
2026-04-14T07:45:43.590Z [33m[WARN][0m [HundunOS:Storage] put error: &quot;[Storage] Encryption required for key &apos;modelrouter:stats&apos; but HUNDUNOS_ENCRYPTION_KEY is not set. Refusing to write unencrypted sensitive data.&quot;
2026-04-14T07:45:43.591Z [33m[WARN][0m [HundunOS:Storage] put error: &quot;[Storage] Encryption required for key &apos;aware&apos; but HUNDUNOS_ENCRYPTION_KEY is not set. Refusing to write unencrypted sensitive data.&quot;

            </system-err>
        </testcase>
    </testsuite>
    <testsuite name="tests/v4.3/integration.test.js" timestamp="2026-04-14T07:47:39.776Z" hostname="Tianwen" tests="20" failures="16" errors="0" skipped="0" time="401.2774963">
        <testcase classname="tests/v4.3/integration.test.js" name="HundunOS v4.3 Integration Tests &gt; Todo 工具集成 &gt; should create and update todo list" time="68.9869903">
            <system-err>
[Kernel] System config not found: C:\Users\Lin\.qclaw\workspace\hundunos\config\system.test.json

2026-04-14T07:40:57.443Z [33m[WARN][0m [HundunOS:Storage] SECURITY WARNING: HUNDUNOS_ENCRYPTION_KEY not set. Encryption is DISABLED for this session. Set the env var before production use.

2026-04-14T07:41:14.662Z [33m[WARN][0m [HundunOS:Storage] put error: &quot;[Storage] Encryption required for key &apos;health_test&apos; but HUNDUNOS_ENCRYPTION_KEY is not set. Refusing to write unencrypted sensitive data.&quot;

[Kernel] Env issues: Ollama 本地推理, OpenClaw CLI, 存储层可用, 内存充足

2026-04-14T07:41:18.768Z [33m[WARN][0m [HundunOS:Storage] put error: &quot;[Storage] Encryption required for key &apos;aware&apos; but HUNDUNOS_ENCRYPTION_KEY is not set. Refusing to write unencrypted sensitive data.&quot;
2026-04-14T07:41:18.768Z [33m[WARN][0m [HundunOS:Storage] put error: &quot;[Storage] Encryption required for key &apos;aware&apos; but HUNDUNOS_ENCRYPTION_KEY is not set. Refusing to write unencrypted sensitive data.&quot;
2026-04-14T07:41:18.769Z [33m[WARN][0m [HundunOS:Storage] put error: &quot;[Storage] Encryption required for key &apos;aware&apos; but HUNDUNOS_ENCRYPTION_KEY is not set. Refusing to write unencrypted sensitive data.&quot;
2026-04-14T07:41:18.769Z [33m[WARN][0m [HundunOS:Storage] put error: &quot;[Storage] Encryption required for key &apos;aware&apos; but HUNDUNOS_ENCRYPTION_KEY is not set. Refusing to write unencrypted sensitive data.&quot;

2026-04-14T07:41:22.580Z [33m[WARN][0m [HundunOS:ModelRouter] Provider openai registration failed: &quot;Parse failure: Parse failed with 1 error:\nIdentifier expected. &apos;export&apos; is a reserved word that cannot be used here.\n73: // 注册为可用模型\r\n74: export const // Built-in model registry\r\n75: export const MODELS = {\r\n    ^\n76:     // GPT-4o Series\r\n77:     &apos;gpt-4o&apos;:                  { name: &apos;GPT-4o&apos;,                  context: 128000, costPer1M: 2.50,  capabilities: [&apos;...\nAt file: /kernel/model-router/providers/openai.js:75:0&quot;

2026-04-14T07:41:22.586Z [33m[WARN][0m [HundunOS:ModelRouter] Provider anthropic registration failed: &quot;Parse failure: Parse failed with 1 error:\nIdentifier expected. &apos;export&apos; is a reserved word that cannot be used here.\n85: // 注册为可用模型\n86: export const // Built-in model registry\n87: export const MODELS = {\n    ^\n88:     // Claude 4 Series (Latest)\n89:     &apos;claude-opus-4-20250514&apos;:          { name: &apos;Claude Opus 4&apos;,          context: 200000, costPer1M: 15.00, capabilit...\nAt file: /kernel/model-router/providers/anthropic.js:87:0&quot;

2026-04-14T07:41:23.479Z [33m[WARN][0m [HundunOS:Storage] put error: &quot;[Storage] Encryption required for key &apos;__health_check__&apos; but HUNDUNOS_ENCRYPTION_KEY is not set. Refusing to write unencrypted sensitive data.&quot;

[ClientAdapterManager] Failed to connect qclaw: QClaw Gateway 未运行或无法访问

[RustModules] ⚠️  Initialized (process) — Rust unavailable, using JS fallback

[Kernel] RustModules: ✗ daemon unavailable — using JS fallback

[TaskScientist] ⚠️  Rust BFTS engine unavailable — using JS fallback

[Kernel] Skill system init failed: Cannot find module &apos;file:///C:/Users/Lin/.qclaw/workspace/hundunos/skills/skill-registry.js&apos; imported from C:/Users/Lin/.qclaw/workspace/hundunos/kernel/mixins/ModuleMixin.js

[Kernel] ProactiveManager init failed: Cannot find module &apos;file:///C:/Users/Lin/.qclaw/workspace/hundunos/proactive/proactive.js&apos; imported from C:/Users/Lin/.qclaw/workspace/hundunos/kernel/mixins/ModuleMixin.js

[Kernel] AgentTeams init failed: Cannot find module &apos;file:///C:/Users/Lin/.qclaw/workspace/hundunos/agent-teams/manager.js&apos; imported from C:/Users/Lin/.qclaw/workspace/hundunos/kernel/mixins/ModuleMixin.js

[Kernel] DebateTeamManager init failed: Failed to parse source for import analysis because the content contains invalid JS syntax. If you are using JSX, make sure to name the file with the .jsx or .tsx extension.

[Kernel] UnifiedProvider init failed: Cannot find module &apos;file:///C:/Users/Lin/.qclaw/workspace/hundunos/providers/provider-compat.js&apos; imported from C:/Users/Lin/.qclaw/workspace/hundunos/kernel/mixins/ModuleMixin.js

[Kernel] ComputerUse init failed: Cannot find module &apos;file:///C:/Users/Lin/.qclaw/workspace/hundunos/computer-use/computer-use.js&apos; imported from C:/Users/Lin/.qclaw/workspace/hundunos/kernel/mixins/ModuleMixin.js

[Kernel] SessionCompactor init failed: Cannot find module &apos;file:///C:/Users/Lin/.qclaw/workspace/hundunos/compact/compactor.js&apos; imported from C:/Users/Lin/.qclaw/workspace/hundunos/kernel/mixins/ModuleMixin.js

[Kernel] Security init failed: HUNDUNOS_ENCRYPTION_KEY is required for API key encryption

[Kernel] RedisPool init failed: Parse failure: Parse failed with 1 error:
Expected `,` or `}` but found `=&gt;`
17:       db: config.db || 0,
18:       maxRetriesPerRequest: config.maxRetriesPerRequest || 3,
19:       retryStrategy: config.retryStrategy || (times) =&gt; Math.min(times * 50, 2000),
                                                         ^
20:       enableReadyCheck: true,
21:     };
11: export class RedisPoolManager {
12:   constructor(config = {}) {
13:     this.config = {
                      ^
14:       host: config.host || &apos;localhost&apos;,
15:       port: config.port || 6379,
At file: /kernel/pool.js:19:53

[Kernel] PostgresPool init failed: Parse failure: Parse failed with 1 error:
Expected `,` or `}` but found `=&gt;`
17:       db: config.db || 0,
18:       maxRetriesPerRequest: config.maxRetriesPerRequest || 3,
19:       retryStrategy: config.retryStrategy || (times) =&gt; Math.min(times * 50, 2000),
                                                         ^
20:       enableReadyCheck: true,
21:     };
11: export class RedisPoolManager {
12:   constructor(config = {}) {
13:     this.config = {
                      ^
14:       host: config.host || &apos;localhost&apos;,
15:       port: config.port || 6379,
At file: /kernel/pool.js:19:53

2026-04-14T07:42:05.577Z [33m[WARN][0m [HundunOS:Storage] put error: &quot;[Storage] Encryption required for key &apos;aware&apos; but HUNDUNOS_ENCRYPTION_KEY is not set. Refusing to write unencrypted sensitive data.&quot;
2026-04-14T07:42:05.578Z [33m[WARN][0m [HundunOS:Storage] put error: &quot;[Storage] Encryption required for key &apos;modelrouter:stats&apos; but HUNDUNOS_ENCRYPTION_KEY is not set. Refusing to write unencrypted sensitive data.&quot;

            </system-err>
            <failure message="Hook timed out in 60000ms.
If this is a long-running hook, pass a timeout value as the last argument or configure it globally with &quot;hookTimeout&quot;." type="Error">
Error: Hook timed out in 60000ms.
If this is a long-running hook, pass a timeout value as the last argument or configure it globally with &quot;hookTimeout&quot;.
 ❯ tests/v4.3/integration.test.js:15:13
            </failure>
        </testcase>
        <testcase classname="tests/v4.3/integration.test.js" name="HundunOS v4.3 Integration Tests &gt; Todo 工具集成 &gt; should trigger reminder after 3 rounds without update" time="60.2089435">
            <system-err>
[Kernel] System config not found: C:\Users\Lin\.qclaw\workspace\hundunos\config\system.test.json

2026-04-14T07:42:10.809Z [33m[WARN][0m [HundunOS:Storage] SECURITY WARNING: HUNDUNOS_ENCRYPTION_KEY not set. Encryption is DISABLED for this session. Set the env var before production use.

[ELKStack] Connection failed: connect ECONNREFUSED ::1:9200

[Kernel] ELKStack init failed: connect ECONNREFUSED ::1:9200

2026-04-14T07:43:04.800Z [33m[WARN][0m [HundunOS:Storage] put error: &quot;[Storage] Encryption required for key &apos;health_test&apos; but HUNDUNOS_ENCRYPTION_KEY is not set. Refusing to write unencrypted sensitive data.&quot;

[Kernel] Env issues: Python 运行时, Ollama 本地推理, OpenClaw CLI, 存储层可用, 内存充足

2026-04-14T07:43:05.038Z [33m[WARN][0m [HundunOS:Storage] put error: &quot;[Storage] Encryption required for key &apos;aware&apos; but HUNDUNOS_ENCRYPTION_KEY is not set. Refusing to write unencrypted sensitive data.&quot;
2026-04-14T07:43:05.038Z [33m[WARN][0m [HundunOS:Storage] put error: &quot;[Storage] Encryption required for key &apos;aware&apos; but HUNDUNOS_ENCRYPTION_KEY is not set. Refusing to write unencrypted sensitive data.&quot;
2026-04-14T07:43:05.039Z [33m[WARN][0m [HundunOS:Storage] put error: &quot;[Storage] Encryption required for key &apos;aware&apos; but HUNDUNOS_ENCRYPTION_KEY is not set. Refusing to write unencrypted sensitive data.&quot;
2026-04-14T07:43:05.039Z [33m[WARN][0m [HundunOS:Storage] put error: &quot;[Storage] Encryption required for key &apos;aware&apos; but HUNDUNOS_ENCRYPTION_KEY is not set. Refusing to write unencrypted sensitive data.&quot;

2026-04-14T07:43:05.398Z [31m[ERROR][0m [HundunOS:RestServer] Server error: &quot;listen EADDRINUSE: address already in use 0.0.0.0:38080&quot;

2026-04-14T07:43:05.770Z [33m[WARN][0m [HundunOS:Storage] put error: &quot;[Storage] Encryption required for key &apos;aware&apos; but HUNDUNOS_ENCRYPTION_KEY is not set. Refusing to write unencrypted sensitive data.&quot;
2026-04-14T07:43:05.770Z [33m[WARN][0m [HundunOS:Storage] put error: &quot;[Storage] Encryption required for key &apos;modelrouter:stats&apos; but HUNDUNOS_ENCRYPTION_KEY is not set. Refusing to write unencrypted sensitive data.&quot;

            </system-err>
            <failure message="Hook timed out in 60000ms.
If this is a long-running hook, pass a timeout value as the last argument or configure it globally with &quot;hookTimeout&quot;." type="Error">
Error: Hook timed out in 60000ms.
If this is a long-running hook, pass a timeout value as the last argument or configure it globally with &quot;hookTimeout&quot;.
 ❯ tests/v4.3/integration.test.js:15:13
            </failure>
        </testcase>
        <testcase classname="tests/v4.3/integration.test.js" name="HundunOS v4.3 Integration Tests &gt; Task 工具集成 &gt; should create, update and list tasks" time="18.6679406">
            <system-err>
[Kernel] System config not found: C:\Users\Lin\.qclaw\workspace\hundunos\config\system.test.json

2026-04-14T07:43:05.794Z [33m[WARN][0m [HundunOS:ModelRouter] Provider openai registration failed: &quot;Parse failure: Parse failed with 1 error:\nIdentifier expected. &apos;export&apos; is a reserved word that cannot be used here.\n73: // 注册为可用模型\r\n74: export const // Built-in model registry\r\n75: export const MODELS = {\r\n    ^\n76:     // GPT-4o Series\r\n77:     &apos;gpt-4o&apos;:                  { name: &apos;GPT-4o&apos;,                  context: 128000, costPer1M: 2.50,  capabilities: [&apos;...\nAt file: /kernel/model-router/providers/openai.js:75:0&quot;

2026-04-14T07:43:05.864Z [33m[WARN][0m [HundunOS:ModelRouter] Provider anthropic registration failed: &quot;Parse failure: Parse failed with 1 error:\nIdentifier expected. &apos;export&apos; is a reserved word that cannot be used here.\n85: // 注册为可用模型\n86: export const // Built-in model registry\n87: export const MODELS = {\n    ^\n88:     // Claude 4 Series (Latest)\n89:     &apos;claude-opus-4-20250514&apos;:          { name: &apos;Claude Opus 4&apos;,          context: 200000, costPer1M: 15.00, capabilit...\nAt file: /kernel/model-router/providers/anthropic.js:87:0&quot;

2026-04-14T07:43:05.880Z [33m[WARN][0m [HundunOS:Storage] SECURITY WARNING: HUNDUNOS_ENCRYPTION_KEY not set. Encryption is DISABLED for this session. Set the env var before production use.

2026-04-14T07:43:05.894Z [33m[WARN][0m [HundunOS:Storage] put error: &quot;[Storage] Encryption required for key &apos;__health_check__&apos; but HUNDUNOS_ENCRYPTION_KEY is not set. Refusing to write unencrypted sensitive data.&quot;

[ClientAdapterManager] Failed to connect qclaw: QClaw Gateway 未运行或无法访问

[RustModules] ⚠️  Initialized (process) — Rust unavailable, using JS fallback

[Kernel] RustModules: ✗ daemon unavailable — using JS fallback

[TaskScientist] ⚠️  Rust BFTS engine unavailable — using JS fallback

[Kernel] Skill system init failed: Cannot find module &apos;file:///C:/Users/Lin/.qclaw/workspace/hundunos/skills/skill-registry.js&apos; imported from C:/Users/Lin/.qclaw/workspace/hundunos/kernel/mixins/ModuleMixin.js

[Kernel] ProactiveManager init failed: Cannot find module &apos;file:///C:/Users/Lin/.qclaw/workspace/hundunos/proactive/proactive.js&apos; imported from C:/Users/Lin/.qclaw/workspace/hundunos/kernel/mixins/ModuleMixin.js

[Kernel] AgentTeams init failed: Cannot find module &apos;file:///C:/Users/Lin/.qclaw/workspace/hundunos/agent-teams/manager.js&apos; imported from C:/Users/Lin/.qclaw/workspace/hundunos/kernel/mixins/ModuleMixin.js

[Kernel] DebateTeamManager init failed: Failed to parse source for import analysis because the content contains invalid JS syntax. If you are using JSX, make sure to name the file with the .jsx or .tsx extension.

[Kernel] UnifiedProvider init failed: Cannot find module &apos;file:///C:/Users/Lin/.qclaw/workspace/hundunos/providers/provider-compat.js&apos; imported from C:/Users/Lin/.qclaw/workspace/hundunos/kernel/mixins/ModuleMixin.js

[Kernel] ComputerUse init failed: Cannot find module &apos;file:///C:/Users/Lin/.qclaw/workspace/hundunos/computer-use/computer-use.js&apos; imported from C:/Users/Lin/.qclaw/workspace/hundunos/kernel/mixins/ModuleMixin.js

[Kernel] SessionCompactor init failed: Cannot find module &apos;file:///C:/Users/Lin/.qclaw/workspace/hundunos/compact/compactor.js&apos; imported from C:/Users/Lin/.qclaw/workspace/hundunos/kernel/mixins/ModuleMixin.js

[Kernel] Monitoring init failed: A metric with the name hundunos_tool_executions_total has already been registered.

[Kernel] Security init failed: HUNDUNOS_ENCRYPTION_KEY is required for API key encryption

[Kernel] RedisPool init failed: Parse failure: Parse failed with 1 error:
Expected `,` or `}` but found `=&gt;`
17:       db: config.db || 0,
18:       maxRetriesPerRequest: config.maxRetriesPerRequest || 3,
19:       retryStrategy: config.retryStrategy || (times) =&gt; Math.min(times * 50, 2000),
                                                         ^
20:       enableReadyCheck: true,
21:     };
11: export class RedisPoolManager {
12:   constructor(config = {}) {
13:     this.config = {
                      ^
14:       host: config.host || &apos;localhost&apos;,
15:       port: config.port || 6379,
At file: /kernel/pool.js:19:53

[Kernel] PostgresPool init failed: Parse failure: Parse failed with 1 error:
Expected `,` or `}` but found `=&gt;`
17:       db: config.db || 0,
18:       maxRetriesPerRequest: config.maxRetriesPerRequest || 3,
19:       retryStrategy: config.retryStrategy || (times) =&gt; Math.min(times * 50, 2000),
                                                         ^
20:       enableReadyCheck: true,
21:     };
11: export class RedisPoolManager {
12:   constructor(config = {}) {
13:     this.config = {
                      ^
14:       host: config.host || &apos;localhost&apos;,
15:       port: config.port || 6379,
At file: /kernel/pool.js:19:53

2026-04-14T07:43:14.270Z [33m[WARN][0m [HundunOS:Storage] put error: &quot;[Storage] Encryption required for key &apos;health_test&apos; but HUNDUNOS_ENCRYPTION_KEY is not set. Refusing to write unencrypted sensitive data.&quot;

[Kernel] Env issues: Ollama 本地推理, OpenClaw CLI, 存储层可用

2026-04-14T07:43:14.279Z [33m[WARN][0m [HundunOS:Storage] put error: &quot;[Storage] Encryption required for key &apos;aware&apos; but HUNDUNOS_ENCRYPTION_KEY is not set. Refusing to write unencrypted sensitive data.&quot;
2026-04-14T07:43:14.280Z [33m[WARN][0m [HundunOS:Storage] put error: &quot;[Storage] Encryption required for key &apos;aware&apos; but HUNDUNOS_ENCRYPTION_KEY is not set. Refusing to write unencrypted sensitive data.&quot;
2026-04-14T07:43:14.280Z [33m[WARN][0m [HundunOS:Storage] put error: &quot;[Storage] Encryption required for key &apos;aware&apos; but HUNDUNOS_ENCRYPTION_KEY is not set. Refusing to write unencrypted sensitive data.&quot;
2026-04-14T07:43:14.281Z [33m[WARN][0m [HundunOS:Storage] put error: &quot;[Storage] Encryption required for key &apos;aware&apos; but HUNDUNOS_ENCRYPTION_KEY is not set. Refusing to write unencrypted sensitive data.&quot;

2026-04-14T07:43:14.691Z [33m[WARN][0m [HundunOS:ModelRouter] Provider openai registration failed: &quot;Parse failure: Parse failed with 1 error:\nIdentifier expected. &apos;export&apos; is a reserved word that cannot be used here.\n73: // 注册为可用模型\r\n74: export const // Built-in model registry\r\n75: export const MODELS = {\r\n    ^\n76:     // GPT-4o Series\r\n77:     &apos;gpt-4o&apos;:                  { name: &apos;GPT-4o&apos;,                  context: 128000, costPer1M: 2.50,  capabilities: [&apos;...\nAt file: /kernel/model-router/providers/openai.js:75:0&quot;

2026-04-14T07:43:14.697Z [33m[WARN][0m [HundunOS:ModelRouter] Provider anthropic registration failed: &quot;Parse failure: Parse failed with 1 error:\nIdentifier expected. &apos;export&apos; is a reserved word that cannot be used here.\n85: // 注册为可用模型\n86: export const // Built-in model registry\n87: export const MODELS = {\n    ^\n88:     // Claude 4 Series (Latest)\n89:     &apos;claude-opus-4-20250514&apos;:          { name: &apos;Claude Opus 4&apos;,          context: 200000, costPer1M: 15.00, capabilit...\nAt file: /kernel/model-router/providers/anthropic.js:87:0&quot;

2026-04-14T07:43:14.701Z [33m[WARN][0m [HundunOS:Storage] put error: &quot;[Storage] Encryption required for key &apos;__health_check__&apos; but HUNDUNOS_ENCRYPTION_KEY is not set. Refusing to write unencrypted sensitive data.&quot;

[ClientAdapterManager] Failed to connect qclaw: QClaw Gateway 未运行或无法访问

[RustModules] ⚠️  Initialized (process) — Rust unavailable, using JS fallback

[Kernel] RustModules: ✗ daemon unavailable — using JS fallback

[TaskScientist] ⚠️  Rust BFTS engine unavailable — using JS fallback

[Kernel] Skill system init failed: Cannot find module &apos;file:///C:/Users/Lin/.qclaw/workspace/hundunos/skills/skill-registry.js&apos; imported from C:/Users/Lin/.qclaw/workspace/hundunos/kernel/mixins/ModuleMixin.js

[Kernel] ProactiveManager init failed: Cannot find module &apos;file:///C:/Users/Lin/.qclaw/workspace/hundunos/proactive/proactive.js&apos; imported from C:/Users/Lin/.qclaw/workspace/hundunos/kernel/mixins/ModuleMixin.js

[Kernel] AgentTeams init failed: Cannot find module &apos;file:///C:/Users/Lin/.qclaw/workspace/hundunos/agent-teams/manager.js&apos; imported from C:/Users/Lin/.qclaw/workspace/hundunos/kernel/mixins/ModuleMixin.js

[Kernel] DebateTeamManager init failed: Failed to parse source for import analysis because the content contains invalid JS syntax. If you are using JSX, make sure to name the file with the .jsx or .tsx extension.

[Kernel] UnifiedProvider init failed: Cannot find module &apos;file:///C:/Users/Lin/.qclaw/workspace/hundunos/providers/provider-compat.js&apos; imported from C:/Users/Lin/.qclaw/workspace/hundunos/kernel/mixins/ModuleMixin.js

[Kernel] ComputerUse init failed: Cannot find module &apos;file:///C:/Users/Lin/.qclaw/workspace/hundunos/computer-use/computer-use.js&apos; imported from C:/Users/Lin/.qclaw/workspace/hundunos/kernel/mixins/ModuleMixin.js

[Kernel] SessionCompactor init failed: Cannot find module &apos;file:///C:/Users/Lin/.qclaw/workspace/hundunos/compact/compactor.js&apos; imported from C:/Users/Lin/.qclaw/workspace/hundunos/kernel/mixins/ModuleMixin.js

[ELKStack] Connection failed: connect ECONNREFUSED ::1:9200

[Kernel] ELKStack init failed: connect ECONNREFUSED ::1:9200

[Kernel] Monitoring init failed: A metric with the name hundunos_tool_executions_total has already been registered.

[Kernel] Security init failed: HUNDUNOS_ENCRYPTION_KEY is required for API key encryption

2026-04-14T07:43:15.979Z [31m[ERROR][0m [HundunOS:RestServer] Server error: &quot;listen EADDRINUSE: address already in use 0.0.0.0:38080&quot;

[Kernel] RedisPool init failed: Parse failure: Parse failed with 1 error:
Expected `,` or `}` but found `=&gt;`
17:       db: config.db || 0,
18:       maxRetriesPerRequest: config.maxRetriesPerRequest || 3,
19:       retryStrategy: config.retryStrategy || (times) =&gt; Math.min(times * 50, 2000),
                                                         ^
20:       enableReadyCheck: true,
21:     };
11: export class RedisPoolManager {
12:   constructor(config = {}) {
13:     this.config = {
                      ^
14:       host: config.host || &apos;localhost&apos;,
15:       port: config.port || 6379,
At file: /kernel/pool.js:19:53

[Kernel] PostgresPool init failed: Parse failure: Parse failed with 1 error:
Expected `,` or `}` but found `=&gt;`
17:       db: config.db || 0,
18:       maxRetriesPerRequest: config.maxRetriesPerRequest || 3,
19:       retryStrategy: config.retryStrategy || (times) =&gt; Math.min(times * 50, 2000),
                                                         ^
20:       enableReadyCheck: true,
21:     };
11: export class RedisPoolManager {
12:   constructor(config = {}) {
13:     this.config = {
                      ^
14:       host: config.host || &apos;localhost&apos;,
15:       port: config.port || 6379,
At file: /kernel/pool.js:19:53

[ELKStack] Connection failed: connect ECONNREFUSED ::1:9200

[Kernel] ELKStack init failed: connect ECONNREFUSED ::1:9200

2026-04-14T07:43:24.442Z [31m[ERROR][0m [HundunOS:RestServer] Server error: &quot;listen EADDRINUSE: address already in use 0.0.0.0:38080&quot;

2026-04-14T07:43:24.452Z [33m[WARN][0m [HundunOS:Storage] put error: &quot;[Storage] Encryption required for key &apos;aware&apos; but HUNDUNOS_ENCRYPTION_KEY is not set. Refusing to write unencrypted sensitive data.&quot;
2026-04-14T07:43:24.453Z [33m[WARN][0m [HundunOS:Storage] put error: &quot;[Storage] Encryption required for key &apos;modelrouter:stats&apos; but HUNDUNOS_ENCRYPTION_KEY is not set. Refusing to write unencrypted sensitive data.&quot;
2026-04-14T07:43:24.454Z [33m[WARN][0m [HundunOS:Storage] put error: &quot;[Storage] Encryption required for key &apos;aware&apos; but HUNDUNOS_ENCRYPTION_KEY is not set. Refusing to write unencrypted sensitive data.&quot;

            </system-err>
            <failure message="expected &apos;[&gt;] Fix bug (owner: agent-1)&apos; to contain &apos;[in_progress] Fix bug (owner: agent-1)&apos;" type="AssertionError">
AssertionError: expected &apos;[&gt;] Fix bug (owner: agent-1)&apos; to contain &apos;[in_progress] Fix bug (owner: agent-1)&apos;

Expected: &quot;[in_progress] Fix bug (owner: agent-1)&quot;
Received: &quot;[&gt;] Fix bug (owner: agent-1)&quot;

 ❯ tests/v4.3/integration.test.js:260:33
            </failure>
        </testcase>
        <testcase classname="tests/v4.3/integration.test.js" name="HundunOS v4.3 Integration Tests &gt; Task 工具集成 &gt; should handle task dependencies" time="25.1227158">
            <system-err>
[Kernel] System config not found: C:\Users\Lin\.qclaw\workspace\hundunos\config\system.test.json

2026-04-14T07:43:24.464Z [33m[WARN][0m [HundunOS:Storage] SECURITY WARNING: HUNDUNOS_ENCRYPTION_KEY not set. Encryption is DISABLED for this session. Set the env var before production use.

2026-04-14T07:43:39.693Z [33m[WARN][0m [HundunOS:Storage] put error: &quot;[Storage] Encryption required for key &apos;health_test&apos; but HUNDUNOS_ENCRYPTION_KEY is not set. Refusing to write unencrypted sensitive data.&quot;

[Kernel] Env issues: Ollama 本地推理, OpenClaw CLI, 存储层可用, 内存充足

2026-04-14T07:43:39.696Z [33m[WARN][0m [HundunOS:Storage] put error: &quot;[Storage] Encryption required for key &apos;aware&apos; but HUNDUNOS_ENCRYPTION_KEY is not set. Refusing to write unencrypted sensitive data.&quot;
2026-04-14T07:43:39.696Z [33m[WARN][0m [HundunOS:Storage] put error: &quot;[Storage] Encryption required for key &apos;aware&apos; but HUNDUNOS_ENCRYPTION_KEY is not set. Refusing to write unencrypted sensitive data.&quot;
2026-04-14T07:43:39.697Z [33m[WARN][0m [HundunOS:Storage] put error: &quot;[Storage] Encryption required for key &apos;aware&apos; but HUNDUNOS_ENCRYPTION_KEY is not set. Refusing to write unencrypted sensitive data.&quot;
2026-04-14T07:43:39.697Z [33m[WARN][0m [HundunOS:Storage] put error: &quot;[Storage] Encryption required for key &apos;aware&apos; but HUNDUNOS_ENCRYPTION_KEY is not set. Refusing to write unencrypted sensitive data.&quot;

2026-04-14T07:43:40.212Z [33m[WARN][0m [HundunOS:ModelRouter] Provider openai registration failed: &quot;Parse failure: Parse failed with 1 error:\nIdentifier expected. &apos;export&apos; is a reserved word that cannot be used here.\n73: // 注册为可用模型\r\n74: export const // Built-in model registry\r\n75: export const MODELS = {\r\n    ^\n76:     // GPT-4o Series\r\n77:     &apos;gpt-4o&apos;:                  { name: &apos;GPT-4o&apos;,                  context: 128000, costPer1M: 2.50,  capabilities: [&apos;...\nAt file: /kernel/model-router/providers/openai.js:75:0&quot;

2026-04-14T07:43:40.226Z [33m[WARN][0m [HundunOS:ModelRouter] Provider anthropic registration failed: &quot;Parse failure: Parse failed with 1 error:\nIdentifier expected. &apos;export&apos; is a reserved word that cannot be used here.\n85: // 注册为可用模型\n86: export const // Built-in model registry\n87: export const MODELS = {\n    ^\n88:     // Claude 4 Series (Latest)\n89:     &apos;claude-opus-4-20250514&apos;:          { name: &apos;Claude Opus 4&apos;,          context: 200000, costPer1M: 15.00, capabilit...\nAt file: /kernel/model-router/providers/anthropic.js:87:0&quot;

2026-04-14T07:43:40.231Z [33m[WARN][0m [HundunOS:Storage] put error: &quot;[Storage] Encryption required for key &apos;__health_check__&apos; but HUNDUNOS_ENCRYPTION_KEY is not set. Refusing to write unencrypted sensitive data.&quot;

[ClientAdapterManager] Failed to connect qclaw: QClaw Gateway 未运行或无法访问

[RustModules] ⚠️  Initialized (process) — Rust unavailable, using JS fallback

[Kernel] RustModules: ✗ daemon unavailable — using JS fallback

[TaskScientist] ⚠️  Rust BFTS engine unavailable — using JS fallback

[Kernel] Skill system init failed: Cannot find module &apos;file:///C:/Users/Lin/.qclaw/workspace/hundunos/skills/skill-registry.js&apos; imported from C:/Users/Lin/.qclaw/workspace/hundunos/kernel/mixins/ModuleMixin.js

[Kernel] ProactiveManager init failed: Cannot find module &apos;file:///C:/Users/Lin/.qclaw/workspace/hundunos/proactive/proactive.js&apos; imported from C:/Users/Lin/.qclaw/workspace/hundunos/kernel/mixins/ModuleMixin.js

[Kernel] AgentTeams init failed: Cannot find module &apos;file:///C:/Users/Lin/.qclaw/workspace/hundunos/agent-teams/manager.js&apos; imported from C:/Users/Lin/.qclaw/workspace/hundunos/kernel/mixins/ModuleMixin.js

[Kernel] DebateTeamManager init failed: Failed to parse source for import analysis because the content contains invalid JS syntax. If you are using JSX, make sure to name the file with the .jsx or .tsx extension.

[Kernel] UnifiedProvider init failed: Cannot find module &apos;file:///C:/Users/Lin/.qclaw/workspace/hundunos/providers/provider-compat.js&apos; imported from C:/Users/Lin/.qclaw/workspace/hundunos/kernel/mixins/ModuleMixin.js

[Kernel] ComputerUse init failed: Cannot find module &apos;file:///C:/Users/Lin/.qclaw/workspace/hundunos/computer-use/computer-use.js&apos; imported from C:/Users/Lin/.qclaw/workspace/hundunos/kernel/mixins/ModuleMixin.js

[Kernel] SessionCompactor init failed: Cannot find module &apos;file:///C:/Users/Lin/.qclaw/workspace/hundunos/compact/compactor.js&apos; imported from C:/Users/Lin/.qclaw/workspace/hundunos/kernel/mixins/ModuleMixin.js

[Kernel] Monitoring init failed: A metric with the name hundunos_tool_executions_total has already been registered.

[Kernel] Security init failed: HUNDUNOS_ENCRYPTION_KEY is required for API key encryption

[Kernel] RedisPool init failed: Parse failure: Parse failed with 1 error:
Expected `,` or `}` but found `=&gt;`
17:       db: config.db || 0,
18:       maxRetriesPerRequest: config.maxRetriesPerRequest || 3,
19:       retryStrategy: config.retryStrategy || (times) =&gt; Math.min(times * 50, 2000),
                                                         ^
20:       enableReadyCheck: true,
21:     };
11: export class RedisPoolManager {
12:   constructor(config = {}) {
13:     this.config = {
                      ^
14:       host: config.host || &apos;localhost&apos;,
15:       port: config.port || 6379,
At file: /kernel/pool.js:19:53

[Kernel] PostgresPool init failed: Parse failure: Parse failed with 1 error:
Expected `,` or `}` but found `=&gt;`
17:       db: config.db || 0,
18:       maxRetriesPerRequest: config.maxRetriesPerRequest || 3,
19:       retryStrategy: config.retryStrategy || (times) =&gt; Math.min(times * 50, 2000),
                                                         ^
20:       enableReadyCheck: true,
21:     };
11: export class RedisPoolManager {
12:   constructor(config = {}) {
13:     this.config = {
                      ^
14:       host: config.host || &apos;localhost&apos;,
15:       port: config.port || 6379,
At file: /kernel/pool.js:19:53

[ELKStack] Connection failed: connect ECONNREFUSED ::1:9200

[Kernel] ELKStack init failed: connect ECONNREFUSED ::1:9200

2026-04-14T07:43:49.563Z [31m[ERROR][0m [HundunOS:RestServer] Server error: &quot;listen EADDRINUSE: address already in use 0.0.0.0:38080&quot;

2026-04-14T07:43:49.569Z [33m[WARN][0m [HundunOS:Storage] put error: &quot;[Storage] Encryption required for key &apos;aware&apos; but HUNDUNOS_ENCRYPTION_KEY is not set. Refusing to write unencrypted sensitive data.&quot;
2026-04-14T07:43:49.569Z [33m[WARN][0m [HundunOS:Storage] put error: &quot;[Storage] Encryption required for key &apos;modelrouter:stats&apos; but HUNDUNOS_ENCRYPTION_KEY is not set. Refusing to write unencrypted sensitive data.&quot;
2026-04-14T07:43:49.570Z [33m[WARN][0m [HundunOS:Storage] put error: &quot;[Storage] Encryption required for key &apos;aware&apos; but HUNDUNOS_ENCRYPTION_KEY is not set. Refusing to write unencrypted sensitive data.&quot;

            </system-err>
            <failure message="expected &apos;Task 2\nStatus: pending\nOwner: none&apos; to contain &apos;Blocked by: [1]&apos;" type="AssertionError">
AssertionError: expected &apos;Task 2\nStatus: pending\nOwner: none&apos; to contain &apos;Blocked by: [1]&apos;

- Expected
+ Received

- Blocked by: [1]
+ Task 2
+ Status: pending
+ Owner: none

 ❯ tests/v4.3/integration.test.js:290:32
            </failure>
        </testcase>
        <testcase classname="tests/v4.3/integration.test.js" name="HundunOS v4.3 Integration Tests &gt; Autonomous Agents 集成 &gt; should register agent and submit task" time="17.7656318">
            <system-err>
[Kernel] System config not found: C:\Users\Lin\.qclaw\workspace\hundunos\config\system.test.json

2026-04-14T07:43:49.585Z [33m[WARN][0m [HundunOS:Storage] SECURITY WARNING: HUNDUNOS_ENCRYPTION_KEY not set. Encryption is DISABLED for this session. Set the env var before production use.

2026-04-14T07:43:57.686Z [33m[WARN][0m [HundunOS:Storage] put error: &quot;[Storage] Encryption required for key &apos;health_test&apos; but HUNDUNOS_ENCRYPTION_KEY is not set. Refusing to write unencrypted sensitive data.&quot;

[Kernel] Env issues: Ollama 本地推理, OpenClaw CLI, 存储层可用

2026-04-14T07:43:57.689Z [33m[WARN][0m [HundunOS:Storage] put error: &quot;[Storage] Encryption required for key &apos;aware&apos; but HUNDUNOS_ENCRYPTION_KEY is not set. Refusing to write unencrypted sensitive data.&quot;
2026-04-14T07:43:57.689Z [33m[WARN][0m [HundunOS:Storage] put error: &quot;[Storage] Encryption required for key &apos;aware&apos; but HUNDUNOS_ENCRYPTION_KEY is not set. Refusing to write unencrypted sensitive data.&quot;
2026-04-14T07:43:57.690Z [33m[WARN][0m [HundunOS:Storage] put error: &quot;[Storage] Encryption required for key &apos;aware&apos; but HUNDUNOS_ENCRYPTION_KEY is not set. Refusing to write unencrypted sensitive data.&quot;
2026-04-14T07:43:57.690Z [33m[WARN][0m [HundunOS:Storage] put error: &quot;[Storage] Encryption required for key &apos;aware&apos; but HUNDUNOS_ENCRYPTION_KEY is not set. Refusing to write unencrypted sensitive data.&quot;

2026-04-14T07:43:58.153Z [33m[WARN][0m [HundunOS:ModelRouter] Provider openai registration failed: &quot;Parse failure: Parse failed with 1 error:\nIdentifier expected. &apos;export&apos; is a reserved word that cannot be used here.\n73: // 注册为可用模型\r\n74: export const // Built-in model registry\r\n75: export const MODELS = {\r\n    ^\n76:     // GPT-4o Series\r\n77:     &apos;gpt-4o&apos;:                  { name: &apos;GPT-4o&apos;,                  context: 128000, costPer1M: 2.50,  capabilities: [&apos;...\nAt file: /kernel/model-router/providers/openai.js:75:0&quot;

2026-04-14T07:43:58.157Z [33m[WARN][0m [HundunOS:ModelRouter] Provider anthropic registration failed: &quot;Parse failure: Parse failed with 1 error:\nIdentifier expected. &apos;export&apos; is a reserved word that cannot be used here.\n85: // 注册为可用模型\n86: export const // Built-in model registry\n87: export const MODELS = {\n    ^\n88:     // Claude 4 Series (Latest)\n89:     &apos;claude-opus-4-20250514&apos;:          { name: &apos;Claude Opus 4&apos;,          context: 200000, costPer1M: 15.00, capabilit...\nAt file: /kernel/model-router/providers/anthropic.js:87:0&quot;

2026-04-14T07:43:58.161Z [33m[WARN][0m [HundunOS:Storage] put error: &quot;[Storage] Encryption required for key &apos;__health_check__&apos; but HUNDUNOS_ENCRYPTION_KEY is not set. Refusing to write unencrypted sensitive data.&quot;

[ClientAdapterManager] Failed to connect qclaw: QClaw Gateway 未运行或无法访问

[RustModules] ⚠️  Initialized (process) — Rust unavailable, using JS fallback

[Kernel] RustModules: ✗ daemon unavailable — using JS fallback

[TaskScientist] ⚠️  Rust BFTS engine unavailable — using JS fallback

[Kernel] Skill system init failed: Cannot find module &apos;file:///C:/Users/Lin/.qclaw/workspace/hundunos/skills/skill-registry.js&apos; imported from C:/Users/Lin/.qclaw/workspace/hundunos/kernel/mixins/ModuleMixin.js

[Kernel] ProactiveManager init failed: Cannot find module &apos;file:///C:/Users/Lin/.qclaw/workspace/hundunos/proactive/proactive.js&apos; imported from C:/Users/Lin/.qclaw/workspace/hundunos/kernel/mixins/ModuleMixin.js

[Kernel] AgentTeams init failed: Cannot find module &apos;file:///C:/Users/Lin/.qclaw/workspace/hundunos/agent-teams/manager.js&apos; imported from C:/Users/Lin/.qclaw/workspace/hundunos/kernel/mixins/ModuleMixin.js

[Kernel] DebateTeamManager init failed: Failed to parse source for import analysis because the content contains invalid JS syntax. If you are using JSX, make sure to name the file with the .jsx or .tsx extension.

[Kernel] UnifiedProvider init failed: Cannot find module &apos;file:///C:/Users/Lin/.qclaw/workspace/hundunos/providers/provider-compat.js&apos; imported from C:/Users/Lin/.qclaw/workspace/hundunos/kernel/mixins/ModuleMixin.js

[Kernel] ComputerUse init failed: Cannot find module &apos;file:///C:/Users/Lin/.qclaw/workspace/hundunos/computer-use/computer-use.js&apos; imported from C:/Users/Lin/.qclaw/workspace/hundunos/kernel/mixins/ModuleMixin.js

[Kernel] SessionCompactor init failed: Cannot find module &apos;file:///C:/Users/Lin/.qclaw/workspace/hundunos/compact/compactor.js&apos; imported from C:/Users/Lin/.qclaw/workspace/hundunos/kernel/mixins/ModuleMixin.js

[Kernel] Monitoring init failed: A metric with the name hundunos_tool_executions_total has already been registered.

[Kernel] Security init failed: HUNDUNOS_ENCRYPTION_KEY is required for API key encryption

[Kernel] RedisPool init failed: Parse failure: Parse failed with 1 error:
Expected `,` or `}` but found `=&gt;`
17:       db: config.db || 0,
18:       maxRetriesPerRequest: config.maxRetriesPerRequest || 3,
19:       retryStrategy: config.retryStrategy || (times) =&gt; Math.min(times * 50, 2000),
                                                         ^
20:       enableReadyCheck: true,
21:     };
11: export class RedisPoolManager {
12:   constructor(config = {}) {
13:     this.config = {
                      ^
14:       host: config.host || &apos;localhost&apos;,
15:       port: config.port || 6379,
At file: /kernel/pool.js:19:53

[Kernel] PostgresPool init failed: Parse failure: Parse failed with 1 error:
Expected `,` or `}` but found `=&gt;`
17:       db: config.db || 0,
18:       maxRetriesPerRequest: config.maxRetriesPerRequest || 3,
19:       retryStrategy: config.retryStrategy || (times) =&gt; Math.min(times * 50, 2000),
                                                         ^
20:       enableReadyCheck: true,
21:     };
11: export class RedisPoolManager {
12:   constructor(config = {}) {
13:     this.config = {
                      ^
14:       host: config.host || &apos;localhost&apos;,
15:       port: config.port || 6379,
At file: /kernel/pool.js:19:53

[ELKStack] Connection failed: connect ECONNREFUSED ::1:9200

[Kernel] ELKStack init failed: connect ECONNREFUSED ::1:9200

2026-04-14T07:44:07.278Z [31m[ERROR][0m [HundunOS:RestServer] Server error: &quot;listen EADDRINUSE: address already in use 0.0.0.0:38080&quot;

2026-04-14T07:44:07.341Z [33m[WARN][0m [HundunOS:Storage] put error: &quot;[Storage] Encryption required for key &apos;aware&apos; but HUNDUNOS_ENCRYPTION_KEY is not set. Refusing to write unencrypted sensitive data.&quot;
2026-04-14T07:44:07.344Z [33m[WARN][0m [HundunOS:Storage] put error: &quot;[Storage] Encryption required for key &apos;modelrouter:stats&apos; but HUNDUNOS_ENCRYPTION_KEY is not set. Refusing to write unencrypted sensitive data.&quot;
2026-04-14T07:44:07.344Z [33m[WARN][0m [HundunOS:Storage] put error: &quot;[Storage] Encryption required for key &apos;aware&apos; but HUNDUNOS_ENCRYPTION_KEY is not set. Refusing to write unencrypted sensitive data.&quot;

            </system-err>
            <failure message="expected +0 to be 1 // Object.is equality" type="AssertionError">
AssertionError: expected +0 to be 1 // Object.is equality

- Expected
+ Received

- 1
+ 0

 ❯ tests/v4.3/integration.test.js:316:33
            </failure>
        </testcase>
        <testcase classname="tests/v4.3/integration.test.js" name="HundunOS v4.3 Integration Tests &gt; Autonomous Agents 集成 &gt; should match agent capabilities with task requirements" time="15.7265471">
            <system-err>
[Kernel] System config not found: C:\Users\Lin\.qclaw\workspace\hundunos\config\system.test.json

2026-04-14T07:44:07.361Z [33m[WARN][0m [HundunOS:Storage] SECURITY WARNING: HUNDUNOS_ENCRYPTION_KEY not set. Encryption is DISABLED for this session. Set the env var before production use.

2026-04-14T07:44:12.953Z [33m[WARN][0m [HundunOS:Storage] put error: &quot;[Storage] Encryption required for key &apos;health_test&apos; but HUNDUNOS_ENCRYPTION_KEY is not set. Refusing to write unencrypted sensitive data.&quot;

[Kernel] Env issues: Ollama 本地推理, OpenClaw CLI, 存储层可用

2026-04-14T07:44:12.956Z [33m[WARN][0m [HundunOS:Storage] put error: &quot;[Storage] Encryption required for key &apos;aware&apos; but HUNDUNOS_ENCRYPTION_KEY is not set. Refusing to write unencrypted sensitive data.&quot;
2026-04-14T07:44:12.956Z [33m[WARN][0m [HundunOS:Storage] put error: &quot;[Storage] Encryption required for key &apos;aware&apos; but HUNDUNOS_ENCRYPTION_KEY is not set. Refusing to write unencrypted sensitive data.&quot;
2026-04-14T07:44:12.957Z [33m[WARN][0m [HundunOS:Storage] put error: &quot;[Storage] Encryption required for key &apos;aware&apos; but HUNDUNOS_ENCRYPTION_KEY is not set. Refusing to write unencrypted sensitive data.&quot;
2026-04-14T07:44:12.957Z [33m[WARN][0m [HundunOS:Storage] put error: &quot;[Storage] Encryption required for key &apos;aware&apos; but HUNDUNOS_ENCRYPTION_KEY is not set. Refusing to write unencrypted sensitive data.&quot;

2026-04-14T07:44:13.256Z [33m[WARN][0m [HundunOS:ModelRouter] Provider openai registration failed: &quot;Parse failure: Parse failed with 1 error:\nIdentifier expected. &apos;export&apos; is a reserved word that cannot be used here.\n73: // 注册为可用模型\r\n74: export const // Built-in model registry\r\n75: export const MODELS = {\r\n    ^\n76:     // GPT-4o Series\r\n77:     &apos;gpt-4o&apos;:                  { name: &apos;GPT-4o&apos;,                  context: 128000, costPer1M: 2.50,  capabilities: [&apos;...\nAt file: /kernel/model-router/providers/openai.js:75:0&quot;

2026-04-14T07:44:13.270Z [33m[WARN][0m [HundunOS:ModelRouter] Provider anthropic registration failed: &quot;Parse failure: Parse failed with 1 error:\nIdentifier expected. &apos;export&apos; is a reserved word that cannot be used here.\n85: // 注册为可用模型\n86: export const // Built-in model registry\n87: export const MODELS = {\n    ^\n88:     // Claude 4 Series (Latest)\n89:     &apos;claude-opus-4-20250514&apos;:          { name: &apos;Claude Opus 4&apos;,          context: 200000, costPer1M: 15.00, capabilit...\nAt file: /kernel/model-router/providers/anthropic.js:87:0&quot;

2026-04-14T07:44:13.273Z [33m[WARN][0m [HundunOS:Storage] put error: &quot;[Storage] Encryption required for key &apos;__health_check__&apos; but HUNDUNOS_ENCRYPTION_KEY is not set. Refusing to write unencrypted sensitive data.&quot;

[ClientAdapterManager] Failed to connect qclaw: QClaw Gateway 未运行或无法访问

[RustModules] ⚠️  Initialized (process) — Rust unavailable, using JS fallback

[Kernel] RustModules: ✗ daemon unavailable — using JS fallback

[TaskScientist] ⚠️  Rust BFTS engine unavailable — using JS fallback

[Kernel] Skill system init failed: Cannot find module &apos;file:///C:/Users/Lin/.qclaw/workspace/hundunos/skills/skill-registry.js&apos; imported from C:/Users/Lin/.qclaw/workspace/hundunos/kernel/mixins/ModuleMixin.js

[Kernel] ProactiveManager init failed: Cannot find module &apos;file:///C:/Users/Lin/.qclaw/workspace/hundunos/proactive/proactive.js&apos; imported from C:/Users/Lin/.qclaw/workspace/hundunos/kernel/mixins/ModuleMixin.js

[Kernel] AgentTeams init failed: Cannot find module &apos;file:///C:/Users/Lin/.qclaw/workspace/hundunos/agent-teams/manager.js&apos; imported from C:/Users/Lin/.qclaw/workspace/hundunos/kernel/mixins/ModuleMixin.js

[Kernel] DebateTeamManager init failed: Failed to parse source for import analysis because the content contains invalid JS syntax. If you are using JSX, make sure to name the file with the .jsx or .tsx extension.

[Kernel] UnifiedProvider init failed: Cannot find module &apos;file:///C:/Users/Lin/.qclaw/workspace/hundunos/providers/provider-compat.js&apos; imported from C:/Users/Lin/.qclaw/workspace/hundunos/kernel/mixins/ModuleMixin.js

[Kernel] ComputerUse init failed: Cannot find module &apos;file:///C:/Users/Lin/.qclaw/workspace/hundunos/computer-use/computer-use.js&apos; imported from C:/Users/Lin/.qclaw/workspace/hundunos/kernel/mixins/ModuleMixin.js

[Kernel] SessionCompactor init failed: Cannot find module &apos;file:///C:/Users/Lin/.qclaw/workspace/hundunos/compact/compactor.js&apos; imported from C:/Users/Lin/.qclaw/workspace/hundunos/kernel/mixins/ModuleMixin.js

[Kernel] Monitoring init failed: A metric with the name hundunos_tool_executions_total has already been registered.

[Kernel] Security init failed: HUNDUNOS_ENCRYPTION_KEY is required for API key encryption

[Kernel] RedisPool init failed: Parse failure: Parse failed with 1 error:
Expected `,` or `}` but found `=&gt;`
17:       db: config.db || 0,
18:       maxRetriesPerRequest: config.maxRetriesPerRequest || 3,
19:       retryStrategy: config.retryStrategy || (times) =&gt; Math.min(times * 50, 2000),
                                                         ^
20:       enableReadyCheck: true,
21:     };
11: export class RedisPoolManager {
12:   constructor(config = {}) {
13:     this.config = {
                      ^
14:       host: config.host || &apos;localhost&apos;,
15:       port: config.port || 6379,
At file: /kernel/pool.js:19:53

[Kernel] PostgresPool init failed: Parse failure: Parse failed with 1 error:
Expected `,` or `}` but found `=&gt;`
17:       db: config.db || 0,
18:       maxRetriesPerRequest: config.maxRetriesPerRequest || 3,
19:       retryStrategy: config.retryStrategy || (times) =&gt; Math.min(times * 50, 2000),
                                                         ^
20:       enableReadyCheck: true,
21:     };
11: export class RedisPoolManager {
12:   constructor(config = {}) {
13:     this.config = {
                      ^
14:       host: config.host || &apos;localhost&apos;,
15:       port: config.port || 6379,
At file: /kernel/pool.js:19:53

[ELKStack] Connection failed: connect ECONNREFUSED ::1:9200

[Kernel] ELKStack init failed: connect ECONNREFUSED ::1:9200

2026-04-14T07:44:22.968Z [31m[ERROR][0m [HundunOS:RestServer] Server error: &quot;listen EADDRINUSE: address already in use 0.0.0.0:38080&quot;

2026-04-14T07:44:22.971Z [33m[WARN][0m [HundunOS:Storage] put error: &quot;[Storage] Encryption required for key &apos;aware&apos; but HUNDUNOS_ENCRYPTION_KEY is not set. Refusing to write unencrypted sensitive data.&quot;
2026-04-14T07:44:22.971Z [33m[WARN][0m [HundunOS:Storage] put error: &quot;[Storage] Encryption required for key &apos;modelrouter:stats&apos; but HUNDUNOS_ENCRYPTION_KEY is not set. Refusing to write unencrypted sensitive data.&quot;
2026-04-14T07:44:22.971Z [33m[WARN][0m [HundunOS:Storage] put error: &quot;[Storage] Encryption required for key &apos;aware&apos; but HUNDUNOS_ENCRYPTION_KEY is not set. Refusing to write unencrypted sensitive data.&quot;

            </system-err>
            <failure message="expected +0 to be 2 // Object.is equality" type="AssertionError">
AssertionError: expected +0 to be 2 // Object.is equality

- Expected
+ Received

- 2
+ 0

 ❯ tests/v4.3/integration.test.js:344:33
            </failure>
        </testcase>
        <testcase classname="tests/v4.3/integration.test.js" name="HundunOS v4.3 Integration Tests &gt; Worktree 任务绑定集成 &gt; should bind task to worktree" time="14.4798697">
            <system-err>
[Kernel] System config not found: C:\Users\Lin\.qclaw\workspace\hundunos\config\system.test.json

2026-04-14T07:44:23.094Z [33m[WARN][0m [HundunOS:Storage] SECURITY WARNING: HUNDUNOS_ENCRYPTION_KEY not set. Encryption is DISABLED for this session. Set the env var before production use.

2026-04-14T07:44:27.946Z [33m[WARN][0m [HundunOS:Storage] put error: &quot;[Storage] Encryption required for key &apos;health_test&apos; but HUNDUNOS_ENCRYPTION_KEY is not set. Refusing to write unencrypted sensitive data.&quot;

[Kernel] Env issues: Ollama 本地推理, OpenClaw CLI, 存储层可用

2026-04-14T07:44:27.953Z [33m[WARN][0m [HundunOS:Storage] put error: &quot;[Storage] Encryption required for key &apos;aware&apos; but HUNDUNOS_ENCRYPTION_KEY is not set. Refusing to write unencrypted sensitive data.&quot;
2026-04-14T07:44:27.954Z [33m[WARN][0m [HundunOS:Storage] put error: &quot;[Storage] Encryption required for key &apos;aware&apos; but HUNDUNOS_ENCRYPTION_KEY is not set. Refusing to write unencrypted sensitive data.&quot;
2026-04-14T07:44:27.954Z [33m[WARN][0m [HundunOS:Storage] put error: &quot;[Storage] Encryption required for key &apos;aware&apos; but HUNDUNOS_ENCRYPTION_KEY is not set. Refusing to write unencrypted sensitive data.&quot;
2026-04-14T07:44:27.955Z [33m[WARN][0m [HundunOS:Storage] put error: &quot;[Storage] Encryption required for key &apos;aware&apos; but HUNDUNOS_ENCRYPTION_KEY is not set. Refusing to write unencrypted sensitive data.&quot;

2026-04-14T07:44:28.332Z [33m[WARN][0m [HundunOS:ModelRouter] Provider openai registration failed: &quot;Parse failure: Parse failed with 1 error:\nIdentifier expected. &apos;export&apos; is a reserved word that cannot be used here.\n73: // 注册为可用模型\r\n74: export const // Built-in model registry\r\n75: export const MODELS = {\r\n    ^\n76:     // GPT-4o Series\r\n77:     &apos;gpt-4o&apos;:                  { name: &apos;GPT-4o&apos;,                  context: 128000, costPer1M: 2.50,  capabilities: [&apos;...\nAt file: /kernel/model-router/providers/openai.js:75:0&quot;

2026-04-14T07:44:28.342Z [33m[WARN][0m [HundunOS:ModelRouter] Provider anthropic registration failed: &quot;Parse failure: Parse failed with 1 error:\nIdentifier expected. &apos;export&apos; is a reserved word that cannot be used here.\n85: // 注册为可用模型\n86: export const // Built-in model registry\n87: export const MODELS = {\n    ^\n88:     // Claude 4 Series (Latest)\n89:     &apos;claude-opus-4-20250514&apos;:          { name: &apos;Claude Opus 4&apos;,          context: 200000, costPer1M: 15.00, capabilit...\nAt file: /kernel/model-router/providers/anthropic.js:87:0&quot;

2026-04-14T07:44:28.348Z [33m[WARN][0m [HundunOS:Storage] put error: &quot;[Storage] Encryption required for key &apos;__health_check__&apos; but HUNDUNOS_ENCRYPTION_KEY is not set. Refusing to write unencrypted sensitive data.&quot;

[ClientAdapterManager] Failed to connect qclaw: QClaw Gateway 未运行或无法访问

[RustModules] ⚠️  Initialized (process) — Rust unavailable, using JS fallback

[Kernel] RustModules: ✗ daemon unavailable — using JS fallback

[TaskScientist] ⚠️  Rust BFTS engine unavailable — using JS fallback

[Kernel] Skill system init failed: Cannot find module &apos;file:///C:/Users/Lin/.qclaw/workspace/hundunos/skills/skill-registry.js&apos; imported from C:/Users/Lin/.qclaw/workspace/hundunos/kernel/mixins/ModuleMixin.js

[Kernel] ProactiveManager init failed: Cannot find module &apos;file:///C:/Users/Lin/.qclaw/workspace/hundunos/proactive/proactive.js&apos; imported from C:/Users/Lin/.qclaw/workspace/hundunos/kernel/mixins/ModuleMixin.js

[Kernel] AgentTeams init failed: Cannot find module &apos;file:///C:/Users/Lin/.qclaw/workspace/hundunos/agent-teams/manager.js&apos; imported from C:/Users/Lin/.qclaw/workspace/hundunos/kernel/mixins/ModuleMixin.js

[Kernel] DebateTeamManager init failed: Failed to parse source for import analysis because the content contains invalid JS syntax. If you are using JSX, make sure to name the file with the .jsx or .tsx extension.

[Kernel] UnifiedProvider init failed: Cannot find module &apos;file:///C:/Users/Lin/.qclaw/workspace/hundunos/providers/provider-compat.js&apos; imported from C:/Users/Lin/.qclaw/workspace/hundunos/kernel/mixins/ModuleMixin.js

[Kernel] ComputerUse init failed: Cannot find module &apos;file:///C:/Users/Lin/.qclaw/workspace/hundunos/computer-use/computer-use.js&apos; imported from C:/Users/Lin/.qclaw/workspace/hundunos/kernel/mixins/ModuleMixin.js

[Kernel] SessionCompactor init failed: Cannot find module &apos;file:///C:/Users/Lin/.qclaw/workspace/hundunos/compact/compactor.js&apos; imported from C:/Users/Lin/.qclaw/workspace/hundunos/kernel/mixins/ModuleMixin.js

[Kernel] Monitoring init failed: A metric with the name hundunos_tool_executions_total has already been registered.

[Kernel] Security init failed: HUNDUNOS_ENCRYPTION_KEY is required for API key encryption

[Kernel] RedisPool init failed: Parse failure: Parse failed with 1 error:
Expected `,` or `}` but found `=&gt;`
17:       db: config.db || 0,
18:       maxRetriesPerRequest: config.maxRetriesPerRequest || 3,
19:       retryStrategy: config.retryStrategy || (times) =&gt; Math.min(times * 50, 2000),
                                                         ^
20:       enableReadyCheck: true,
21:     };
11: export class RedisPoolManager {
12:   constructor(config = {}) {
13:     this.config = {
                      ^
14:       host: config.host || &apos;localhost&apos;,
15:       port: config.port || 6379,
At file: /kernel/pool.js:19:53

[Kernel] PostgresPool init failed: Parse failure: Parse failed with 1 error:
Expected `,` or `}` but found `=&gt;`
17:       db: config.db || 0,
18:       maxRetriesPerRequest: config.maxRetriesPerRequest || 3,
19:       retryStrategy: config.retryStrategy || (times) =&gt; Math.min(times * 50, 2000),
                                                         ^
20:       enableReadyCheck: true,
21:     };
11: export class RedisPoolManager {
12:   constructor(config = {}) {
13:     this.config = {
                      ^
14:       host: config.host || &apos;localhost&apos;,
15:       port: config.port || 6379,
At file: /kernel/pool.js:19:53

[ELKStack] Connection failed: connect ECONNREFUSED ::1:9200

[Kernel] ELKStack init failed: connect ECONNREFUSED ::1:9200

2026-04-14T07:44:37.509Z [31m[ERROR][0m [HundunOS:RestServer] Server error: &quot;listen EADDRINUSE: address already in use 0.0.0.0:38080&quot;

2026-04-14T07:44:37.512Z [33m[WARN][0m [HundunOS:Storage] put error: &quot;[Storage] Encryption required for key &apos;aware&apos; but HUNDUNOS_ENCRYPTION_KEY is not set. Refusing to write unencrypted sensitive data.&quot;
2026-04-14T07:44:37.513Z [33m[WARN][0m [HundunOS:Storage] put error: &quot;[Storage] Encryption required for key &apos;modelrouter:stats&apos; but HUNDUNOS_ENCRYPTION_KEY is not set. Refusing to write unencrypted sensitive data.&quot;
2026-04-14T07:44:37.513Z [33m[WARN][0m [HundunOS:Storage] put error: &quot;[Storage] Encryption required for key &apos;aware&apos; but HUNDUNOS_ENCRYPTION_KEY is not set. Refusing to write unencrypted sensitive data.&quot;

            </system-err>
        </testcase>
        <testcase classname="tests/v4.3/integration.test.js" name="HundunOS v4.3 Integration Tests &gt; Worktree 任务绑定集成 &gt; should close worktree and complete task" time="13.3033008">
            <system-err>
[Kernel] System config not found: C:\Users\Lin\.qclaw\workspace\hundunos\config\system.test.json

2026-04-14T07:44:37.559Z [33m[WARN][0m [HundunOS:Storage] SECURITY WARNING: HUNDUNOS_ENCRYPTION_KEY not set. Encryption is DISABLED for this session. Set the env var before production use.

2026-04-14T07:44:41.609Z [33m[WARN][0m [HundunOS:Storage] put error: &quot;[Storage] Encryption required for key &apos;health_test&apos; but HUNDUNOS_ENCRYPTION_KEY is not set. Refusing to write unencrypted sensitive data.&quot;

[Kernel] Env issues: Ollama 本地推理, OpenClaw CLI, 存储层可用

2026-04-14T07:44:41.614Z [33m[WARN][0m [HundunOS:Storage] put error: &quot;[Storage] Encryption required for key &apos;aware&apos; but HUNDUNOS_ENCRYPTION_KEY is not set. Refusing to write unencrypted sensitive data.&quot;
2026-04-14T07:44:41.614Z [33m[WARN][0m [HundunOS:Storage] put error: &quot;[Storage] Encryption required for key &apos;aware&apos; but HUNDUNOS_ENCRYPTION_KEY is not set. Refusing to write unencrypted sensitive data.&quot;
2026-04-14T07:44:41.615Z [33m[WARN][0m [HundunOS:Storage] put error: &quot;[Storage] Encryption required for key &apos;aware&apos; but HUNDUNOS_ENCRYPTION_KEY is not set. Refusing to write unencrypted sensitive data.&quot;
2026-04-14T07:44:41.615Z [33m[WARN][0m [HundunOS:Storage] put error: &quot;[Storage] Encryption required for key &apos;aware&apos; but HUNDUNOS_ENCRYPTION_KEY is not set. Refusing to write unencrypted sensitive data.&quot;

2026-04-14T07:44:41.938Z [33m[WARN][0m [HundunOS:ModelRouter] Provider openai registration failed: &quot;Parse failure: Parse failed with 1 error:\nIdentifier expected. &apos;export&apos; is a reserved word that cannot be used here.\n73: // 注册为可用模型\r\n74: export const // Built-in model registry\r\n75: export const MODELS = {\r\n    ^\n76:     // GPT-4o Series\r\n77:     &apos;gpt-4o&apos;:                  { name: &apos;GPT-4o&apos;,                  context: 128000, costPer1M: 2.50,  capabilities: [&apos;...\nAt file: /kernel/model-router/providers/openai.js:75:0&quot;

2026-04-14T07:44:41.942Z [33m[WARN][0m [HundunOS:ModelRouter] Provider anthropic registration failed: &quot;Parse failure: Parse failed with 1 error:\nIdentifier expected. &apos;export&apos; is a reserved word that cannot be used here.\n85: // 注册为可用模型\n86: export const // Built-in model registry\n87: export const MODELS = {\n    ^\n88:     // Claude 4 Series (Latest)\n89:     &apos;claude-opus-4-20250514&apos;:          { name: &apos;Claude Opus 4&apos;,          context: 200000, costPer1M: 15.00, capabilit...\nAt file: /kernel/model-router/providers/anthropic.js:87:0&quot;

2026-04-14T07:44:41.945Z [33m[WARN][0m [HundunOS:Storage] put error: &quot;[Storage] Encryption required for key &apos;__health_check__&apos; but HUNDUNOS_ENCRYPTION_KEY is not set. Refusing to write unencrypted sensitive data.&quot;

[ClientAdapterManager] Failed to connect qclaw: QClaw Gateway 未运行或无法访问

[RustModules] ⚠️  Initialized (process) — Rust unavailable, using JS fallback

[Kernel] RustModules: ✗ daemon unavailable — using JS fallback

[TaskScientist] ⚠️  Rust BFTS engine unavailable — using JS fallback

[Kernel] Skill system init failed: Cannot find module &apos;file:///C:/Users/Lin/.qclaw/workspace/hundunos/skills/skill-registry.js&apos; imported from C:/Users/Lin/.qclaw/workspace/hundunos/kernel/mixins/ModuleMixin.js

[Kernel] ProactiveManager init failed: Cannot find module &apos;file:///C:/Users/Lin/.qclaw/workspace/hundunos/proactive/proactive.js&apos; imported from C:/Users/Lin/.qclaw/workspace/hundunos/kernel/mixins/ModuleMixin.js

[Kernel] AgentTeams init failed: Cannot find module &apos;file:///C:/Users/Lin/.qclaw/workspace/hundunos/agent-teams/manager.js&apos; imported from C:/Users/Lin/.qclaw/workspace/hundunos/kernel/mixins/ModuleMixin.js

[Kernel] DebateTeamManager init failed: Failed to parse source for import analysis because the content contains invalid JS syntax. If you are using JSX, make sure to name the file with the .jsx or .tsx extension.

[Kernel] UnifiedProvider init failed: Cannot find module &apos;file:///C:/Users/Lin/.qclaw/workspace/hundunos/providers/provider-compat.js&apos; imported from C:/Users/Lin/.qclaw/workspace/hundunos/kernel/mixins/ModuleMixin.js

[Kernel] ComputerUse init failed: Cannot find module &apos;file:///C:/Users/Lin/.qclaw/workspace/hundunos/computer-use/computer-use.js&apos; imported from C:/Users/Lin/.qclaw/workspace/hundunos/kernel/mixins/ModuleMixin.js

[Kernel] SessionCompactor init failed: Cannot find module &apos;file:///C:/Users/Lin/.qclaw/workspace/hundunos/compact/compactor.js&apos; imported from C:/Users/Lin/.qclaw/workspace/hundunos/kernel/mixins/ModuleMixin.js

[Kernel] Monitoring init failed: A metric with the name hundunos_tool_executions_total has already been registered.

[Kernel] Security init failed: HUNDUNOS_ENCRYPTION_KEY is required for API key encryption

[Kernel] RedisPool init failed: Parse failure: Parse failed with 1 error:
Expected `,` or `}` but found `=&gt;`
17:       db: config.db || 0,
18:       maxRetriesPerRequest: config.maxRetriesPerRequest || 3,
19:       retryStrategy: config.retryStrategy || (times) =&gt; Math.min(times * 50, 2000),
                                                         ^
20:       enableReadyCheck: true,
21:     };
11: export class RedisPoolManager {
12:   constructor(config = {}) {
13:     this.config = {
                      ^
14:       host: config.host || &apos;localhost&apos;,
15:       port: config.port || 6379,
At file: /kernel/pool.js:19:53

[Kernel] PostgresPool init failed: Parse failure: Parse failed with 1 error:
Expected `,` or `}` but found `=&gt;`
17:       db: config.db || 0,
18:       maxRetriesPerRequest: config.maxRetriesPerRequest || 3,
19:       retryStrategy: config.retryStrategy || (times) =&gt; Math.min(times * 50, 2000),
                                                         ^
20:       enableReadyCheck: true,
21:     };
11: export class RedisPoolManager {
12:   constructor(config = {}) {
13:     this.config = {
                      ^
14:       host: config.host || &apos;localhost&apos;,
15:       port: config.port || 6379,
At file: /kernel/pool.js:19:53

[ELKStack] Connection failed: connect ECONNREFUSED ::1:9200

[Kernel] ELKStack init failed: connect ECONNREFUSED ::1:9200

2026-04-14T07:44:50.848Z [31m[ERROR][0m [HundunOS:RestServer] Server error: &quot;listen EADDRINUSE: address already in use 0.0.0.0:38080&quot;

2026-04-14T07:44:50.852Z [33m[WARN][0m [HundunOS:Storage] put error: &quot;[Storage] Encryption required for key &apos;aware&apos; but HUNDUNOS_ENCRYPTION_KEY is not set. Refusing to write unencrypted sensitive data.&quot;
2026-04-14T07:44:50.853Z [33m[WARN][0m [HundunOS:Storage] put error: &quot;[Storage] Encryption required for key &apos;modelrouter:stats&apos; but HUNDUNOS_ENCRYPTION_KEY is not set. Refusing to write unencrypted sensitive data.&quot;
2026-04-14T07:44:50.854Z [33m[WARN][0m [HundunOS:Storage] put error: &quot;[Storage] Encryption required for key &apos;aware&apos; but HUNDUNOS_ENCRYPTION_KEY is not set. Refusing to write unencrypted sensitive data.&quot;

            </system-err>
            <failure message="expected &apos;bound&apos; to be &apos;completed&apos; // Object.is equality" type="AssertionError">
AssertionError: expected &apos;bound&apos; to be &apos;completed&apos; // Object.is equality

Expected: &quot;completed&quot;
Received: &quot;bound&quot;

 ❯ tests/v4.3/integration.test.js:380:37
            </failure>
        </testcase>
        <testcase classname="tests/v4.3/integration.test.js" name="HundunOS v4.3 Integration Tests &gt; Plan Approval 协议集成 &gt; should request and respond to approval" time="14.0062856">
            <system-err>
[Kernel] System config not found: C:\Users\Lin\.qclaw\workspace\hundunos\config\system.test.json

2026-04-14T07:44:50.865Z [33m[WARN][0m [HundunOS:Storage] SECURITY WARNING: HUNDUNOS_ENCRYPTION_KEY not set. Encryption is DISABLED for this session. Set the env var before production use.

2026-04-14T07:44:56.942Z [33m[WARN][0m [HundunOS:Storage] put error: &quot;[Storage] Encryption required for key &apos;health_test&apos; but HUNDUNOS_ENCRYPTION_KEY is not set. Refusing to write unencrypted sensitive data.&quot;

[Kernel] Env issues: Ollama 本地推理, OpenClaw CLI, 存储层可用

2026-04-14T07:44:56.956Z [33m[WARN][0m [HundunOS:Storage] put error: &quot;[Storage] Encryption required for key &apos;aware&apos; but HUNDUNOS_ENCRYPTION_KEY is not set. Refusing to write unencrypted sensitive data.&quot;
2026-04-14T07:44:56.956Z [33m[WARN][0m [HundunOS:Storage] put error: &quot;[Storage] Encryption required for key &apos;aware&apos; but HUNDUNOS_ENCRYPTION_KEY is not set. Refusing to write unencrypted sensitive data.&quot;
2026-04-14T07:44:56.957Z [33m[WARN][0m [HundunOS:Storage] put error: &quot;[Storage] Encryption required for key &apos;aware&apos; but HUNDUNOS_ENCRYPTION_KEY is not set. Refusing to write unencrypted sensitive data.&quot;
2026-04-14T07:44:56.957Z [33m[WARN][0m [HundunOS:Storage] put error: &quot;[Storage] Encryption required for key &apos;aware&apos; but HUNDUNOS_ENCRYPTION_KEY is not set. Refusing to write unencrypted sensitive data.&quot;

2026-04-14T07:44:57.342Z [33m[WARN][0m [HundunOS:ModelRouter] Provider openai registration failed: &quot;Parse failure: Parse failed with 1 error:\nIdentifier expected. &apos;export&apos; is a reserved word that cannot be used here.\n73: // 注册为可用模型\r\n74: export const // Built-in model registry\r\n75: export const MODELS = {\r\n    ^\n76:     // GPT-4o Series\r\n77:     &apos;gpt-4o&apos;:                  { name: &apos;GPT-4o&apos;,                  context: 128000, costPer1M: 2.50,  capabilities: [&apos;...\nAt file: /kernel/model-router/providers/openai.js:75:0&quot;

2026-04-14T07:44:57.346Z [33m[WARN][0m [HundunOS:ModelRouter] Provider anthropic registration failed: &quot;Parse failure: Parse failed with 1 error:\nIdentifier expected. &apos;export&apos; is a reserved word that cannot be used here.\n85: // 注册为可用模型\n86: export const // Built-in model registry\n87: export const MODELS = {\n    ^\n88:     // Claude 4 Series (Latest)\n89:     &apos;claude-opus-4-20250514&apos;:          { name: &apos;Claude Opus 4&apos;,          context: 200000, costPer1M: 15.00, capabilit...\nAt file: /kernel/model-router/providers/anthropic.js:87:0&quot;

2026-04-14T07:44:57.349Z [33m[WARN][0m [HundunOS:Storage] put error: &quot;[Storage] Encryption required for key &apos;__health_check__&apos; but HUNDUNOS_ENCRYPTION_KEY is not set. Refusing to write unencrypted sensitive data.&quot;

[ClientAdapterManager] Failed to connect qclaw: QClaw Gateway 未运行或无法访问

[RustModules] ⚠️  Initialized (process) — Rust unavailable, using JS fallback

[Kernel] RustModules: ✗ daemon unavailable — using JS fallback

[TaskScientist] ⚠️  Rust BFTS engine unavailable — using JS fallback

[Kernel] Skill system init failed: Cannot find module &apos;file:///C:/Users/Lin/.qclaw/workspace/hundunos/skills/skill-registry.js&apos; imported from C:/Users/Lin/.qclaw/workspace/hundunos/kernel/mixins/ModuleMixin.js

[Kernel] ProactiveManager init failed: Cannot find module &apos;file:///C:/Users/Lin/.qclaw/workspace/hundunos/proactive/proactive.js&apos; imported from C:/Users/Lin/.qclaw/workspace/hundunos/kernel/mixins/ModuleMixin.js

[Kernel] AgentTeams init failed: Cannot find module &apos;file:///C:/Users/Lin/.qclaw/workspace/hundunos/agent-teams/manager.js&apos; imported from C:/Users/Lin/.qclaw/workspace/hundunos/kernel/mixins/ModuleMixin.js

[Kernel] DebateTeamManager init failed: Failed to parse source for import analysis because the content contains invalid JS syntax. If you are using JSX, make sure to name the file with the .jsx or .tsx extension.

[Kernel] UnifiedProvider init failed: Cannot find module &apos;file:///C:/Users/Lin/.qclaw/workspace/hundunos/providers/provider-compat.js&apos; imported from C:/Users/Lin/.qclaw/workspace/hundunos/kernel/mixins/ModuleMixin.js

[Kernel] ComputerUse init failed: Cannot find module &apos;file:///C:/Users/Lin/.qclaw/workspace/hundunos/computer-use/computer-use.js&apos; imported from C:/Users/Lin/.qclaw/workspace/hundunos/kernel/mixins/ModuleMixin.js

[Kernel] SessionCompactor init failed: Cannot find module &apos;file:///C:/Users/Lin/.qclaw/workspace/hundunos/compact/compactor.js&apos; imported from C:/Users/Lin/.qclaw/workspace/hundunos/kernel/mixins/ModuleMixin.js

[Kernel] Monitoring init failed: A metric with the name hundunos_tool_executions_total has already been registered.

[Kernel] Security init failed: HUNDUNOS_ENCRYPTION_KEY is required for API key encryption

[Kernel] RedisPool init failed: Parse failure: Parse failed with 1 error:
Expected `,` or `}` but found `=&gt;`
17:       db: config.db || 0,
18:       maxRetriesPerRequest: config.maxRetriesPerRequest || 3,
19:       retryStrategy: config.retryStrategy || (times) =&gt; Math.min(times * 50, 2000),
                                                         ^
20:       enableReadyCheck: true,
21:     };
11: export class RedisPoolManager {
12:   constructor(config = {}) {
13:     this.config = {
                      ^
14:       host: config.host || &apos;localhost&apos;,
15:       port: config.port || 6379,
At file: /kernel/pool.js:19:53

[Kernel] PostgresPool init failed: Parse failure: Parse failed with 1 error:
Expected `,` or `}` but found `=&gt;`
17:       db: config.db || 0,
18:       maxRetriesPerRequest: config.maxRetriesPerRequest || 3,
19:       retryStrategy: config.retryStrategy || (times) =&gt; Math.min(times * 50, 2000),
                                                         ^
20:       enableReadyCheck: true,
21:     };
11: export class RedisPoolManager {
12:   constructor(config = {}) {
13:     this.config = {
                      ^
14:       host: config.host || &apos;localhost&apos;,
15:       port: config.port || 6379,
At file: /kernel/pool.js:19:53

[ELKStack] Connection failed: connect ECONNREFUSED ::1:9200

[Kernel] ELKStack init failed: connect ECONNREFUSED ::1:9200

2026-04-14T07:45:04.843Z [31m[ERROR][0m [HundunOS:RestServer] Server error: &quot;listen EADDRINUSE: address already in use 0.0.0.0:38080&quot;

2026-04-14T07:45:04.851Z [33m[WARN][0m [HundunOS:Storage] put error: &quot;[Storage] Encryption required for key &apos;aware&apos; but HUNDUNOS_ENCRYPTION_KEY is not set. Refusing to write unencrypted sensitive data.&quot;
2026-04-14T07:45:04.852Z [33m[WARN][0m [HundunOS:Storage] put error: &quot;[Storage] Encryption required for key &apos;modelrouter:stats&apos; but HUNDUNOS_ENCRYPTION_KEY is not set. Refusing to write unencrypted sensitive data.&quot;
2026-04-14T07:45:04.852Z [33m[WARN][0m [HundunOS:Storage] put error: &quot;[Storage] Encryption required for key &apos;aware&apos; but HUNDUNOS_ENCRYPTION_KEY is not set. Refusing to write unencrypted sensitive data.&quot;

            </system-err>
            <failure message="expected [] to have a length of 1 but got +0" type="AssertionError">
AssertionError: expected [] to have a length of 1 but got +0

- Expected
+ Received

- 1
+ 0

 ❯ tests/v4.3/integration.test.js:397:23
            </failure>
        </testcase>
        <testcase classname="tests/v4.3/integration.test.js" name="HundunOS v4.3 Integration Tests &gt; Plan Approval 协议集成 &gt; should get approval stats" time="15.0968808">
            <system-err>
[Kernel] System config not found: C:\Users\Lin\.qclaw\workspace\hundunos\config\system.test.json

2026-04-14T07:45:04.876Z [33m[WARN][0m [HundunOS:Storage] SECURITY WARNING: HUNDUNOS_ENCRYPTION_KEY not set. Encryption is DISABLED for this session. Set the env var before production use.

2026-04-14T07:45:10.926Z [33m[WARN][0m [HundunOS:Storage] put error: &quot;[Storage] Encryption required for key &apos;health_test&apos; but HUNDUNOS_ENCRYPTION_KEY is not set. Refusing to write unencrypted sensitive data.&quot;

[Kernel] Env issues: Ollama 本地推理, OpenClaw CLI, 存储层可用

2026-04-14T07:45:10.934Z [33m[WARN][0m [HundunOS:Storage] put error: &quot;[Storage] Encryption required for key &apos;aware&apos; but HUNDUNOS_ENCRYPTION_KEY is not set. Refusing to write unencrypted sensitive data.&quot;
2026-04-14T07:45:10.934Z [33m[WARN][0m [HundunOS:Storage] put error: &quot;[Storage] Encryption required for key &apos;aware&apos; but HUNDUNOS_ENCRYPTION_KEY is not set. Refusing to write unencrypted sensitive data.&quot;
2026-04-14T07:45:10.935Z [33m[WARN][0m [HundunOS:Storage] put error: &quot;[Storage] Encryption required for key &apos;aware&apos; but HUNDUNOS_ENCRYPTION_KEY is not set. Refusing to write unencrypted sensitive data.&quot;
2026-04-14T07:45:10.935Z [33m[WARN][0m [HundunOS:Storage] put error: &quot;[Storage] Encryption required for key &apos;aware&apos; but HUNDUNOS_ENCRYPTION_KEY is not set. Refusing to write unencrypted sensitive data.&quot;

2026-04-14T07:45:11.309Z [33m[WARN][0m [HundunOS:ModelRouter] Provider openai registration failed: &quot;Parse failure: Parse failed with 1 error:\nIdentifier expected. &apos;export&apos; is a reserved word that cannot be used here.\n73: // 注册为可用模型\r\n74: export const // Built-in model registry\r\n75: export const MODELS = {\r\n    ^\n76:     // GPT-4o Series\r\n77:     &apos;gpt-4o&apos;:                  { name: &apos;GPT-4o&apos;,                  context: 128000, costPer1M: 2.50,  capabilities: [&apos;...\nAt file: /kernel/model-router/providers/openai.js:75:0&quot;

2026-04-14T07:45:11.385Z [33m[WARN][0m [HundunOS:ModelRouter] Provider anthropic registration failed: &quot;Parse failure: Parse failed with 1 error:\nIdentifier expected. &apos;export&apos; is a reserved word that cannot be used here.\n85: // 注册为可用模型\n86: export const // Built-in model registry\n87: export const MODELS = {\n    ^\n88:     // Claude 4 Series (Latest)\n89:     &apos;claude-opus-4-20250514&apos;:          { name: &apos;Claude Opus 4&apos;,          context: 200000, costPer1M: 15.00, capabilit...\nAt file: /kernel/model-router/providers/anthropic.js:87:0&quot;

2026-04-14T07:45:11.388Z [33m[WARN][0m [HundunOS:Storage] put error: &quot;[Storage] Encryption required for key &apos;__health_check__&apos; but HUNDUNOS_ENCRYPTION_KEY is not set. Refusing to write unencrypted sensitive data.&quot;

[ClientAdapterManager] Failed to connect qclaw: QClaw Gateway 未运行或无法访问

[RustModules] ⚠️  Initialized (process) — Rust unavailable, using JS fallback

[Kernel] RustModules: ✗ daemon unavailable — using JS fallback

[TaskScientist] ⚠️  Rust BFTS engine unavailable — using JS fallback

[Kernel] Skill system init failed: Cannot find module &apos;file:///C:/Users/Lin/.qclaw/workspace/hundunos/skills/skill-registry.js&apos; imported from C:/Users/Lin/.qclaw/workspace/hundunos/kernel/mixins/ModuleMixin.js

[Kernel] ProactiveManager init failed: Cannot find module &apos;file:///C:/Users/Lin/.qclaw/workspace/hundunos/proactive/proactive.js&apos; imported from C:/Users/Lin/.qclaw/workspace/hundunos/kernel/mixins/ModuleMixin.js

[Kernel] AgentTeams init failed: Cannot find module &apos;file:///C:/Users/Lin/.qclaw/workspace/hundunos/agent-teams/manager.js&apos; imported from C:/Users/Lin/.qclaw/workspace/hundunos/kernel/mixins/ModuleMixin.js

[Kernel] DebateTeamManager init failed: Failed to parse source for import analysis because the content contains invalid JS syntax. If you are using JSX, make sure to name the file with the .jsx or .tsx extension.

[Kernel] UnifiedProvider init failed: Cannot find module &apos;file:///C:/Users/Lin/.qclaw/workspace/hundunos/providers/provider-compat.js&apos; imported from C:/Users/Lin/.qclaw/workspace/hundunos/kernel/mixins/ModuleMixin.js

[Kernel] ComputerUse init failed: Cannot find module &apos;file:///C:/Users/Lin/.qclaw/workspace/hundunos/computer-use/computer-use.js&apos; imported from C:/Users/Lin/.qclaw/workspace/hundunos/kernel/mixins/ModuleMixin.js

[Kernel] SessionCompactor init failed: Cannot find module &apos;file:///C:/Users/Lin/.qclaw/workspace/hundunos/compact/compactor.js&apos; imported from C:/Users/Lin/.qclaw/workspace/hundunos/kernel/mixins/ModuleMixin.js

[Kernel] Monitoring init failed: A metric with the name hundunos_tool_executions_total has already been registered.

[Kernel] Security init failed: HUNDUNOS_ENCRYPTION_KEY is required for API key encryption

[Kernel] RedisPool init failed: Parse failure: Parse failed with 1 error:
Expected `,` or `}` but found `=&gt;`
17:       db: config.db || 0,
18:       maxRetriesPerRequest: config.maxRetriesPerRequest || 3,
19:       retryStrategy: config.retryStrategy || (times) =&gt; Math.min(times * 50, 2000),
                                                         ^
20:       enableReadyCheck: true,
21:     };
11: export class RedisPoolManager {
12:   constructor(config = {}) {
13:     this.config = {
                      ^
14:       host: config.host || &apos;localhost&apos;,
15:       port: config.port || 6379,
At file: /kernel/pool.js:19:53

[Kernel] PostgresPool init failed: Parse failure: Parse failed with 1 error:
Expected `,` or `}` but found `=&gt;`
17:       db: config.db || 0,
18:       maxRetriesPerRequest: config.maxRetriesPerRequest || 3,
19:       retryStrategy: config.retryStrategy || (times) =&gt; Math.min(times * 50, 2000),
                                                         ^
20:       enableReadyCheck: true,
21:     };
11: export class RedisPoolManager {
12:   constructor(config = {}) {
13:     this.config = {
                      ^
14:       host: config.host || &apos;localhost&apos;,
15:       port: config.port || 6379,
At file: /kernel/pool.js:19:53

[ELKStack] Connection failed: connect ECONNREFUSED ::1:9200

[Kernel] ELKStack init failed: connect ECONNREFUSED ::1:9200

2026-04-14T07:45:19.934Z [31m[ERROR][0m [HundunOS:RestServer] Server error: &quot;listen EADDRINUSE: address already in use 0.0.0.0:38080&quot;

2026-04-14T07:45:19.937Z [33m[WARN][0m [HundunOS:Storage] put error: &quot;[Storage] Encryption required for key &apos;aware&apos; but HUNDUNOS_ENCRYPTION_KEY is not set. Refusing to write unencrypted sensitive data.&quot;
2026-04-14T07:45:19.937Z [33m[WARN][0m [HundunOS:Storage] put error: &quot;[Storage] Encryption required for key &apos;modelrouter:stats&apos; but HUNDUNOS_ENCRYPTION_KEY is not set. Refusing to write unencrypted sensitive data.&quot;
2026-04-14T07:45:19.937Z [33m[WARN][0m [HundunOS:Storage] put error: &quot;[Storage] Encryption required for key &apos;aware&apos; but HUNDUNOS_ENCRYPTION_KEY is not set. Refusing to write unencrypted sensitive data.&quot;

            </system-err>
        </testcase>
        <testcase classname="tests/v4.3/integration.test.js" name="HundunOS v4.3 Integration Tests &gt; MessageBus 集成 &gt; should send and receive messages" time="18.1255128">
            <system-err>
[Kernel] System config not found: C:\Users\Lin\.qclaw\workspace\hundunos\config\system.test.json

2026-04-14T07:45:19.967Z [33m[WARN][0m [HundunOS:Storage] SECURITY WARNING: HUNDUNOS_ENCRYPTION_KEY not set. Encryption is DISABLED for this session. Set the env var before production use.

2026-04-14T07:45:28.441Z [33m[WARN][0m [HundunOS:Storage] put error: &quot;[Storage] Encryption required for key &apos;health_test&apos; but HUNDUNOS_ENCRYPTION_KEY is not set. Refusing to write unencrypted sensitive data.&quot;

[Kernel] Env issues: Ollama 本地推理, OpenClaw CLI, 存储层可用, 内存充足

2026-04-14T07:45:28.506Z [33m[WARN][0m [HundunOS:Storage] put error: &quot;[Storage] Encryption required for key &apos;aware&apos; but HUNDUNOS_ENCRYPTION_KEY is not set. Refusing to write unencrypted sensitive data.&quot;
2026-04-14T07:45:28.507Z [33m[WARN][0m [HundunOS:Storage] put error: &quot;[Storage] Encryption required for key &apos;aware&apos; but HUNDUNOS_ENCRYPTION_KEY is not set. Refusing to write unencrypted sensitive data.&quot;
2026-04-14T07:45:28.507Z [33m[WARN][0m [HundunOS:Storage] put error: &quot;[Storage] Encryption required for key &apos;aware&apos; but HUNDUNOS_ENCRYPTION_KEY is not set. Refusing to write unencrypted sensitive data.&quot;
2026-04-14T07:45:28.507Z [33m[WARN][0m [HundunOS:Storage] put error: &quot;[Storage] Encryption required for key &apos;aware&apos; but HUNDUNOS_ENCRYPTION_KEY is not set. Refusing to write unencrypted sensitive data.&quot;

2026-04-14T07:45:28.997Z [33m[WARN][0m [HundunOS:ModelRouter] Provider openai registration failed: &quot;Parse failure: Parse failed with 1 error:\nIdentifier expected. &apos;export&apos; is a reserved word that cannot be used here.\n73: // 注册为可用模型\r\n74: export const // Built-in model registry\r\n75: export const MODELS = {\r\n    ^\n76:     // GPT-4o Series\r\n77:     &apos;gpt-4o&apos;:                  { name: &apos;GPT-4o&apos;,                  context: 128000, costPer1M: 2.50,  capabilities: [&apos;...\nAt file: /kernel/model-router/providers/openai.js:75:0&quot;

2026-04-14T07:45:29.004Z [33m[WARN][0m [HundunOS:ModelRouter] Provider anthropic registration failed: &quot;Parse failure: Parse failed with 1 error:\nIdentifier expected. &apos;export&apos; is a reserved word that cannot be used here.\n85: // 注册为可用模型\n86: export const // Built-in model registry\n87: export const MODELS = {\n    ^\n88:     // Claude 4 Series (Latest)\n89:     &apos;claude-opus-4-20250514&apos;:          { name: &apos;Claude Opus 4&apos;,          context: 200000, costPer1M: 15.00, capabilit...\nAt file: /kernel/model-router/providers/anthropic.js:87:0&quot;

2026-04-14T07:45:29.007Z [33m[WARN][0m [HundunOS:Storage] put error: &quot;[Storage] Encryption required for key &apos;__health_check__&apos; but HUNDUNOS_ENCRYPTION_KEY is not set. Refusing to write unencrypted sensitive data.&quot;

[ClientAdapterManager] Failed to connect qclaw: QClaw Gateway 未运行或无法访问

[RustModules] ⚠️  Initialized (process) — Rust unavailable, using JS fallback

[Kernel] RustModules: ✗ daemon unavailable — using JS fallback

[TaskScientist] ⚠️  Rust BFTS engine unavailable — using JS fallback

[Kernel] Skill system init failed: Cannot find module &apos;file:///C:/Users/Lin/.qclaw/workspace/hundunos/skills/skill-registry.js&apos; imported from C:/Users/Lin/.qclaw/workspace/hundunos/kernel/mixins/ModuleMixin.js

[Kernel] ProactiveManager init failed: Cannot find module &apos;file:///C:/Users/Lin/.qclaw/workspace/hundunos/proactive/proactive.js&apos; imported from C:/Users/Lin/.qclaw/workspace/hundunos/kernel/mixins/ModuleMixin.js

[Kernel] AgentTeams init failed: Cannot find module &apos;file:///C:/Users/Lin/.qclaw/workspace/hundunos/agent-teams/manager.js&apos; imported from C:/Users/Lin/.qclaw/workspace/hundunos/kernel/mixins/ModuleMixin.js

[Kernel] DebateTeamManager init failed: Failed to parse source for import analysis because the content contains invalid JS syntax. If you are using JSX, make sure to name the file with the .jsx or .tsx extension.

[Kernel] UnifiedProvider init failed: Cannot find module &apos;file:///C:/Users/Lin/.qclaw/workspace/hundunos/providers/provider-compat.js&apos; imported from C:/Users/Lin/.qclaw/workspace/hundunos/kernel/mixins/ModuleMixin.js

[Kernel] ComputerUse init failed: Cannot find module &apos;file:///C:/Users/Lin/.qclaw/workspace/hundunos/computer-use/computer-use.js&apos; imported from C:/Users/Lin/.qclaw/workspace/hundunos/kernel/mixins/ModuleMixin.js

[Kernel] SessionCompactor init failed: Cannot find module &apos;file:///C:/Users/Lin/.qclaw/workspace/hundunos/compact/compactor.js&apos; imported from C:/Users/Lin/.qclaw/workspace/hundunos/kernel/mixins/ModuleMixin.js

[Kernel] Monitoring init failed: A metric with the name hundunos_tool_executions_total has already been registered.

[Kernel] Security init failed: HUNDUNOS_ENCRYPTION_KEY is required for API key encryption

[Kernel] RedisPool init failed: Parse failure: Parse failed with 1 error:
Expected `,` or `}` but found `=&gt;`
17:       db: config.db || 0,
18:       maxRetriesPerRequest: config.maxRetriesPerRequest || 3,
19:       retryStrategy: config.retryStrategy || (times) =&gt; Math.min(times * 50, 2000),
                                                         ^
20:       enableReadyCheck: true,
21:     };
11: export class RedisPoolManager {
12:   constructor(config = {}) {
13:     this.config = {
                      ^
14:       host: config.host || &apos;localhost&apos;,
15:       port: config.port || 6379,
At file: /kernel/pool.js:19:53

[Kernel] PostgresPool init failed: Parse failure: Parse failed with 1 error:
Expected `,` or `}` but found `=&gt;`
17:       db: config.db || 0,
18:       maxRetriesPerRequest: config.maxRetriesPerRequest || 3,
19:       retryStrategy: config.retryStrategy || (times) =&gt; Math.min(times * 50, 2000),
                                                         ^
20:       enableReadyCheck: true,
21:     };
11: export class RedisPoolManager {
12:   constructor(config = {}) {
13:     this.config = {
                      ^
14:       host: config.host || &apos;localhost&apos;,
15:       port: config.port || 6379,
At file: /kernel/pool.js:19:53

[ELKStack] Connection failed: connect ECONNREFUSED ::1:9200

[Kernel] ELKStack init failed: connect ECONNREFUSED ::1:9200

2026-04-14T07:45:38.080Z [31m[ERROR][0m [HundunOS:RestServer] Server error: &quot;listen EADDRINUSE: address already in use 0.0.0.0:38080&quot;

2026-04-14T07:45:38.084Z [33m[WARN][0m [HundunOS:Storage] put error: &quot;[Storage] Encryption required for key &apos;aware&apos; but HUNDUNOS_ENCRYPTION_KEY is not set. Refusing to write unencrypted sensitive data.&quot;
2026-04-14T07:45:38.084Z [33m[WARN][0m [HundunOS:Storage] put error: &quot;[Storage] Encryption required for key &apos;modelrouter:stats&apos; but HUNDUNOS_ENCRYPTION_KEY is not set. Refusing to write unencrypted sensitive data.&quot;
2026-04-14T07:45:38.085Z [33m[WARN][0m [HundunOS:Storage] put error: &quot;[Storage] Encryption required for key &apos;aware&apos; but HUNDUNOS_ENCRYPTION_KEY is not set. Refusing to write unencrypted sensitive data.&quot;

            </system-err>
            <failure message="expected [] to have a length of 1 but got +0" type="AssertionError">
AssertionError: expected [] to have a length of 1 but got +0

- Expected
+ Received

- 1
+ 0

 ❯ tests/v4.3/integration.test.js:436:24
            </failure>
        </testcase>
        <testcase classname="tests/v4.3/integration.test.js" name="HundunOS v4.3 Integration Tests &gt; MessageBus 集成 &gt; should broadcast messages" time="13.1924613">
            <system-err>
[Kernel] System config not found: C:\Users\Lin\.qclaw\workspace\hundunos\config\system.test.json

2026-04-14T07:45:38.091Z [33m[WARN][0m [HundunOS:Storage] SECURITY WARNING: HUNDUNOS_ENCRYPTION_KEY not set. Encryption is DISABLED for this session. Set the env var before production use.

2026-04-14T07:45:41.833Z [33m[WARN][0m [HundunOS:Storage] put error: &quot;[Storage] Encryption required for key &apos;health_test&apos; but HUNDUNOS_ENCRYPTION_KEY is not set. Refusing to write unencrypted sensitive data.&quot;

[Kernel] Env issues: Ollama 本地推理, OpenClaw CLI, 存储层可用

2026-04-14T07:45:41.836Z [33m[WARN][0m [HundunOS:Storage] put error: &quot;[Storage] Encryption required for key &apos;aware&apos; but HUNDUNOS_ENCRYPTION_KEY is not set. Refusing to write unencrypted sensitive data.&quot;
2026-04-14T07:45:41.836Z [33m[WARN][0m [HundunOS:Storage] put error: &quot;[Storage] Encryption required for key &apos;aware&apos; but HUNDUNOS_ENCRYPTION_KEY is not set. Refusing to write unencrypted sensitive data.&quot;
2026-04-14T07:45:41.836Z [33m[WARN][0m [HundunOS:Storage] put error: &quot;[Storage] Encryption required for key &apos;aware&apos; but HUNDUNOS_ENCRYPTION_KEY is not set. Refusing to write unencrypted sensitive data.&quot;
2026-04-14T07:45:41.836Z [33m[WARN][0m [HundunOS:Storage] put error: &quot;[Storage] Encryption required for key &apos;aware&apos; but HUNDUNOS_ENCRYPTION_KEY is not set. Refusing to write unencrypted sensitive data.&quot;

2026-04-14T07:45:42.201Z [33m[WARN][0m [HundunOS:ModelRouter] Provider openai registration failed: &quot;Parse failure: Parse failed with 1 error:\nIdentifier expected. &apos;export&apos; is a reserved word that cannot be used here.\n73: // 注册为可用模型\r\n74: export const // Built-in model registry\r\n75: export const MODELS = {\r\n    ^\n76:     // GPT-4o Series\r\n77:     &apos;gpt-4o&apos;:                  { name: &apos;GPT-4o&apos;,                  context: 128000, costPer1M: 2.50,  capabilities: [&apos;...\nAt file: /kernel/model-router/providers/openai.js:75:0&quot;

2026-04-14T07:45:42.210Z [33m[WARN][0m [HundunOS:ModelRouter] Provider anthropic registration failed: &quot;Parse failure: Parse failed with 1 error:\nIdentifier expected. &apos;export&apos; is a reserved word that cannot be used here.\n85: // 注册为可用模型\n86: export const // Built-in model registry\n87: export const MODELS = {\n    ^\n88:     // Claude 4 Series (Latest)\n89:     &apos;claude-opus-4-20250514&apos;:          { name: &apos;Claude Opus 4&apos;,          context: 200000, costPer1M: 15.00, capabilit...\nAt file: /kernel/model-router/providers/anthropic.js:87:0&quot;

2026-04-14T07:45:42.212Z [33m[WARN][0m [HundunOS:Storage] put error: &quot;[Storage] Encryption required for key &apos;__health_check__&apos; but HUNDUNOS_ENCRYPTION_KEY is not set. Refusing to write unencrypted sensitive data.&quot;

[ClientAdapterManager] Failed to connect qclaw: QClaw Gateway 未运行或无法访问

[RustModules] ⚠️  Initialized (process) — Rust unavailable, using JS fallback

[Kernel] RustModules: ✗ daemon unavailable — using JS fallback

[TaskScientist] ⚠️  Rust BFTS engine unavailable — using JS fallback

[Kernel] Skill system init failed: Cannot find module &apos;file:///C:/Users/Lin/.qclaw/workspace/hundunos/skills/skill-registry.js&apos; imported from C:/Users/Lin/.qclaw/workspace/hundunos/kernel/mixins/ModuleMixin.js

[Kernel] ProactiveManager init failed: Cannot find module &apos;file:///C:/Users/Lin/.qclaw/workspace/hundunos/proactive/proactive.js&apos; imported from C:/Users/Lin/.qclaw/workspace/hundunos/kernel/mixins/ModuleMixin.js

[Kernel] AgentTeams init failed: Cannot find module &apos;file:///C:/Users/Lin/.qclaw/workspace/hundunos/agent-teams/manager.js&apos; imported from C:/Users/Lin/.qclaw/workspace/hundunos/kernel/mixins/ModuleMixin.js

[Kernel] DebateTeamManager init failed: Failed to parse source for import analysis because the content contains invalid JS syntax. If you are using JSX, make sure to name the file with the .jsx or .tsx extension.

[Kernel] UnifiedProvider init failed: Cannot find module &apos;file:///C:/Users/Lin/.qclaw/workspace/hundunos/providers/provider-compat.js&apos; imported from C:/Users/Lin/.qclaw/workspace/hundunos/kernel/mixins/ModuleMixin.js

[Kernel] ComputerUse init failed: Cannot find module &apos;file:///C:/Users/Lin/.qclaw/workspace/hundunos/computer-use/computer-use.js&apos; imported from C:/Users/Lin/.qclaw/workspace/hundunos/kernel/mixins/ModuleMixin.js

[Kernel] SessionCompactor init failed: Cannot find module &apos;file:///C:/Users/Lin/.qclaw/workspace/hundunos/compact/compactor.js&apos; imported from C:/Users/Lin/.qclaw/workspace/hundunos/kernel/mixins/ModuleMixin.js

[Kernel] Monitoring init failed: A metric with the name hundunos_tool_executions_total has already been registered.

[Kernel] Security init failed: HUNDUNOS_ENCRYPTION_KEY is required for API key encryption

[Kernel] RedisPool init failed: Parse failure: Parse failed with 1 error:
Expected `,` or `}` but found `=&gt;`
17:       db: config.db || 0,
18:       maxRetriesPerRequest: config.maxRetriesPerRequest || 3,
19:       retryStrategy: config.retryStrategy || (times) =&gt; Math.min(times * 50, 2000),
                                                         ^
20:       enableReadyCheck: true,
21:     };
11: export class RedisPoolManager {
12:   constructor(config = {}) {
13:     this.config = {
                      ^
14:       host: config.host || &apos;localhost&apos;,
15:       port: config.port || 6379,
At file: /kernel/pool.js:19:53

[Kernel] PostgresPool init failed: Parse failure: Parse failed with 1 error:
Expected `,` or `}` but found `=&gt;`
17:       db: config.db || 0,
18:       maxRetriesPerRequest: config.maxRetriesPerRequest || 3,
19:       retryStrategy: config.retryStrategy || (times) =&gt; Math.min(times * 50, 2000),
                                                         ^
20:       enableReadyCheck: true,
21:     };
11: export class RedisPoolManager {
12:   constructor(config = {}) {
13:     this.config = {
                      ^
14:       host: config.host || &apos;localhost&apos;,
15:       port: config.port || 6379,
At file: /kernel/pool.js:19:53

[ELKStack] Connection failed: connect ECONNREFUSED ::1:9200

[Kernel] ELKStack init failed: connect ECONNREFUSED ::1:9200

2026-04-14T07:45:51.249Z [33m[WARN][0m [HundunOS:Storage] put error: &quot;[Storage] Encryption required for key &apos;aware&apos; but HUNDUNOS_ENCRYPTION_KEY is not set. Refusing to write unencrypted sensitive data.&quot;
2026-04-14T07:45:51.250Z [33m[WARN][0m [HundunOS:Storage] put error: &quot;[Storage] Encryption required for key &apos;modelrouter:stats&apos; but HUNDUNOS_ENCRYPTION_KEY is not set. Refusing to write unencrypted sensitive data.&quot;
2026-04-14T07:45:51.251Z [33m[WARN][0m [HundunOS:Storage] put error: &quot;[Storage] Encryption required for key &apos;aware&apos; but HUNDUNOS_ENCRYPTION_KEY is not set. Refusing to write unencrypted sensitive data.&quot;

            </system-err>
            <failure message="expected [] to have a length of 1 but got +0" type="AssertionError">
AssertionError: expected [] to have a length of 1 but got +0

- Expected
+ Received

- 1
+ 0

 ❯ tests/v4.3/integration.test.js:459:32
            </failure>
        </testcase>
        <testcase classname="tests/v4.3/integration.test.js" name="HundunOS v4.3 Integration Tests &gt; MessageBus 集成 &gt; should handle plan approval messages" time="13.3585466">
            <system-err>
[Kernel] System config not found: C:\Users\Lin\.qclaw\workspace\hundunos\config\system.test.json

2026-04-14T07:45:51.285Z [33m[WARN][0m [HundunOS:Storage] SECURITY WARNING: HUNDUNOS_ENCRYPTION_KEY not set. Encryption is DISABLED for this session. Set the env var before production use.

2026-04-14T07:45:55.251Z [33m[WARN][0m [HundunOS:Storage] put error: &quot;[Storage] Encryption required for key &apos;health_test&apos; but HUNDUNOS_ENCRYPTION_KEY is not set. Refusing to write unencrypted sensitive data.&quot;

[Kernel] Env issues: Ollama 本地推理, OpenClaw CLI, 存储层可用, 内存充足

2026-04-14T07:45:55.254Z [33m[WARN][0m [HundunOS:Storage] put error: &quot;[Storage] Encryption required for key &apos;aware&apos; but HUNDUNOS_ENCRYPTION_KEY is not set. Refusing to write unencrypted sensitive data.&quot;
2026-04-14T07:45:55.254Z [33m[WARN][0m [HundunOS:Storage] put error: &quot;[Storage] Encryption required for key &apos;aware&apos; but HUNDUNOS_ENCRYPTION_KEY is not set. Refusing to write unencrypted sensitive data.&quot;
2026-04-14T07:45:55.254Z [33m[WARN][0m [HundunOS:Storage] put error: &quot;[Storage] Encryption required for key &apos;aware&apos; but HUNDUNOS_ENCRYPTION_KEY is not set. Refusing to write unencrypted sensitive data.&quot;
2026-04-14T07:45:55.254Z [33m[WARN][0m [HundunOS:Storage] put error: &quot;[Storage] Encryption required for key &apos;aware&apos; but HUNDUNOS_ENCRYPTION_KEY is not set. Refusing to write unencrypted sensitive data.&quot;

2026-04-14T07:45:55.695Z [33m[WARN][0m [HundunOS:ModelRouter] Provider openai registration failed: &quot;Parse failure: Parse failed with 1 error:\nIdentifier expected. &apos;export&apos; is a reserved word that cannot be used here.\n73: // 注册为可用模型\r\n74: export const // Built-in model registry\r\n75: export const MODELS = {\r\n    ^\n76:     // GPT-4o Series\r\n77:     &apos;gpt-4o&apos;:                  { name: &apos;GPT-4o&apos;,                  context: 128000, costPer1M: 2.50,  capabilities: [&apos;...\nAt file: /kernel/model-router/providers/openai.js:75:0&quot;

2026-04-14T07:45:55.710Z [33m[WARN][0m [HundunOS:ModelRouter] Provider anthropic registration failed: &quot;Parse failure: Parse failed with 1 error:\nIdentifier expected. &apos;export&apos; is a reserved word that cannot be used here.\n85: // 注册为可用模型\n86: export const // Built-in model registry\n87: export const MODELS = {\n    ^\n88:     // Claude 4 Series (Latest)\n89:     &apos;claude-opus-4-20250514&apos;:          { name: &apos;Claude Opus 4&apos;,          context: 200000, costPer1M: 15.00, capabilit...\nAt file: /kernel/model-router/providers/anthropic.js:87:0&quot;

2026-04-14T07:45:55.717Z [33m[WARN][0m [HundunOS:Storage] put error: &quot;[Storage] Encryption required for key &apos;__health_check__&apos; but HUNDUNOS_ENCRYPTION_KEY is not set. Refusing to write unencrypted sensitive data.&quot;

[ClientAdapterManager] Failed to connect qclaw: QClaw Gateway 未运行或无法访问

[RustModules] ⚠️  Initialized (process) — Rust unavailable, using JS fallback

[Kernel] RustModules: ✗ daemon unavailable — using JS fallback

[TaskScientist] ⚠️  Rust BFTS engine unavailable — using JS fallback

[Kernel] Skill system init failed: Cannot find module &apos;file:///C:/Users/Lin/.qclaw/workspace/hundunos/skills/skill-registry.js&apos; imported from C:/Users/Lin/.qclaw/workspace/hundunos/kernel/mixins/ModuleMixin.js

[Kernel] ProactiveManager init failed: Cannot find module &apos;file:///C:/Users/Lin/.qclaw/workspace/hundunos/proactive/proactive.js&apos; imported from C:/Users/Lin/.qclaw/workspace/hundunos/kernel/mixins/ModuleMixin.js

[Kernel] AgentTeams init failed: Cannot find module &apos;file:///C:/Users/Lin/.qclaw/workspace/hundunos/agent-teams/manager.js&apos; imported from C:/Users/Lin/.qclaw/workspace/hundunos/kernel/mixins/ModuleMixin.js

[Kernel] DebateTeamManager init failed: Failed to parse source for import analysis because the content contains invalid JS syntax. If you are using JSX, make sure to name the file with the .jsx or .tsx extension.

[Kernel] UnifiedProvider init failed: Cannot find module &apos;file:///C:/Users/Lin/.qclaw/workspace/hundunos/providers/provider-compat.js&apos; imported from C:/Users/Lin/.qclaw/workspace/hundunos/kernel/mixins/ModuleMixin.js

[Kernel] ComputerUse init failed: Cannot find module &apos;file:///C:/Users/Lin/.qclaw/workspace/hundunos/computer-use/computer-use.js&apos; imported from C:/Users/Lin/.qclaw/workspace/hundunos/kernel/mixins/ModuleMixin.js

[Kernel] SessionCompactor init failed: Cannot find module &apos;file:///C:/Users/Lin/.qclaw/workspace/hundunos/compact/compactor.js&apos; imported from C:/Users/Lin/.qclaw/workspace/hundunos/kernel/mixins/ModuleMixin.js

[Kernel] Monitoring init failed: A metric with the name hundunos_tool_executions_total has already been registered.

[Kernel] Security init failed: HUNDUNOS_ENCRYPTION_KEY is required for API key encryption

[Kernel] RedisPool init failed: Parse failure: Parse failed with 1 error:
Expected `,` or `}` but found `=&gt;`
17:       db: config.db || 0,
18:       maxRetriesPerRequest: config.maxRetriesPerRequest || 3,
19:       retryStrategy: config.retryStrategy || (times) =&gt; Math.min(times * 50, 2000),
                                                         ^
20:       enableReadyCheck: true,
21:     };
11: export class RedisPoolManager {
12:   constructor(config = {}) {
13:     this.config = {
                      ^
14:       host: config.host || &apos;localhost&apos;,
15:       port: config.port || 6379,
At file: /kernel/pool.js:19:53

[Kernel] PostgresPool init failed: Parse failure: Parse failed with 1 error:
Expected `,` or `}` but found `=&gt;`
17:       db: config.db || 0,
18:       maxRetriesPerRequest: config.maxRetriesPerRequest || 3,
19:       retryStrategy: config.retryStrategy || (times) =&gt; Math.min(times * 50, 2000),
                                                         ^
20:       enableReadyCheck: true,
21:     };
11: export class RedisPoolManager {
12:   constructor(config = {}) {
13:     this.config = {
                      ^
14:       host: config.host || &apos;localhost&apos;,
15:       port: config.port || 6379,
At file: /kernel/pool.js:19:53

[ELKStack] Connection failed: connect ECONNREFUSED ::1:9200

[Kernel] ELKStack init failed: connect ECONNREFUSED ::1:9200

2026-04-14T07:46:04.624Z [31m[ERROR][0m [HundunOS:RestServer] Server error: &quot;listen EADDRINUSE: address already in use 0.0.0.0:38080&quot;

2026-04-14T07:46:04.634Z [33m[WARN][0m [HundunOS:Storage] put error: &quot;[Storage] Encryption required for key &apos;aware&apos; but HUNDUNOS_ENCRYPTION_KEY is not set. Refusing to write unencrypted sensitive data.&quot;
2026-04-14T07:46:04.635Z [33m[WARN][0m [HundunOS:Storage] put error: &quot;[Storage] Encryption required for key &apos;modelrouter:stats&apos; but HUNDUNOS_ENCRYPTION_KEY is not set. Refusing to write unencrypted sensitive data.&quot;
2026-04-14T07:46:04.635Z [33m[WARN][0m [HundunOS:Storage] put error: &quot;[Storage] Encryption required for key &apos;aware&apos; but HUNDUNOS_ENCRYPTION_KEY is not set. Refusing to write unencrypted sensitive data.&quot;

            </system-err>
            <failure message="expected [] to have a length of 1 but got +0" type="AssertionError">
AssertionError: expected [] to have a length of 1 but got +0

- Expected
+ Received

- 1
+ 0

 ❯ tests/v4.3/integration.test.js:475:24
            </failure>
        </testcase>
        <testcase classname="tests/v4.3/integration.test.js" name="HundunOS v4.3 Integration Tests &gt; Compact 三层压缩集成 &gt; should apply microcompact to tool results" time="13.0666636">
            <system-err>
[Kernel] System config not found: C:\Users\Lin\.qclaw\workspace\hundunos\config\system.test.json

2026-04-14T07:46:04.646Z [33m[WARN][0m [HundunOS:Storage] SECURITY WARNING: HUNDUNOS_ENCRYPTION_KEY not set. Encryption is DISABLED for this session. Set the env var before production use.

2026-04-14T07:46:08.926Z [33m[WARN][0m [HundunOS:Storage] put error: &quot;[Storage] Encryption required for key &apos;health_test&apos; but HUNDUNOS_ENCRYPTION_KEY is not set. Refusing to write unencrypted sensitive data.&quot;

[Kernel] Env issues: Ollama 本地推理, OpenClaw CLI, 存储层可用, 内存充足

2026-04-14T07:46:08.929Z [33m[WARN][0m [HundunOS:Storage] put error: &quot;[Storage] Encryption required for key &apos;aware&apos; but HUNDUNOS_ENCRYPTION_KEY is not set. Refusing to write unencrypted sensitive data.&quot;
2026-04-14T07:46:08.929Z [33m[WARN][0m [HundunOS:Storage] put error: &quot;[Storage] Encryption required for key &apos;aware&apos; but HUNDUNOS_ENCRYPTION_KEY is not set. Refusing to write unencrypted sensitive data.&quot;
2026-04-14T07:46:08.929Z [33m[WARN][0m [HundunOS:Storage] put error: &quot;[Storage] Encryption required for key &apos;aware&apos; but HUNDUNOS_ENCRYPTION_KEY is not set. Refusing to write unencrypted sensitive data.&quot;
2026-04-14T07:46:08.930Z [33m[WARN][0m [HundunOS:Storage] put error: &quot;[Storage] Encryption required for key &apos;aware&apos; but HUNDUNOS_ENCRYPTION_KEY is not set. Refusing to write unencrypted sensitive data.&quot;

2026-04-14T07:46:09.247Z [33m[WARN][0m [HundunOS:ModelRouter] Provider openai registration failed: &quot;Parse failure: Parse failed with 1 error:\nIdentifier expected. &apos;export&apos; is a reserved word that cannot be used here.\n73: // 注册为可用模型\r\n74: export const // Built-in model registry\r\n75: export const MODELS = {\r\n    ^\n76:     // GPT-4o Series\r\n77:     &apos;gpt-4o&apos;:                  { name: &apos;GPT-4o&apos;,                  context: 128000, costPer1M: 2.50,  capabilities: [&apos;...\nAt file: /kernel/model-router/providers/openai.js:75:0&quot;

2026-04-14T07:46:09.251Z [33m[WARN][0m [HundunOS:ModelRouter] Provider anthropic registration failed: &quot;Parse failure: Parse failed with 1 error:\nIdentifier expected. &apos;export&apos; is a reserved word that cannot be used here.\n85: // 注册为可用模型\n86: export const // Built-in model registry\n87: export const MODELS = {\n    ^\n88:     // Claude 4 Series (Latest)\n89:     &apos;claude-opus-4-20250514&apos;:          { name: &apos;Claude Opus 4&apos;,          context: 200000, costPer1M: 15.00, capabilit...\nAt file: /kernel/model-router/providers/anthropic.js:87:0&quot;

2026-04-14T07:46:09.253Z [33m[WARN][0m [HundunOS:Storage] put error: &quot;[Storage] Encryption required for key &apos;__health_check__&apos; but HUNDUNOS_ENCRYPTION_KEY is not set. Refusing to write unencrypted sensitive data.&quot;

[ClientAdapterManager] Failed to connect qclaw: QClaw Gateway 未运行或无法访问

[RustModules] ⚠️  Initialized (process) — Rust unavailable, using JS fallback

[Kernel] RustModules: ✗ daemon unavailable — using JS fallback

[TaskScientist] ⚠️  Rust BFTS engine unavailable — using JS fallback

[Kernel] Skill system init failed: Cannot find module &apos;file:///C:/Users/Lin/.qclaw/workspace/hundunos/skills/skill-registry.js&apos; imported from C:/Users/Lin/.qclaw/workspace/hundunos/kernel/mixins/ModuleMixin.js

[Kernel] ProactiveManager init failed: Cannot find module &apos;file:///C:/Users/Lin/.qclaw/workspace/hundunos/proactive/proactive.js&apos; imported from C:/Users/Lin/.qclaw/workspace/hundunos/kernel/mixins/ModuleMixin.js

[Kernel] AgentTeams init failed: Cannot find module &apos;file:///C:/Users/Lin/.qclaw/workspace/hundunos/agent-teams/manager.js&apos; imported from C:/Users/Lin/.qclaw/workspace/hundunos/kernel/mixins/ModuleMixin.js

[Kernel] DebateTeamManager init failed: Failed to parse source for import analysis because the content contains invalid JS syntax. If you are using JSX, make sure to name the file with the .jsx or .tsx extension.

[Kernel] UnifiedProvider init failed: Cannot find module &apos;file:///C:/Users/Lin/.qclaw/workspace/hundunos/providers/provider-compat.js&apos; imported from C:/Users/Lin/.qclaw/workspace/hundunos/kernel/mixins/ModuleMixin.js

[Kernel] ComputerUse init failed: Cannot find module &apos;file:///C:/Users/Lin/.qclaw/workspace/hundunos/computer-use/computer-use.js&apos; imported from C:/Users/Lin/.qclaw/workspace/hundunos/kernel/mixins/ModuleMixin.js

[Kernel] SessionCompactor init failed: Cannot find module &apos;file:///C:/Users/Lin/.qclaw/workspace/hundunos/compact/compactor.js&apos; imported from C:/Users/Lin/.qclaw/workspace/hundunos/kernel/mixins/ModuleMixin.js

[Kernel] Monitoring init failed: A metric with the name hundunos_tool_executions_total has already been registered.

[Kernel] Security init failed: HUNDUNOS_ENCRYPTION_KEY is required for API key encryption

[Kernel] RedisPool init failed: Parse failure: Parse failed with 1 error:
Expected `,` or `}` but found `=&gt;`
17:       db: config.db || 0,
18:       maxRetriesPerRequest: config.maxRetriesPerRequest || 3,
19:       retryStrategy: config.retryStrategy || (times) =&gt; Math.min(times * 50, 2000),
                                                         ^
20:       enableReadyCheck: true,
21:     };
11: export class RedisPoolManager {
12:   constructor(config = {}) {
13:     this.config = {
                      ^
14:       host: config.host || &apos;localhost&apos;,
15:       port: config.port || 6379,
At file: /kernel/pool.js:19:53

[Kernel] PostgresPool init failed: Parse failure: Parse failed with 1 error:
Expected `,` or `}` but found `=&gt;`
17:       db: config.db || 0,
18:       maxRetriesPerRequest: config.maxRetriesPerRequest || 3,
19:       retryStrategy: config.retryStrategy || (times) =&gt; Math.min(times * 50, 2000),
                                                         ^
20:       enableReadyCheck: true,
21:     };
11: export class RedisPoolManager {
12:   constructor(config = {}) {
13:     this.config = {
                      ^
14:       host: config.host || &apos;localhost&apos;,
15:       port: config.port || 6379,
At file: /kernel/pool.js:19:53

[ELKStack] Connection failed: connect ECONNREFUSED ::1:9200

[Kernel] ELKStack init failed: connect ECONNREFUSED ::1:9200

2026-04-14T07:46:17.365Z [31m[ERROR][0m [HundunOS:RestServer] Server error: &quot;listen EADDRINUSE: address already in use 0.0.0.0:38080&quot;

2026-04-14T07:46:17.372Z [33m[WARN][0m [HundunOS:Storage] put error: &quot;[Storage] Encryption required for key &apos;aware&apos; but HUNDUNOS_ENCRYPTION_KEY is not set. Refusing to write unencrypted sensitive data.&quot;
2026-04-14T07:46:17.372Z [33m[WARN][0m [HundunOS:Storage] put error: &quot;[Storage] Encryption required for key &apos;modelrouter:stats&apos; but HUNDUNOS_ENCRYPTION_KEY is not set. Refusing to write unencrypted sensitive data.&quot;
2026-04-14T07:46:17.373Z [33m[WARN][0m [HundunOS:Storage] put error: &quot;[Storage] Encryption required for key &apos;aware&apos; but HUNDUNOS_ENCRYPTION_KEY is not set. Refusing to write unencrypted sensitive data.&quot;

            </system-err>
            <failure message="expected 3 to be 6 // Object.is equality" type="AssertionError">
AssertionError: expected 3 to be 6 // Object.is equality

- Expected
+ Received

- 6
+ 3

 ❯ tests/v4.3/integration.test.js:513:34
            </failure>
        </testcase>
        <testcase classname="tests/v4.3/integration.test.js" name="HundunOS v4.3 Integration Tests &gt; Recovery 集成 &gt; should handle max_tokens error with CONTINUE action" time="11.0913204">
            <system-err>
[Kernel] System config not found: C:\Users\Lin\.qclaw\workspace\hundunos\config\system.test.json

2026-04-14T07:46:17.708Z [33m[WARN][0m [HundunOS:Storage] SECURITY WARNING: HUNDUNOS_ENCRYPTION_KEY not set. Encryption is DISABLED for this session. Set the env var before production use.

2026-04-14T07:46:18.773Z [33m[WARN][0m [HundunOS:Storage] put error: &quot;[Storage] Encryption required for key &apos;aware&apos; but HUNDUNOS_ENCRYPTION_KEY is not set. Refusing to write unencrypted sensitive data.&quot;

2026-04-14T07:46:21.524Z [33m[WARN][0m [HundunOS:Storage] put error: &quot;[Storage] Encryption required for key &apos;health_test&apos; but HUNDUNOS_ENCRYPTION_KEY is not set. Refusing to write unencrypted sensitive data.&quot;

[Kernel] Env issues: Ollama 本地推理, OpenClaw CLI, 存储层可用

2026-04-14T07:46:21.527Z [33m[WARN][0m [HundunOS:Storage] put error: &quot;[Storage] Encryption required for key &apos;aware&apos; but HUNDUNOS_ENCRYPTION_KEY is not set. Refusing to write unencrypted sensitive data.&quot;
2026-04-14T07:46:21.527Z [33m[WARN][0m [HundunOS:Storage] put error: &quot;[Storage] Encryption required for key &apos;aware&apos; but HUNDUNOS_ENCRYPTION_KEY is not set. Refusing to write unencrypted sensitive data.&quot;
2026-04-14T07:46:21.528Z [33m[WARN][0m [HundunOS:Storage] put error: &quot;[Storage] Encryption required for key &apos;aware&apos; but HUNDUNOS_ENCRYPTION_KEY is not set. Refusing to write unencrypted sensitive data.&quot;
2026-04-14T07:46:21.528Z [33m[WARN][0m [HundunOS:Storage] put error: &quot;[Storage] Encryption required for key &apos;aware&apos; but HUNDUNOS_ENCRYPTION_KEY is not set. Refusing to write unencrypted sensitive data.&quot;

2026-04-14T07:46:21.806Z [33m[WARN][0m [HundunOS:ModelRouter] Provider openai registration failed: &quot;Parse failure: Parse failed with 1 error:\nIdentifier expected. &apos;export&apos; is a reserved word that cannot be used here.\n73: // 注册为可用模型\r\n74: export const // Built-in model registry\r\n75: export const MODELS = {\r\n    ^\n76:     // GPT-4o Series\r\n77:     &apos;gpt-4o&apos;:                  { name: &apos;GPT-4o&apos;,                  context: 128000, costPer1M: 2.50,  capabilities: [&apos;...\nAt file: /kernel/model-router/providers/openai.js:75:0&quot;

2026-04-14T07:46:21.809Z [33m[WARN][0m [HundunOS:ModelRouter] Provider anthropic registration failed: &quot;Parse failure: Parse failed with 1 error:\nIdentifier expected. &apos;export&apos; is a reserved word that cannot be used here.\n85: // 注册为可用模型\n86: export const // Built-in model registry\n87: export const MODELS = {\n    ^\n88:     // Claude 4 Series (Latest)\n89:     &apos;claude-opus-4-20250514&apos;:          { name: &apos;Claude Opus 4&apos;,          context: 200000, costPer1M: 15.00, capabilit...\nAt file: /kernel/model-router/providers/anthropic.js:87:0&quot;

2026-04-14T07:46:21.811Z [33m[WARN][0m [HundunOS:Storage] put error: &quot;[Storage] Encryption required for key &apos;__health_check__&apos; but HUNDUNOS_ENCRYPTION_KEY is not set. Refusing to write unencrypted sensitive data.&quot;

[ClientAdapterManager] Failed to connect qclaw: QClaw Gateway 未运行或无法访问

[RustModules] ⚠️  Initialized (process) — Rust unavailable, using JS fallback

[Kernel] RustModules: ✗ daemon unavailable — using JS fallback

[TaskScientist] ⚠️  Rust BFTS engine unavailable — using JS fallback

[Kernel] Skill system init failed: Cannot find module &apos;file:///C:/Users/Lin/.qclaw/workspace/hundunos/skills/skill-registry.js&apos; imported from C:/Users/Lin/.qclaw/workspace/hundunos/kernel/mixins/ModuleMixin.js

[Kernel] ProactiveManager init failed: Cannot find module &apos;file:///C:/Users/Lin/.qclaw/workspace/hundunos/proactive/proactive.js&apos; imported from C:/Users/Lin/.qclaw/workspace/hundunos/kernel/mixins/ModuleMixin.js

[Kernel] AgentTeams init failed: Cannot find module &apos;file:///C:/Users/Lin/.qclaw/workspace/hundunos/agent-teams/manager.js&apos; imported from C:/Users/Lin/.qclaw/workspace/hundunos/kernel/mixins/ModuleMixin.js

[Kernel] DebateTeamManager init failed: Failed to parse source for import analysis because the content contains invalid JS syntax. If you are using JSX, make sure to name the file with the .jsx or .tsx extension.

[Kernel] UnifiedProvider init failed: Cannot find module &apos;file:///C:/Users/Lin/.qclaw/workspace/hundunos/providers/provider-compat.js&apos; imported from C:/Users/Lin/.qclaw/workspace/hundunos/kernel/mixins/ModuleMixin.js

[Kernel] ComputerUse init failed: Cannot find module &apos;file:///C:/Users/Lin/.qclaw/workspace/hundunos/computer-use/computer-use.js&apos; imported from C:/Users/Lin/.qclaw/workspace/hundunos/kernel/mixins/ModuleMixin.js

[Kernel] SessionCompactor init failed: Cannot find module &apos;file:///C:/Users/Lin/.qclaw/workspace/hundunos/compact/compactor.js&apos; imported from C:/Users/Lin/.qclaw/workspace/hundunos/kernel/mixins/ModuleMixin.js

[Kernel] Monitoring init failed: A metric with the name hundunos_tool_executions_total has already been registered.

[Kernel] Security init failed: HUNDUNOS_ENCRYPTION_KEY is required for API key encryption

[Kernel] RedisPool init failed: Parse failure: Parse failed with 1 error:
Expected `,` or `}` but found `=&gt;`
17:       db: config.db || 0,
18:       maxRetriesPerRequest: config.maxRetriesPerRequest || 3,
19:       retryStrategy: config.retryStrategy || (times) =&gt; Math.min(times * 50, 2000),
                                                         ^
20:       enableReadyCheck: true,
21:     };
11: export class RedisPoolManager {
12:   constructor(config = {}) {
13:     this.config = {
                      ^
14:       host: config.host || &apos;localhost&apos;,
15:       port: config.port || 6379,
At file: /kernel/pool.js:19:53

[Kernel] PostgresPool init failed: Parse failure: Parse failed with 1 error:
Expected `,` or `}` but found `=&gt;`
17:       db: config.db || 0,
18:       maxRetriesPerRequest: config.maxRetriesPerRequest || 3,
19:       retryStrategy: config.retryStrategy || (times) =&gt; Math.min(times * 50, 2000),
                                                         ^
20:       enableReadyCheck: true,
21:     };
11: export class RedisPoolManager {
12:   constructor(config = {}) {
13:     this.config = {
                      ^
14:       host: config.host || &apos;localhost&apos;,
15:       port: config.port || 6379,
At file: /kernel/pool.js:19:53

[ELKStack] Connection failed: connect ECONNREFUSED ::1:9200

[Kernel] ELKStack init failed: connect ECONNREFUSED ::1:9200

2026-04-14T07:46:28.788Z [31m[ERROR][0m [HundunOS:RestServer] Server error: &quot;listen EADDRINUSE: address already in use 0.0.0.0:38080&quot;

2026-04-14T07:46:28.794Z [33m[WARN][0m [HundunOS:Storage] put error: &quot;[Storage] Encryption required for key &apos;aware&apos; but HUNDUNOS_ENCRYPTION_KEY is not set. Refusing to write unencrypted sensitive data.&quot;
2026-04-14T07:46:28.795Z [33m[WARN][0m [HundunOS:Storage] put error: &quot;[Storage] Encryption required for key &apos;modelrouter:stats&apos; but HUNDUNOS_ENCRYPTION_KEY is not set. Refusing to write unencrypted sensitive data.&quot;
2026-04-14T07:46:28.795Z [33m[WARN][0m [HundunOS:Storage] put error: &quot;[Storage] Encryption required for key &apos;aware&apos; but HUNDUNOS_ENCRYPTION_KEY is not set. Refusing to write unencrypted sensitive data.&quot;

            </system-err>
            <failure message="expected &apos;Recovered&apos; to contain &apos;已注入续写提示&apos;" type="AssertionError">
AssertionError: expected &apos;Recovered&apos; to contain &apos;已注入续写提示&apos;

Expected: &quot;已注入续写提示&quot;
Received: &quot;Recovered&quot;

 ❯ tests/v4.3/integration.test.js:539:30
            </failure>
        </testcase>
        <testcase classname="tests/v4.3/integration.test.js" name="HundunOS v4.3 Integration Tests &gt; Recovery 集成 &gt; should handle context exceeded error with COMPACT_AND_RETRY action" time="16.6093311">
            <system-err>
[Kernel] System config not found: C:\Users\Lin\.qclaw\workspace\hundunos\config\system.test.json

2026-04-14T07:46:28.834Z [33m[WARN][0m [HundunOS:Storage] SECURITY WARNING: HUNDUNOS_ENCRYPTION_KEY not set. Encryption is DISABLED for this session. Set the env var before production use.

2026-04-14T07:46:37.749Z [33m[WARN][0m [HundunOS:Storage] put error: &quot;[Storage] Encryption required for key &apos;health_test&apos; but HUNDUNOS_ENCRYPTION_KEY is not set. Refusing to write unencrypted sensitive data.&quot;

[Kernel] Env issues: Ollama 本地推理, OpenClaw CLI, 存储层可用

2026-04-14T07:46:37.758Z [33m[WARN][0m [HundunOS:Storage] put error: &quot;[Storage] Encryption required for key &apos;aware&apos; but HUNDUNOS_ENCRYPTION_KEY is not set. Refusing to write unencrypted sensitive data.&quot;
2026-04-14T07:46:37.758Z [33m[WARN][0m [HundunOS:Storage] put error: &quot;[Storage] Encryption required for key &apos;aware&apos; but HUNDUNOS_ENCRYPTION_KEY is not set. Refusing to write unencrypted sensitive data.&quot;
2026-04-14T07:46:37.758Z [33m[WARN][0m [HundunOS:Storage] put error: &quot;[Storage] Encryption required for key &apos;aware&apos; but HUNDUNOS_ENCRYPTION_KEY is not set. Refusing to write unencrypted sensitive data.&quot;
2026-04-14T07:46:37.759Z [33m[WARN][0m [HundunOS:Storage] put error: &quot;[Storage] Encryption required for key &apos;aware&apos; but HUNDUNOS_ENCRYPTION_KEY is not set. Refusing to write unencrypted sensitive data.&quot;

2026-04-14T07:46:38.090Z [33m[WARN][0m [HundunOS:ModelRouter] Provider openai registration failed: &quot;Parse failure: Parse failed with 1 error:\nIdentifier expected. &apos;export&apos; is a reserved word that cannot be used here.\n73: // 注册为可用模型\r\n74: export const // Built-in model registry\r\n75: export const MODELS = {\r\n    ^\n76:     // GPT-4o Series\r\n77:     &apos;gpt-4o&apos;:                  { name: &apos;GPT-4o&apos;,                  context: 128000, costPer1M: 2.50,  capabilities: [&apos;...\nAt file: /kernel/model-router/providers/openai.js:75:0&quot;

2026-04-14T07:46:38.094Z [33m[WARN][0m [HundunOS:ModelRouter] Provider anthropic registration failed: &quot;Parse failure: Parse failed with 1 error:\nIdentifier expected. &apos;export&apos; is a reserved word that cannot be used here.\n85: // 注册为可用模型\n86: export const // Built-in model registry\n87: export const MODELS = {\n    ^\n88:     // Claude 4 Series (Latest)\n89:     &apos;claude-opus-4-20250514&apos;:          { name: &apos;Claude Opus 4&apos;,          context: 200000, costPer1M: 15.00, capabilit...\nAt file: /kernel/model-router/providers/anthropic.js:87:0&quot;

2026-04-14T07:46:38.097Z [33m[WARN][0m [HundunOS:Storage] put error: &quot;[Storage] Encryption required for key &apos;__health_check__&apos; but HUNDUNOS_ENCRYPTION_KEY is not set. Refusing to write unencrypted sensitive data.&quot;

[ClientAdapterManager] Failed to connect qclaw: QClaw Gateway 未运行或无法访问

[RustModules] ⚠️  Initialized (process) — Rust unavailable, using JS fallback

[Kernel] RustModules: ✗ daemon unavailable — using JS fallback

[TaskScientist] ⚠️  Rust BFTS engine unavailable — using JS fallback

[Kernel] Skill system init failed: Cannot find module &apos;file:///C:/Users/Lin/.qclaw/workspace/hundunos/skills/skill-registry.js&apos; imported from C:/Users/Lin/.qclaw/workspace/hundunos/kernel/mixins/ModuleMixin.js

[Kernel] ProactiveManager init failed: Cannot find module &apos;file:///C:/Users/Lin/.qclaw/workspace/hundunos/proactive/proactive.js&apos; imported from C:/Users/Lin/.qclaw/workspace/hundunos/kernel/mixins/ModuleMixin.js

[Kernel] AgentTeams init failed: Cannot find module &apos;file:///C:/Users/Lin/.qclaw/workspace/hundunos/agent-teams/manager.js&apos; imported from C:/Users/Lin/.qclaw/workspace/hundunos/kernel/mixins/ModuleMixin.js

[Kernel] DebateTeamManager init failed: Failed to parse source for import analysis because the content contains invalid JS syntax. If you are using JSX, make sure to name the file with the .jsx or .tsx extension.

[Kernel] UnifiedProvider init failed: Cannot find module &apos;file:///C:/Users/Lin/.qclaw/workspace/hundunos/providers/provider-compat.js&apos; imported from C:/Users/Lin/.qclaw/workspace/hundunos/kernel/mixins/ModuleMixin.js

[Kernel] ComputerUse init failed: Cannot find module &apos;file:///C:/Users/Lin/.qclaw/workspace/hundunos/computer-use/computer-use.js&apos; imported from C:/Users/Lin/.qclaw/workspace/hundunos/kernel/mixins/ModuleMixin.js

[Kernel] SessionCompactor init failed: Cannot find module &apos;file:///C:/Users/Lin/.qclaw/workspace/hundunos/compact/compactor.js&apos; imported from C:/Users/Lin/.qclaw/workspace/hundunos/kernel/mixins/ModuleMixin.js

[Kernel] Monitoring init failed: A metric with the name hundunos_tool_executions_total has already been registered.

[Kernel] Security init failed: HUNDUNOS_ENCRYPTION_KEY is required for API key encryption

[Kernel] RedisPool init failed: Parse failure: Parse failed with 1 error:
Expected `,` or `}` but found `=&gt;`
17:       db: config.db || 0,
18:       maxRetriesPerRequest: config.maxRetriesPerRequest || 3,
19:       retryStrategy: config.retryStrategy || (times) =&gt; Math.min(times * 50, 2000),
                                                         ^
20:       enableReadyCheck: true,
21:     };
11: export class RedisPoolManager {
12:   constructor(config = {}) {
13:     this.config = {
                      ^
14:       host: config.host || &apos;localhost&apos;,
15:       port: config.port || 6379,
At file: /kernel/pool.js:19:53

[Kernel] PostgresPool init failed: Parse failure: Parse failed with 1 error:
Expected `,` or `}` but found `=&gt;`
17:       db: config.db || 0,
18:       maxRetriesPerRequest: config.maxRetriesPerRequest || 3,
19:       retryStrategy: config.retryStrategy || (times) =&gt; Math.min(times * 50, 2000),
                                                         ^
20:       enableReadyCheck: true,
21:     };
11: export class RedisPoolManager {
12:   constructor(config = {}) {
13:     this.config = {
                      ^
14:       host: config.host || &apos;localhost&apos;,
15:       port: config.port || 6379,
At file: /kernel/pool.js:19:53

[ELKStack] Connection failed: connect ECONNREFUSED ::1:9200

[Kernel] ELKStack init failed: connect ECONNREFUSED ::1:9200

2026-04-14T07:46:45.398Z [33m[WARN][0m [HundunOS:Storage] put error: &quot;[Storage] Encryption required for key &apos;aware&apos; but HUNDUNOS_ENCRYPTION_KEY is not set. Refusing to write unencrypted sensitive data.&quot;
2026-04-14T07:46:45.399Z [33m[WARN][0m [HundunOS:Storage] put error: &quot;[Storage] Encryption required for key &apos;modelrouter:stats&apos; but HUNDUNOS_ENCRYPTION_KEY is not set. Refusing to write unencrypted sensitive data.&quot;
2026-04-14T07:46:45.399Z [33m[WARN][0m [HundunOS:Storage] put error: &quot;[Storage] Encryption required for key &apos;aware&apos; but HUNDUNOS_ENCRYPTION_KEY is not set. Refusing to write unencrypted sensitive data.&quot;

            </system-err>
            <failure message="expected &apos;Recovered&apos; to contain &apos;已压缩消息&apos;" type="AssertionError">
AssertionError: expected &apos;Recovered&apos; to contain &apos;已压缩消息&apos;

Expected: &quot;已压缩消息&quot;
Received: &quot;Recovered&quot;

 ❯ tests/v4.3/integration.test.js:578:30
            </failure>
        </testcase>
        <testcase classname="tests/v4.3/integration.test.js" name="HundunOS v4.3 Integration Tests &gt; Memory Frontmatter 集成 &gt; should parse and validate memory frontmatter" time="10.4832517">
            <system-err>
[Kernel] System config not found: C:\Users\Lin\.qclaw\workspace\hundunos\config\system.test.json

2026-04-14T07:46:45.411Z [33m[WARN][0m [HundunOS:Storage] SECURITY WARNING: HUNDUNOS_ENCRYPTION_KEY not set. Encryption is DISABLED for this session. Set the env var before production use.

2026-04-14T07:46:49.035Z [33m[WARN][0m [HundunOS:Storage] put error: &quot;[Storage] Encryption required for key &apos;health_test&apos; but HUNDUNOS_ENCRYPTION_KEY is not set. Refusing to write unencrypted sensitive data.&quot;

[Kernel] Env issues: Ollama 本地推理, OpenClaw CLI, 存储层可用

2026-04-14T07:46:49.037Z [33m[WARN][0m [HundunOS:Storage] put error: &quot;[Storage] Encryption required for key &apos;aware&apos; but HUNDUNOS_ENCRYPTION_KEY is not set. Refusing to write unencrypted sensitive data.&quot;
2026-04-14T07:46:49.038Z [33m[WARN][0m [HundunOS:Storage] put error: &quot;[Storage] Encryption required for key &apos;aware&apos; but HUNDUNOS_ENCRYPTION_KEY is not set. Refusing to write unencrypted sensitive data.&quot;
2026-04-14T07:46:49.038Z [33m[WARN][0m [HundunOS:Storage] put error: &quot;[Storage] Encryption required for key &apos;aware&apos; but HUNDUNOS_ENCRYPTION_KEY is not set. Refusing to write unencrypted sensitive data.&quot;
2026-04-14T07:46:49.038Z [33m[WARN][0m [HundunOS:Storage] put error: &quot;[Storage] Encryption required for key &apos;aware&apos; but HUNDUNOS_ENCRYPTION_KEY is not set. Refusing to write unencrypted sensitive data.&quot;

2026-04-14T07:46:49.368Z [33m[WARN][0m [HundunOS:ModelRouter] Provider openai registration failed: &quot;Parse failure: Parse failed with 1 error:\nIdentifier expected. &apos;export&apos; is a reserved word that cannot be used here.\n73: // 注册为可用模型\r\n74: export const // Built-in model registry\r\n75: export const MODELS = {\r\n    ^\n76:     // GPT-4o Series\r\n77:     &apos;gpt-4o&apos;:                  { name: &apos;GPT-4o&apos;,                  context: 128000, costPer1M: 2.50,  capabilities: [&apos;...\nAt file: /kernel/model-router/providers/openai.js:75:0&quot;

2026-04-14T07:46:49.375Z [33m[WARN][0m [HundunOS:ModelRouter] Provider anthropic registration failed: &quot;Parse failure: Parse failed with 1 error:\nIdentifier expected. &apos;export&apos; is a reserved word that cannot be used here.\n85: // 注册为可用模型\n86: export const // Built-in model registry\n87: export const MODELS = {\n    ^\n88:     // Claude 4 Series (Latest)\n89:     &apos;claude-opus-4-20250514&apos;:          { name: &apos;Claude Opus 4&apos;,          context: 200000, costPer1M: 15.00, capabilit...\nAt file: /kernel/model-router/providers/anthropic.js:87:0&quot;

2026-04-14T07:46:49.376Z [33m[WARN][0m [HundunOS:Storage] put error: &quot;[Storage] Encryption required for key &apos;__health_check__&apos; but HUNDUNOS_ENCRYPTION_KEY is not set. Refusing to write unencrypted sensitive data.&quot;

[ClientAdapterManager] Failed to connect qclaw: QClaw Gateway 未运行或无法访问

[RustModules] ⚠️  Initialized (process) — Rust unavailable, using JS fallback

[Kernel] RustModules: ✗ daemon unavailable — using JS fallback

[TaskScientist] ⚠️  Rust BFTS engine unavailable — using JS fallback

[Kernel] Skill system init failed: Cannot find module &apos;file:///C:/Users/Lin/.qclaw/workspace/hundunos/skills/skill-registry.js&apos; imported from C:/Users/Lin/.qclaw/workspace/hundunos/kernel/mixins/ModuleMixin.js

[Kernel] ProactiveManager init failed: Cannot find module &apos;file:///C:/Users/Lin/.qclaw/workspace/hundunos/proactive/proactive.js&apos; imported from C:/Users/Lin/.qclaw/workspace/hundunos/kernel/mixins/ModuleMixin.js

[Kernel] AgentTeams init failed: Cannot find module &apos;file:///C:/Users/Lin/.qclaw/workspace/hundunos/agent-teams/manager.js&apos; imported from C:/Users/Lin/.qclaw/workspace/hundunos/kernel/mixins/ModuleMixin.js

[Kernel] DebateTeamManager init failed: Failed to parse source for import analysis because the content contains invalid JS syntax. If you are using JSX, make sure to name the file with the .jsx or .tsx extension.

[Kernel] UnifiedProvider init failed: Cannot find module &apos;file:///C:/Users/Lin/.qclaw/workspace/hundunos/providers/provider-compat.js&apos; imported from C:/Users/Lin/.qclaw/workspace/hundunos/kernel/mixins/ModuleMixin.js

[Kernel] ComputerUse init failed: Cannot find module &apos;file:///C:/Users/Lin/.qclaw/workspace/hundunos/computer-use/computer-use.js&apos; imported from C:/Users/Lin/.qclaw/workspace/hundunos/kernel/mixins/ModuleMixin.js

[Kernel] SessionCompactor init failed: Cannot find module &apos;file:///C:/Users/Lin/.qclaw/workspace/hundunos/compact/compactor.js&apos; imported from C:/Users/Lin/.qclaw/workspace/hundunos/kernel/mixins/ModuleMixin.js

[Kernel] Monitoring init failed: A metric with the name hundunos_tool_executions_total has already been registered.

[Kernel] Security init failed: HUNDUNOS_ENCRYPTION_KEY is required for API key encryption

[Kernel] RedisPool init failed: Parse failure: Parse failed with 1 error:
Expected `,` or `}` but found `=&gt;`
17:       db: config.db || 0,
18:       maxRetriesPerRequest: config.maxRetriesPerRequest || 3,
19:       retryStrategy: config.retryStrategy || (times) =&gt; Math.min(times * 50, 2000),
                                                         ^
20:       enableReadyCheck: true,
21:     };
11: export class RedisPoolManager {
12:   constructor(config = {}) {
13:     this.config = {
                      ^
14:       host: config.host || &apos;localhost&apos;,
15:       port: config.port || 6379,
At file: /kernel/pool.js:19:53

[Kernel] PostgresPool init failed: Parse failure: Parse failed with 1 error:
Expected `,` or `}` but found `=&gt;`
17:       db: config.db || 0,
18:       maxRetriesPerRequest: config.maxRetriesPerRequest || 3,
19:       retryStrategy: config.retryStrategy || (times) =&gt; Math.min(times * 50, 2000),
                                                         ^
20:       enableReadyCheck: true,
21:     };
11: export class RedisPoolManager {
12:   constructor(config = {}) {
13:     this.config = {
                      ^
14:       host: config.host || &apos;localhost&apos;,
15:       port: config.port || 6379,
At file: /kernel/pool.js:19:53

[ELKStack] Connection failed: connect ECONNREFUSED ::1:9200

[Kernel] ELKStack init failed: connect ECONNREFUSED ::1:9200

2026-04-14T07:46:55.881Z [33m[WARN][0m [HundunOS:Storage] put error: &quot;[Storage] Encryption required for key &apos;aware&apos; but HUNDUNOS_ENCRYPTION_KEY is not set. Refusing to write unencrypted sensitive data.&quot;
2026-04-14T07:46:55.881Z [33m[WARN][0m [HundunOS:Storage] put error: &quot;[Storage] Encryption required for key &apos;modelrouter:stats&apos; but HUNDUNOS_ENCRYPTION_KEY is not set. Refusing to write unencrypted sensitive data.&quot;
2026-04-14T07:46:55.882Z [33m[WARN][0m [HundunOS:Storage] put error: &quot;[Storage] Encryption required for key &apos;aware&apos; but HUNDUNOS_ENCRYPTION_KEY is not set. Refusing to write unencrypted sensitive data.&quot;

            </system-err>
            <failure message="expected undefined to be &apos;User preferred dark mode in the last …&apos; // Object.is equality" type="AssertionError">
AssertionError: expected undefined to be &apos;User preferred dark mode in the last …&apos; // Object.is equality

- Expected:
&quot;User preferred dark mode in the last 3 sessions.&quot;

+ Received:
undefined

 ❯ tests/v4.3/integration.test.js:604:27
            </failure>
        </testcase>
        <testcase classname="tests/v4.3/integration.test.js" name="HundunOS v4.3 Integration Tests &gt; Memory Frontmatter 集成 &gt; should filter memories by type and scope" time="13.2338322">
            <system-err>
[Kernel] System config not found: C:\Users\Lin\.qclaw\workspace\hundunos\config\system.test.json

2026-04-14T07:46:55.911Z [33m[WARN][0m [HundunOS:Storage] SECURITY WARNING: HUNDUNOS_ENCRYPTION_KEY not set. Encryption is DISABLED for this session. Set the env var before production use.

2026-04-14T07:46:59.755Z [33m[WARN][0m [HundunOS:Storage] put error: &quot;[Storage] Encryption required for key &apos;health_test&apos; but HUNDUNOS_ENCRYPTION_KEY is not set. Refusing to write unencrypted sensitive data.&quot;

[Kernel] Env issues: Ollama 本地推理, OpenClaw CLI, 存储层可用

2026-04-14T07:46:59.759Z [33m[WARN][0m [HundunOS:Storage] put error: &quot;[Storage] Encryption required for key &apos;aware&apos; but HUNDUNOS_ENCRYPTION_KEY is not set. Refusing to write unencrypted sensitive data.&quot;
2026-04-14T07:46:59.759Z [33m[WARN][0m [HundunOS:Storage] put error: &quot;[Storage] Encryption required for key &apos;aware&apos; but HUNDUNOS_ENCRYPTION_KEY is not set. Refusing to write unencrypted sensitive data.&quot;
2026-04-14T07:46:59.760Z [33m[WARN][0m [HundunOS:Storage] put error: &quot;[Storage] Encryption required for key &apos;aware&apos; but HUNDUNOS_ENCRYPTION_KEY is not set. Refusing to write unencrypted sensitive data.&quot;
2026-04-14T07:46:59.760Z [33m[WARN][0m [HundunOS:Storage] put error: &quot;[Storage] Encryption required for key &apos;aware&apos; but HUNDUNOS_ENCRYPTION_KEY is not set. Refusing to write unencrypted sensitive data.&quot;

2026-04-14T07:47:00.159Z [33m[WARN][0m [HundunOS:ModelRouter] Provider openai registration failed: &quot;Parse failure: Parse failed with 1 error:\nIdentifier expected. &apos;export&apos; is a reserved word that cannot be used here.\n73: // 注册为可用模型\r\n74: export const // Built-in model registry\r\n75: export const MODELS = {\r\n    ^\n76:     // GPT-4o Series\r\n77:     &apos;gpt-4o&apos;:                  { name: &apos;GPT-4o&apos;,                  context: 128000, costPer1M: 2.50,  capabilities: [&apos;...\nAt file: /kernel/model-router/providers/openai.js:75:0&quot;

2026-04-14T07:47:00.162Z [33m[WARN][0m [HundunOS:ModelRouter] Provider anthropic registration failed: &quot;Parse failure: Parse failed with 1 error:\nIdentifier expected. &apos;export&apos; is a reserved word that cannot be used here.\n85: // 注册为可用模型\n86: export const // Built-in model registry\n87: export const MODELS = {\n    ^\n88:     // Claude 4 Series (Latest)\n89:     &apos;claude-opus-4-20250514&apos;:          { name: &apos;Claude Opus 4&apos;,          context: 200000, costPer1M: 15.00, capabilit...\nAt file: /kernel/model-router/providers/anthropic.js:87:0&quot;

2026-04-14T07:47:00.164Z [33m[WARN][0m [HundunOS:Storage] put error: &quot;[Storage] Encryption required for key &apos;__health_check__&apos; but HUNDUNOS_ENCRYPTION_KEY is not set. Refusing to write unencrypted sensitive data.&quot;

[ClientAdapterManager] Failed to connect qclaw: QClaw Gateway 未运行或无法访问

[RustModules] ⚠️  Initialized (process) — Rust unavailable, using JS fallback

[Kernel] RustModules: ✗ daemon unavailable — using JS fallback

[TaskScientist] ⚠️  Rust BFTS engine unavailable — using JS fallback

[Kernel] Skill system init failed: Cannot find module &apos;file:///C:/Users/Lin/.qclaw/workspace/hundunos/skills/skill-registry.js&apos; imported from C:/Users/Lin/.qclaw/workspace/hundunos/kernel/mixins/ModuleMixin.js

[Kernel] ProactiveManager init failed: Cannot find module &apos;file:///C:/Users/Lin/.qclaw/workspace/hundunos/proactive/proactive.js&apos; imported from C:/Users/Lin/.qclaw/workspace/hundunos/kernel/mixins/ModuleMixin.js

[Kernel] AgentTeams init failed: Cannot find module &apos;file:///C:/Users/Lin/.qclaw/workspace/hundunos/agent-teams/manager.js&apos; imported from C:/Users/Lin/.qclaw/workspace/hundunos/kernel/mixins/ModuleMixin.js

[Kernel] DebateTeamManager init failed: Failed to parse source for import analysis because the content contains invalid JS syntax. If you are using JSX, make sure to name the file with the .jsx or .tsx extension.

[Kernel] UnifiedProvider init failed: Cannot find module &apos;file:///C:/Users/Lin/.qclaw/workspace/hundunos/providers/provider-compat.js&apos; imported from C:/Users/Lin/.qclaw/workspace/hundunos/kernel/mixins/ModuleMixin.js

[Kernel] ComputerUse init failed: Cannot find module &apos;file:///C:/Users/Lin/.qclaw/workspace/hundunos/computer-use/computer-use.js&apos; imported from C:/Users/Lin/.qclaw/workspace/hundunos/kernel/mixins/ModuleMixin.js

[Kernel] SessionCompactor init failed: Cannot find module &apos;file:///C:/Users/Lin/.qclaw/workspace/hundunos/compact/compactor.js&apos; imported from C:/Users/Lin/.qclaw/workspace/hundunos/kernel/mixins/ModuleMixin.js

[Kernel] Monitoring init failed: A metric with the name hundunos_tool_executions_total has already been registered.

[Kernel] Security init failed: HUNDUNOS_ENCRYPTION_KEY is required for API key encryption

[Kernel] RedisPool init failed: Parse failure: Parse failed with 1 error:
Expected `,` or `}` but found `=&gt;`
17:       db: config.db || 0,
18:       maxRetriesPerRequest: config.maxRetriesPerRequest || 3,
19:       retryStrategy: config.retryStrategy || (times) =&gt; Math.min(times * 50, 2000),
                                                         ^
20:       enableReadyCheck: true,
21:     };
11: export class RedisPoolManager {
12:   constructor(config = {}) {
13:     this.config = {
                      ^
14:       host: config.host || &apos;localhost&apos;,
15:       port: config.port || 6379,
At file: /kernel/pool.js:19:53

[Kernel] PostgresPool init failed: Parse failure: Parse failed with 1 error:
Expected `,` or `}` but found `=&gt;`
17:       db: config.db || 0,
18:       maxRetriesPerRequest: config.maxRetriesPerRequest || 3,
19:       retryStrategy: config.retryStrategy || (times) =&gt; Math.min(times * 50, 2000),
                                                         ^
20:       enableReadyCheck: true,
21:     };
11: export class RedisPoolManager {
12:   constructor(config = {}) {
13:     this.config = {
                      ^
14:       host: config.host || &apos;localhost&apos;,
15:       port: config.port || 6379,
At file: /kernel/pool.js:19:53

[ELKStack] Connection failed: connect ECONNREFUSED ::1:9200

[Kernel] ELKStack init failed: connect ECONNREFUSED ::1:9200

2026-04-14T07:47:09.118Z [33m[WARN][0m [HundunOS:Storage] put error: &quot;[Storage] Encryption required for key &apos;memory:recent&apos; but HUNDUNOS_ENCRYPTION_KEY is not set. Refusing to write unencrypted sensitive data.&quot;

[MemoryGraph] Persist failed: [Storage] Encryption required for key &apos;memory:recent&apos; but HUNDUNOS_ENCRYPTION_KEY is not set. Refusing to write unencrypted sensitive data.

2026-04-14T07:47:09.119Z [33m[WARN][0m [HundunOS:Storage] put error: &quot;[Storage] Encryption required for key &apos;memory:recent&apos; but HUNDUNOS_ENCRYPTION_KEY is not set. Refusing to write unencrypted sensitive data.&quot;

[MemoryGraph] Persist failed: [Storage] Encryption required for key &apos;memory:recent&apos; but HUNDUNOS_ENCRYPTION_KEY is not set. Refusing to write unencrypted sensitive data.

2026-04-14T07:47:09.121Z [33m[WARN][0m [HundunOS:Storage] put error: &quot;[Storage] Encryption required for key &apos;aware&apos; but HUNDUNOS_ENCRYPTION_KEY is not set. Refusing to write unencrypted sensitive data.&quot;
2026-04-14T07:47:09.121Z [33m[WARN][0m [HundunOS:Storage] put error: &quot;[Storage] Encryption required for key &apos;modelrouter:stats&apos; but HUNDUNOS_ENCRYPTION_KEY is not set. Refusing to write unencrypted sensitive data.&quot;
2026-04-14T07:47:09.121Z [33m[WARN][0m [HundunOS:Storage] put error: &quot;[Storage] Encryption required for key &apos;aware&apos; but HUNDUNOS_ENCRYPTION_KEY is not set. Refusing to write unencrypted sensitive data.&quot;

            </system-err>
        </testcase>
        <testcase classname="tests/v4.3/integration.test.js" name="HundunOS v4.3 Integration Tests &gt; PromptParts 集成 &gt; should build system prompt with PromptParts" time="11.0518628">
            <system-err>
[Kernel] System config not found: C:\Users\Lin\.qclaw\workspace\hundunos\config\system.test.json

2026-04-14T07:47:09.129Z [33m[WARN][0m [HundunOS:Storage] SECURITY WARNING: HUNDUNOS_ENCRYPTION_KEY not set. Encryption is DISABLED for this session. Set the env var before production use.

2026-04-14T07:47:12.540Z [33m[WARN][0m [HundunOS:Storage] put error: &quot;[Storage] Encryption required for key &apos;health_test&apos; but HUNDUNOS_ENCRYPTION_KEY is not set. Refusing to write unencrypted sensitive data.&quot;

[Kernel] Env issues: Ollama 本地推理, OpenClaw CLI, 存储层可用, 内存充足

2026-04-14T07:47:12.545Z [33m[WARN][0m [HundunOS:Storage] put error: &quot;[Storage] Encryption required for key &apos;aware&apos; but HUNDUNOS_ENCRYPTION_KEY is not set. Refusing to write unencrypted sensitive data.&quot;
2026-04-14T07:47:12.545Z [33m[WARN][0m [HundunOS:Storage] put error: &quot;[Storage] Encryption required for key &apos;aware&apos; but HUNDUNOS_ENCRYPTION_KEY is not set. Refusing to write unencrypted sensitive data.&quot;
2026-04-14T07:47:12.546Z [33m[WARN][0m [HundunOS:Storage] put error: &quot;[Storage] Encryption required for key &apos;aware&apos; but HUNDUNOS_ENCRYPTION_KEY is not set. Refusing to write unencrypted sensitive data.&quot;
2026-04-14T07:47:12.546Z [33m[WARN][0m [HundunOS:Storage] put error: &quot;[Storage] Encryption required for key &apos;aware&apos; but HUNDUNOS_ENCRYPTION_KEY is not set. Refusing to write unencrypted sensitive data.&quot;

2026-04-14T07:47:12.825Z [33m[WARN][0m [HundunOS:ModelRouter] Provider openai registration failed: &quot;Parse failure: Parse failed with 1 error:\nIdentifier expected. &apos;export&apos; is a reserved word that cannot be used here.\n73: // 注册为可用模型\r\n74: export const // Built-in model registry\r\n75: export const MODELS = {\r\n    ^\n76:     // GPT-4o Series\r\n77:     &apos;gpt-4o&apos;:                  { name: &apos;GPT-4o&apos;,                  context: 128000, costPer1M: 2.50,  capabilities: [&apos;...\nAt file: /kernel/model-router/providers/openai.js:75:0&quot;

2026-04-14T07:47:12.832Z [33m[WARN][0m [HundunOS:ModelRouter] Provider anthropic registration failed: &quot;Parse failure: Parse failed with 1 error:\nIdentifier expected. &apos;export&apos; is a reserved word that cannot be used here.\n85: // 注册为可用模型\n86: export const // Built-in model registry\n87: export const MODELS = {\n    ^\n88:     // Claude 4 Series (Latest)\n89:     &apos;claude-opus-4-20250514&apos;:          { name: &apos;Claude Opus 4&apos;,          context: 200000, costPer1M: 15.00, capabilit...\nAt file: /kernel/model-router/providers/anthropic.js:87:0&quot;

2026-04-14T07:47:12.834Z [33m[WARN][0m [HundunOS:Storage] put error: &quot;[Storage] Encryption required for key &apos;__health_check__&apos; but HUNDUNOS_ENCRYPTION_KEY is not set. Refusing to write unencrypted sensitive data.&quot;

[ClientAdapterManager] Failed to connect qclaw: QClaw Gateway 未运行或无法访问

[RustModules] ⚠️  Initialized (process) — Rust unavailable, using JS fallback

[Kernel] RustModules: ✗ daemon unavailable — using JS fallback

[TaskScientist] ⚠️  Rust BFTS engine unavailable — using JS fallback

[Kernel] Skill system init failed: Cannot find module &apos;file:///C:/Users/Lin/.qclaw/workspace/hundunos/skills/skill-registry.js&apos; imported from C:/Users/Lin/.qclaw/workspace/hundunos/kernel/mixins/ModuleMixin.js

[Kernel] ProactiveManager init failed: Cannot find module &apos;file:///C:/Users/Lin/.qclaw/workspace/hundunos/proactive/proactive.js&apos; imported from C:/Users/Lin/.qclaw/workspace/hundunos/kernel/mixins/ModuleMixin.js

[Kernel] AgentTeams init failed: Cannot find module &apos;file:///C:/Users/Lin/.qclaw/workspace/hundunos/agent-teams/manager.js&apos; imported from C:/Users/Lin/.qclaw/workspace/hundunos/kernel/mixins/ModuleMixin.js

[Kernel] DebateTeamManager init failed: Failed to parse source for import analysis because the content contains invalid JS syntax. If you are using JSX, make sure to name the file with the .jsx or .tsx extension.

[Kernel] UnifiedProvider init failed: Cannot find module &apos;file:///C:/Users/Lin/.qclaw/workspace/hundunos/providers/provider-compat.js&apos; imported from C:/Users/Lin/.qclaw/workspace/hundunos/kernel/mixins/ModuleMixin.js

[Kernel] ComputerUse init failed: Cannot find module &apos;file:///C:/Users/Lin/.qclaw/workspace/hundunos/computer-use/computer-use.js&apos; imported from C:/Users/Lin/.qclaw/workspace/hundunos/kernel/mixins/ModuleMixin.js

[Kernel] SessionCompactor init failed: Cannot find module &apos;file:///C:/Users/Lin/.qclaw/workspace/hundunos/compact/compactor.js&apos; imported from C:/Users/Lin/.qclaw/workspace/hundunos/kernel/mixins/ModuleMixin.js

[Kernel] Monitoring init failed: A metric with the name hundunos_tool_executions_total has already been registered.

[Kernel] Security init failed: HUNDUNOS_ENCRYPTION_KEY is required for API key encryption

[Kernel] RedisPool init failed: Parse failure: Parse failed with 1 error:
Expected `,` or `}` but found `=&gt;`
17:       db: config.db || 0,
18:       maxRetriesPerRequest: config.maxRetriesPerRequest || 3,
19:       retryStrategy: config.retryStrategy || (times) =&gt; Math.min(times * 50, 2000),
                                                         ^
20:       enableReadyCheck: true,
21:     };
11: export class RedisPoolManager {
12:   constructor(config = {}) {
13:     this.config = {
                      ^
14:       host: config.host || &apos;localhost&apos;,
15:       port: config.port || 6379,
At file: /kernel/pool.js:19:53

[Kernel] PostgresPool init failed: Parse failure: Parse failed with 1 error:
Expected `,` or `}` but found `=&gt;`
17:       db: config.db || 0,
18:       maxRetriesPerRequest: config.maxRetriesPerRequest || 3,
19:       retryStrategy: config.retryStrategy || (times) =&gt; Math.min(times * 50, 2000),
                                                         ^
20:       enableReadyCheck: true,
21:     };
11: export class RedisPoolManager {
12:   constructor(config = {}) {
13:     this.config = {
                      ^
14:       host: config.host || &apos;localhost&apos;,
15:       port: config.port || 6379,
At file: /kernel/pool.js:19:53

[ELKStack] Connection failed: connect ECONNREFUSED ::1:9200

[Kernel] ELKStack init failed: connect ECONNREFUSED ::1:9200

2026-04-14T07:47:20.165Z [33m[WARN][0m [HundunOS:Storage] put error: &quot;[Storage] Encryption required for key &apos;aware&apos; but HUNDUNOS_ENCRYPTION_KEY is not set. Refusing to write unencrypted sensitive data.&quot;
2026-04-14T07:47:20.166Z [33m[WARN][0m [HundunOS:Storage] put error: &quot;[Storage] Encryption required for key &apos;modelrouter:stats&apos; but HUNDUNOS_ENCRYPTION_KEY is not set. Refusing to write unencrypted sensitive data.&quot;
2026-04-14T07:47:20.167Z [33m[WARN][0m [HundunOS:Storage] put error: &quot;[Storage] Encryption required for key &apos;aware&apos; but HUNDUNOS_ENCRYPTION_KEY is not set. Refusing to write unencrypted sensitive data.&quot;

            </system-err>
        </testcase>
        <testcase classname="tests/v4.3/integration.test.js" name="HundunOS v4.3 Integration Tests &gt; 端到端流程 &gt; should complete full workflow: todo -&gt; task -&gt; agent -&gt; approval" time="17.6951168">
            <system-err>
[Kernel] System config not found: C:\Users\Lin\.qclaw\workspace\hundunos\config\system.test.json

2026-04-14T07:47:20.180Z [33m[WARN][0m [HundunOS:Storage] SECURITY WARNING: HUNDUNOS_ENCRYPTION_KEY not set. Encryption is DISABLED for this session. Set the env var before production use.

2026-04-14T07:47:29.220Z [33m[WARN][0m [HundunOS:Storage] put error: &quot;[Storage] Encryption required for key &apos;health_test&apos; but HUNDUNOS_ENCRYPTION_KEY is not set. Refusing to write unencrypted sensitive data.&quot;

[Kernel] Env issues: Ollama 本地推理, OpenClaw CLI, 存储层可用

2026-04-14T07:47:29.226Z [33m[WARN][0m [HundunOS:Storage] put error: &quot;[Storage] Encryption required for key &apos;aware&apos; but HUNDUNOS_ENCRYPTION_KEY is not set. Refusing to write unencrypted sensitive data.&quot;
2026-04-14T07:47:29.226Z [33m[WARN][0m [HundunOS:Storage] put error: &quot;[Storage] Encryption required for key &apos;aware&apos; but HUNDUNOS_ENCRYPTION_KEY is not set. Refusing to write unencrypted sensitive data.&quot;
2026-04-14T07:47:29.226Z [33m[WARN][0m [HundunOS:Storage] put error: &quot;[Storage] Encryption required for key &apos;aware&apos; but HUNDUNOS_ENCRYPTION_KEY is not set. Refusing to write unencrypted sensitive data.&quot;
2026-04-14T07:47:29.226Z [33m[WARN][0m [HundunOS:Storage] put error: &quot;[Storage] Encryption required for key &apos;aware&apos; but HUNDUNOS_ENCRYPTION_KEY is not set. Refusing to write unencrypted sensitive data.&quot;

2026-04-14T07:47:29.581Z [33m[WARN][0m [HundunOS:ModelRouter] Provider openai registration failed: &quot;Parse failure: Parse failed with 1 error:\nIdentifier expected. &apos;export&apos; is a reserved word that cannot be used here.\n73: // 注册为可用模型\r\n74: export const // Built-in model registry\r\n75: export const MODELS = {\r\n    ^\n76:     // GPT-4o Series\r\n77:     &apos;gpt-4o&apos;:                  { name: &apos;GPT-4o&apos;,                  context: 128000, costPer1M: 2.50,  capabilities: [&apos;...\nAt file: /kernel/model-router/providers/openai.js:75:0&quot;

2026-04-14T07:47:29.587Z [33m[WARN][0m [HundunOS:ModelRouter] Provider anthropic registration failed: &quot;Parse failure: Parse failed with 1 error:\nIdentifier expected. &apos;export&apos; is a reserved word that cannot be used here.\n85: // 注册为可用模型\n86: export const // Built-in model registry\n87: export const MODELS = {\n    ^\n88:     // Claude 4 Series (Latest)\n89:     &apos;claude-opus-4-20250514&apos;:          { name: &apos;Claude Opus 4&apos;,          context: 200000, costPer1M: 15.00, capabilit...\nAt file: /kernel/model-router/providers/anthropic.js:87:0&quot;

2026-04-14T07:47:29.592Z [33m[WARN][0m [HundunOS:Storage] put error: &quot;[Storage] Encryption required for key &apos;__health_check__&apos; but HUNDUNOS_ENCRYPTION_KEY is not set. Refusing to write unencrypted sensitive data.&quot;

[ClientAdapterManager] Failed to connect qclaw: QClaw Gateway 未运行或无法访问

[RustModules] ⚠️  Initialized (process) — Rust unavailable, using JS fallback

[Kernel] RustModules: ✗ daemon unavailable — using JS fallback

[TaskScientist] ⚠️  Rust BFTS engine unavailable — using JS fallback

[Kernel] Skill system init failed: Cannot find module &apos;file:///C:/Users/Lin/.qclaw/workspace/hundunos/skills/skill-registry.js&apos; imported from C:/Users/Lin/.qclaw/workspace/hundunos/kernel/mixins/ModuleMixin.js

[Kernel] ProactiveManager init failed: Cannot find module &apos;file:///C:/Users/Lin/.qclaw/workspace/hundunos/proactive/proactive.js&apos; imported from C:/Users/Lin/.qclaw/workspace/hundunos/kernel/mixins/ModuleMixin.js

[Kernel] AgentTeams init failed: Cannot find module &apos;file:///C:/Users/Lin/.qclaw/workspace/hundunos/agent-teams/manager.js&apos; imported from C:/Users/Lin/.qclaw/workspace/hundunos/kernel/mixins/ModuleMixin.js

[Kernel] DebateTeamManager init failed: Failed to parse source for import analysis because the content contains invalid JS syntax. If you are using JSX, make sure to name the file with the .jsx or .tsx extension.

[Kernel] UnifiedProvider init failed: Cannot find module &apos;file:///C:/Users/Lin/.qclaw/workspace/hundunos/providers/provider-compat.js&apos; imported from C:/Users/Lin/.qclaw/workspace/hundunos/kernel/mixins/ModuleMixin.js

[Kernel] ComputerUse init failed: Cannot find module &apos;file:///C:/Users/Lin/.qclaw/workspace/hundunos/computer-use/computer-use.js&apos; imported from C:/Users/Lin/.qclaw/workspace/hundunos/kernel/mixins/ModuleMixin.js

[Kernel] SessionCompactor init failed: Cannot find module &apos;file:///C:/Users/Lin/.qclaw/workspace/hundunos/compact/compactor.js&apos; imported from C:/Users/Lin/.qclaw/workspace/hundunos/kernel/mixins/ModuleMixin.js

[Kernel] Monitoring init failed: A metric with the name hundunos_tool_executions_total has already been registered.

[Kernel] Security init failed: HUNDUNOS_ENCRYPTION_KEY is required for API key encryption

[Kernel] RedisPool init failed: Parse failure: Parse failed with 1 error:
Expected `,` or `}` but found `=&gt;`
17:       db: config.db || 0,
18:       maxRetriesPerRequest: config.maxRetriesPerRequest || 3,
19:       retryStrategy: config.retryStrategy || (times) =&gt; Math.min(times * 50, 2000),
                                                         ^
20:       enableReadyCheck: true,
21:     };
11: export class RedisPoolManager {
12:   constructor(config = {}) {
13:     this.config = {
                      ^
14:       host: config.host || &apos;localhost&apos;,
15:       port: config.port || 6379,
At file: /kernel/pool.js:19:53

[Kernel] PostgresPool init failed: Parse failure: Parse failed with 1 error:
Expected `,` or `}` but found `=&gt;`
17:       db: config.db || 0,
18:       maxRetriesPerRequest: config.maxRetriesPerRequest || 3,
19:       retryStrategy: config.retryStrategy || (times) =&gt; Math.min(times * 50, 2000),
                                                         ^
20:       enableReadyCheck: true,
21:     };
11: export class RedisPoolManager {
12:   constructor(config = {}) {
13:     this.config = {
                      ^
14:       host: config.host || &apos;localhost&apos;,
15:       port: config.port || 6379,
At file: /kernel/pool.js:19:53

[ELKStack] Connection failed: connect ECONNREFUSED ::1:9200

[Kernel] ELKStack init failed: connect ECONNREFUSED ::1:9200

2026-04-14T07:47:37.799Z [33m[WARN][0m [HundunOS:Storage] put error: &quot;[Storage] Encryption required for key &apos;aware&apos; but HUNDUNOS_ENCRYPTION_KEY is not set. Refusing to write unencrypted sensitive data.&quot;
2026-04-14T07:47:37.799Z [33m[WARN][0m [HundunOS:Storage] put error: &quot;[Storage] Encryption required for key &apos;modelrouter:stats&apos; but HUNDUNOS_ENCRYPTION_KEY is not set. Refusing to write unencrypted sensitive data.&quot;
2026-04-14T07:47:37.800Z [33m[WARN][0m [HundunOS:Storage] put error: &quot;[Storage] Encryption required for key &apos;aware&apos; but HUNDUNOS_ENCRYPTION_KEY is not set. Refusing to write unencrypted sensitive data.&quot;

            </system-err>
            <failure message="expected 1 to be 3 // Object.is equality" type="AssertionError">
AssertionError: expected 1 to be 3 // Object.is equality

- Expected
+ Received

- 3
+ 1

 ❯ tests/v4.3/integration.test.js:701:35
            </failure>
        </testcase>
    </testsuite>
    <testsuite name="tests/v4.3/task-graph.test.js" timestamp="2026-04-14T07:47:39.806Z" hostname="Tianwen" tests="19" failures="0" errors="0" skipped="0" time="9.680553">
        <testcase classname="tests/v4.3/task-graph.test.js" name="TaskGraph &gt; create &gt; should create a task" time="0.0703155">
        </testcase>
        <testcase classname="tests/v4.3/task-graph.test.js" name="TaskGraph &gt; create &gt; should create task with description" time="0.0035131">
        </testcase>
        <testcase classname="tests/v4.3/task-graph.test.js" name="TaskGraph &gt; create &gt; should increment task id" time="0.0043156">
        </testcase>
        <testcase classname="tests/v4.3/task-graph.test.js" name="TaskGraph &gt; get &gt; should return task by id" time="0.0109007">
        </testcase>
        <testcase classname="tests/v4.3/task-graph.test.js" name="TaskGraph &gt; get &gt; should return null if task not found" time="0.0018604">
        </testcase>
        <testcase classname="tests/v4.3/task-graph.test.js" name="TaskGraph &gt; update &gt; should update task status" time="0.0178777">
        </testcase>
        <testcase classname="tests/v4.3/task-graph.test.js" name="TaskGraph &gt; update &gt; should update task owner" time="0.0117515">
        </testcase>
        <testcase classname="tests/v4.3/task-graph.test.js" name="TaskGraph &gt; update &gt; should add blockedBy dependency" time="0.6440885">
        </testcase>
        <testcase classname="tests/v4.3/task-graph.test.js" name="TaskGraph &gt; update &gt; should add blocks dependency" time="0.9699513">
        </testcase>
        <testcase classname="tests/v4.3/task-graph.test.js" name="TaskGraph &gt; update &gt; should add bidirectional dependency" time="0.8784538">
        </testcase>
        <testcase classname="tests/v4.3/task-graph.test.js" name="TaskGraph &gt; update &gt; should clear blockedBy when task completed" time="1.787071">
        </testcase>
        <testcase classname="tests/v4.3/task-graph.test.js" name="TaskGraph &gt; update &gt; should throw error if task not found" time="0.0041332">
        </testcase>
        <testcase classname="tests/v4.3/task-graph.test.js" name="TaskGraph &gt; update &gt; should throw error if status is invalid" time="0.0116864">
        </testcase>
        <testcase classname="tests/v4.3/task-graph.test.js" name="TaskGraph &gt; listAll &gt; should return empty list if no tasks" time="0.0016436">
        </testcase>
        <testcase classname="tests/v4.3/task-graph.test.js" name="TaskGraph &gt; listAll &gt; should return all tasks" time="0.7375648">
        </testcase>
        <testcase classname="tests/v4.3/task-graph.test.js" name="TaskGraph &gt; delete &gt; should delete task" time="0.0022004">
        </testcase>
        <testcase classname="tests/v4.3/task-graph.test.js" name="TaskGraph &gt; delete &gt; should return false if task not found" time="0.0012053">
        </testcase>
        <testcase classname="tests/v4.3/task-graph.test.js" name="TaskGraph &gt; getStats &gt; should return stats" time="2.965073">
        </testcase>
        <testcase classname="tests/v4.3/task-graph.test.js" name="TaskGraph &gt; getDependencyGraph &gt; should return dependency graph" time="1.5513276">
        </testcase>
    </testsuite>
    <testsuite name="tests/v4.3/todo-manager.test.js" timestamp="2026-04-14T07:47:39.808Z" hostname="Tianwen" tests="16" failures="0" errors="0" skipped="0" time="0.0190449">
        <testcase classname="tests/v4.3/todo-manager.test.js" name="TodoManager &gt; update &gt; should update todo list successfully" time="0.0045927">
        </testcase>
        <testcase classname="tests/v4.3/todo-manager.test.js" name="TodoManager &gt; update &gt; should throw error if items exceed max limit" time="0.0025471">
        </testcase>
        <testcase classname="tests/v4.3/todo-manager.test.js" name="TodoManager &gt; update &gt; should throw error if more than one item is in_progress" time="0.0012775">
        </testcase>
        <testcase classname="tests/v4.3/todo-manager.test.js" name="TodoManager &gt; update &gt; should throw error if item has invalid status" time="0.0009511">
        </testcase>
        <testcase classname="tests/v4.3/todo-manager.test.js" name="TodoManager &gt; update &gt; should throw error if item has no content" time="0.0005523">
        </testcase>
        <testcase classname="tests/v4.3/todo-manager.test.js" name="TodoManager &gt; reminder &gt; should return null if no items" time="0.0004849">
        </testcase>
        <testcase classname="tests/v4.3/todo-manager.test.js" name="TodoManager &gt; reminder &gt; should return null if rounds since update &lt; interval" time="0.000608">
        </testcase>
        <testcase classname="tests/v4.3/todo-manager.test.js" name="TodoManager &gt; reminder &gt; should return reminder if rounds since update &gt;= interval" time="0.0005847">
        </testcase>
        <testcase classname="tests/v4.3/todo-manager.test.js" name="TodoManager &gt; render &gt; should return &quot;No session plan yet&quot; if no items" time="0.0005491">
        </testcase>
        <testcase classname="tests/v4.3/todo-manager.test.js" name="TodoManager &gt; render &gt; should render todo list" time="0.0006388">
        </testcase>
        <testcase classname="tests/v4.3/todo-manager.test.js" name="TodoManager &gt; getState &gt; should return current state" time="0.0010399">
        </testcase>
        <testcase classname="tests/v4.3/todo-manager.test.js" name="TodoManager &gt; hasOpenItems &gt; should return false if no items" time="0.0003068">
        </testcase>
        <testcase classname="tests/v4.3/todo-manager.test.js" name="TodoManager &gt; hasOpenItems &gt; should return true if has pending items" time="0.0004392">
        </testcase>
        <testcase classname="tests/v4.3/todo-manager.test.js" name="TodoManager &gt; hasOpenItems &gt; should return true if has in_progress items" time="0.0004608">
        </testcase>
        <testcase classname="tests/v4.3/todo-manager.test.js" name="TodoManager &gt; hasOpenItems &gt; should return false if all items completed" time="0.0004286">
        </testcase>
        <testcase classname="tests/v4.3/todo-manager.test.js" name="TodoManager &gt; getStats &gt; should return stats" time="0.0006227">
        </testcase>
    </testsuite>
    <testsuite name="kernel/config/config-loader-v2.test.js" timestamp="2026-04-14T07:47:39.810Z" hostname="Tianwen" tests="12" failures="0" errors="0" skipped="0" time="0.0585829">
        <testcase classname="kernel/config/config-loader-v2.test.js" name="ConfigLoader &gt; load &gt; should load config with schema values when env vars are set" time="0.0253935">
            <system-err>
[Config] Configuration warnings:
  - Development environment may want to set log level to debug

            </system-err>
        </testcase>
        <testcase classname="kernel/config/config-loader-v2.test.js" name="ConfigLoader &gt; load &gt; should fallback to JSON config when no env vars are set" time="0.0131711">
            <system-err>
[HundunOS] Invalid value for NODE_ENV - Invalid option: expected one of &quot;development&quot;|&quot;testing&quot;|&quot;production&quot;. Falling back to default value.
[Config] Configuration warnings:
  - Development environment may want to enable debug mode
  - Development environment may want to set log level to debug

            </system-err>
        </testcase>
        <testcase classname="kernel/config/config-loader-v2.test.js" name="ConfigLoader &gt; load &gt; should merge schema and JSON configs" time="0.0047515">
            <system-err>
[Config] Configuration warnings:
  - Development environment may want to enable debug mode
  - Development environment may want to set log level to debug

            </system-err>
        </testcase>
        <testcase classname="kernel/config/config-loader-v2.test.js" name="ConfigLoader &gt; getConfigStats &gt; should return config statistics" time="0.0058313">
            <system-err>
[Config] Configuration warnings:
  - Development environment may want to enable debug mode
  - Development environment may want to set log level to debug

            </system-err>
        </testcase>
        <testcase classname="kernel/config/config-loader-v2.test.js" name="ConfigLoader &gt; createEnvTemplate &gt; should create production env template" time="0.0003637">
        </testcase>
        <testcase classname="kernel/config/config-loader-v2.test.js" name="ConfigLoader &gt; createEnvTemplate &gt; should create development env template" time="0.0002722">
        </testcase>
        <testcase classname="kernel/config/config-loader-v2.test.js" name="ConfigLoader &gt; createEnvTemplate &gt; should create testing env template" time="0.0002791">
        </testcase>
        <testcase classname="kernel/config/config-loader-v2.test.js" name="GlobalConfig &gt; should create a valid config instance" time="0.0030747">
            <system-err>
[HundunOS] Invalid value for NODE_ENV - Invalid option: expected one of &quot;development&quot;|&quot;testing&quot;|&quot;production&quot;. Falling back to default value.

            </system-err>
        </testcase>
        <testcase classname="kernel/config/config-loader-v2.test.js" name="KernelConfig &gt; should create a valid kernel config instance" time="0.0007734">
        </testcase>
        <testcase classname="kernel/config/config-loader-v2.test.js" name="KernelConfig &gt; should use default values when env vars are not set" time="0.0004832">
        </testcase>
        <testcase classname="kernel/config/config-loader-v2.test.js" name="KernelConfig &gt; should use env vars when set" time="0.0003655">
        </testcase>
        <testcase classname="kernel/config/config-loader-v2.test.js" name="ModelRouterConfig &gt; should create a valid model router config instance" time="0.0006586">
        </testcase>
    </testsuite>
    <testsuite name="kernel/config/config-loader.test.js" timestamp="2026-04-14T07:47:39.813Z" hostname="Tianwen" tests="10" failures="0" errors="0" skipped="0" time="0.0161909">
        <testcase classname="kernel/config/config-loader.test.js" name="ConfigLoader &gt; load &gt; should load config with decorator values when env vars are set" time="0.006708">
            <system-err>
[Config] Configuration warnings:
  - Development environment may want to set log level to debug

            </system-err>
        </testcase>
        <testcase classname="kernel/config/config-loader.test.js" name="ConfigLoader &gt; load &gt; should fallback to JSON config when no env vars are set" time="0.0023366">
            <system-err>
[Config] Configuration warnings:
  - Development environment may want to enable debug mode
  - Development environment may want to set log level to debug

            </system-err>
        </testcase>
        <testcase classname="kernel/config/config-loader.test.js" name="ConfigLoader &gt; load &gt; should merge decorator and JSON configs" time="0.0011913">
            <system-err>
[Config] Configuration warnings:
  - Development environment may want to enable debug mode
  - Development environment may want to set log level to debug

            </system-err>
        </testcase>
        <testcase classname="kernel/config/config-loader.test.js" name="ConfigLoader &gt; _loadDecoratorConfig &gt; should create GlobalConfig instance" time="0.0004489">
        </testcase>
        <testcase classname="kernel/config/config-loader.test.js" name="ConfigLoader &gt; _loadDecoratorConfig &gt; should use default values when env vars are not set" time="0.0001782">
        </testcase>
        <testcase classname="kernel/config/config-loader.test.js" name="ConfigLoader &gt; getConfigStats &gt; should return config statistics" time="0.0013607">
            <system-err>
[Config] Configuration warnings:
  - Development environment may want to enable debug mode
  - Development environment may want to set log level to debug

            </system-err>
        </testcase>
        <testcase classname="kernel/config/config-loader.test.js" name="ConfigLoader &gt; createEnvTemplate &gt; should create production env template" time="0.0003124">
        </testcase>
        <testcase classname="kernel/config/config-loader.test.js" name="ConfigLoader &gt; createEnvTemplate &gt; should create development env template" time="0.0001866">
        </testcase>
        <testcase classname="kernel/config/config-loader.test.js" name="ConfigLoader &gt; createEnvTemplate &gt; should create testing env template" time="0.0016688">
        </testcase>
        <testcase classname="kernel/config/config-loader.test.js" name="GlobalConfig &gt; should create a valid config instance" time="0.0002453">
        </testcase>
    </testsuite>
    <testsuite name="kernel/di/container.test.js" timestamp="2026-04-14T07:47:39.814Z" hostname="Tianwen" tests="14" failures="0" errors="0" skipped="0" time="0.0108198">
        <testcase classname="kernel/di/container.test.js" name="DI Container &gt; registerService &gt; should register a service" time="0.0016417">
        </testcase>
        <testcase classname="kernel/di/container.test.js" name="DI Container &gt; registerService &gt; should return the same instance for singletons" time="0.0005083">
        </testcase>
        <testcase classname="kernel/di/container.test.js" name="DI Container &gt; registerFactory &gt; should register a factory function" time="0.00051">
        </testcase>
        <testcase classname="kernel/di/container.test.js" name="DI Container &gt; registerFactory &gt; should resolve dependencies from factory" time="0.0003416">
        </testcase>
        <testcase classname="kernel/di/container.test.js" name="DI Container &gt; registerValue &gt; should register a value" time="0.0003049">
        </testcase>
        <testcase classname="kernel/di/container.test.js" name="DI Container &gt; Container.get &gt; should throw error for unregistered service" time="0.0003383">
        </testcase>
        <testcase classname="kernel/di/container.test.js" name="DI Container &gt; Container.get &gt; should return undefined for unregistered dependency" time="0.0002209">
        </testcase>
        <testcase classname="kernel/di/container.test.js" name="DI Container &gt; Container.get &gt; should detect circular dependencies" time="0.0002179">
        </testcase>
        <testcase classname="kernel/di/container.test.js" name="DI Container &gt; Container.has &gt; should return true for registered service" time="0.0019592">
        </testcase>
        <testcase classname="kernel/di/container.test.js" name="DI Container &gt; Container.has &gt; should return false for unregistered service" time="0.0003986">
        </testcase>
        <testcase classname="kernel/di/container.test.js" name="DI Container &gt; Container.set &gt; should manually set an instance" time="0.0002799">
        </testcase>
        <testcase classname="kernel/di/container.test.js" name="DI Container &gt; Container.reset &gt; should clear all instances" time="0.0009695">
        </testcase>
        <testcase classname="kernel/di/container.test.js" name="DI Container &gt; Container.clear &gt; should clear all registrations" time="0.0001735">
        </testcase>
        <testcase classname="kernel/di/container.test.js" name="DI Container &gt; Container.getStats &gt; should return container statistics" time="0.0007891">
        </testcase>
    </testsuite>
    <testsuite name="kernel/pipeline/partial-execution.test.js" timestamp="2026-04-14T07:47:39.816Z" hostname="Tianwen" tests="40" failures="0" errors="0" skipped="0" time="0.0177996">
        <testcase classname="kernel/pipeline/partial-execution.test.js" name="ExecutionStackFrame &gt; should create a stack frame" time="0.0029246">
        </testcase>
        <testcase classname="kernel/pipeline/partial-execution.test.js" name="ExecutionStack &gt; push &gt; should add a frame to the stack" time="0.0005221">
        </testcase>
        <testcase classname="kernel/pipeline/partial-execution.test.js" name="ExecutionStack &gt; push &gt; should add completed node to execution order" time="0.0007438">
        </testcase>
        <testcase classname="kernel/pipeline/partial-execution.test.js" name="ExecutionStack &gt; push &gt; should add failed node to execution order" time="0.0003202">
        </testcase>
        <testcase classname="kernel/pipeline/partial-execution.test.js" name="ExecutionStack &gt; push &gt; should not add pending node to execution order" time="0.0003139">
        </testcase>
        <testcase classname="kernel/pipeline/partial-execution.test.js" name="ExecutionStack &gt; update &gt; should update an existing frame" time="0.0002251">
        </testcase>
        <testcase classname="kernel/pipeline/partial-execution.test.js" name="ExecutionStack &gt; update &gt; should add completed node to execution order on update" time="0.0001431">
        </testcase>
        <testcase classname="kernel/pipeline/partial-execution.test.js" name="ExecutionStack &gt; isCompleted &gt; should return true for completed node" time="0.0001675">
        </testcase>
        <testcase classname="kernel/pipeline/partial-execution.test.js" name="ExecutionStack &gt; isCompleted &gt; should return false for non-completed node" time="0.0003162">
        </testcase>
        <testcase classname="kernel/pipeline/partial-execution.test.js" name="ExecutionStack &gt; isCompleted &gt; should return false for non-existent node" time="0.0001402">
        </testcase>
        <testcase classname="kernel/pipeline/partial-execution.test.js" name="ExecutionStack &gt; isFailed &gt; should return true for failed node" time="0.0002184">
        </testcase>
        <testcase classname="kernel/pipeline/partial-execution.test.js" name="ExecutionStack &gt; isFailed &gt; should return false for non-failed node" time="0.000157">
        </testcase>
        <testcase classname="kernel/pipeline/partial-execution.test.js" name="ExecutionStack &gt; isRunning &gt; should return true for running node" time="0.0001238">
        </testcase>
        <testcase classname="kernel/pipeline/partial-execution.test.js" name="ExecutionStack &gt; isRunning &gt; should return false for non-running node" time="0.0000618">
        </testcase>
        <testcase classname="kernel/pipeline/partial-execution.test.js" name="ExecutionStack &gt; getCompletedNodes &gt; should return set of completed nodes" time="0.0001303">
        </testcase>
        <testcase classname="kernel/pipeline/partial-execution.test.js" name="ExecutionStack &gt; getFailedNodes &gt; should return set of failed nodes" time="0.0001119">
        </testcase>
        <testcase classname="kernel/pipeline/partial-execution.test.js" name="ExecutionStack &gt; getProgress &gt; should calculate progress correctly" time="0.000184">
        </testcase>
        <testcase classname="kernel/pipeline/partial-execution.test.js" name="ExecutionStack &gt; toJSON &gt; should serialize stack to JSON" time="0.0005464">
        </testcase>
        <testcase classname="kernel/pipeline/partial-execution.test.js" name="ExecutionStack &gt; fromJSON &gt; should deserialize stack from JSON" time="0.0002013">
        </testcase>
        <testcase classname="kernel/pipeline/partial-execution.test.js" name="PartialExecutionManager &gt; extractSubgraph &gt; should extract subgraph with target node and dependencies" time="0.0007231">
        </testcase>
        <testcase classname="kernel/pipeline/partial-execution.test.js" name="PartialExecutionManager &gt; extractSubgraph &gt; should preserve edges in subgraph" time="0.0002117">
        </testcase>
        <testcase classname="kernel/pipeline/partial-execution.test.js" name="PartialExecutionManager &gt; extractSubgraph &gt; should handle single node subgraph" time="0.0003032">
        </testcase>
        <testcase classname="kernel/pipeline/partial-execution.test.js" name="PartialExecutionManager &gt; extractRemainingSubgraph &gt; should extract remaining nodes after some are completed" time="0.0005569">
        </testcase>
        <testcase classname="kernel/pipeline/partial-execution.test.js" name="PartialExecutionManager &gt; extractRemainingSubgraph &gt; should skip completed nodes when getting executable nodes" time="0.0006409">
        </testcase>
        <testcase classname="kernel/pipeline/partial-execution.test.js" name="PartialExecutionManager &gt; rebuildExecutionStack &gt; should rebuild execution stack from history" time="0.0005106">
        </testcase>
        <testcase classname="kernel/pipeline/partial-execution.test.js" name="PartialExecutionManager &gt; saveExecutionStack &gt; should save execution stack to history" time="0.0004188">
        </testcase>
        <testcase classname="kernel/pipeline/partial-execution.test.js" name="PartialExecutionManager &gt; canStartFrom &gt; should return true if all dependencies are met" time="0.0001874">
        </testcase>
        <testcase classname="kernel/pipeline/partial-execution.test.js" name="PartialExecutionManager &gt; canStartFrom &gt; should return true for node with no dependencies" time="0.000209">
        </testcase>
        <testcase classname="kernel/pipeline/partial-execution.test.js" name="PartialExecutionManager &gt; markRunning &gt; should mark node as running" time="0.0001329">
        </testcase>
        <testcase classname="kernel/pipeline/partial-execution.test.js" name="PartialExecutionManager &gt; markCompleted &gt; should mark node as completed" time="0.0006634">
        </testcase>
        <testcase classname="kernel/pipeline/partial-execution.test.js" name="PartialExecutionManager &gt; markFailed &gt; should mark node as failed" time="0.000272">
        </testcase>
        <testcase classname="kernel/pipeline/partial-execution.test.js" name="PartialExecutionManager &gt; getNodeOutput &gt; should return output for completed node" time="0.0002097">
        </testcase>
        <testcase classname="kernel/pipeline/partial-execution.test.js" name="PartialExecutionManager &gt; getNodeOutput &gt; should return null for non-completed node" time="0.0002138">
        </testcase>
        <testcase classname="kernel/pipeline/partial-execution.test.js" name="PartialExecutionManager &gt; getProgress &gt; should calculate execution progress" time="0.0003662">
        </testcase>
        <testcase classname="kernel/pipeline/partial-execution.test.js" name="PartialExecutionManager &gt; isExecutionComplete &gt; should return true when all nodes are completed" time="0.0002397">
        </testcase>
        <testcase classname="kernel/pipeline/partial-execution.test.js" name="PartialExecutionManager &gt; isExecutionComplete &gt; should return false when some nodes are pending" time="0.0002436">
        </testcase>
        <testcase classname="kernel/pipeline/partial-execution.test.js" name="PartialExecutionManager &gt; isExecutionComplete &gt; should return false when some nodes have failed" time="0.0003282">
        </testcase>
        <testcase classname="kernel/pipeline/partial-execution.test.js" name="PartialExecutionManager &gt; isExecutionFailed &gt; should return true when any node has failed" time="0.00023">
        </testcase>
        <testcase classname="kernel/pipeline/partial-execution.test.js" name="PartialExecutionManager &gt; isExecutionFailed &gt; should return false when no nodes have failed" time="0.000322">
        </testcase>
        <testcase classname="kernel/pipeline/partial-execution.test.js" name="PartialExecutionManager &gt; reset &gt; should reset execution state" time="0.0002478">
        </testcase>
    </testsuite>
    <testsuite name="kernel/skills/skill-definition.test.js" timestamp="2026-04-14T07:47:39.820Z" hostname="Tianwen" tests="26" failures="0" errors="0" skipped="0" time="0.0216677">
        <testcase classname="kernel/skills/skill-definition.test.js" name="SkillDefinitionSchema &gt; should validate a valid skill definition" time="0.0047029">
        </testcase>
        <testcase classname="kernel/skills/skill-definition.test.js" name="SkillDefinitionSchema &gt; should reject invalid skill name" time="0.0014416">
        </testcase>
        <testcase classname="kernel/skills/skill-definition.test.js" name="SkillDefinitionSchema &gt; should reject invalid skill type" time="0.0006061">
        </testcase>
        <testcase classname="kernel/skills/skill-definition.test.js" name="SkillDefinitionSchema &gt; should accept valid parameter definition" time="0.000939">
        </testcase>
        <testcase classname="kernel/skills/skill-definition.test.js" name="SkillDefinitionSchema &gt; should accept valid credential definition" time="0.000559">
        </testcase>
        <testcase classname="kernel/skills/skill-definition.test.js" name="SkillDefinition &gt; should create a skill definition" time="0.0016284">
        </testcase>
        <testcase classname="kernel/skills/skill-definition.test.js" name="SkillDefinition &gt; should get skill description" time="0.0012153">
        </testcase>
        <testcase classname="kernel/skills/skill-definition.test.js" name="SkillDefinition &gt; should get skill inputs" time="0.0003992">
        </testcase>
        <testcase classname="kernel/skills/skill-definition.test.js" name="SkillDefinition &gt; should get skill outputs" time="0.0015137">
        </testcase>
        <testcase classname="kernel/skills/skill-definition.test.js" name="SkillDefinition &gt; should get parameters" time="0.0007294">
        </testcase>
        <testcase classname="kernel/skills/skill-definition.test.js" name="SkillDefinition &gt; should get returns" time="0.0004415">
        </testcase>
        <testcase classname="kernel/skills/skill-definition.test.js" name="SkillDefinition &gt; should get credentials" time="0.0004141">
        </testcase>
        <testcase classname="kernel/skills/skill-definition.test.js" name="SkillDefinition &gt; should get tools" time="0.0004541">
        </testcase>
        <testcase classname="kernel/skills/skill-definition.test.js" name="SkillDefinition &gt; should check if parameter is required" time="0.0003952">
        </testcase>
        <testcase classname="kernel/skills/skill-definition.test.js" name="SkillDefinition &gt; should get required parameters" time="0.0004094">
        </testcase>
        <testcase classname="kernel/skills/skill-definition.test.js" name="SkillDefinition &gt; should get supported connection types" time="0.000725">
        </testcase>
        <testcase classname="kernel/skills/skill-definition.test.js" name="SkillDefinition &gt; should check connection type support" time="0.0003419">
        </testcase>
        <testcase classname="kernel/skills/skill-definition.test.js" name="SkillDefinition &gt; should serialize to JSON" time="0.0005014">
        </testcase>
        <testcase classname="kernel/skills/skill-definition.test.js" name="SkillDefinition &gt; should deserialize from JSON" time="0.0004991">
        </testcase>
        <testcase classname="kernel/skills/skill-definition.test.js" name="SkillDefinitionBuilder &gt; should build a skill definition using builder pattern" time="0.0004666">
        </testcase>
        <testcase classname="kernel/skills/skill-definition.test.js" name="SkillDefinitionBuilder &gt; should allow chaining multiple parameter additions" time="0.0004461">
        </testcase>
        <testcase classname="kernel/skills/skill-definition.test.js" name="SkillDefinitionBuilder &gt; should allow chaining multiple credential additions" time="0.0002554">
        </testcase>
        <testcase classname="kernel/skills/skill-definition.test.js" name="SkillDefinitionBuilder &gt; should allow chaining multiple tool additions" time="0.0002359">
        </testcase>
        <testcase classname="kernel/skills/skill-definition.test.js" name="Skill Type and Mode Enums &gt; should have correct skill type values" time="0.0001675">
        </testcase>
        <testcase classname="kernel/skills/skill-definition.test.js" name="Skill Type and Mode Enums &gt; should have correct execution mode values" time="0.0001365">
        </testcase>
        <testcase classname="kernel/skills/skill-definition.test.js" name="Skill Type and Mode Enums &gt; should have correct connection type values" time="0.0002587">
        </testcase>
    </testsuite>
    <testsuite name="kernel/skills/skill-migrator.test.js" timestamp="2026-04-14T07:47:39.824Z" hostname="Tianwen" tests="24" failures="0" errors="0" skipped="0" time="0.036443">
        <testcase classname="kernel/skills/skill-migrator.test.js" name="SkillMigrator &gt; migrateFromYAMLFrontmatter &gt; should migrate a basic YAML frontmatter skill" time="0.0120475">
        </testcase>
        <testcase classname="kernel/skills/skill-migrator.test.js" name="SkillMigrator &gt; migrateFromYAMLFrontmatter &gt; should migrate skill with priority and requirements" time="0.0017754">
        </testcase>
        <testcase classname="kernel/skills/skill-migrator.test.js" name="SkillMigrator &gt; migrateFromYAMLFrontmatter &gt; should normalize skill name" time="0.0007564">
        </testcase>
        <testcase classname="kernel/skills/skill-migrator.test.js" name="SkillMigrator &gt; migrateFromYAMLFrontmatter &gt; should handle version with &quot;v&quot; prefix" time="0.0009981">
        </testcase>
        <testcase classname="kernel/skills/skill-migrator.test.js" name="SkillMigrator &gt; migrateFromYAMLFrontmatter &gt; should handle missing fields gracefully" time="0.000763">
        </testcase>
        <testcase classname="kernel/skills/skill-migrator.test.js" name="SkillMigrator &gt; migrateFromYAMLFrontmatter &gt; should set category from first tag" time="0.0005289">
        </testcase>
        <testcase classname="kernel/skills/skill-migrator.test.js" name="SkillMigrator &gt; migrateFromYAMLFrontmatter &gt; should preserve metadata" time="0.0006527">
        </testcase>
        <testcase classname="kernel/skills/skill-migrator.test.js" name="SkillMigrator &gt; migrateBatch &gt; should migrate multiple skills" time="0.0036784">
        </testcase>
        <testcase classname="kernel/skills/skill-migrator.test.js" name="SkillMigrator &gt; migrateBatch &gt; should handle mixed success and failure" time="0.001596">
        </testcase>
        <testcase classname="kernel/skills/skill-migrator.test.js" name="SkillMigrator &gt; migrateBatch &gt; should provide detailed migration results" time="0.0007945">
        </testcase>
        <testcase classname="kernel/skills/skill-migrator.test.js" name="SkillMigrator &gt; generateMigrationReport &gt; should generate a migration report" time="0.0007757">
        </testcase>
        <testcase classname="kernel/skills/skill-migrator.test.js" name="SkillMigrator &gt; generateMigrationReport &gt; should generate report with only successful migrations" time="0.0004221">
        </testcase>
        <testcase classname="kernel/skills/skill-migrator.test.js" name="SkillMigrator &gt; generateMigrationReport &gt; should generate report with only failed migrations" time="0.0003283">
        </testcase>
        <testcase classname="kernel/skills/skill-migrator.test.js" name="SkillMigrator &gt; config &gt; should use custom config" time="0.0003021">
        </testcase>
        <testcase classname="kernel/skills/skill-migrator.test.js" name="SkillMigrator &gt; config &gt; should merge custom config with defaults" time="0.0002587">
        </testcase>
        <testcase classname="kernel/skills/skill-migrator.test.js" name="createSkillMigrator &gt; should create a skill migrator with default config" time="0.0025182">
        </testcase>
        <testcase classname="kernel/skills/skill-migrator.test.js" name="createSkillMigrator &gt; should create a skill migrator with custom config" time="0.000242">
        </testcase>
        <testcase classname="kernel/skills/skill-migrator.test.js" name="migrateSkill &gt; should quickly migrate a single skill" time="0.0005197">
        </testcase>
        <testcase classname="kernel/skills/skill-migrator.test.js" name="migrateSkills &gt; should quickly migrate multiple skills" time="0.0009179">
        </testcase>
        <testcase classname="kernel/skills/skill-migrator.test.js" name="Edge Cases &gt; should handle empty skill name" time="0.0005287">
        </testcase>
        <testcase classname="kernel/skills/skill-migrator.test.js" name="Edge Cases &gt; should handle special characters in name" time="0.0003733">
        </testcase>
        <testcase classname="kernel/skills/skill-migrator.test.js" name="Edge Cases &gt; should handle version as string with decimals" time="0.0008325">
        </testcase>
        <testcase classname="kernel/skills/skill-migrator.test.js" name="Edge Cases &gt; should handle empty tags array" time="0.0004308">
        </testcase>
        <testcase classname="kernel/skills/skill-migrator.test.js" name="Edge Cases &gt; should handle null tags" time="0.0003733">
        </testcase>
    </testsuite>
    <testsuite name="kernel/skills/versioned-skill-type.test.js" timestamp="2026-04-14T07:47:39.827Z" hostname="Tianwen" tests="27" failures="0" errors="0" skipped="0" time="0.0252944">
        <testcase classname="kernel/skills/versioned-skill-type.test.js" name="VersionedSkillType &gt; should create a versioned skill type" time="0.0063652">
        </testcase>
        <testcase classname="kernel/skills/versioned-skill-type.test.js" name="VersionedSkillType &gt; should get latest version" time="0.0008368">
        </testcase>
        <testcase classname="kernel/skills/versioned-skill-type.test.js" name="VersionedSkillType &gt; should get all versions" time="0.0032759">
        </testcase>
        <testcase classname="kernel/skills/versioned-skill-type.test.js" name="VersionedSkillType &gt; should check if version exists" time="0.0020302">
        </testcase>
        <testcase classname="kernel/skills/versioned-skill-type.test.js" name="VersionedSkillType &gt; should get skill definition by version" time="0.0011619">
        </testcase>
        <testcase classname="kernel/skills/versioned-skill-type.test.js" name="VersionedSkillType &gt; should throw error when getting non-existent version" time="0.0010025">
        </testcase>
        <testcase classname="kernel/skills/versioned-skill-type.test.js" name="VersionedSkillType &gt; should get current skill definition" time="0.00036">
        </testcase>
        <testcase classname="kernel/skills/versioned-skill-type.test.js" name="VersionedSkillType &gt; should get latest skill definition" time="0.000309">
        </testcase>
        <testcase classname="kernel/skills/versioned-skill-type.test.js" name="VersionedSkillType &gt; should get default skill definition" time="0.000595">
        </testcase>
        <testcase classname="kernel/skills/versioned-skill-type.test.js" name="VersionedSkillType &gt; should set current version" time="0.0004325">
        </testcase>
        <testcase classname="kernel/skills/versioned-skill-type.test.js" name="VersionedSkillType &gt; should throw error when setting non-existent version" time="0.0004083">
        </testcase>
        <testcase classname="kernel/skills/versioned-skill-type.test.js" name="VersionedSkillType &gt; should set default version" time="0.000289">
        </testcase>
        <testcase classname="kernel/skills/versioned-skill-type.test.js" name="VersionedSkillType &gt; should reset to default version" time="0.0002602">
        </testcase>
        <testcase classname="kernel/skills/versioned-skill-type.test.js" name="VersionedSkillType &gt; should upgrade to latest version" time="0.0002065">
        </testcase>
        <testcase classname="kernel/skills/versioned-skill-type.test.js" name="VersionedSkillType &gt; should get version migration info" time="0.0013147">
        </testcase>
        <testcase classname="kernel/skills/versioned-skill-type.test.js" name="VersionedSkillType &gt; should detect breaking changes" time="0.0005024">
        </testcase>
        <testcase classname="kernel/skills/versioned-skill-type.test.js" name="VersionedSkillType &gt; should detect breaking changes for required parameters" time="0.0004768">
        </testcase>
        <testcase classname="kernel/skills/versioned-skill-type.test.js" name="VersionedSkillType &gt; should detect parameter type changes" time="0.0004724">
        </testcase>
        <testcase classname="kernel/skills/versioned-skill-type.test.js" name="VersionedSkillType &gt; should serialize to JSON" time="0.0004915">
        </testcase>
        <testcase classname="kernel/skills/versioned-skill-type.test.js" name="VersionedSkillType &gt; should deserialize from JSON" time="0.0006562">
        </testcase>
        <testcase classname="kernel/skills/versioned-skill-type.test.js" name="VersionedSkillType &gt; should throw error when creating without versions" time="0.0003388">
        </testcase>
        <testcase classname="kernel/skills/versioned-skill-type.test.js" name="VersionedSkillType &gt; should throw error when version number is invalid" time="0.0003975">
        </testcase>
        <testcase classname="kernel/skills/versioned-skill-type.test.js" name="VersionedSkillType &gt; should throw error when skill definition version does not match key" time="0.0003579">
        </testcase>
        <testcase classname="kernel/skills/versioned-skill-type.test.js" name="VersionedSkillTypeBuilder &gt; should build a versioned skill type using builder" time="0.0003401">
        </testcase>
        <testcase classname="kernel/skills/versioned-skill-type.test.js" name="VersionedSkillTypeBuilder &gt; should throw error when adding duplicate version" time="0.0002915">
        </testcase>
        <testcase classname="kernel/skills/versioned-skill-type.test.js" name="VersionedSkillTypeBuilder &gt; should throw error when skill definition version does not match specified version" time="0.0002058">
        </testcase>
        <testcase classname="kernel/skills/versioned-skill-type.test.js" name="VersionedSkillTypeBuilder &gt; should throw error when building without versions" time="0.0001387">
        </testcase>
    </testsuite>
    <testsuite name="kernel/ai/agent-sdk/agent.test.js" timestamp="2026-04-14T07:47:39.830Z" hostname="Tianwen" tests="32" failures="0" errors="0" skipped="0" time="0.0139445">
        <testcase classname="kernel/ai/agent-sdk/agent.test.js" name="AgentBuilder &gt; should create an agent builder with name and type" time="0.0013035">
        </testcase>
        <testcase classname="kernel/ai/agent-sdk/agent.test.js" name="AgentBuilder &gt; should chain configuration methods" time="0.0002857">
        </testcase>
        <testcase classname="kernel/ai/agent-sdk/agent.test.js" name="AgentBuilder &gt; should configure model" time="0.0003265">
        </testcase>
        <testcase classname="kernel/ai/agent-sdk/agent.test.js" name="AgentBuilder &gt; should add instructions" time="0.0006486">
        </testcase>
        <testcase classname="kernel/ai/agent-sdk/agent.test.js" name="AgentBuilder &gt; should add instruction objects with examples" time="0.0002616">
        </testcase>
        <testcase classname="kernel/ai/agent-sdk/agent.test.js" name="AgentBuilder &gt; should add tools" time="0.0001787">
        </testcase>
        <testcase classname="kernel/ai/agent-sdk/agent.test.js" name="AgentBuilder &gt; should add multiple tools" time="0.0002753">
        </testcase>
        <testcase classname="kernel/ai/agent-sdk/agent.test.js" name="AgentBuilder &gt; should configure memory" time="0.0001587">
        </testcase>
        <testcase classname="kernel/ai/agent-sdk/agent.test.js" name="AgentBuilder &gt; should add guardrails" time="0.0005142">
        </testcase>
        <testcase classname="kernel/ai/agent-sdk/agent.test.js" name="AgentBuilder &gt; should set output schema" time="0.0016884">
        </testcase>
        <testcase classname="kernel/ai/agent-sdk/agent.test.js" name="AgentBuilder &gt; should throw error when building without model config" time="0.0005621">
        </testcase>
        <testcase classname="kernel/ai/agent-sdk/agent.test.js" name="AgentBuilder &gt; should build an agent successfully" time="0.0001571">
        </testcase>
        <testcase classname="kernel/ai/agent-sdk/agent.test.js" name="Agent &gt; should get config" time="0.000296">
        </testcase>
        <testcase classname="kernel/ai/agent-sdk/agent.test.js" name="Agent &gt; should get model config" time="0.0001069">
        </testcase>
        <testcase classname="kernel/ai/agent-sdk/agent.test.js" name="Agent &gt; should get instructions" time="0.0001661">
        </testcase>
        <testcase classname="kernel/ai/agent-sdk/agent.test.js" name="Agent &gt; should get tools" time="0.0002141">
        </testcase>
        <testcase classname="kernel/ai/agent-sdk/agent.test.js" name="Agent &gt; should get memory config" time="0.0001747">
        </testcase>
        <testcase classname="kernel/ai/agent-sdk/agent.test.js" name="Agent &gt; should get guardrails" time="0.0002018">
        </testcase>
        <testcase classname="kernel/ai/agent-sdk/agent.test.js" name="Agent &gt; should get output schema" time="0.0002322">
        </testcase>
        <testcase classname="kernel/ai/agent-sdk/agent.test.js" name="Agent &gt; should run agent with simple input" time="0.0003728">
        </testcase>
        <testcase classname="kernel/ai/agent-sdk/agent.test.js" name="Agent &gt; should block input with guardrail" time="0.0002583">
        </testcase>
        <testcase classname="kernel/ai/agent-sdk/agent.test.js" name="Agent &gt; should block output with guardrail" time="0.0001436">
        </testcase>
        <testcase classname="kernel/ai/agent-sdk/agent.test.js" name="Agent &gt; should validate output with schema" time="0.0002604">
        </testcase>
        <testcase classname="kernel/ai/agent-sdk/agent.test.js" name="Agent &gt; should maintain execution history" time="0.0001755">
        </testcase>
        <testcase classname="kernel/ai/agent-sdk/agent.test.js" name="Agent &gt; should serialize to JSON" time="0.0007006">
        </testcase>
        <testcase classname="kernel/ai/agent-sdk/agent.test.js" name="createAgent &gt; should create an agent builder with default type" time="0.0001318">
        </testcase>
        <testcase classname="kernel/ai/agent-sdk/agent.test.js" name="createAgent &gt; should create an agent builder with custom type" time="0.0000572">
        </testcase>
        <testcase classname="kernel/ai/agent-sdk/agent.test.js" name="createAgent &gt; should support fluent API" time="0.0000685">
        </testcase>
        <testcase classname="kernel/ai/agent-sdk/agent.test.js" name="Edge Cases &gt; should handle empty instructions" time="0.0000641">
        </testcase>
        <testcase classname="kernel/ai/agent-sdk/agent.test.js" name="Edge Cases &gt; should handle empty tools" time="0.0000673">
        </testcase>
        <testcase classname="kernel/ai/agent-sdk/agent.test.js" name="Edge Cases &gt; should handle empty guardrails" time="0.0001157">
        </testcase>
        <testcase classname="kernel/ai/agent-sdk/agent.test.js" name="Edge Cases &gt; should handle no output schema" time="0.0015624">
        </testcase>
    </testsuite>
    <testsuite name="kernel/ai/agent-sdk/binary-data.test.js" timestamp="2026-04-14T07:47:39.833Z" hostname="Tianwen" tests="37" failures="0" errors="0" skipped="0" time="0.0291016">
        <testcase classname="kernel/ai/agent-sdk/binary-data.test.js" name="BinaryMetadata &gt; should create metadata with default values" time="0.0038077">
        </testcase>
        <testcase classname="kernel/ai/agent-sdk/binary-data.test.js" name="BinaryMetadata &gt; should create metadata with custom values" time="0.0007602">
        </testcase>
        <testcase classname="kernel/ai/agent-sdk/binary-data.test.js" name="BinaryMetadata &gt; should serialize to JSON" time="0.0015618">
        </testcase>
        <testcase classname="kernel/ai/agent-sdk/binary-data.test.js" name="BinaryMetadata &gt; should deserialize from JSON" time="0.0008363">
        </testcase>
        <testcase classname="kernel/ai/agent-sdk/binary-data.test.js" name="BinaryData &gt; should create binary data" time="0.0004675">
        </testcase>
        <testcase classname="kernel/ai/agent-sdk/binary-data.test.js" name="BinaryData &gt; should check if expired" time="0.0005105">
        </testcase>
        <testcase classname="kernel/ai/agent-sdk/binary-data.test.js" name="BinaryData &gt; should add and remove tags" time="0.0014518">
        </testcase>
        <testcase classname="kernel/ai/agent-sdk/binary-data.test.js" name="BinaryData &gt; should set and get custom data" time="0.0002303">
        </testcase>
        <testcase classname="kernel/ai/agent-sdk/binary-data.test.js" name="BinaryData &gt; should not add duplicate tags" time="0.0004245">
        </testcase>
        <testcase classname="kernel/ai/agent-sdk/binary-data.test.js" name="MemoryStorage &gt; should store and retrieve data" time="0.000736">
        </testcase>
        <testcase classname="kernel/ai/agent-sdk/binary-data.test.js" name="MemoryStorage &gt; should check if data exists" time="0.0002165">
        </testcase>
        <testcase classname="kernel/ai/agent-sdk/binary-data.test.js" name="MemoryStorage &gt; should delete data" time="0.0001206">
        </testcase>
        <testcase classname="kernel/ai/agent-sdk/binary-data.test.js" name="MemoryStorage &gt; should get metadata" time="0.0001132">
        </testcase>
        <testcase classname="kernel/ai/agent-sdk/binary-data.test.js" name="MemoryStorage &gt; should list all data" time="0.0005056">
        </testcase>
        <testcase classname="kernel/ai/agent-sdk/binary-data.test.js" name="MemoryStorage &gt; should filter by tags" time="0.0002238">
        </testcase>
        <testcase classname="kernel/ai/agent-sdk/binary-data.test.js" name="MemoryStorage &gt; should cleanup expired data" time="0.0002965">
        </testcase>
        <testcase classname="kernel/ai/agent-sdk/binary-data.test.js" name="MemoryStorage &gt; should clear all data" time="0.0001855">
        </testcase>
        <testcase classname="kernel/ai/agent-sdk/binary-data.test.js" name="BinaryDataManager &gt; should store and retrieve data" time="0.0032621">
        </testcase>
        <testcase classname="kernel/ai/agent-sdk/binary-data.test.js" name="BinaryDataManager &gt; should deduplicate identical data" time="0.0003545">
        </testcase>
        <testcase classname="kernel/ai/agent-sdk/binary-data.test.js" name="BinaryDataManager &gt; should delete data" time="0.0006232">
        </testcase>
        <testcase classname="kernel/ai/agent-sdk/binary-data.test.js" name="BinaryDataManager &gt; should check if data exists" time="0.0003004">
        </testcase>
        <testcase classname="kernel/ai/agent-sdk/binary-data.test.js" name="BinaryDataManager &gt; should get metadata" time="0.0002253">
        </testcase>
        <testcase classname="kernel/ai/agent-sdk/binary-data.test.js" name="BinaryDataManager &gt; should list all data" time="0.0009619">
        </testcase>
        <testcase classname="kernel/ai/agent-sdk/binary-data.test.js" name="BinaryDataManager &gt; should search data" time="0.0010054">
        </testcase>
        <testcase classname="kernel/ai/agent-sdk/binary-data.test.js" name="BinaryDataManager &gt; should cleanup expired data" time="0.0006394">
        </testcase>
        <testcase classname="kernel/ai/agent-sdk/binary-data.test.js" name="BinaryDataManager &gt; should get stats" time="0.0006661">
        </testcase>
        <testcase classname="kernel/ai/agent-sdk/binary-data.test.js" name="BinaryDataManager &gt; should switch backend" time="0.0004642">
        </testcase>
        <testcase classname="kernel/ai/agent-sdk/binary-data.test.js" name="Convenience Functions &gt; should create binary data manager" time="0.0003971">
        </testcase>
        <testcase classname="kernel/ai/agent-sdk/binary-data.test.js" name="Convenience Functions &gt; should create file system storage" time="0.0002661">
        </testcase>
        <testcase classname="kernel/ai/agent-sdk/binary-data.test.js" name="Convenience Functions &gt; should create memory storage" time="0.0003219">
        </testcase>
        <testcase classname="kernel/ai/agent-sdk/binary-data.test.js" name="Edge Cases &gt; should handle empty data" time="0.0004326">
        </testcase>
        <testcase classname="kernel/ai/agent-sdk/binary-data.test.js" name="Edge Cases &gt; should handle large data" time="0.0016899">
        </testcase>
        <testcase classname="kernel/ai/agent-sdk/binary-data.test.js" name="Edge Cases &gt; should handle special characters in filename" time="0.000372">
        </testcase>
        <testcase classname="kernel/ai/agent-sdk/binary-data.test.js" name="Edge Cases &gt; should handle multiple tags" time="0.0004916">
        </testcase>
        <testcase classname="kernel/ai/agent-sdk/binary-data.test.js" name="Edge Cases &gt; should handle custom data with various types" time="0.0005733">
        </testcase>
        <testcase classname="kernel/ai/agent-sdk/binary-data.test.js" name="Edge Cases &gt; should handle retrieval of non-existent data" time="0.0001632">
        </testcase>
        <testcase classname="kernel/ai/agent-sdk/binary-data.test.js" name="Edge Cases &gt; should handle deletion of non-existent data" time="0.0002098">
        </testcase>
    </testsuite>
    <testsuite name="kernel/ai/agent-sdk/expression-sandbox.test.js" timestamp="2026-04-14T07:47:39.838Z" hostname="Tianwen" tests="59" failures="1" errors="0" skipped="0" time="0.924078">
        <testcase classname="kernel/ai/agent-sdk/expression-sandbox.test.js" name="ExpressionResult &gt; should create a successful result" time="0.0016854">
        </testcase>
        <testcase classname="kernel/ai/agent-sdk/expression-sandbox.test.js" name="ExpressionResult &gt; should create a failed result" time="0.0002722">
        </testcase>
        <testcase classname="kernel/ai/agent-sdk/expression-sandbox.test.js" name="ExpressionResult &gt; should serialize to JSON" time="0.0002326">
        </testcase>
        <testcase classname="kernel/ai/agent-sdk/expression-sandbox.test.js" name="SandboxConfig &gt; should create default config" time="0.0002382">
        </testcase>
        <testcase classname="kernel/ai/agent-sdk/expression-sandbox.test.js" name="SandboxConfig &gt; should set timeout" time="0.0001308">
        </testcase>
        <testcase classname="kernel/ai/agent-sdk/expression-sandbox.test.js" name="SandboxConfig &gt; should set memory limit" time="0.0000913">
        </testcase>
        <testcase classname="kernel/ai/agent-sdk/expression-sandbox.test.js" name="SandboxConfig &gt; should allow console" time="0.0001651">
        </testcase>
        <testcase classname="kernel/ai/agent-sdk/expression-sandbox.test.js" name="SandboxConfig &gt; should add allowed global" time="0.0006261">
        </testcase>
        <testcase classname="kernel/ai/agent-sdk/expression-sandbox.test.js" name="SandboxConfig &gt; should add custom context" time="0.0004131">
        </testcase>
        <testcase classname="kernel/ai/agent-sdk/expression-sandbox.test.js" name="SandboxConfig &gt; should chain methods" time="0.0002354">
        </testcase>
        <testcase classname="kernel/ai/agent-sdk/expression-sandbox.test.js" name="ExpressionParser &gt; should parse variables" time="0.0008851">
        </testcase>
        <testcase classname="kernel/ai/agent-sdk/expression-sandbox.test.js" name="ExpressionParser &gt; should parse functions" time="0.0003318">
        </testcase>
        <testcase classname="kernel/ai/agent-sdk/expression-sandbox.test.js" name="ExpressionParser &gt; should detect safe expression" time="0.0003294">
        </testcase>
        <testcase classname="kernel/ai/agent-sdk/expression-sandbox.test.js" name="ExpressionParser &gt; should detect dangerous eval" time="0.000148">
        </testcase>
        <testcase classname="kernel/ai/agent-sdk/expression-sandbox.test.js" name="ExpressionParser &gt; should detect dangerous Function" time="0.0001026">
        </testcase>
        <testcase classname="kernel/ai/agent-sdk/expression-sandbox.test.js" name="ExpressionParser &gt; should detect dangerous require" time="0.0000925">
        </testcase>
        <testcase classname="kernel/ai/agent-sdk/expression-sandbox.test.js" name="ExpressionParser &gt; should detect dangerous process access" time="0.0001765">
        </testcase>
        <testcase classname="kernel/ai/agent-sdk/expression-sandbox.test.js" name="ExpressionParser &gt; should preprocess expression" time="0.0002024">
        </testcase>
        <testcase classname="kernel/ai/agent-sdk/expression-sandbox.test.js" name="ExpressionParser &gt; should identify template type" time="0.0001071">
        </testcase>
        <testcase classname="kernel/ai/agent-sdk/expression-sandbox.test.js" name="ExpressionParser &gt; should identify function type" time="0.0001574">
        </testcase>
        <testcase classname="kernel/ai/agent-sdk/expression-sandbox.test.js" name="ExpressionParser &gt; should identify object type" time="0.0000827">
        </testcase>
        <testcase classname="kernel/ai/agent-sdk/expression-sandbox.test.js" name="ExpressionParser &gt; should identify array type" time="0.0000869">
        </testcase>
        <testcase classname="kernel/ai/agent-sdk/expression-sandbox.test.js" name="ExpressionParser &gt; should identify number type" time="0.000088">
        </testcase>
        <testcase classname="kernel/ai/agent-sdk/expression-sandbox.test.js" name="ExpressionParser &gt; should identify string type" time="0.000088">
        </testcase>
        <testcase classname="kernel/ai/agent-sdk/expression-sandbox.test.js" name="ExpressionParser &gt; should identify boolean type" time="0.0000983">
        </testcase>
        <testcase classname="kernel/ai/agent-sdk/expression-sandbox.test.js" name="ExpressionSandbox &gt; should execute simple expression" time="0.0018368">
        </testcase>
        <testcase classname="kernel/ai/agent-sdk/expression-sandbox.test.js" name="ExpressionSandbox &gt; should execute expression with context" time="0.0008817">
        </testcase>
        <testcase classname="kernel/ai/agent-sdk/expression-sandbox.test.js" name="ExpressionSandbox &gt; should use Math functions" time="0.0748471">
        </testcase>
        <testcase classname="kernel/ai/agent-sdk/expression-sandbox.test.js" name="ExpressionSandbox &gt; should use String functions" time="0.1508202">
        </testcase>
        <testcase classname="kernel/ai/agent-sdk/expression-sandbox.test.js" name="ExpressionSandbox &gt; should use Array functions" time="0.1776978">
        </testcase>
        <testcase classname="kernel/ai/agent-sdk/expression-sandbox.test.js" name="ExpressionSandbox &gt; should use Logic functions" time="0.0490778">
        </testcase>
        <testcase classname="kernel/ai/agent-sdk/expression-sandbox.test.js" name="ExpressionSandbox &gt; should use Type functions" time="0.0443848">
        </testcase>
        <testcase classname="kernel/ai/agent-sdk/expression-sandbox.test.js" name="ExpressionSandbox &gt; should block dangerous expression" time="0.0002702">
        </testcase>
        <testcase classname="kernel/ai/agent-sdk/expression-sandbox.test.js" name="ExpressionSandbox &gt; should handle execution error" time="0.0054133">
        </testcase>
        <testcase classname="kernel/ai/agent-sdk/expression-sandbox.test.js" name="ExpressionSandbox &gt; should handle timeout" time="0.1016048">
            <failure message="expected &apos;Error: Script execution timed out aft…&apos; to contain &apos;timeout&apos;" type="AssertionError">
AssertionError: expected &apos;Error: Script execution timed out aft…&apos; to contain &apos;timeout&apos;

Expected: &quot;timeout&quot;
Received: &quot;Error: Script execution timed out after 1ms&quot;

 ❯ kernel/ai/agent-sdk/expression-sandbox.test.js:288:26
            </failure>
        </testcase>
        <testcase classname="kernel/ai/agent-sdk/expression-sandbox.test.js" name="ExpressionSandbox &gt; should execute batch expressions" time="0.1881256">
        </testcase>
        <testcase classname="kernel/ai/agent-sdk/expression-sandbox.test.js" name="ExpressionSandbox &gt; should track execution stats" time="0.0319236">
        </testcase>
        <testcase classname="kernel/ai/agent-sdk/expression-sandbox.test.js" name="ExpressionSandbox &gt; should reset stats" time="0.0583535">
        </testcase>
        <testcase classname="kernel/ai/agent-sdk/expression-sandbox.test.js" name="ExpressionSandbox &gt; should use custom context from config" time="0.0066116">
        </testcase>
        <testcase classname="kernel/ai/agent-sdk/expression-sandbox.test.js" name="TypeValidator &gt; should validate string" time="0.0003389">
        </testcase>
        <testcase classname="kernel/ai/agent-sdk/expression-sandbox.test.js" name="TypeValidator &gt; should validate number" time="0.0001176">
        </testcase>
        <testcase classname="kernel/ai/agent-sdk/expression-sandbox.test.js" name="TypeValidator &gt; should validate boolean" time="0.0000831">
        </testcase>
        <testcase classname="kernel/ai/agent-sdk/expression-sandbox.test.js" name="TypeValidator &gt; should validate object" time="0.0005045">
        </testcase>
        <testcase classname="kernel/ai/agent-sdk/expression-sandbox.test.js" name="TypeValidator &gt; should validate array" time="0.0006216">
        </testcase>
        <testcase classname="kernel/ai/agent-sdk/expression-sandbox.test.js" name="TypeValidator &gt; should validate null" time="0.0001509">
        </testcase>
        <testcase classname="kernel/ai/agent-sdk/expression-sandbox.test.js" name="TypeValidator &gt; should validate undefined" time="0.0001244">
        </testcase>
        <testcase classname="kernel/ai/agent-sdk/expression-sandbox.test.js" name="TypeValidator &gt; should validate any" time="0.0000945">
        </testcase>
        <testcase classname="kernel/ai/agent-sdk/expression-sandbox.test.js" name="TypeValidator &gt; should coerce to string" time="0.0001358">
        </testcase>
        <testcase classname="kernel/ai/agent-sdk/expression-sandbox.test.js" name="TypeValidator &gt; should coerce to number" time="0.0001159">
        </testcase>
        <testcase classname="kernel/ai/agent-sdk/expression-sandbox.test.js" name="TypeValidator &gt; should coerce to boolean" time="0.0012549">
        </testcase>
        <testcase classname="kernel/ai/agent-sdk/expression-sandbox.test.js" name="TypeValidator &gt; should coerce to object" time="0.0005856">
        </testcase>
        <testcase classname="kernel/ai/agent-sdk/expression-sandbox.test.js" name="TypeValidator &gt; should get type" time="0.0001975">
        </testcase>
        <testcase classname="kernel/ai/agent-sdk/expression-sandbox.test.js" name="Convenience Functions &gt; should create sandbox config" time="0.0007619">
        </testcase>
        <testcase classname="kernel/ai/agent-sdk/expression-sandbox.test.js" name="Convenience Functions &gt; should create expression sandbox" time="0.0001499">
        </testcase>
        <testcase classname="kernel/ai/agent-sdk/expression-sandbox.test.js" name="Edge Cases &gt; should handle empty expression" time="0.0001067">
        </testcase>
        <testcase classname="kernel/ai/agent-sdk/expression-sandbox.test.js" name="Edge Cases &gt; should handle null context" time="0.0044393">
        </testcase>
        <testcase classname="kernel/ai/agent-sdk/expression-sandbox.test.js" name="Edge Cases &gt; should handle undefined context" time="0.0021144">
        </testcase>
        <testcase classname="kernel/ai/agent-sdk/expression-sandbox.test.js" name="Edge Cases &gt; should handle complex nested objects" time="0.0022483">
        </testcase>
        <testcase classname="kernel/ai/agent-sdk/expression-sandbox.test.js" name="Edge Cases &gt; should handle array operations" time="0.0035038">
        </testcase>
    </testsuite>
    <testsuite name="kernel/ai/agent-sdk/guardrail.test.js" timestamp="2026-04-14T07:47:39.845Z" hostname="Tianwen" tests="49" failures="0" errors="0" skipped="0" time="0.0464323">
        <testcase classname="kernel/ai/agent-sdk/guardrail.test.js" name="GuardrailCheckResult &gt; should create an allowed result" time="0.0028754">
        </testcase>
        <testcase classname="kernel/ai/agent-sdk/guardrail.test.js" name="GuardrailCheckResult &gt; should create a blocked result" time="0.0004312">
        </testcase>
        <testcase classname="kernel/ai/agent-sdk/guardrail.test.js" name="GuardrailCheckResult &gt; should serialize to JSON" time="0.0004011">
        </testcase>
        <testcase classname="kernel/ai/agent-sdk/guardrail.test.js" name="KeywordGuardrail &gt; should allow content without blocked keywords" time="0.0010244">
        </testcase>
        <testcase classname="kernel/ai/agent-sdk/guardrail.test.js" name="KeywordGuardrail &gt; should block content with blocked keywords" time="0.0007835">
        </testcase>
        <testcase classname="kernel/ai/agent-sdk/guardrail.test.js" name="KeywordGuardrail &gt; should be case insensitive by default" time="0.0005089">
        </testcase>
        <testcase classname="kernel/ai/agent-sdk/guardrail.test.js" name="KeywordGuardrail &gt; should be case sensitive when configured" time="0.0003454">
        </testcase>
        <testcase classname="kernel/ai/agent-sdk/guardrail.test.js" name="KeywordGuardrail &gt; should match whole word when configured" time="0.0012658">
        </testcase>
        <testcase classname="kernel/ai/agent-sdk/guardrail.test.js" name="KeywordGuardrail &gt; should block based on regex patterns" time="0.0010453">
        </testcase>
        <testcase classname="kernel/ai/agent-sdk/guardrail.test.js" name="KeywordGuardrail &gt; should add blocked keyword" time="0.0005611">
        </testcase>
        <testcase classname="kernel/ai/agent-sdk/guardrail.test.js" name="KeywordGuardrail &gt; should chain methods" time="0.0017108">
        </testcase>
        <testcase classname="kernel/ai/agent-sdk/guardrail.test.js" name="LengthGuardrail &gt; should allow content within length limits" time="0.0006219">
        </testcase>
        <testcase classname="kernel/ai/agent-sdk/guardrail.test.js" name="LengthGuardrail &gt; should block content that is too short" time="0.0003227">
        </testcase>
        <testcase classname="kernel/ai/agent-sdk/guardrail.test.js" name="LengthGuardrail &gt; should block content that is too long" time="0.0003497">
        </testcase>
        <testcase classname="kernel/ai/agent-sdk/guardrail.test.js" name="LengthGuardrail &gt; should set min length" time="0.0002818">
        </testcase>
        <testcase classname="kernel/ai/agent-sdk/guardrail.test.js" name="LengthGuardrail &gt; should set max length" time="0.0002424">
        </testcase>
        <testcase classname="kernel/ai/agent-sdk/guardrail.test.js" name="SchemaGuardrail &gt; should allow content that matches schema" time="0.0056727">
        </testcase>
        <testcase classname="kernel/ai/agent-sdk/guardrail.test.js" name="SchemaGuardrail &gt; should block content that does not match schema" time="0.0011504">
        </testcase>
        <testcase classname="kernel/ai/agent-sdk/guardrail.test.js" name="SchemaGuardrail &gt; should set strict mode" time="0.0004499">
        </testcase>
        <testcase classname="kernel/ai/agent-sdk/guardrail.test.js" name="CustomGuardrail &gt; should allow content based on custom check" time="0.0001869">
        </testcase>
        <testcase classname="kernel/ai/agent-sdk/guardrail.test.js" name="CustomGuardrail &gt; should block content based on custom check" time="0.0000895">
        </testcase>
        <testcase classname="kernel/ai/agent-sdk/guardrail.test.js" name="CustomGuardrail &gt; should return custom GuardrailCheckResult" time="0.0000733">
        </testcase>
        <testcase classname="kernel/ai/agent-sdk/guardrail.test.js" name="CustomGuardrail &gt; should handle async check functions" time="0.0171124">
        </testcase>
        <testcase classname="kernel/ai/agent-sdk/guardrail.test.js" name="CustomGuardrail &gt; should handle errors in check function" time="0.0002741">
        </testcase>
        <testcase classname="kernel/ai/agent-sdk/guardrail.test.js" name="GuardrailManager &gt; should add input guardrail" time="0.0002036">
        </testcase>
        <testcase classname="kernel/ai/agent-sdk/guardrail.test.js" name="GuardrailManager &gt; should add output guardrail" time="0.0001226">
        </testcase>
        <testcase classname="kernel/ai/agent-sdk/guardrail.test.js" name="GuardrailManager &gt; should add guardrail based on type" time="0.0001189">
        </testcase>
        <testcase classname="kernel/ai/agent-sdk/guardrail.test.js" name="GuardrailManager &gt; should pass input check with no guardrails" time="0.0002199">
        </testcase>
        <testcase classname="kernel/ai/agent-sdk/guardrail.test.js" name="GuardrailManager &gt; should pass output check with no guardrails" time="0.0001025">
        </testcase>
        <testcase classname="kernel/ai/agent-sdk/guardrail.test.js" name="GuardrailManager &gt; should block input with blocked keyword" time="0.0001144">
        </testcase>
        <testcase classname="kernel/ai/agent-sdk/guardrail.test.js" name="GuardrailManager &gt; should block output with blocked keyword" time="0.0000854">
        </testcase>
        <testcase classname="kernel/ai/agent-sdk/guardrail.test.js" name="GuardrailManager &gt; should stop on first block when configured" time="0.0000945">
        </testcase>
        <testcase classname="kernel/ai/agent-sdk/guardrail.test.js" name="GuardrailManager &gt; should continue checking all guardrails when configured" time="0.0000901">
        </testcase>
        <testcase classname="kernel/ai/agent-sdk/guardrail.test.js" name="GuardrailManager &gt; should clear all guardrails" time="0.0001449">
        </testcase>
        <testcase classname="kernel/ai/agent-sdk/guardrail.test.js" name="SecurityGuardrails &gt; should create content safety guardrail" time="0.0002458">
        </testcase>
        <testcase classname="kernel/ai/agent-sdk/guardrail.test.js" name="SecurityGuardrails &gt; should create personal data guardrail" time="0.0001502">
        </testcase>
        <testcase classname="kernel/ai/agent-sdk/guardrail.test.js" name="SecurityGuardrails &gt; should create input length guardrail" time="0.0001175">
        </testcase>
        <testcase classname="kernel/ai/agent-sdk/guardrail.test.js" name="SecurityGuardrails &gt; should create output length guardrail" time="0.0000879">
        </testcase>
        <testcase classname="kernel/ai/agent-sdk/guardrail.test.js" name="Convenience Functions &gt; should create guardrail manager" time="0.0000833">
        </testcase>
        <testcase classname="kernel/ai/agent-sdk/guardrail.test.js" name="Convenience Functions &gt; should create keyword guardrail" time="0.0000565">
        </testcase>
        <testcase classname="kernel/ai/agent-sdk/guardrail.test.js" name="Convenience Functions &gt; should create length guardrail" time="0.0000527">
        </testcase>
        <testcase classname="kernel/ai/agent-sdk/guardrail.test.js" name="Convenience Functions &gt; should create schema guardrail" time="0.0002186">
        </testcase>
        <testcase classname="kernel/ai/agent-sdk/guardrail.test.js" name="Convenience Functions &gt; should create custom guardrail" time="0.0001394">
        </testcase>
        <testcase classname="kernel/ai/agent-sdk/guardrail.test.js" name="Edge Cases &gt; should handle empty content" time="0.0000743">
        </testcase>
        <testcase classname="kernel/ai/agent-sdk/guardrail.test.js" name="Edge Cases &gt; should handle null content" time="0.0000542">
        </testcase>
        <testcase classname="kernel/ai/agent-sdk/guardrail.test.js" name="Edge Cases &gt; should handle object content" time="0.0000515">
        </testcase>
        <testcase classname="kernel/ai/agent-sdk/guardrail.test.js" name="Edge Cases &gt; should handle array content" time="0.0000447">
        </testcase>
        <testcase classname="kernel/ai/agent-sdk/guardrail.test.js" name="Edge Cases &gt; should handle invalid regex patterns gracefully" time="0.0000998">
        </testcase>
        <testcase classname="kernel/ai/agent-sdk/guardrail.test.js" name="Edge Cases &gt; should handle multiple guardrails of same type" time="0.0003587">
        </testcase>
    </testsuite>
    <testsuite name="kernel/ai/agent-sdk/structured-output.test.js" timestamp="2026-04-14T07:47:39.850Z" hostname="Tianwen" tests="46" failures="0" errors="0" skipped="0" time="0.0384271">
        <testcase classname="kernel/ai/agent-sdk/structured-output.test.js" name="ValidationResult &gt; should create a successful result" time="0.003638">
        </testcase>
        <testcase classname="kernel/ai/agent-sdk/structured-output.test.js" name="ValidationResult &gt; should create a failed result" time="0.0006881">
        </testcase>
        <testcase classname="kernel/ai/agent-sdk/structured-output.test.js" name="ValidationResult &gt; should get first error" time="0.0003873">
        </testcase>
        <testcase classname="kernel/ai/agent-sdk/structured-output.test.js" name="ValidationResult &gt; should return null for first error when no errors" time="0.0004844">
        </testcase>
        <testcase classname="kernel/ai/agent-sdk/structured-output.test.js" name="ValidationResult &gt; should get all errors" time="0.0003086">
        </testcase>
        <testcase classname="kernel/ai/agent-sdk/structured-output.test.js" name="ValidationResult &gt; should serialize to JSON" time="0.0002241">
        </testcase>
        <testcase classname="kernel/ai/agent-sdk/structured-output.test.js" name="StructuredOutputValidator &gt; should validate valid output" time="0.0039529">
        </testcase>
        <testcase classname="kernel/ai/agent-sdk/structured-output.test.js" name="StructuredOutputValidator &gt; should validate valid JSON string" time="0.0010596">
        </testcase>
        <testcase classname="kernel/ai/agent-sdk/structured-output.test.js" name="StructuredOutputValidator &gt; should fail on invalid output" time="0.0015904">
        </testcase>
        <testcase classname="kernel/ai/agent-sdk/structured-output.test.js" name="StructuredOutputValidator &gt; should fail on invalid JSON string" time="0.0005617">
        </testcase>
        <testcase classname="kernel/ai/agent-sdk/structured-output.test.js" name="StructuredOutputValidator &gt; should set strict mode" time="0.0008115">
        </testcase>
        <testcase classname="kernel/ai/agent-sdk/structured-output.test.js" name="StructuredOutputValidator &gt; should set coerce mode" time="0.0007767">
        </testcase>
        <testcase classname="kernel/ai/agent-sdk/structured-output.test.js" name="StructuredOutputValidator &gt; should validate and transform output" time="0.0011823">
        </testcase>
        <testcase classname="kernel/ai/agent-sdk/structured-output.test.js" name="StructuredOutputValidator &gt; should fail validation and transform on invalid output" time="0.0024826">
        </testcase>
        <testcase classname="kernel/ai/agent-sdk/structured-output.test.js" name="StructuredOutputValidator &gt; should get schema JSON" time="0.0003775">
        </testcase>
        <testcase classname="kernel/ai/agent-sdk/structured-output.test.js" name="StructuredOutputGenerator &gt; should generate prompt with schema" time="0.0009438">
        </testcase>
        <testcase classname="kernel/ai/agent-sdk/structured-output.test.js" name="StructuredOutputGenerator &gt; should add example" time="0.0003536">
        </testcase>
        <testcase classname="kernel/ai/agent-sdk/structured-output.test.js" name="StructuredOutputGenerator &gt; should add multiple examples" time="0.0005333">
        </testcase>
        <testcase classname="kernel/ai/agent-sdk/structured-output.test.js" name="StructuredOutputGenerator &gt; should set instructions" time="0.0026852">
        </testcase>
        <testcase classname="kernel/ai/agent-sdk/structured-output.test.js" name="StructuredOutputGenerator &gt; should validate output" time="0.0012067">
        </testcase>
        <testcase classname="kernel/ai/agent-sdk/structured-output.test.js" name="StructuredOutputGenerator &gt; should validate and transform output" time="0.000595">
        </testcase>
        <testcase classname="kernel/ai/agent-sdk/structured-output.test.js" name="StructuredOutputGenerator &gt; should get schema" time="0.0005688">
        </testcase>
        <testcase classname="kernel/ai/agent-sdk/structured-output.test.js" name="StructuredOutputGenerator &gt; should chain methods" time="0.0005819">
        </testcase>
        <testcase classname="kernel/ai/agent-sdk/structured-output.test.js" name="OutputParser &gt; parseJSON &gt; should parse valid JSON" time="0.0003191">
        </testcase>
        <testcase classname="kernel/ai/agent-sdk/structured-output.test.js" name="OutputParser &gt; parseJSON &gt; should fail on invalid JSON" time="0.0002015">
        </testcase>
        <testcase classname="kernel/ai/agent-sdk/structured-output.test.js" name="OutputParser &gt; extractJSONBlocks &gt; should extract JSON from markdown code blocks" time="0.0011619">
        </testcase>
        <testcase classname="kernel/ai/agent-sdk/structured-output.test.js" name="OutputParser &gt; extractJSONBlocks &gt; should extract JSON from plain code blocks" time="0.0003641">
        </testcase>
        <testcase classname="kernel/ai/agent-sdk/structured-output.test.js" name="OutputParser &gt; extractJSONBlocks &gt; should extract multiple JSON blocks" time="0.000304">
        </testcase>
        <testcase classname="kernel/ai/agent-sdk/structured-output.test.js" name="OutputParser &gt; extractJSONBlocks &gt; should return empty array when no JSON blocks found" time="0.0002134">
        </testcase>
        <testcase classname="kernel/ai/agent-sdk/structured-output.test.js" name="OutputParser &gt; tryParseJSON &gt; should parse direct JSON" time="0.0002919">
        </testcase>
        <testcase classname="kernel/ai/agent-sdk/structured-output.test.js" name="OutputParser &gt; tryParseJSON &gt; should parse JSON from markdown block" time="0.0003747">
        </testcase>
        <testcase classname="kernel/ai/agent-sdk/structured-output.test.js" name="OutputParser &gt; tryParseJSON &gt; should parse JSON from braces" time="0.0003672">
        </testcase>
        <testcase classname="kernel/ai/agent-sdk/structured-output.test.js" name="OutputParser &gt; tryParseJSON &gt; should fail when no valid JSON found" time="0.0002495">
        </testcase>
        <testcase classname="kernel/ai/agent-sdk/structured-output.test.js" name="OutputParser &gt; cleanOutput &gt; should remove markdown code block markers" time="0.0001822">
        </testcase>
        <testcase classname="kernel/ai/agent-sdk/structured-output.test.js" name="OutputParser &gt; cleanOutput &gt; should trim whitespace" time="0.0001284">
        </testcase>
        <testcase classname="kernel/ai/agent-sdk/structured-output.test.js" name="OutputParser &gt; cleanOutput &gt; should remove surrounding quotes" time="0.0001594">
        </testcase>
        <testcase classname="kernel/ai/agent-sdk/structured-output.test.js" name="OutputParser &gt; cleanOutput &gt; should handle plain text" time="0.0001716">
        </testcase>
        <testcase classname="kernel/ai/agent-sdk/structured-output.test.js" name="createStructuredOutputValidator &gt; should create a validator" time="0.0004044">
        </testcase>
        <testcase classname="kernel/ai/agent-sdk/structured-output.test.js" name="createStructuredOutputGenerator &gt; should create a generator" time="0.0003618">
        </testcase>
        <testcase classname="kernel/ai/agent-sdk/structured-output.test.js" name="Edge Cases &gt; should handle null output" time="0.0004266">
        </testcase>
        <testcase classname="kernel/ai/agent-sdk/structured-output.test.js" name="Edge Cases &gt; should handle undefined output" time="0.0004958">
        </testcase>
        <testcase classname="kernel/ai/agent-sdk/structured-output.test.js" name="Edge Cases &gt; should handle empty string" time="0.0003598">
        </testcase>
        <testcase classname="kernel/ai/agent-sdk/structured-output.test.js" name="Edge Cases &gt; should handle nested objects" time="0.0005993">
        </testcase>
        <testcase classname="kernel/ai/agent-sdk/structured-output.test.js" name="Edge Cases &gt; should handle arrays" time="0.0003474">
        </testcase>
        <testcase classname="kernel/ai/agent-sdk/structured-output.test.js" name="Edge Cases &gt; should handle optional fields" time="0.0004443">
        </testcase>
        <testcase classname="kernel/ai/agent-sdk/structured-output.test.js" name="Edge Cases &gt; should handle enum values" time="0.0004789">
        </testcase>
    </testsuite>
    <testsuite name="kernel/ai/agent-sdk/tool.test.js" timestamp="2026-04-14T07:47:39.857Z" hostname="Tianwen" tests="42" failures="0" errors="0" skipped="0" time="2.1799811">
        <testcase classname="kernel/ai/agent-sdk/tool.test.js" name="ToolContext &gt; should create a tool context with default values" time="0.0040536">
        </testcase>
        <testcase classname="kernel/ai/agent-sdk/tool.test.js" name="ToolContext &gt; should create a tool context with options" time="0.0008207">
        </testcase>
        <testcase classname="kernel/ai/agent-sdk/tool.test.js" name="ToolContext &gt; should create child context" time="0.0006427">
        </testcase>
        <testcase classname="kernel/ai/agent-sdk/tool.test.js" name="ToolContext &gt; should get and set metadata" time="0.0003427">
        </testcase>
        <testcase classname="kernel/ai/agent-sdk/tool.test.js" name="ToolContext &gt; should record events" time="0.0031305">
        </testcase>
        <testcase classname="kernel/ai/agent-sdk/tool.test.js" name="ToolExecutionResult &gt; should create a successful result" time="0.0009229">
        </testcase>
        <testcase classname="kernel/ai/agent-sdk/tool.test.js" name="ToolExecutionResult &gt; should create a failed result" time="0.000596">
        </testcase>
        <testcase classname="kernel/ai/agent-sdk/tool.test.js" name="ToolExecutionResult &gt; should calculate duration" time="0.0004">
        </testcase>
        <testcase classname="kernel/ai/agent-sdk/tool.test.js" name="ToolExecutionResult &gt; should serialize to JSON" time="0.0009573">
        </testcase>
        <testcase classname="kernel/ai/agent-sdk/tool.test.js" name="Tool &gt; should build a tool successfully" time="0.00563">
        </testcase>
        <testcase classname="kernel/ai/agent-sdk/tool.test.js" name="Tool &gt; should throw error when building without description" time="0.0022564">
        </testcase>
        <testcase classname="kernel/ai/agent-sdk/tool.test.js" name="Tool &gt; should throw error when building without handler" time="0.0013104">
        </testcase>
        <testcase classname="kernel/ai/agent-sdk/tool.test.js" name="Tool &gt; should validate valid input" time="0.0020878">
        </testcase>
        <testcase classname="kernel/ai/agent-sdk/tool.test.js" name="Tool &gt; should validate invalid input" time="0.0022483">
        </testcase>
        <testcase classname="kernel/ai/agent-sdk/tool.test.js" name="Tool &gt; should validate valid output" time="0.001226">
        </testcase>
        <testcase classname="kernel/ai/agent-sdk/tool.test.js" name="Tool &gt; should validate invalid output" time="0.0005555">
        </testcase>
        <testcase classname="kernel/ai/agent-sdk/tool.test.js" name="Tool &gt; should execute tool successfully" time="0.0008128">
        </testcase>
        <testcase classname="kernel/ai/agent-sdk/tool.test.js" name="Tool &gt; should fail on invalid input" time="0.0022119">
        </testcase>
        <testcase classname="kernel/ai/agent-sdk/tool.test.js" name="Tool &gt; should fail on invalid output" time="0.0007961">
        </testcase>
        <testcase classname="kernel/ai/agent-sdk/tool.test.js" name="Tool &gt; should set type" time="0.0003005">
        </testcase>
        <testcase classname="kernel/ai/agent-sdk/tool.test.js" name="Tool &gt; should set required" time="0.0001759">
        </testcase>
        <testcase classname="kernel/ai/agent-sdk/tool.test.js" name="Tool &gt; should set timeout" time="0.0001723">
        </testcase>
        <testcase classname="kernel/ai/agent-sdk/tool.test.js" name="Tool &gt; should set retry count" time="0.000136">
        </testcase>
        <testcase classname="kernel/ai/agent-sdk/tool.test.js" name="Tool &gt; should set metadata" time="0.0002018">
        </testcase>
        <testcase classname="kernel/ai/agent-sdk/tool.test.js" name="Tool &gt; should timeout on long-running execution" time="0.1169266">
        </testcase>
        <testcase classname="kernel/ai/agent-sdk/tool.test.js" name="Tool &gt; should retry on failure" time="1.0034391">
        </testcase>
        <testcase classname="kernel/ai/agent-sdk/tool.test.js" name="Tool &gt; should fail after max retries" time="1.0180948">
        </testcase>
        <testcase classname="kernel/ai/agent-sdk/tool.test.js" name="Tool &gt; should serialize to JSON" time="0.0008544">
        </testcase>
        <testcase classname="kernel/ai/agent-sdk/tool.test.js" name="ToolRegistry &gt; should register a tool" time="0.0004809">
        </testcase>
        <testcase classname="kernel/ai/agent-sdk/tool.test.js" name="ToolRegistry &gt; should register multiple tools" time="0.0001659">
        </testcase>
        <testcase classname="kernel/ai/agent-sdk/tool.test.js" name="ToolRegistry &gt; should get all tool names" time="0.0001375">
        </testcase>
        <testcase classname="kernel/ai/agent-sdk/tool.test.js" name="ToolRegistry &gt; should get tools by category" time="0.00054">
        </testcase>
        <testcase classname="kernel/ai/agent-sdk/tool.test.js" name="ToolRegistry &gt; should get all categories" time="0.0003972">
        </testcase>
        <testcase classname="kernel/ai/agent-sdk/tool.test.js" name="ToolRegistry &gt; should search tools" time="0.0001966">
        </testcase>
        <testcase classname="kernel/ai/agent-sdk/tool.test.js" name="ToolRegistry &gt; should unregister a tool" time="0.0001164">
        </testcase>
        <testcase classname="kernel/ai/agent-sdk/tool.test.js" name="ToolRegistry &gt; should clear all tools" time="0.000101">
        </testcase>
        <testcase classname="kernel/ai/agent-sdk/tool.test.js" name="ToolRegistry &gt; should serialize to JSON" time="0.0005235">
        </testcase>
        <testcase classname="kernel/ai/agent-sdk/tool.test.js" name="createTool &gt; should create a tool builder" time="0.0001954">
        </testcase>
        <testcase classname="kernel/ai/agent-sdk/tool.test.js" name="createToolRegistry &gt; should create a tool registry" time="0.0000895">
        </testcase>
        <testcase classname="kernel/ai/agent-sdk/tool.test.js" name="Edge Cases &gt; should handle tool without input schema" time="0.000205">
        </testcase>
        <testcase classname="kernel/ai/agent-sdk/tool.test.js" name="Edge Cases &gt; should handle tool without output schema" time="0.0003257">
        </testcase>
        <testcase classname="kernel/ai/agent-sdk/tool.test.js" name="Edge Cases &gt; should handle tool execution with context" time="0.0002716">
        </testcase>
    </testsuite>
    <testsuite name="kernel/pipeline/context/context.test.js" timestamp="2026-04-14T07:47:39.862Z" hostname="Tianwen" tests="56" failures="0" errors="0" skipped="0" time="0.0352631">
        <testcase classname="kernel/pipeline/context/context.test.js" name="BaseContext &gt; should create a context with correct properties" time="0.0040983">
        </testcase>
        <testcase classname="kernel/pipeline/context/context.test.js" name="BaseContext &gt; should get node information" time="0.0008314">
        </testcase>
        <testcase classname="kernel/pipeline/context/context.test.js" name="BaseContext &gt; should get workflow information" time="0.0005285">
        </testcase>
        <testcase classname="kernel/pipeline/context/context.test.js" name="BaseContext &gt; should get node parameter" time="0.0005411">
        </testcase>
        <testcase classname="kernel/pipeline/context/context.test.js" name="BaseContext &gt; should get node output" time="0.0011283">
        </testcase>
        <testcase classname="kernel/pipeline/context/context.test.js" name="BaseContext &gt; should check node completion status" time="0.000341">
        </testcase>
        <testcase classname="kernel/pipeline/context/context.test.js" name="BaseContext &gt; should get execution progress" time="0.0004047">
        </testcase>
        <testcase classname="kernel/pipeline/context/context.test.js" name="BaseContext &gt; should manage context data" time="0.0003697">
        </testcase>
        <testcase classname="kernel/pipeline/context/context.test.js" name="BaseContext &gt; should serialize to JSON" time="0.0006961">
        </testcase>
        <testcase classname="kernel/pipeline/context/context.test.js" name="BaseContext &gt; should deserialize from JSON" time="0.0005175">
        </testcase>
        <testcase classname="kernel/pipeline/context/context.test.js" name="ExecuteContext &gt; should create execute context with input data" time="0.000664">
        </testcase>
        <testcase classname="kernel/pipeline/context/context.test.js" name="ExecuteContext &gt; should manage input data" time="0.0012777">
        </testcase>
        <testcase classname="kernel/pipeline/context/context.test.js" name="ExecuteContext &gt; should manage metadata" time="0.0003793">
        </testcase>
        <testcase classname="kernel/pipeline/context/context.test.js" name="ExecuteContext &gt; should check continue on fail" time="0.0002341">
        </testcase>
        <testcase classname="kernel/pipeline/context/context.test.js" name="ExecuteContext &gt; should manage retry count" time="0.0003532">
        </testcase>
        <testcase classname="kernel/pipeline/context/context.test.js" name="ExecuteContext &gt; should calculate duration" time="0.0003503">
        </testcase>
        <testcase classname="kernel/pipeline/context/context.test.js" name="ExecuteContext &gt; should serialize to JSON" time="0.0002471">
        </testcase>
        <testcase classname="kernel/pipeline/context/context.test.js" name="PollContext &gt; should create poll context with activation mode" time="0.0008551">
        </testcase>
        <testcase classname="kernel/pipeline/context/context.test.js" name="PollContext &gt; should emit data" time="0.0023861">
        </testcase>
        <testcase classname="kernel/pipeline/context/context.test.js" name="PollContext &gt; should emit error" time="0.0005459">
        </testcase>
        <testcase classname="kernel/pipeline/context/context.test.js" name="PollContext &gt; should manage poll count" time="0.0002297">
        </testcase>
        <testcase classname="kernel/pipeline/context/context.test.js" name="PollContext &gt; should get poll interval" time="0.0003715">
        </testcase>
        <testcase classname="kernel/pipeline/context/context.test.js" name="PollContext &gt; should check if should poll" time="0.0003">
        </testcase>
        <testcase classname="kernel/pipeline/context/context.test.js" name="PollContext &gt; should wait for next poll" time="0.002607">
        </testcase>
        <testcase classname="kernel/pipeline/context/context.test.js" name="PollContext &gt; should serialize to JSON" time="0.0003438">
        </testcase>
        <testcase classname="kernel/pipeline/context/context.test.js" name="TriggerContext &gt; should create trigger context with activation mode" time="0.0003537">
        </testcase>
        <testcase classname="kernel/pipeline/context/context.test.js" name="TriggerContext &gt; should emit data" time="0.000532">
        </testcase>
        <testcase classname="kernel/pipeline/context/context.test.js" name="TriggerContext &gt; should emit error" time="0.0003422">
        </testcase>
        <testcase classname="kernel/pipeline/context/context.test.js" name="TriggerContext &gt; should save failed execution" time="0.0003848">
        </testcase>
        <testcase classname="kernel/pipeline/context/context.test.js" name="TriggerContext &gt; should manage trigger count" time="0.0002495">
        </testcase>
        <testcase classname="kernel/pipeline/context/context.test.js" name="TriggerContext &gt; should get trigger config" time="0.0002306">
        </testcase>
        <testcase classname="kernel/pipeline/context/context.test.js" name="TriggerContext &gt; should check if should activate" time="0.0001724">
        </testcase>
        <testcase classname="kernel/pipeline/context/context.test.js" name="TriggerContext &gt; should get trigger type" time="0.0002119">
        </testcase>
        <testcase classname="kernel/pipeline/context/context.test.js" name="TriggerContext &gt; should serialize to JSON" time="0.0002957">
        </testcase>
        <testcase classname="kernel/pipeline/context/context.test.js" name="ContextFactory &gt; should create base context" time="0.0003506">
        </testcase>
        <testcase classname="kernel/pipeline/context/context.test.js" name="ContextFactory &gt; should create execute context" time="0.0001934">
        </testcase>
        <testcase classname="kernel/pipeline/context/context.test.js" name="ContextFactory &gt; should create poll context" time="0.0002431">
        </testcase>
        <testcase classname="kernel/pipeline/context/context.test.js" name="ContextFactory &gt; should create trigger context" time="0.000221">
        </testcase>
        <testcase classname="kernel/pipeline/context/context.test.js" name="ContextFactory &gt; should throw error for unknown context type" time="0.0017687">
        </testcase>
        <testcase classname="kernel/pipeline/context/context.test.js" name="ContextFactory &gt; should create context for node" time="0.0002804">
        </testcase>
        <testcase classname="kernel/pipeline/context/context.test.js" name="ContextFactory &gt; should register custom context type" time="0.0001845">
        </testcase>
        <testcase classname="kernel/pipeline/context/context.test.js" name="ContextFactory &gt; should throw error when registering invalid context type" time="0.0002148">
        </testcase>
        <testcase classname="kernel/pipeline/context/context.test.js" name="ContextFactory &gt; should get registered types" time="0.0006628">
        </testcase>
        <testcase classname="kernel/pipeline/context/context.test.js" name="ContextFactory &gt; should deserialize from JSON" time="0.0002511">
        </testcase>
        <testcase classname="kernel/pipeline/context/context.test.js" name="ContextManager &gt; should create context" time="0.0002617">
        </testcase>
        <testcase classname="kernel/pipeline/context/context.test.js" name="ContextManager &gt; should get context" time="0.0001823">
        </testcase>
        <testcase classname="kernel/pipeline/context/context.test.js" name="ContextManager &gt; should return undefined for non-existent context" time="0.0001506">
        </testcase>
        <testcase classname="kernel/pipeline/context/context.test.js" name="ContextManager &gt; should get all execution contexts" time="0.0001348">
        </testcase>
        <testcase classname="kernel/pipeline/context/context.test.js" name="ContextManager &gt; should remove context" time="0.0001148">
        </testcase>
        <testcase classname="kernel/pipeline/context/context.test.js" name="ContextManager &gt; should clear execution contexts" time="0.0000982">
        </testcase>
        <testcase classname="kernel/pipeline/context/context.test.js" name="ContextManager &gt; should set and get parent context" time="0.0000977">
        </testcase>
        <testcase classname="kernel/pipeline/context/context.test.js" name="ContextManager &gt; should create child context" time="0.0002347">
        </testcase>
        <testcase classname="kernel/pipeline/context/context.test.js" name="ContextManager &gt; should serialize execution contexts" time="0.0002596">
        </testcase>
        <testcase classname="kernel/pipeline/context/context.test.js" name="ContextManager &gt; should deserialize execution contexts" time="0.0001999">
        </testcase>
        <testcase classname="kernel/pipeline/context/context.test.js" name="ContextManager &gt; should get stats" time="0.0012505">
        </testcase>
        <testcase classname="kernel/pipeline/context/context.test.js" name="ContextManager &gt; should clear all contexts" time="0.0002478">
        </testcase>
    </testsuite>
    <testsuite name="kernel/pipeline/graph/directed-graph.test.js" timestamp="2026-04-14T07:47:39.869Z" hostname="Tianwen" tests="25" failures="0" errors="0" skipped="0" time="0.01326">
        <testcase classname="kernel/pipeline/graph/directed-graph.test.js" name="DirectedGraph &gt; addNode &gt; should add a new node" time="0.0024758">
        </testcase>
        <testcase classname="kernel/pipeline/graph/directed-graph.test.js" name="DirectedGraph &gt; addNode &gt; should return existing node if id already exists" time="0.0004269">
        </testcase>
        <testcase classname="kernel/pipeline/graph/directed-graph.test.js" name="DirectedGraph &gt; getNode &gt; should return node by id" time="0.0003073">
        </testcase>
        <testcase classname="kernel/pipeline/graph/directed-graph.test.js" name="DirectedGraph &gt; getNode &gt; should return undefined for non-existent node" time="0.0002549">
        </testcase>
        <testcase classname="kernel/pipeline/graph/directed-graph.test.js" name="DirectedGraph &gt; addEdge &gt; should add an edge between nodes" time="0.0004119">
        </testcase>
        <testcase classname="kernel/pipeline/graph/directed-graph.test.js" name="DirectedGraph &gt; addEdge &gt; should throw error if nodes do not exist" time="0.0007156">
        </testcase>
        <testcase classname="kernel/pipeline/graph/directed-graph.test.js" name="DirectedGraph &gt; detectCycle &gt; should return null for DAG" time="0.0002802">
        </testcase>
        <testcase classname="kernel/pipeline/graph/directed-graph.test.js" name="DirectedGraph &gt; detectCycle &gt; should detect cycle" time="0.0002823">
        </testcase>
        <testcase classname="kernel/pipeline/graph/directed-graph.test.js" name="DirectedGraph &gt; detectCycle &gt; should detect self-loop" time="0.0004927">
        </testcase>
        <testcase classname="kernel/pipeline/graph/directed-graph.test.js" name="DirectedGraph &gt; topologicalSort &gt; should return empty array for empty graph" time="0.0002953">
        </testcase>
        <testcase classname="kernel/pipeline/graph/directed-graph.test.js" name="DirectedGraph &gt; topologicalSort &gt; should return single node for graph with one node" time="0.0003023">
        </testcase>
        <testcase classname="kernel/pipeline/graph/directed-graph.test.js" name="DirectedGraph &gt; topologicalSort &gt; should sort nodes in dependency order" time="0.0003233">
        </testcase>
        <testcase classname="kernel/pipeline/graph/directed-graph.test.js" name="DirectedGraph &gt; topologicalSort &gt; should throw error for graph with cycle" time="0.0004004">
        </testcase>
        <testcase classname="kernel/pipeline/graph/directed-graph.test.js" name="DirectedGraph &gt; topologicalSort &gt; should handle multiple independent nodes" time="0.000898">
        </testcase>
        <testcase classname="kernel/pipeline/graph/directed-graph.test.js" name="DirectedGraph &gt; getParallelGroups &gt; should return groups for linear chain" time="0.0004213">
        </testcase>
        <testcase classname="kernel/pipeline/graph/directed-graph.test.js" name="DirectedGraph &gt; getParallelGroups &gt; should return groups for parallel nodes" time="0.0003851">
        </testcase>
        <testcase classname="kernel/pipeline/graph/directed-graph.test.js" name="DirectedGraph &gt; getParallelGroups &gt; should handle complex graph" time="0.0004849">
        </testcase>
        <testcase classname="kernel/pipeline/graph/directed-graph.test.js" name="DirectedGraph &gt; canExecute &gt; should return true for node with no dependencies" time="0.0001768">
        </testcase>
        <testcase classname="kernel/pipeline/graph/directed-graph.test.js" name="DirectedGraph &gt; canExecute &gt; should return false for node with unmet dependencies" time="0.0001391">
        </testcase>
        <testcase classname="kernel/pipeline/graph/directed-graph.test.js" name="DirectedGraph &gt; canExecute &gt; should return true for node with met dependencies" time="0.0001112">
        </testcase>
        <testcase classname="kernel/pipeline/graph/directed-graph.test.js" name="DirectedGraph &gt; getNextExecutableNodes &gt; should return nodes with no dependencies" time="0.0001548">
        </testcase>
        <testcase classname="kernel/pipeline/graph/directed-graph.test.js" name="DirectedGraph &gt; getNextExecutableNodes &gt; should return nodes whose dependencies are met" time="0.0002255">
        </testcase>
        <testcase classname="kernel/pipeline/graph/directed-graph.test.js" name="DirectedGraph &gt; getNextExecutableNodes &gt; should not return completed nodes" time="0.0001518">
        </testcase>
        <testcase classname="kernel/pipeline/graph/directed-graph.test.js" name="DirectedGraph &gt; toJSON &gt; should serialize graph to JSON" time="0.0004014">
        </testcase>
        <testcase classname="kernel/pipeline/graph/directed-graph.test.js" name="DirectedGraph &gt; fromJSON &gt; should deserialize graph from JSON" time="0.0002594">
        </testcase>
    </testsuite>
    <testsuite name="kernel/pipeline/observability/observability.test.js" timestamp="2026-04-14T07:47:39.872Z" hostname="Tianwen" tests="47" failures="0" errors="0" skipped="0" time="0.0991097">
        <testcase classname="kernel/pipeline/observability/observability.test.js" name="EmptySpan &gt; should create an empty span" time="0.0025937">
        </testcase>
        <testcase classname="kernel/pipeline/observability/observability.test.js" name="EmptySpan &gt; should have empty context" time="0.0008376">
        </testcase>
        <testcase classname="kernel/pipeline/observability/observability.test.js" name="EmptySpan &gt; should not be recording" time="0.0003669">
        </testcase>
        <testcase classname="kernel/pipeline/observability/observability.test.js" name="EmptySpan &gt; should return zero duration" time="0.0004341">
        </testcase>
        <testcase classname="kernel/pipeline/observability/observability.test.js" name="EmptySpan &gt; should return empty attributes" time="0.0012645">
        </testcase>
        <testcase classname="kernel/pipeline/observability/observability.test.js" name="EmptySpan &gt; should return empty events" time="0.0003723">
        </testcase>
        <testcase classname="kernel/pipeline/observability/observability.test.js" name="EmptySpan &gt; should return unset status" time="0.0004989">
        </testcase>
        <testcase classname="kernel/pipeline/observability/observability.test.js" name="EmptySpan &gt; should support chaining methods" time="0.0003205">
        </testcase>
        <testcase classname="kernel/pipeline/observability/observability.test.js" name="EmptySpan &gt; should not record exceptions" time="0.000719">
        </testcase>
        <testcase classname="kernel/pipeline/observability/observability.test.js" name="RealSpan &gt; should create a real span with name" time="0.0003626">
        </testcase>
        <testcase classname="kernel/pipeline/observability/observability.test.js" name="RealSpan &gt; should have valid context" time="0.0002648">
        </testcase>
        <testcase classname="kernel/pipeline/observability/observability.test.js" name="RealSpan &gt; should be recording initially" time="0.0001094">
        </testcase>
        <testcase classname="kernel/pipeline/observability/observability.test.js" name="RealSpan &gt; should not be recording after end" time="0.0000906">
        </testcase>
        <testcase classname="kernel/pipeline/observability/observability.test.js" name="RealSpan &gt; should track duration" time="0.0002072">
        </testcase>
        <testcase classname="kernel/pipeline/observability/observability.test.js" name="RealSpan &gt; should manage attributes" time="0.0003121">
        </testcase>
        <testcase classname="kernel/pipeline/observability/observability.test.js" name="RealSpan &gt; should manage events" time="0.0007464">
        </testcase>
        <testcase classname="kernel/pipeline/observability/observability.test.js" name="RealSpan &gt; should record exceptions" time="0.0086782">
        </testcase>
        <testcase classname="kernel/pipeline/observability/observability.test.js" name="RealSpan &gt; should update name" time="0.0003922">
        </testcase>
        <testcase classname="kernel/pipeline/observability/observability.test.js" name="RealSpan &gt; should serialize to JSON" time="0.0008149">
        </testcase>
        <testcase classname="kernel/pipeline/observability/observability.test.js" name="NoopTracer &gt; should execute callback with empty span" time="0.0053714">
        </testcase>
        <testcase classname="kernel/pipeline/observability/observability.test.js" name="NoopTracer &gt; should handle errors" time="0.0011988">
        </testcase>
        <testcase classname="kernel/pipeline/observability/observability.test.js" name="RealTracer &gt; should execute callback with real span" time="0.0017937">
        </testcase>
        <testcase classname="kernel/pipeline/observability/observability.test.js" name="RealTracer &gt; should handle errors and record them" time="0.0020018">
        </testcase>
        <testcase classname="kernel/pipeline/observability/observability.test.js" name="RealTracer &gt; should track span duration" time="0.0247328">
        </testcase>
        <testcase classname="kernel/pipeline/observability/observability.test.js" name="Tracing &gt; should create tracing with enabled state" time="0.0007232">
        </testcase>
        <testcase classname="kernel/pipeline/observability/observability.test.js" name="Tracing &gt; should create tracing with disabled state" time="0.0003859">
        </testcase>
        <testcase classname="kernel/pipeline/observability/observability.test.js" name="Tracing &gt; should start span" time="0.0003474">
        </testcase>
        <testcase classname="kernel/pipeline/observability/observability.test.js" name="Tracing &gt; should pick workflow attributes" time="0.0002052">
        </testcase>
        <testcase classname="kernel/pipeline/observability/observability.test.js" name="Tracing &gt; should pick node attributes" time="0.0001784">
        </testcase>
        <testcase classname="kernel/pipeline/observability/observability.test.js" name="Tracing &gt; should pick execution attributes" time="0.0001542">
        </testcase>
        <testcase classname="kernel/pipeline/observability/observability.test.js" name="Tracing &gt; should pick error attributes" time="0.000161">
        </testcase>
        <testcase classname="kernel/pipeline/observability/observability.test.js" name="Tracing &gt; should enable and disable tracing" time="0.000156">
        </testcase>
        <testcase classname="kernel/pipeline/observability/observability.test.js" name="Tracing &gt; should set custom tracer" time="0.0000947">
        </testcase>
        <testcase classname="kernel/pipeline/observability/observability.test.js" name="PipelineObservability &gt; should create pipeline observability" time="0.0002394">
        </testcase>
        <testcase classname="kernel/pipeline/observability/observability.test.js" name="PipelineObservability &gt; should observe pipeline execution" time="0.002914">
            <system-out>
Starting span: pipeline_execution:Test Workflow

Completed span: pipeline_execution:Test Workflow (2ms)

            </system-out>
        </testcase>
        <testcase classname="kernel/pipeline/observability/observability.test.js" name="PipelineObservability &gt; should handle pipeline execution errors" time="0.0025194">
            <system-out>
Starting span: pipeline_execution:Test Workflow

            </system-out>
            <system-err>
Failed span: pipeline_execution:Test Workflow Error: Pipeline error
    at C:/Users/Lin/.qclaw/workspace/hundunos/kernel/pipeline/observability/observability.test.js:431:19
    at [90mfile:///C:/Users/Lin/.qclaw/workspace/hundunos/[39mnode_modules/[4m@vitest[24m/runner/dist/chunk-artifact.js:302:11
    at [90mfile:///C:/Users/Lin/.qclaw/workspace/hundunos/[39mnode_modules/[4m@vitest[24m/runner/dist/chunk-artifact.js:1903:26
    at [90mfile:///C:/Users/Lin/.qclaw/workspace/hundunos/[39mnode_modules/[4m@vitest[24m/runner/dist/chunk-artifact.js:2326:20
    at new Promise (&lt;anonymous&gt;)
    at runWithCancel [90m(file:///C:/Users/Lin/.qclaw/workspace/hundunos/[39mnode_modules/[4m@vitest[24m/runner/dist/chunk-artifact.js:2323:10[90m)[39m
    at [90mfile:///C:/Users/Lin/.qclaw/workspace/hundunos/[39mnode_modules/[4m@vitest[24m/runner/dist/chunk-artifact.js:2305:20
    at new Promise (&lt;anonymous&gt;)
    at runWithTimeout [90m(file:///C:/Users/Lin/.qclaw/workspace/hundunos/[39mnode_modules/[4m@vitest[24m/runner/dist/chunk-artifact.js:2272:10[90m)[39m
    at [90mfile:///C:/Users/Lin/.qclaw/workspace/hundunos/[39mnode_modules/[4m@vitest[24m/runner/dist/chunk-artifact.js:2955:64

            </system-err>
        </testcase>
        <testcase classname="kernel/pipeline/observability/observability.test.js" name="PipelineObservability &gt; should observe node execution" time="0.0012296">
            <system-out>
Starting span: node_execution:Test Node

Completed span: node_execution:Test Node (1ms)

            </system-out>
        </testcase>
        <testcase classname="kernel/pipeline/observability/observability.test.js" name="PipelineObservability &gt; should handle node execution errors" time="0.0017441">
            <system-out>
Starting span: node_execution:Test Node

            </system-out>
            <system-err>
Failed span: node_execution:Test Node Error: Node error
    at C:/Users/Lin/.qclaw/workspace/hundunos/kernel/pipeline/observability/observability.test.js:456:19
    at [90mfile:///C:/Users/Lin/.qclaw/workspace/hundunos/[39mnode_modules/[4m@vitest[24m/runner/dist/chunk-artifact.js:302:11
    at [90mfile:///C:/Users/Lin/.qclaw/workspace/hundunos/[39mnode_modules/[4m@vitest[24m/runner/dist/chunk-artifact.js:1903:26
    at [90mfile:///C:/Users/Lin/.qclaw/workspace/hundunos/[39mnode_modules/[4m@vitest[24m/runner/dist/chunk-artifact.js:2326:20
    at new Promise (&lt;anonymous&gt;)
    at runWithCancel [90m(file:///C:/Users/Lin/.qclaw/workspace/hundunos/[39mnode_modules/[4m@vitest[24m/runner/dist/chunk-artifact.js:2323:10[90m)[39m
    at [90mfile:///C:/Users/Lin/.qclaw/workspace/hundunos/[39mnode_modules/[4m@vitest[24m/runner/dist/chunk-artifact.js:2305:20
    at new Promise (&lt;anonymous&gt;)
    at runWithTimeout [90m(file:///C:/Users/Lin/.qclaw/workspace/hundunos/[39mnode_modules/[4m@vitest[24m/runner/dist/chunk-artifact.js:2272:10[90m)[39m
    at [90mfile:///C:/Users/Lin/.qclaw/workspace/hundunos/[39mnode_modules/[4m@vitest[24m/runner/dist/chunk-artifact.js:2955:64

            </system-err>
        </testcase>
        <testcase classname="kernel/pipeline/observability/observability.test.js" name="PipelineObservability &gt; should record retry" time="0.000722">
        </testcase>
        <testcase classname="kernel/pipeline/observability/observability.test.js" name="PipelineObservability &gt; should record event" time="0.0010098">
        </testcase>
        <testcase classname="kernel/pipeline/observability/observability.test.js" name="PipelineObservability &gt; should record metric event" time="0.0004561">
        </testcase>
        <testcase classname="kernel/pipeline/observability/observability.test.js" name="PipelineObservability &gt; should get stats" time="0.0010004">
        </testcase>
        <testcase classname="kernel/pipeline/observability/observability.test.js" name="PipelineObservability &gt; should export prometheus metrics" time="0.0006217">
        </testcase>
        <testcase classname="kernel/pipeline/observability/observability.test.js" name="PipelineObservability &gt; should reset metrics" time="0.000414">
        </testcase>
        <testcase classname="kernel/pipeline/observability/observability.test.js" name="PipelineObservability &gt; should track execution metrics" time="0.0017638">
            <system-out>
Starting span: pipeline_execution:Test Workflow

Completed span: pipeline_execution:Test Workflow (1ms)

            </system-out>
        </testcase>
        <testcase classname="kernel/pipeline/observability/observability.test.js" name="PipelineObservability &gt; should track node execution metrics" time="0.0015013">
            <system-out>
Starting span: node_execution:Test Node

Completed span: node_execution:Test Node (1ms)

            </system-out>
        </testcase>
        <testcase classname="kernel/pipeline/observability/observability.test.js" name="PipelineObservability &gt; should track error metrics" time="0.0231667">
            <system-out>
Starting span: pipeline_execution:Test Workflow

            </system-out>
            <system-err>
Failed span: pipeline_execution:Test Workflow Error: Test error
    at C:/Users/Lin/.qclaw/workspace/hundunos/kernel/pipeline/observability/observability.test.js:548:19
    at [90mfile:///C:/Users/Lin/.qclaw/workspace/hundunos/[39mnode_modules/[4m@vitest[24m/runner/dist/chunk-artifact.js:302:11
    at [90mfile:///C:/Users/Lin/.qclaw/workspace/hundunos/[39mnode_modules/[4m@vitest[24m/runner/dist/chunk-artifact.js:1903:26
    at [90mfile:///C:/Users/Lin/.qclaw/workspace/hundunos/[39mnode_modules/[4m@vitest[24m/runner/dist/chunk-artifact.js:2326:20
    at new Promise (&lt;anonymous&gt;)
    at runWithCancel [90m(file:///C:/Users/Lin/.qclaw/workspace/hundunos/[39mnode_modules/[4m@vitest[24m/runner/dist/chunk-artifact.js:2323:10[90m)[39m
    at [90mfile:///C:/Users/Lin/.qclaw/workspace/hundunos/[39mnode_modules/[4m@vitest[24m/runner/dist/chunk-artifact.js:2305:20
    at new Promise (&lt;anonymous&gt;)
    at runWithTimeout [90m(file:///C:/Users/Lin/.qclaw/workspace/hundunos/[39mnode_modules/[4m@vitest[24m/runner/dist/chunk-artifact.js:2272:10[90m)[39m
    at [90mfile:///C:/Users/Lin/.qclaw/workspace/hundunos/[39mnode_modules/[4m@vitest[24m/runner/dist/chunk-artifact.js:2955:64

            </system-err>
        </testcase>
    </testsuite>
    <testsuite name="kernel/supermemory/__tests__/adapter.test.js" timestamp="2026-04-14T07:47:39.878Z" hostname="Tianwen" tests="1" failures="1" errors="0" skipped="0" time="0">
        <testcase classname="kernel/supermemory/__tests__/adapter.test.js" name="kernel/supermemory/__tests__/adapter.test.js" time="0">
            <failure message="Failed to parse source for import analysis because the content contains invalid JS syntax. If you are using JSX, make sure to name the file with the .jsx or .tsx extension." type="Error">
Error: Failed to parse source for import analysis because the content contains invalid JS syntax. If you are using JSX, make sure to name the file with the .jsx or .tsx extension.
  Plugin: vite:import-analysis
  File: C:/Users/Lin/.qclaw/workspace/hundunos/kernel/supermemory/adapters/api-client.js:184:2
  182 |        timestamp: Date.now()
  183 |      });
  184 |    }
      |    ^
  185 |  
  186 |    /**
 ❯ TransformPluginContext._formatLog node_modules/vite/dist/node/chunks/node.js:30354:39
 ❯ TransformPluginContext.error node_modules/vite/dist/node/chunks/node.js:30351:14
 ❯ TransformPluginContext.transform node_modules/vite/dist/node/chunks/node.js:27597:10
 ❯ EnvironmentPluginContainer.transform node_modules/vite/dist/node/chunks/node.js:30143:14
 ❯ loadAndTransform node_modules/vite/dist/node/chunks/node.js:24468:26
            </failure>
        </testcase>
    </testsuite>
    <testsuite name="kernel/supermemory/__tests__/bulk-operator.test.js" timestamp="2026-04-14T07:47:39.879Z" hostname="Tianwen" tests="17" failures="0" errors="0" skipped="0" time="0.0145869">
        <testcase classname="kernel/supermemory/__tests__/bulk-operator.test.js" name="BulkOperator &gt; 构造函数 &gt; 应该使用默认配置" time="0.0022994">
        </testcase>
        <testcase classname="kernel/supermemory/__tests__/bulk-operator.test.js" name="BulkOperator &gt; 构造函数 &gt; 应该使用自定义配置" time="0.0004101">
        </testcase>
        <testcase classname="kernel/supermemory/__tests__/bulk-operator.test.js" name="BulkOperator &gt; batchAdd &gt; 应该成功批量添加记忆" time="0.0008996">
        </testcase>
        <testcase classname="kernel/supermemory/__tests__/bulk-operator.test.js" name="BulkOperator &gt; batchAdd &gt; 应该正确处理空数组" time="0.0003429">
        </testcase>
        <testcase classname="kernel/supermemory/__tests__/bulk-operator.test.js" name="BulkOperator &gt; batchAdd &gt; 应该正确处理部分失败" time="0.0004348">
        </testcase>
        <testcase classname="kernel/supermemory/__tests__/bulk-operator.test.js" name="BulkOperator &gt; batchAdd &gt; 应该正确分批处理" time="0.0004312">
        </testcase>
        <testcase classname="kernel/supermemory/__tests__/bulk-operator.test.js" name="BulkOperator &gt; batchAdd &gt; 应该支持进度回调" time="0.0004267">
        </testcase>
        <testcase classname="kernel/supermemory/__tests__/bulk-operator.test.js" name="BulkOperator &gt; batchDelete &gt; 应该成功批量删除记忆" time="0.0003455">
        </testcase>
        <testcase classname="kernel/supermemory/__tests__/bulk-operator.test.js" name="BulkOperator &gt; batchDelete &gt; 应该正确处理部分失败" time="0.0041953">
        </testcase>
        <testcase classname="kernel/supermemory/__tests__/bulk-operator.test.js" name="BulkOperator &gt; batchSearch &gt; 应该成功批量搜索记忆" time="0.0007065">
        </testcase>
        <testcase classname="kernel/supermemory/__tests__/bulk-operator.test.js" name="BulkOperator &gt; batchSearch &gt; 应该正确处理搜索失败" time="0.0006507">
        </testcase>
        <testcase classname="kernel/supermemory/__tests__/bulk-operator.test.js" name="BulkOperator &gt; cancelTask &gt; 应该取消正在进行的任务" time="0.0002633">
        </testcase>
        <testcase classname="kernel/supermemory/__tests__/bulk-operator.test.js" name="BulkOperator &gt; cancelTask &gt; 取消不存在的任务应该返回错误" time="0.0001373">
        </testcase>
        <testcase classname="kernel/supermemory/__tests__/bulk-operator.test.js" name="BulkOperator &gt; getTaskStatus &gt; 应该返回任务状态" time="0.0003548">
        </testcase>
        <testcase classname="kernel/supermemory/__tests__/bulk-operator.test.js" name="BulkOperator &gt; getTaskStatus &gt; 不存在的任务应该返回 null" time="0.0001493">
        </testcase>
        <testcase classname="kernel/supermemory/__tests__/bulk-operator.test.js" name="BulkOperator &gt; getStats &gt; 应该返回统计信息" time="0.0002993">
        </testcase>
        <testcase classname="kernel/supermemory/__tests__/bulk-operator.test.js" name="BulkOperator &gt; cleanup &gt; 应该清理已完成的任务" time="0.0003366">
        </testcase>
    </testsuite>
    <testsuite name="kernel/supermemory/__tests__/cache-manager.test.js" timestamp="2026-04-14T07:47:39.881Z" hostname="Tianwen" tests="1" failures="1" errors="0" skipped="0" time="0">
        <testcase classname="kernel/supermemory/__tests__/cache-manager.test.js" name="kernel/supermemory/__tests__/cache-manager.test.js" time="0">
            <failure message="dirname is not a function" type="TypeError">
TypeError: dirname is not a function
 ❯ kernel/supermemory/managers/persistent-cache-manager.js:13:26
 ❯ kernel/supermemory/managers/cache-manager.js:7:1
 ❯ kernel/supermemory/__tests__/cache-manager.test.js:6:1
            </failure>
        </testcase>
    </testsuite>
    <testsuite name="kernel/supermemory/__tests__/error-handler.test.js" timestamp="2026-04-14T07:47:39.882Z" hostname="Tianwen" tests="23" failures="0" errors="0" skipped="0" time="0.9950137">
        <testcase classname="kernel/supermemory/__tests__/error-handler.test.js" name="ErrorHandler &gt; 构造函数 &gt; 应该使用默认配置" time="0.0038254">
        </testcase>
        <testcase classname="kernel/supermemory/__tests__/error-handler.test.js" name="ErrorHandler &gt; 构造函数 &gt; 应该使用自定义配置" time="0.0026427">
        </testcase>
        <testcase classname="kernel/supermemory/__tests__/error-handler.test.js" name="ErrorHandler &gt; classifyError &gt; 应该分类网络错误" time="0.0007857">
        </testcase>
        <testcase classname="kernel/supermemory/__tests__/error-handler.test.js" name="ErrorHandler &gt; classifyError &gt; 应该分类认证错误" time="0.0005409">
        </testcase>
        <testcase classname="kernel/supermemory/__tests__/error-handler.test.js" name="ErrorHandler &gt; classifyError &gt; 应该分类速率限制错误" time="0.0004094">
        </testcase>
        <testcase classname="kernel/supermemory/__tests__/error-handler.test.js" name="ErrorHandler &gt; classifyError &gt; 应该分类服务器错误" time="0.0003385">
        </testcase>
        <testcase classname="kernel/supermemory/__tests__/error-handler.test.js" name="ErrorHandler &gt; classifyError &gt; 应该分类未知错误" time="0.0004034">
        </testcase>
        <testcase classname="kernel/supermemory/__tests__/error-handler.test.js" name="ErrorHandler &gt; retry &gt; 第一次成功时不应该重试" time="0.0014586">
        </testcase>
        <testcase classname="kernel/supermemory/__tests__/error-handler.test.js" name="ErrorHandler &gt; retry &gt; 应该在失败时重试直到成功" time="0.045466">
            <system-err>
[ErrorHandler] 操作失败，10ms 后重试 (1/3): fail1

[ErrorHandler] 操作失败，20ms 后重试 (2/3): fail2

            </system-err>
        </testcase>
        <testcase classname="kernel/supermemory/__tests__/error-handler.test.js" name="ErrorHandler &gt; retry &gt; 应该在达到最大重试次数后抛出错误" time="0.0493604">
            <system-err>
[ErrorHandler] 操作失败，10ms 后重试 (1/3): always fail

[ErrorHandler] 操作失败，20ms 后重试 (2/3): always fail

            </system-err>
        </testcase>
        <testcase classname="kernel/supermemory/__tests__/error-handler.test.js" name="ErrorHandler &gt; retry &gt; 不应该重试不可重试的错误" time="0.0008519">
        </testcase>
        <testcase classname="kernel/supermemory/__tests__/error-handler.test.js" name="ErrorHandler &gt; retry &gt; 应该使用正确的退避策略" time="0.3496396">
            <system-err>
[ErrorHandler] 操作失败，100ms 后重试 (1/3): fail1

[ErrorHandler] 操作失败，200ms 后重试 (2/3): fail2

            </system-err>
        </testcase>
        <testcase classname="kernel/supermemory/__tests__/error-handler.test.js" name="ErrorHandler &gt; getFallbackStrategy &gt; 网络错误应该返回 OFFLINE 策略" time="0.0005601">
        </testcase>
        <testcase classname="kernel/supermemory/__tests__/error-handler.test.js" name="ErrorHandler &gt; getFallbackStrategy &gt; 认证错误应该返回 ERROR 策略" time="0.0008166">
        </testcase>
        <testcase classname="kernel/supermemory/__tests__/error-handler.test.js" name="ErrorHandler &gt; getFallbackStrategy &gt; 速率限制错误应该返回 RETRY 策略" time="0.0001344">
        </testcase>
        <testcase classname="kernel/supermemory/__tests__/error-handler.test.js" name="ErrorHandler &gt; getFallbackStrategy &gt; 服务器错误应该返回 CACHE 策略" time="0.0003274">
        </testcase>
        <testcase classname="kernel/supermemory/__tests__/error-handler.test.js" name="ErrorHandler &gt; executeWithFallback &gt; 成功时应该返回结果" time="0.0025451">
        </testcase>
        <testcase classname="kernel/supermemory/__tests__/error-handler.test.js" name="ErrorHandler &gt; executeWithFallback &gt; 失败时应该执行 fallback" time="0.0031083">
        </testcase>
        <testcase classname="kernel/supermemory/__tests__/error-handler.test.js" name="ErrorHandler &gt; executeWithFallback &gt; fallback 失败时应该抛出错误" time="0.001018">
        </testcase>
        <testcase classname="kernel/supermemory/__tests__/error-handler.test.js" name="ErrorHandler &gt; sleep &gt; 应该等待指定时间" time="0.0022867">
        </testcase>
        <testcase classname="kernel/supermemory/__tests__/error-handler.test.js" name="ErrorHandler &gt; getStats &gt; 应该返回统计信息" time="0.1022793">
            <system-err>
[ErrorHandler] 操作失败，100ms 后重试 (1/3): fail

            </system-err>
        </testcase>
        <testcase classname="kernel/supermemory/__tests__/error-handler.test.js" name="ErrorHandler &gt; getStats &gt; 应该记录失败重试" time="0.3147601">
            <system-err>
[ErrorHandler] 操作失败，100ms 后重试 (1/3): fail

[ErrorHandler] 操作失败，200ms 后重试 (2/3): fail

            </system-err>
        </testcase>
        <testcase classname="kernel/supermemory/__tests__/error-handler.test.js" name="ErrorHandler &gt; resetStats &gt; 应该重置统计信息" time="0.1075067">
            <system-err>
[ErrorHandler] 操作失败，100ms 后重试 (1/3): fail

            </system-err>
        </testcase>
    </testsuite>
</testsuites>
